[2026-02-05T02:39:23.899+0000][7][gc] Using G1
[2026-02-05T02:39:24.033+0000][7][gc,init] Version: 16.0.1+9 (release)
[2026-02-05T02:39:24.033+0000][7][gc,init] CPUs: 12 total, 12 available
[2026-02-05T02:39:24.033+0000][7][gc,init] Memory: 15881M
[2026-02-05T02:39:24.034+0000][7][gc,init] Large Page Support: Disabled
[2026-02-05T02:39:24.034+0000][7][gc,init] NUMA Support: Disabled
[2026-02-05T02:39:24.034+0000][7][gc,init] Compressed Oops: Enabled (32-bit)
[2026-02-05T02:39:24.034+0000][7][gc,init] Heap Region Size: 4M
[2026-02-05T02:39:24.034+0000][7][gc,init] Heap Min Capacity: 512M
[2026-02-05T02:39:24.034+0000][7][gc,init] Heap Initial Capacity: 512M
[2026-02-05T02:39:24.035+0000][7][gc,init] Heap Max Capacity: 512M
[2026-02-05T02:39:24.035+0000][7][gc,init] Pre-touch: Enabled
[2026-02-05T02:39:24.035+0000][7][gc,init] Parallel Workers: 10
[2026-02-05T02:39:24.035+0000][7][gc,init] Concurrent Workers: 3
[2026-02-05T02:39:24.036+0000][7][gc,init] Concurrent Refinement Workers: 10
[2026-02-05T02:39:24.036+0000][7][gc,init] Periodic GC: Disabled
[2026-02-05T02:39:24.036+0000][7][gc,metaspace] CDS archive(s) mapped at: [0x0000000800000000-0x0000000800bea000-0x0000000800bea000), size 12492800, SharedBaseAddress: 0x0000000800000000, ArchiveRelocationMode: 0.
[2026-02-05T02:39:24.036+0000][7][gc,metaspace] Compressed class space mapped at: 0x0000000800c00000-0x0000000840c00000, reserved size: 1073741824
[2026-02-05T02:39:24.036+0000][7][gc,metaspace] Narrow klass base: 0x0000000800000000, Narrow klass shift: 3, Narrow klass range: 0x100000000
[2026-02-05T02:39:24.415+0000][7][safepoint   ] Safepoint "ICBufferFull", Time since last: 368189180 ns, Reaching safepoint: 155509 ns, At safepoint: 25801 ns, Total: 181310 ns
[2026-02-05T02:39:24.692+0000][7][gc,start    ] GC(0) Pause Young (Normal) (G1 Evacuation Pause)
[2026-02-05T02:39:24.692+0000][7][gc,task     ] GC(0) Using 10 workers of 10 for evacuation
[2026-02-05T02:39:24.693+0000][7][gc,age      ] GC(0) Desired survivor size 2097152 bytes, new threshold 15 (max threshold 15)
[2026-02-05T02:39:24.696+0000][7][gc,age      ] GC(0) Age table with threshold 15 (max threshold 15)
[2026-02-05T02:39:24.696+0000][7][gc,age      ] GC(0) - age   1:    4167432 bytes,    4167432 total
[2026-02-05T02:39:24.697+0000][7][gc,phases   ] GC(0)   Pre Evacuate Collection Set: 0.2ms
[2026-02-05T02:39:24.697+0000][7][gc,phases   ] GC(0)   Merge Heap Roots: 0.1ms
[2026-02-05T02:39:24.697+0000][7][gc,phases   ] GC(0)   Evacuate Collection Set: 2.1ms
[2026-02-05T02:39:24.697+0000][7][gc,phases   ] GC(0)   Post Evacuate Collection Set: 0.9ms
[2026-02-05T02:39:24.697+0000][7][gc,phases   ] GC(0)   Other: 1.2ms
[2026-02-05T02:39:24.697+0000][7][gc,heap     ] GC(0) Eden regions: 6->0(6)
[2026-02-05T02:39:24.698+0000][7][gc,heap     ] GC(0) Survivor regions: 0->1(1)
[2026-02-05T02:39:24.698+0000][7][gc,heap     ] GC(0) Old regions: 0->1
[2026-02-05T02:39:24.698+0000][7][gc,heap     ] GC(0) Archive regions: 2->2
[2026-02-05T02:39:24.698+0000][7][gc,heap     ] GC(0) Humongous regions: 0->0
[2026-02-05T02:39:24.698+0000][7][gc,metaspace] GC(0) Metaspace: 8168K(8320K)->8168K(8320K) NonClass: 7273K(7360K)->7273K(7360K) Class: 895K(960K)->895K(960K)
[2026-02-05T02:39:24.698+0000][7][gc          ] GC(0) Pause Young (Normal) (G1 Evacuation Pause) 27M->8M(512M) 6.323ms
[2026-02-05T02:39:24.699+0000][7][gc,cpu      ] GC(0) User=0.02s Sys=0.00s Real=0.00s
[2026-02-05T02:39:24.699+0000][7][safepoint   ] Safepoint "G1CollectForAllocation", Time since last: 277168044 ns, Reaching safepoint: 261816 ns, At safepoint: 6720086 ns, Total: 6981902 ns
[2026-02-05T02:39:25.426+0000][7][gc,start    ] GC(1) Pause Young (Normal) (G1 Evacuation Pause)
[2026-02-05T02:39:25.427+0000][7][gc,task     ] GC(1) Using 10 workers of 10 for evacuation
[2026-02-05T02:39:25.427+0000][7][gc,age      ] GC(1) Desired survivor size 2097152 bytes, new threshold 1 (max threshold 15)
[2026-02-05T02:39:25.432+0000][7][gc,age      ] GC(1) Age table with threshold 1 (max threshold 15)
[2026-02-05T02:39:25.432+0000][7][gc,age      ] GC(1) - age   1:    2076248 bytes,    2076248 total
[2026-02-05T02:39:25.432+0000][7][gc,phases   ] GC(1)   Pre Evacuate Collection Set: 0.2ms
[2026-02-05T02:39:25.432+0000][7][gc,phases   ] GC(1)   Merge Heap Roots: 0.2ms
[2026-02-05T02:39:25.432+0000][7][gc,phases   ] GC(1)   Evacuate Collection Set: 3.0ms
[2026-02-05T02:39:25.433+0000][7][gc,phases   ] GC(1)   Post Evacuate Collection Set: 0.8ms
[2026-02-05T02:39:25.433+0000][7][gc,phases   ] GC(1)   Other: 1.5ms
[2026-02-05T02:39:25.433+0000][7][gc,heap     ] GC(1) Eden regions: 6->0(12)
[2026-02-05T02:39:25.433+0000][7][gc,heap     ] GC(1) Survivor regions: 1->1(1)
[2026-02-05T02:39:25.434+0000][7][gc,heap     ] GC(1) Old regions: 1->2
[2026-02-05T02:39:25.434+0000][7][gc,heap     ] GC(1) Archive regions: 2->2
[2026-02-05T02:39:25.434+0000][7][gc,heap     ] GC(1) Humongous regions: 0->0
[2026-02-05T02:39:25.434+0000][7][gc,metaspace] GC(1) Metaspace: 12510K(12736K)->12510K(12736K) NonClass: 11044K(11136K)->11044K(11136K) Class: 1466K(1600K)->1466K(1600K)
[2026-02-05T02:39:25.434+0000][7][gc          ] GC(1) Pause Young (Normal) (G1 Evacuation Pause) 32M->10M(512M) 7.837ms
[2026-02-05T02:39:25.435+0000][7][gc,cpu      ] GC(1) User=0.02s Sys=0.01s Real=0.01s
[2026-02-05T02:39:25.435+0000][7][safepoint   ] Safepoint "G1CollectForAllocation", Time since last: 727529951 ns, Reaching safepoint: 206112 ns, At safepoint: 8286977 ns, Total: 8493089 ns
[2026-02-05T02:39:25.953+0000][7][safepoint   ] Safepoint "ICBufferFull", Time since last: 517904892 ns, Reaching safepoint: 203412 ns, At safepoint: 26801 ns, Total: 230213 ns
[2026-02-05T02:39:26.039+0000][7][gc,start    ] GC(2) Pause Young (Normal) (G1 Evacuation Pause)
[2026-02-05T02:39:26.040+0000][7][gc,task     ] GC(2) Using 10 workers of 10 for evacuation
[2026-02-05T02:39:26.040+0000][7][gc,age      ] GC(2) Desired survivor size 4194304 bytes, new threshold 15 (max threshold 15)
[2026-02-05T02:39:26.047+0000][7][gc,age      ] GC(2) Age table with threshold 15 (max threshold 15)
[2026-02-05T02:39:26.047+0000][7][gc,age      ] GC(2) - age   1:    1186160 bytes,    1186160 total
[2026-02-05T02:39:26.047+0000][7][gc,age      ] GC(2) - age   2:    2051296 bytes,    3237456 total
[2026-02-05T02:39:26.048+0000][7][gc,phases   ] GC(2)   Pre Evacuate Collection Set: 0.2ms
[2026-02-05T02:39:26.048+0000][7][gc,phases   ] GC(2)   Merge Heap Roots: 0.1ms
[2026-02-05T02:39:26.048+0000][7][gc,phases   ] GC(2)   Evacuate Collection Set: 4.7ms
[2026-02-05T02:39:26.048+0000][7][gc,phases   ] GC(2)   Post Evacuate Collection Set: 1.5ms
[2026-02-05T02:39:26.048+0000][7][gc,phases   ] GC(2)   Other: 1.6ms
[2026-02-05T02:39:26.048+0000][7][gc,heap     ] GC(2) Eden regions: 12->0(59)
[2026-02-05T02:39:26.048+0000][7][gc,heap     ] GC(2) Survivor regions: 1->1(2)
[2026-02-05T02:39:26.049+0000][7][gc,heap     ] GC(2) Old regions: 2->2
[2026-02-05T02:39:26.049+0000][7][gc,heap     ] GC(2) Archive regions: 2->2
[2026-02-05T02:39:26.049+0000][7][gc,heap     ] GC(2) Humongous regions: 0->0
[2026-02-05T02:39:26.049+0000][7][gc,metaspace] GC(2) Metaspace: 14817K(15040K)->14817K(15040K) NonClass: 13151K(13248K)->13151K(13248K) Class: 1665K(1792K)->1665K(1792K)
[2026-02-05T02:39:26.049+0000][7][gc          ] GC(2) Pause Young (Normal) (G1 Evacuation Pause) 58M->11M(512M) 9.604ms
[2026-02-05T02:39:26.049+0000][7][gc,cpu      ] GC(2) User=0.04s Sys=0.01s Real=0.01s
[2026-02-05T02:39:26.049+0000][7][safepoint   ] Safepoint "G1CollectForAllocation", Time since last: 86402471 ns, Reaching safepoint: 166309 ns, At safepoint: 10039078 ns, Total: 10205387 ns
[2026-02-05T02:39:26.243+0000][7][safepoint   ] Safepoint "ICBufferFull", Time since last: 193302819 ns, Reaching safepoint: 159209 ns, At safepoint: 7101 ns, Total: 166310 ns
[2026-02-05T02:39:26.248+0000][7][safepoint   ] Safepoint "ICBufferFull", Time since last: 4612465 ns, Reaching safepoint: 147609 ns, At safepoint: 4900 ns, Total: 152509 ns
[2026-02-05T02:39:26.252+0000][7][safepoint   ] Safepoint "ICBufferFull", Time since last: 4077334 ns, Reaching safepoint: 112207 ns, At safepoint: 4800 ns, Total: 117007 ns
[2026-02-05T02:39:26.256+0000][7][safepoint   ] Safepoint "ICBufferFull", Time since last: 3978629 ns, Reaching safepoint: 154609 ns, At safepoint: 4700 ns, Total: 159309 ns
[2026-02-05T02:39:26.262+0000][7][safepoint   ] Safepoint "ICBufferFull", Time since last: 5868838 ns, Reaching safepoint: 128707 ns, At safepoint: 4601 ns, Total: 133308 ns
[2026-02-05T02:39:26.266+0000][7][safepoint   ] Safepoint "ICBufferFull", Time since last: 3316590 ns, Reaching safepoint: 171310 ns, At safepoint: 5900 ns, Total: 177210 ns
[2026-02-05T02:39:26.269+0000][7][safepoint   ] Safepoint "ICBufferFull", Time since last: 2751459 ns, Reaching safepoint: 241814 ns, At safepoint: 7200 ns, Total: 249014 ns
[2026-02-05T02:39:26.272+0000][7][safepoint   ] Safepoint "ICBufferFull", Time since last: 3363794 ns, Reaching safepoint: 138408 ns, At safepoint: 22701 ns, Total: 161109 ns
[2026-02-05T02:39:26.278+0000][7][safepoint   ] Safepoint "ICBufferFull", Time since last: 5191799 ns, Reaching safepoint: 255114 ns, At safepoint: 22601 ns, Total: 277715 ns
[2026-02-05T02:39:26.282+0000][7][safepoint   ] Safepoint "ICBufferFull", Time since last: 4105937 ns, Reaching safepoint: 189711 ns, At safepoint: 36102 ns, Total: 225813 ns
[2026-02-05T02:39:26.285+0000][7][safepoint   ] Safepoint "ICBufferFull", Time since last: 2813362 ns, Reaching safepoint: 123907 ns, At safepoint: 4300 ns, Total: 128207 ns
[2026-02-05T02:39:26.291+0000][7][safepoint   ] Safepoint "ICBufferFull", Time since last: 5659625 ns, Reaching safepoint: 166010 ns, At safepoint: 3700 ns, Total: 169710 ns
[2026-02-05T02:39:26.294+0000][7][safepoint   ] Safepoint "ICBufferFull", Time since last: 3422597 ns, Reaching safepoint: 144908 ns, At safepoint: 4801 ns, Total: 149709 ns
[2026-02-05T02:39:26.300+0000][7][safepoint   ] Safepoint "ICBufferFull", Time since last: 6016646 ns, Reaching safepoint: 151809 ns, At safepoint: 19701 ns, Total: 171510 ns
[2026-02-05T02:39:26.304+0000][7][safepoint   ] Safepoint "ICBufferFull", Time since last: 3620908 ns, Reaching safepoint: 107806 ns, At safepoint: 7301 ns, Total: 115107 ns
[2026-02-05T02:39:26.309+0000][7][safepoint   ] Safepoint "ICBufferFull", Time since last: 4641467 ns, Reaching safepoint: 181010 ns, At safepoint: 24101 ns, Total: 205111 ns
[2026-02-05T02:39:26.312+0000][7][safepoint   ] Safepoint "ICBufferFull", Time since last: 3329992 ns, Reaching safepoint: 112606 ns, At safepoint: 8301 ns, Total: 120907 ns
[2026-02-05T02:39:26.316+0000][7][safepoint   ] Safepoint "ICBufferFull", Time since last: 3418997 ns, Reaching safepoint: 201011 ns, At safepoint: 23001 ns, Total: 224012 ns
[2026-02-05T02:39:26.321+0000][7][safepoint   ] Safepoint "ICBufferFull", Time since last: 4526861 ns, Reaching safepoint: 211512 ns, At safepoint: 52503 ns, Total: 264015 ns
[2026-02-05T02:39:26.579+0000][7][safepoint   ] Safepoint "ICBufferFull", Time since last: 257676923 ns, Reaching safepoint: 792445 ns, At safepoint: 49903 ns, Total: 842348 ns
[2026-02-05T02:39:26.916+0000][7][gc,start    ] GC(3) Pause Young (Normal) (G1 Evacuation Pause)
[2026-02-05T02:39:26.917+0000][7][gc,task     ] GC(3) Using 10 workers of 10 for evacuation
[2026-02-05T02:39:26.917+0000][7][gc,age      ] GC(3) Desired survivor size 16777216 bytes, new threshold 15 (max threshold 15)
[2026-02-05T02:39:26.926+0000][7][gc,age      ] GC(3) Age table with threshold 15 (max threshold 15)
[2026-02-05T02:39:26.926+0000][7][gc,age      ] GC(3) - age   1:    5625248 bytes,    5625248 total
[2026-02-05T02:39:26.926+0000][7][gc,age      ] GC(3) - age   2:    1164560 bytes,    6789808 total
[2026-02-05T02:39:26.927+0000][7][gc,age      ] GC(3) - age   3:    2036664 bytes,    8826472 total
[2026-02-05T02:39:26.927+0000][7][gc,phases   ] GC(3)   Pre Evacuate Collection Set: 0.2ms
[2026-02-05T02:39:26.927+0000][7][gc,phases   ] GC(3)   Merge Heap Roots: 0.2ms
[2026-02-05T02:39:26.927+0000][7][gc,phases   ] GC(3)   Evacuate Collection Set: 6.9ms
[2026-02-05T02:39:26.927+0000][7][gc,phases   ] GC(3)   Post Evacuate Collection Set: 1.3ms
[2026-02-05T02:39:26.928+0000][7][gc,phases   ] GC(3)   Other: 1.8ms
[2026-02-05T02:39:26.928+0000][7][gc,heap     ] GC(3) Eden regions: 59->0(73)
[2026-02-05T02:39:26.928+0000][7][gc,heap     ] GC(3) Survivor regions: 1->3(8)
[2026-02-05T02:39:26.928+0000][7][gc,heap     ] GC(3) Old regions: 2->2
[2026-02-05T02:39:26.928+0000][7][gc,heap     ] GC(3) Archive regions: 2->2
[2026-02-05T02:39:26.928+0000][7][gc,heap     ] GC(3) Humongous regions: 0->0
[2026-02-05T02:39:26.929+0000][7][gc,metaspace] GC(3) Metaspace: 18616K(18880K)->18616K(18880K) NonClass: 16402K(16512K)->16402K(16512K) Class: 2214K(2368K)->2214K(2368K)
[2026-02-05T02:39:26.929+0000][7][gc          ] GC(3) Pause Young (Normal) (G1 Evacuation Pause) 247M->16M(512M) 12.387ms
[2026-02-05T02:39:26.929+0000][7][gc,cpu      ] GC(3) User=0.04s Sys=0.00s Real=0.01s
[2026-02-05T02:39:26.929+0000][7][safepoint   ] Safepoint "G1CollectForAllocation", Time since last: 336909281 ns, Reaching safepoint: 140508 ns, At safepoint: 12837739 ns, Total: 12978247 ns
[2026-02-05T02:39:27.504+0000][7][gc,start    ] GC(4) Pause Young (Normal) (G1 Evacuation Pause)
[2026-02-05T02:39:27.504+0000][7][gc,task     ] GC(4) Using 10 workers of 10 for evacuation
[2026-02-05T02:39:27.504+0000][7][gc,age      ] GC(4) Desired survivor size 20971520 bytes, new threshold 15 (max threshold 15)
[2026-02-05T02:39:27.512+0000][7][gc,age      ] GC(4) Age table with threshold 15 (max threshold 15)
[2026-02-05T02:39:27.512+0000][7][gc,age      ] GC(4) - age   1:    3735264 bytes,    3735264 total
[2026-02-05T02:39:27.512+0000][7][gc,age      ] GC(4) - age   2:    4695456 bytes,    8430720 total
[2026-02-05T02:39:27.512+0000][7][gc,age      ] GC(4) - age   3:    1164560 bytes,    9595280 total
[2026-02-05T02:39:27.512+0000][7][gc,age      ] GC(4) - age   4:    2036664 bytes,   11631944 total
[2026-02-05T02:39:27.513+0000][7][gc,phases   ] GC(4)   Pre Evacuate Collection Set: 0.2ms
[2026-02-05T02:39:27.513+0000][7][gc,phases   ] GC(4)   Merge Heap Roots: 0.1ms
[2026-02-05T02:39:27.513+0000][7][gc,phases   ] GC(4)   Evacuate Collection Set: 5.1ms
[2026-02-05T02:39:27.513+0000][7][gc,phases   ] GC(4)   Post Evacuate Collection Set: 1.5ms
[2026-02-05T02:39:27.513+0000][7][gc,phases   ] GC(4)   Other: 2.0ms
[2026-02-05T02:39:27.514+0000][7][gc,heap     ] GC(4) Eden regions: 73->0(73)
[2026-02-05T02:39:27.514+0000][7][gc,heap     ] GC(4) Survivor regions: 3->3(10)
[2026-02-05T02:39:27.514+0000][7][gc,heap     ] GC(4) Old regions: 2->2
[2026-02-05T02:39:27.514+0000][7][gc,heap     ] GC(4) Archive regions: 2->2
[2026-02-05T02:39:27.514+0000][7][gc,heap     ] GC(4) Humongous regions: 0->0
[2026-02-05T02:39:27.514+0000][7][gc,metaspace] GC(4) Metaspace: 19411K(19840K)->19411K(19840K) NonClass: 17083K(17344K)->17083K(17344K) Class: 2328K(2496K)->2328K(2496K)
[2026-02-05T02:39:27.515+0000][7][gc          ] GC(4) Pause Young (Normal) (G1 Evacuation Pause) 308M->19M(512M) 11.177ms
[2026-02-05T02:39:27.515+0000][7][gc,cpu      ] GC(4) User=0.04s Sys=0.01s Real=0.01s
[2026-02-05T02:39:27.515+0000][7][safepoint   ] Safepoint "G1CollectForAllocation", Time since last: 574240433 ns, Reaching safepoint: 147308 ns, At safepoint: 11818780 ns, Total: 11966088 ns
[2026-02-05T02:39:28.030+0000][7][gc,start    ] GC(5) Pause Young (Normal) (G1 Evacuation Pause)
[2026-02-05T02:39:28.031+0000][7][gc,task     ] GC(5) Using 10 workers of 10 for evacuation
[2026-02-05T02:39:28.031+0000][7][gc,age      ] GC(5) Desired survivor size 20971520 bytes, new threshold 15 (max threshold 15)
[2026-02-05T02:39:28.038+0000][7][gc,age      ] GC(5) Age table with threshold 15 (max threshold 15)
[2026-02-05T02:39:28.038+0000][7][gc,age      ] GC(5) - age   1:     821208 bytes,     821208 total
[2026-02-05T02:39:28.038+0000][7][gc,age      ] GC(5) - age   2:    3136224 bytes,    3957432 total
[2026-02-05T02:39:28.039+0000][7][gc,age      ] GC(5) - age   3:    4695088 bytes,    8652520 total
[2026-02-05T02:39:28.039+0000][7][gc,age      ] GC(5) - age   4:    1156992 bytes,    9809512 total
[2026-02-05T02:39:28.039+0000][7][gc,age      ] GC(5) - age   5:    2036664 bytes,   11846176 total
[2026-02-05T02:39:28.039+0000][7][gc,phases   ] GC(5)   Pre Evacuate Collection Set: 0.2ms
[2026-02-05T02:39:28.040+0000][7][gc,phases   ] GC(5)   Merge Heap Roots: 0.2ms
[2026-02-05T02:39:28.040+0000][7][gc,phases   ] GC(5)   Evacuate Collection Set: 4.4ms
[2026-02-05T02:39:28.040+0000][7][gc,phases   ] GC(5)   Post Evacuate Collection Set: 1.7ms
[2026-02-05T02:39:28.040+0000][7][gc,phases   ] GC(5)   Other: 2.4ms
[2026-02-05T02:39:28.040+0000][7][gc,heap     ] GC(5) Eden regions: 73->0(72)
[2026-02-05T02:39:28.041+0000][7][gc,heap     ] GC(5) Survivor regions: 3->4(10)
[2026-02-05T02:39:28.041+0000][7][gc,heap     ] GC(5) Old regions: 2->2
[2026-02-05T02:39:28.041+0000][7][gc,heap     ] GC(5) Archive regions: 2->2
[2026-02-05T02:39:28.041+0000][7][gc,heap     ] GC(5) Humongous regions: 0->0
[2026-02-05T02:39:28.041+0000][7][gc,metaspace] GC(5) Metaspace: 20050K(20480K)->20050K(20480K) NonClass: 17626K(17856K)->17626K(17856K) Class: 2424K(2624K)->2424K(2624K)
[2026-02-05T02:39:28.042+0000][7][gc          ] GC(5) Pause Young (Normal) (G1 Evacuation Pause) 311M->20M(512M) 11.474ms
[2026-02-05T02:39:28.042+0000][7][gc,cpu      ] GC(5) User=0.03s Sys=0.00s Real=0.01s
[2026-02-05T02:39:28.042+0000][7][safepoint   ] Safepoint "G1CollectForAllocation", Time since last: 514590702 ns, Reaching safepoint: 229913 ns, At safepoint: 12016191 ns, Total: 12246104 ns
[2026-02-05T02:39:28.490+0000][7][gc,start    ] GC(6) Pause Young (Concurrent Start) (Metadata GC Threshold)
[2026-02-05T02:39:28.492+0000][7][gc,task     ] GC(6) Using 10 workers of 10 for evacuation
[2026-02-05T02:39:28.493+0000][7][gc,age      ] GC(6) Desired survivor size 20971520 bytes, new threshold 15 (max threshold 15)
[2026-02-05T02:39:28.505+0000][7][gc,age      ] GC(6) Age table with threshold 15 (max threshold 15)
[2026-02-05T02:39:28.505+0000][7][gc,age      ] GC(6) - age   1:    1807264 bytes,    1807264 total
[2026-02-05T02:39:28.506+0000][7][gc,age      ] GC(6) - age   2:     789168 bytes,    2596432 total
[2026-02-05T02:39:28.506+0000][7][gc,age      ] GC(6) - age   3:    3135088 bytes,    5731520 total
[2026-02-05T02:39:28.506+0000][7][gc,age      ] GC(6) - age   4:    4695088 bytes,   10426608 total
[2026-02-05T02:39:28.506+0000][7][gc,age      ] GC(6) - age   5:    1156992 bytes,   11583600 total
[2026-02-05T02:39:28.507+0000][7][gc,age      ] GC(6) - age   6:    2036360 bytes,   13619960 total
[2026-02-05T02:39:28.507+0000][7][gc,phases   ] GC(6)   Pre Evacuate Collection Set: 0.1ms
[2026-02-05T02:39:28.507+0000][7][gc,phases   ] GC(6)   Merge Heap Roots: 0.2ms
[2026-02-05T02:39:28.507+0000][7][gc,phases   ] GC(6)   Evacuate Collection Set: 9.8ms
[2026-02-05T02:39:28.507+0000][7][gc,phases   ] GC(6)   Post Evacuate Collection Set: 1.5ms
[2026-02-05T02:39:28.508+0000][7][gc,phases   ] GC(6)   Other: 5.1ms
[2026-02-05T02:39:28.508+0000][7][gc,heap     ] GC(6) Eden regions: 65->0(72)
[2026-02-05T02:39:28.509+0000][7][gc,heap     ] GC(6) Survivor regions: 4->4(10)
[2026-02-05T02:39:28.509+0000][7][gc,heap     ] GC(6) Old regions: 2->2
[2026-02-05T02:39:28.509+0000][7][gc,heap     ] GC(6) Archive regions: 2->2
[2026-02-05T02:39:28.509+0000][7][gc,heap     ] GC(6) Humongous regions: 0->0
[2026-02-05T02:39:28.509+0000][7][gc,metaspace] GC(6) Metaspace: 20718K(21248K)->20718K(21248K) NonClass: 18201K(18496K)->18201K(18496K) Class: 2517K(2752K)->2517K(2752K)
[2026-02-05T02:39:28.510+0000][7][gc          ] GC(6) Pause Young (Concurrent Start) (Metadata GC Threshold) 280M->22M(512M) 19.605ms
[2026-02-05T02:39:28.510+0000][7][gc,cpu      ] GC(6) User=0.05s Sys=0.01s Real=0.02s
[2026-02-05T02:39:28.511+0000][7][gc          ] GC(7) Concurrent Mark Cycle
[2026-02-05T02:39:28.511+0000][7][gc,marking  ] GC(7) Concurrent Clear Claimed Marks
[2026-02-05T02:39:28.511+0000][7][safepoint   ] Safepoint "CollectForMetadataAllocation", Time since last: 447700854 ns, Reaching safepoint: 114707 ns, At safepoint: 20461377 ns, Total: 20576084 ns
[2026-02-05T02:39:28.511+0000][7][gc,marking  ] GC(7) Concurrent Clear Claimed Marks 0.255ms
[2026-02-05T02:39:28.512+0000][7][gc,marking  ] GC(7) Concurrent Scan Root Regions
[2026-02-05T02:39:28.516+0000][7][gc,marking  ] GC(7) Concurrent Scan Root Regions 4.183ms
[2026-02-05T02:39:28.517+0000][7][gc,marking  ] GC(7) Concurrent Mark
[2026-02-05T02:39:28.517+0000][7][gc,marking  ] GC(7) Concurrent Mark From Roots
[2026-02-05T02:39:28.517+0000][7][gc,task     ] GC(7) Using 3 workers of 3 for marking
[2026-02-05T02:39:28.523+0000][7][gc,marking  ] GC(7) Concurrent Mark From Roots 6.395ms
[2026-02-05T02:39:28.524+0000][7][gc,marking  ] GC(7) Concurrent Preclean
[2026-02-05T02:39:28.524+0000][7][gc,marking  ] GC(7) Concurrent Preclean 0.683ms
[2026-02-05T02:39:28.525+0000][7][gc,start    ] GC(7) Pause Remark
[2026-02-05T02:39:28.530+0000][7][gc          ] GC(7) Pause Remark 24M->24M(512M) 4.550ms
[2026-02-05T02:39:28.530+0000][7][gc,cpu      ] GC(7) User=0.01s Sys=0.00s Real=0.00s
[2026-02-05T02:39:28.530+0000][7][safepoint   ] Safepoint "G1Concurrent", Time since last: 13987604 ns, Reaching safepoint: 380022 ns, At safepoint: 5268203 ns, Total: 5648225 ns
[2026-02-05T02:39:28.530+0000][7][gc,marking  ] GC(7) Concurrent Mark 13.816ms
[2026-02-05T02:39:28.531+0000][7][gc,marking  ] GC(7) Concurrent Rebuild Remembered Sets
[2026-02-05T02:39:28.534+0000][7][gc,marking  ] GC(7) Concurrent Rebuild Remembered Sets 3.489ms
[2026-02-05T02:39:28.535+0000][7][gc,start    ] GC(7) Pause Cleanup
[2026-02-05T02:39:28.536+0000][7][gc          ] GC(7) Pause Cleanup 24M->24M(512M) 0.516ms
[2026-02-05T02:39:28.536+0000][7][gc,cpu      ] GC(7) User=0.00s Sys=0.00s Real=0.00s
[2026-02-05T02:39:28.536+0000][7][safepoint   ] Safepoint "G1Concurrent", Time since last: 4860580 ns, Reaching safepoint: 218012 ns, At safepoint: 1073962 ns, Total: 1291974 ns
[2026-02-05T02:39:28.537+0000][7][gc,marking  ] GC(7) Concurrent Cleanup for Next Mark
[2026-02-05T02:39:28.537+0000][7][gc,marking  ] GC(7) Concurrent Cleanup for Next Mark 0.528ms
[2026-02-05T02:39:28.538+0000][7][gc          ] GC(7) Concurrent Mark Cycle 27.076ms
[2026-02-05T02:39:28.964+0000][7][gc,start    ] GC(8) Pause Young (Normal) (G1 Evacuation Pause)
[2026-02-05T02:39:28.965+0000][7][gc,task     ] GC(8) Using 10 workers of 10 for evacuation
[2026-02-05T02:39:28.965+0000][7][gc,age      ] GC(8) Desired survivor size 20971520 bytes, new threshold 15 (max threshold 15)
[2026-02-05T02:39:28.971+0000][7][gc,age      ] GC(8) Age table with threshold 15 (max threshold 15)
[2026-02-05T02:39:28.972+0000][7][gc,age      ] GC(8) - age   1:    2044944 bytes,    2044944 total
[2026-02-05T02:39:28.972+0000][7][gc,age      ] GC(8) - age   2:    1771136 bytes,    3816080 total
[2026-02-05T02:39:28.972+0000][7][gc,age      ] GC(8) - age   3:     787088 bytes,    4603168 total
[2026-02-05T02:39:28.972+0000][7][gc,age      ] GC(8) - age   4:    3134960 bytes,    7738128 total
[2026-02-05T02:39:28.972+0000][7][gc,age      ] GC(8) - age   5:    4694400 bytes,   12432528 total
[2026-02-05T02:39:28.973+0000][7][gc,age      ] GC(8) - age   6:    1156368 bytes,   13588896 total
[2026-02-05T02:39:28.973+0000][7][gc,age      ] GC(8) - age   7:    2033896 bytes,   15622792 total
[2026-02-05T02:39:28.973+0000][7][gc,phases   ] GC(8)   Pre Evacuate Collection Set: 0.3ms
[2026-02-05T02:39:28.973+0000][7][gc,phases   ] GC(8)   Merge Heap Roots: 0.2ms
[2026-02-05T02:39:28.973+0000][7][gc,phases   ] GC(8)   Evacuate Collection Set: 4.6ms
[2026-02-05T02:39:28.973+0000][7][gc,phases   ] GC(8)   Post Evacuate Collection Set: 1.3ms
[2026-02-05T02:39:28.974+0000][7][gc,phases   ] GC(8)   Other: 2.4ms
[2026-02-05T02:39:28.974+0000][7][gc,heap     ] GC(8) Eden regions: 72->0(72)
[2026-02-05T02:39:28.974+0000][7][gc,heap     ] GC(8) Survivor regions: 4->4(10)
[2026-02-05T02:39:28.974+0000][7][gc,heap     ] GC(8) Old regions: 2->2
[2026-02-05T02:39:28.974+0000][7][gc,heap     ] GC(8) Archive regions: 2->2
[2026-02-05T02:39:28.975+0000][7][gc,heap     ] GC(8) Humongous regions: 0->0
[2026-02-05T02:39:28.975+0000][7][gc,metaspace] GC(8) Metaspace: 21462K(22080K)->21462K(22080K) NonClass: 18846K(19200K)->18846K(19200K) Class: 2616K(2880K)->2616K(2880K)
[2026-02-05T02:39:28.975+0000][7][gc          ] GC(8) Pause Young (Normal) (G1 Evacuation Pause) 310M->24M(512M) 10.693ms
[2026-02-05T02:39:28.975+0000][7][gc,cpu      ] GC(8) User=0.03s Sys=0.00s Real=0.01s
[2026-02-05T02:39:28.975+0000][7][safepoint   ] Safepoint "G1CollectForAllocation", Time since last: 427605398 ns, Reaching safepoint: 258015 ns, At safepoint: 11159342 ns, Total: 11417357 ns
[2026-02-05T02:39:30.100+0000][7][safepoint   ] Safepoint "Cleanup", Time since last: 1124058761 ns, Reaching safepoint: 255015 ns, At safepoint: 26101 ns, Total: 281116 ns
[2026-02-05T02:39:31.073+0000][7][safepoint   ] Safepoint "ICBufferFull", Time since last: 973190055 ns, Reaching safepoint: 444932 ns, At safepoint: 29802 ns, Total: 474734 ns
[2026-02-05T02:39:31.658+0000][7][gc,start    ] GC(9) Pause Young (Normal) (G1 Evacuation Pause)
[2026-02-05T02:39:31.658+0000][7][gc,task     ] GC(9) Using 10 workers of 10 for evacuation
[2026-02-05T02:39:31.658+0000][7][gc,age      ] GC(9) Desired survivor size 20971520 bytes, new threshold 15 (max threshold 15)
[2026-02-05T02:39:31.680+0000][7][gc,age      ] GC(9) Age table with threshold 15 (max threshold 15)
[2026-02-05T02:39:31.680+0000][7][gc,age      ] GC(9) - age   1:   12661000 bytes,   12661000 total
[2026-02-05T02:39:31.681+0000][7][gc,age      ] GC(9) - age   2:    1151960 bytes,   13812960 total
[2026-02-05T02:39:31.681+0000][7][gc,age      ] GC(9) - age   3:    1757792 bytes,   15570752 total
[2026-02-05T02:39:31.681+0000][7][gc,age      ] GC(9) - age   4:     771936 bytes,   16342688 total
[2026-02-05T02:39:31.681+0000][7][gc,age      ] GC(9) - age   5:    3115000 bytes,   19457688 total
[2026-02-05T02:39:31.681+0000][7][gc,age      ] GC(9) - age   6:    4638856 bytes,   24096544 total
[2026-02-05T02:39:31.681+0000][7][gc,age      ] GC(9) - age   7:    1127616 bytes,   25224160 total
[2026-02-05T02:39:31.682+0000][7][gc,age      ] GC(9) - age   8:    2025640 bytes,   27249800 total
[2026-02-05T02:39:31.682+0000][7][gc,phases   ] GC(9)   Pre Evacuate Collection Set: 0.1ms
[2026-02-05T02:39:31.682+0000][7][gc,phases   ] GC(9)   Merge Heap Roots: 0.1ms
[2026-02-05T02:39:31.682+0000][7][gc,phases   ] GC(9)   Evacuate Collection Set: 18.9ms
[2026-02-05T02:39:31.682+0000][7][gc,phases   ] GC(9)   Post Evacuate Collection Set: 2.2ms
[2026-02-05T02:39:31.683+0000][7][gc,phases   ] GC(9)   Other: 2.9ms
[2026-02-05T02:39:31.683+0000][7][gc,heap     ] GC(9) Eden regions: 72->0(69)
[2026-02-05T02:39:31.683+0000][7][gc,heap     ] GC(9) Survivor regions: 4->7(10)
[2026-02-05T02:39:31.683+0000][7][gc,heap     ] GC(9) Old regions: 2->2
[2026-02-05T02:39:31.683+0000][7][gc,heap     ] GC(9) Archive regions: 2->2
[2026-02-05T02:39:31.684+0000][7][gc,heap     ] GC(9) Humongous regions: 0->0
[2026-02-05T02:39:31.684+0000][7][gc,metaspace] GC(9) Metaspace: 30514K(31360K)->30514K(31360K) NonClass: 26721K(27200K)->26721K(27200K) Class: 3792K(4160K)->3792K(4160K)
[2026-02-05T02:39:31.684+0000][7][gc          ] GC(9) Pause Young (Normal) (G1 Evacuation Pause) 312M->35M(512M) 26.272ms
[2026-02-05T02:39:31.684+0000][7][gc,cpu      ] GC(9) User=0.13s Sys=0.00s Real=0.03s
[2026-02-05T02:39:31.686+0000][7][safepoint   ] Safepoint "G1CollectForAllocation", Time since last: 584112011 ns, Reaching safepoint: 167412 ns, At safepoint: 27924232 ns, Total: 28091644 ns
[2026-02-05T02:39:32.768+0000][7][safepoint   ] Safepoint "Cleanup", Time since last: 1081776030 ns, Reaching safepoint: 376727 ns, At safepoint: 47604 ns, Total: 424331 ns
[2026-02-05T02:39:33.280+0000][7][safepoint   ] Safepoint "ICBufferFull", Time since last: 512134972 ns, Reaching safepoint: 336224 ns, At safepoint: 30503 ns, Total: 366727 ns
[2026-02-05T02:39:33.338+0000][7][gc,start    ] GC(10) Pause Young (Concurrent Start) (Metadata GC Threshold)
[2026-02-05T02:39:33.342+0000][7][gc,task     ] GC(10) Using 10 workers of 10 for evacuation
[2026-02-05T02:39:33.342+0000][7][gc,age      ] GC(10) Desired survivor size 20971520 bytes, new threshold 6 (max threshold 15)
[2026-02-05T02:39:33.368+0000][7][gc,age      ] GC(10) Age table with threshold 6 (max threshold 15)
[2026-02-05T02:39:33.368+0000][7][gc,age      ] GC(10) - age   1:   22662392 bytes,   22662392 total
[2026-02-05T02:39:33.368+0000][7][gc,age      ] GC(10) - age   2:   12307144 bytes,   34969536 total
[2026-02-05T02:39:33.368+0000][7][gc,age      ] GC(10) - age   3:    1151712 bytes,   36121248 total
[2026-02-05T02:39:33.368+0000][7][gc,age      ] GC(10) - age   4:    1757104 bytes,   37878352 total
[2026-02-05T02:39:33.369+0000][7][gc,age      ] GC(10) - age   5:     760816 bytes,   38639168 total
[2026-02-05T02:39:33.369+0000][7][gc,age      ] GC(10) - age   6:    3111776 bytes,   41750944 total
[2026-02-05T02:39:33.369+0000][7][gc,phases   ] GC(10)   Pre Evacuate Collection Set: 0.3ms
[2026-02-05T02:39:33.369+0000][7][gc,phases   ] GC(10)   Merge Heap Roots: 0.3ms
[2026-02-05T02:39:33.369+0000][7][gc,phases   ] GC(10)   Evacuate Collection Set: 22.5ms
[2026-02-05T02:39:33.370+0000][7][gc,phases   ] GC(10)   Post Evacuate Collection Set: 1.9ms
[2026-02-05T02:39:33.370+0000][7][gc,phases   ] GC(10)   Other: 6.6ms
[2026-02-05T02:39:33.370+0000][7][gc,heap     ] GC(10) Eden regions: 51->0(66)
[2026-02-05T02:39:33.370+0000][7][gc,heap     ] GC(10) Survivor regions: 7->10(10)
[2026-02-05T02:39:33.371+0000][7][gc,heap     ] GC(10) Old regions: 2->5
[2026-02-05T02:39:33.371+0000][7][gc,heap     ] GC(10) Archive regions: 2->2
[2026-02-05T02:39:33.371+0000][7][gc,heap     ] GC(10) Humongous regions: 0->0
[2026-02-05T02:39:33.371+0000][7][gc,metaspace] GC(10) Metaspace: 34776K(35648K)->34776K(35648K) NonClass: 30307K(30784K)->30307K(30784K) Class: 4469K(4864K)->4469K(4864K)
[2026-02-05T02:39:33.371+0000][7][gc          ] GC(10) Pause Young (Concurrent Start) (Metadata GC Threshold) 237M->60M(512M) 33.789ms
[2026-02-05T02:39:33.372+0000][7][gc,cpu      ] GC(10) User=0.16s Sys=0.01s Real=0.04s
[2026-02-05T02:39:33.372+0000][7][gc          ] GC(11) Concurrent Mark Cycle
[2026-02-05T02:39:33.372+0000][7][gc,marking  ] GC(11) Concurrent Clear Claimed Marks
[2026-02-05T02:39:33.372+0000][7][safepoint   ] Safepoint "CollectForMetadataAllocation", Time since last: 57062953 ns, Reaching safepoint: 184613 ns, At safepoint: 34410004 ns, Total: 34594617 ns
[2026-02-05T02:39:33.372+0000][7][gc,marking  ] GC(11) Concurrent Clear Claimed Marks 0.289ms
[2026-02-05T02:39:33.374+0000][7][gc,marking  ] GC(11) Concurrent Scan Root Regions
[2026-02-05T02:39:33.387+0000][7][safepoint   ] Safepoint "CollectForMetadataAllocation", Time since last: 15230909 ns, Reaching safepoint: 82406 ns, At safepoint: 135510 ns, Total: 217916 ns
[2026-02-05T02:39:33.390+0000][7][gc,marking  ] GC(11) Concurrent Scan Root Regions 16.274ms
[2026-02-05T02:39:33.390+0000][7][gc,marking  ] GC(11) Concurrent Mark
[2026-02-05T02:39:33.391+0000][7][gc,marking  ] GC(11) Concurrent Mark From Roots
[2026-02-05T02:39:33.391+0000][7][gc,task     ] GC(11) Using 3 workers of 3 for marking
[2026-02-05T02:39:33.395+0000][7][gc,marking  ] GC(11) Concurrent Mark From Roots 4.977ms
[2026-02-05T02:39:33.396+0000][7][gc,marking  ] GC(11) Concurrent Preclean
[2026-02-05T02:39:33.396+0000][7][gc,marking  ] GC(11) Concurrent Preclean 0.341ms
[2026-02-05T02:39:33.397+0000][7][gc,start    ] GC(11) Pause Remark
[2026-02-05T02:39:33.401+0000][7][gc          ] GC(11) Pause Remark 62M->62M(512M) 4.031ms
[2026-02-05T02:39:33.401+0000][7][gc,cpu      ] GC(11) User=0.01s Sys=0.00s Real=0.00s
[2026-02-05T02:39:33.402+0000][7][safepoint   ] Safepoint "G1Concurrent", Time since last: 9383483 ns, Reaching safepoint: 208815 ns, At safepoint: 4558932 ns, Total: 4767747 ns
[2026-02-05T02:39:33.402+0000][7][gc,marking  ] GC(11) Concurrent Mark 11.471ms
[2026-02-05T02:39:33.402+0000][7][gc,marking  ] GC(11) Concurrent Rebuild Remembered Sets
[2026-02-05T02:39:33.411+0000][7][gc,marking  ] GC(11) Concurrent Rebuild Remembered Sets 9.329ms
[2026-02-05T02:39:33.412+0000][7][gc,start    ] GC(11) Pause Cleanup
[2026-02-05T02:39:33.412+0000][7][gc          ] GC(11) Pause Cleanup 62M->62M(512M) 0.412ms
[2026-02-05T02:39:33.412+0000][7][gc,cpu      ] GC(11) User=0.00s Sys=0.00s Real=0.00s
[2026-02-05T02:39:33.413+0000][7][safepoint   ] Safepoint "G1Concurrent", Time since last: 10035930 ns, Reaching safepoint: 243718 ns, At safepoint: 806758 ns, Total: 1050476 ns
[2026-02-05T02:39:33.413+0000][7][gc,marking  ] GC(11) Concurrent Cleanup for Next Mark
[2026-02-05T02:39:33.413+0000][7][gc,marking  ] GC(11) Concurrent Cleanup for Next Mark 0.472ms
[2026-02-05T02:39:33.414+0000][7][gc          ] GC(11) Concurrent Mark Cycle 41.860ms
[2026-02-05T02:39:34.530+0000][7][safepoint   ] Safepoint "ICBufferFull", Time since last: 1116975192 ns, Reaching safepoint: 274120 ns, At safepoint: 5800 ns, Total: 279920 ns
[2026-02-05T02:39:35.377+0000][7][gc,start    ] GC(12) Pause Young (Concurrent Start) (G1 Evacuation Pause)
[2026-02-05T02:39:35.377+0000][7][gc,task     ] GC(12) Using 10 workers of 10 for evacuation
[2026-02-05T02:39:35.382+0000][7][gc,age      ] GC(12) Desired survivor size 20971520 bytes, new threshold 1 (max threshold 15)
[2026-02-05T02:39:35.412+0000][7][gc,age      ] GC(12) Age table with threshold 1 (max threshold 15)
[2026-02-05T02:39:35.412+0000][7][gc,age      ] GC(12) - age   1:    6412056 bytes,    6412056 total
[2026-02-05T02:39:35.413+0000][7][gc,phases   ] GC(12)   Pre Evacuate Collection Set: 0.2ms
[2026-02-05T02:39:35.413+0000][7][gc,phases   ] GC(12)   Merge Heap Roots: 0.2ms
[2026-02-05T02:39:35.413+0000][7][gc,phases   ] GC(12)   Evacuate Collection Set: 27.4ms
[2026-02-05T02:39:35.413+0000][7][gc,phases   ] GC(12)   Post Evacuate Collection Set: 1.7ms
[2026-02-05T02:39:35.413+0000][7][gc,phases   ] GC(12)   Other: 6.0ms
[2026-02-05T02:39:35.414+0000][7][gc,heap     ] GC(12) Eden regions: 66->0(73)
[2026-02-05T02:39:35.414+0000][7][gc,heap     ] GC(12) Survivor regions: 10->3(10)
[2026-02-05T02:39:35.414+0000][7][gc,heap     ] GC(12) Old regions: 5->15
[2026-02-05T02:39:35.414+0000][7][gc,heap     ] GC(12) Archive regions: 2->2
[2026-02-05T02:39:35.414+0000][7][gc,heap     ] GC(12) Humongous regions: 0->0
[2026-02-05T02:39:35.415+0000][7][gc,metaspace] GC(12) Metaspace: 52405K(53440K)->52405K(53440K) NonClass: 45484K(46080K)->45484K(46080K) Class: 6921K(7360K)->6921K(7360K)
[2026-02-05T02:39:35.415+0000][7][gc          ] GC(12) Pause Young (Concurrent Start) (G1 Evacuation Pause) 324M->71M(512M) 37.849ms
[2026-02-05T02:39:35.415+0000][7][gc,cpu      ] GC(12) User=0.22s Sys=0.01s Real=0.04s
[2026-02-05T02:39:35.415+0000][7][safepoint   ] Safepoint "G1CollectForAllocation", Time since last: 846920437 ns, Reaching safepoint: 209016 ns, At safepoint: 38369892 ns, Total: 38578908 ns
[2026-02-05T02:39:35.415+0000][7][gc          ] GC(13) Concurrent Mark Cycle
[2026-02-05T02:39:35.424+0000][7][gc,marking  ] GC(13) Concurrent Clear Claimed Marks
[2026-02-05T02:39:35.424+0000][7][gc,marking  ] GC(13) Concurrent Clear Claimed Marks 0.350ms
[2026-02-05T02:39:35.424+0000][7][gc,marking  ] GC(13) Concurrent Scan Root Regions
[2026-02-05T02:39:35.443+0000][7][gc,marking  ] GC(13) Concurrent Scan Root Regions 18.444ms
[2026-02-05T02:39:35.444+0000][7][gc,marking  ] GC(13) Concurrent Mark
[2026-02-05T02:39:35.445+0000][7][gc,marking  ] GC(13) Concurrent Mark From Roots
[2026-02-05T02:39:35.446+0000][7][gc,task     ] GC(13) Using 3 workers of 3 for marking
[2026-02-05T02:39:35.479+0000][7][gc,marking  ] GC(13) Concurrent Mark From Roots 33.343ms
[2026-02-05T02:39:35.479+0000][7][gc,marking  ] GC(13) Concurrent Preclean
[2026-02-05T02:39:35.480+0000][7][gc,marking  ] GC(13) Concurrent Preclean 0.479ms
[2026-02-05T02:39:35.481+0000][7][gc,start    ] GC(13) Pause Remark
[2026-02-05T02:39:35.484+0000][7][gc          ] GC(13) Pause Remark 89M->89M(512M) 3.866ms
[2026-02-05T02:39:35.485+0000][7][gc,cpu      ] GC(13) User=0.02s Sys=0.00s Real=0.01s
[2026-02-05T02:39:35.485+0000][7][safepoint   ] Safepoint "G1Concurrent", Time since last: 64469892 ns, Reaching safepoint: 606744 ns, At safepoint: 4400820 ns, Total: 5007564 ns
[2026-02-05T02:39:35.485+0000][7][gc,marking  ] GC(13) Concurrent Mark 40.658ms
[2026-02-05T02:39:35.486+0000][7][gc,marking  ] GC(13) Concurrent Rebuild Remembered Sets
[2026-02-05T02:39:35.515+0000][7][gc,marking  ] GC(13) Concurrent Rebuild Remembered Sets 28.516ms
[2026-02-05T02:39:35.518+0000][7][gc,start    ] GC(13) Pause Cleanup
[2026-02-05T02:39:35.519+0000][7][gc          ] GC(13) Pause Cleanup 99M->99M(512M) 0.497ms
[2026-02-05T02:39:35.519+0000][7][gc,cpu      ] GC(13) User=0.00s Sys=0.00s Real=0.00s
[2026-02-05T02:39:35.519+0000][7][safepoint   ] Safepoint "G1Concurrent", Time since last: 33101810 ns, Reaching safepoint: 241117 ns, At safepoint: 951569 ns, Total: 1192686 ns
[2026-02-05T02:39:35.520+0000][7][gc,marking  ] GC(13) Concurrent Cleanup for Next Mark
[2026-02-05T02:39:35.521+0000][7][gc,marking  ] GC(13) Concurrent Cleanup for Next Mark 0.660ms
[2026-02-05T02:39:35.522+0000][7][gc          ] GC(13) Concurrent Mark Cycle 107.043ms
[2026-02-05T02:39:36.976+0000][7][safepoint   ] Safepoint "ICBufferFull", Time since last: 1455638839 ns, Reaching safepoint: 1155384 ns, At safepoint: 11901 ns, Total: 1167285 ns
[2026-02-05T02:39:38.312+0000][7][safepoint   ] Safepoint "Cleanup", Time since last: 1335333583 ns, Reaching safepoint: 631246 ns, At safepoint: 28602 ns, Total: 659848 ns
[2026-02-05T02:39:38.457+0000][7][gc,start    ] GC(14) Pause Young (Normal) (G1 Evacuation Pause)
[2026-02-05T02:39:38.457+0000][7][gc,task     ] GC(14) Using 10 workers of 10 for evacuation
[2026-02-05T02:39:38.457+0000][7][gc,age      ] GC(14) Desired survivor size 20971520 bytes, new threshold 15 (max threshold 15)
[2026-02-05T02:39:38.471+0000][7][gc,age      ] GC(14) Age table with threshold 15 (max threshold 15)
[2026-02-05T02:39:38.471+0000][7][gc,age      ] GC(14) - age   1:    9874888 bytes,    9874888 total
[2026-02-05T02:39:38.472+0000][7][gc,age      ] GC(14) - age   2:    6214320 bytes,   16089208 total
[2026-02-05T02:39:38.472+0000][7][gc,phases   ] GC(14)   Pre Evacuate Collection Set: 0.2ms
[2026-02-05T02:39:38.472+0000][7][gc,phases   ] GC(14)   Merge Heap Roots: 0.2ms
[2026-02-05T02:39:38.472+0000][7][gc,phases   ] GC(14)   Evacuate Collection Set: 9.3ms
[2026-02-05T02:39:38.472+0000][7][gc,phases   ] GC(14)   Post Evacuate Collection Set: 4.0ms
[2026-02-05T02:39:38.473+0000][7][gc,phases   ] GC(14)   Other: 1.6ms
[2026-02-05T02:39:38.473+0000][7][gc,heap     ] GC(14) Eden regions: 73->0(71)
[2026-02-05T02:39:38.473+0000][7][gc,heap     ] GC(14) Survivor regions: 3->5(10)
[2026-02-05T02:39:38.473+0000][7][gc,heap     ] GC(14) Old regions: 15->15
[2026-02-05T02:39:38.473+0000][7][gc,heap     ] GC(14) Archive regions: 2->2
[2026-02-05T02:39:38.473+0000][7][gc,heap     ] GC(14) Humongous regions: 0->0
[2026-02-05T02:39:38.474+0000][7][gc,metaspace] GC(14) Metaspace: 71573K(72768K)->71573K(72768K) NonClass: 61834K(62528K)->61834K(62528K) Class: 9739K(10240K)->9739K(10240K)
[2026-02-05T02:39:38.474+0000][7][gc          ] GC(14) Pause Young (Normal) (G1 Evacuation Pause) 363M->77M(512M) 17.131ms
[2026-02-05T02:39:38.474+0000][7][gc,cpu      ] GC(14) User=0.06s Sys=0.00s Real=0.02s
[2026-02-05T02:39:38.474+0000][7][safepoint   ] Safepoint "G1CollectForAllocation", Time since last: 144440512 ns, Reaching safepoint: 247318 ns, At safepoint: 17564578 ns, Total: 17811896 ns
[2026-02-05T02:39:39.434+0000][7][safepoint   ] Safepoint "ICBufferFull", Time since last: 959261980 ns, Reaching safepoint: 208713 ns, At safepoint: 4800 ns, Total: 213513 ns
[2026-02-05T02:39:40.386+0000][7][safepoint   ] Safepoint "ICBufferFull", Time since last: 951880939 ns, Reaching safepoint: 245014 ns, At safepoint: 4301 ns, Total: 249315 ns
[2026-02-05T02:39:40.698+0000][7][gc,start    ] GC(15) Pause Young (Concurrent Start) (Metadata GC Threshold)
[2026-02-05T02:39:40.699+0000][7][gc,task     ] GC(15) Using 10 workers of 10 for evacuation
[2026-02-05T02:39:40.699+0000][7][gc,age      ] GC(15) Desired survivor size 20971520 bytes, new threshold 15 (max threshold 15)
[2026-02-05T02:39:40.726+0000][7][gc,age      ] GC(15) Age table with threshold 15 (max threshold 15)
[2026-02-05T02:39:40.726+0000][7][gc,age      ] GC(15) - age   1:    7067128 bytes,    7067128 total
[2026-02-05T02:39:40.726+0000][7][gc,age      ] GC(15) - age   2:    9679376 bytes,   16746504 total
[2026-02-05T02:39:40.727+0000][7][gc,age      ] GC(15) - age   3:    6188792 bytes,   22935296 total
[2026-02-05T02:39:40.727+0000][7][gc,phases   ] GC(15)   Pre Evacuate Collection Set: 0.4ms
[2026-02-05T02:39:40.727+0000][7][gc,phases   ] GC(15)   Merge Heap Roots: 0.2ms
[2026-02-05T02:39:40.727+0000][7][gc,phases   ] GC(15)   Evacuate Collection Set: 21.4ms
[2026-02-05T02:39:40.728+0000][7][gc,phases   ] GC(15)   Post Evacuate Collection Set: 4.3ms
[2026-02-05T02:39:40.728+0000][7][gc,phases   ] GC(15)   Other: 2.6ms
[2026-02-05T02:39:40.728+0000][7][gc,heap     ] GC(15) Eden regions: 28->0(70)
[2026-02-05T02:39:40.728+0000][7][gc,heap     ] GC(15) Survivor regions: 5->6(10)
[2026-02-05T02:39:40.729+0000][7][gc,heap     ] GC(15) Old regions: 15->15
[2026-02-05T02:39:40.729+0000][7][gc,heap     ] GC(15) Archive regions: 2->2
[2026-02-05T02:39:40.729+0000][7][gc,heap     ] GC(15) Humongous regions: 0->0
[2026-02-05T02:39:40.729+0000][7][gc,metaspace] GC(15) Metaspace: 87821K(89088K)->87821K(89088K) NonClass: 75847K(76544K)->75847K(76544K) Class: 11974K(12544K)->11974K(12544K)
[2026-02-05T02:39:40.730+0000][7][gc          ] GC(15) Pause Young (Concurrent Start) (Metadata GC Threshold) 189M->83M(512M) 31.554ms
[2026-02-05T02:39:40.730+0000][7][gc,cpu      ] GC(15) User=0.11s Sys=0.01s Real=0.03s
[2026-02-05T02:39:40.730+0000][7][gc          ] GC(16) Concurrent Mark Cycle
[2026-02-05T02:39:40.730+0000][7][gc,marking  ] GC(16) Concurrent Clear Claimed Marks
[2026-02-05T02:39:40.730+0000][7][safepoint   ] Safepoint "CollectForMetadataAllocation", Time since last: 311832494 ns, Reaching safepoint: 303518 ns, At safepoint: 32247581 ns, Total: 32551099 ns
[2026-02-05T02:39:40.731+0000][7][gc,marking  ] GC(16) Concurrent Clear Claimed Marks 0.305ms
[2026-02-05T02:39:40.734+0000][7][gc,marking  ] GC(16) Concurrent Scan Root Regions
[2026-02-05T02:39:40.744+0000][7][gc,marking  ] GC(16) Concurrent Scan Root Regions 10.255ms
[2026-02-05T02:39:40.745+0000][7][gc,marking  ] GC(16) Concurrent Mark
[2026-02-05T02:39:40.745+0000][7][gc,marking  ] GC(16) Concurrent Mark From Roots
[2026-02-05T02:39:40.745+0000][7][gc,task     ] GC(16) Using 3 workers of 3 for marking
[2026-02-05T02:39:40.799+0000][7][gc,marking  ] GC(16) Concurrent Mark From Roots 53.994ms
[2026-02-05T02:39:40.799+0000][7][gc,marking  ] GC(16) Concurrent Preclean
[2026-02-05T02:39:40.800+0000][7][gc,marking  ] GC(16) Concurrent Preclean 0.680ms
[2026-02-05T02:39:40.801+0000][7][gc,start    ] GC(16) Pause Remark
[2026-02-05T02:39:40.804+0000][7][gc          ] GC(16) Pause Remark 89M->89M(512M) 3.062ms
[2026-02-05T02:39:40.804+0000][7][gc,cpu      ] GC(16) User=0.01s Sys=0.00s Real=0.01s
[2026-02-05T02:39:40.804+0000][7][safepoint   ] Safepoint "G1Concurrent", Time since last: 70255500 ns, Reaching safepoint: 233513 ns, At safepoint: 3673615 ns, Total: 3907128 ns
[2026-02-05T02:39:40.806+0000][7][gc,marking  ] GC(16) Concurrent Mark 61.036ms
[2026-02-05T02:39:40.806+0000][7][gc,marking  ] GC(16) Concurrent Rebuild Remembered Sets
[2026-02-05T02:39:40.846+0000][7][gc,marking  ] GC(16) Concurrent Rebuild Remembered Sets 40.439ms
[2026-02-05T02:39:40.847+0000][7][gc,start    ] GC(16) Pause Cleanup
[2026-02-05T02:39:40.848+0000][7][gc          ] GC(16) Pause Cleanup 91M->91M(512M) 0.603ms
[2026-02-05T02:39:40.848+0000][7][gc,cpu      ] GC(16) User=0.00s Sys=0.00s Real=0.00s
[2026-02-05T02:39:40.848+0000][7][safepoint   ] Safepoint "G1Concurrent", Time since last: 42591985 ns, Reaching safepoint: 351020 ns, At safepoint: 1165868 ns, Total: 1516888 ns
[2026-02-05T02:39:40.850+0000][7][gc,marking  ] GC(16) Concurrent Cleanup for Next Mark
[2026-02-05T02:39:40.852+0000][7][gc,marking  ] GC(16) Concurrent Cleanup for Next Mark 2.016ms
[2026-02-05T02:39:40.853+0000][7][gc          ] GC(16) Concurrent Mark Cycle 122.471ms
[2026-02-05T02:39:41.623+0000][7][safepoint   ] Safepoint "ICBufferFull", Time since last: 774336680 ns, Reaching safepoint: 218413 ns, At safepoint: 73104 ns, Total: 291517 ns
[2026-02-05T02:39:42.308+0000][7][safepoint   ] Safepoint "ICBufferFull", Time since last: 684954965 ns, Reaching safepoint: 256415 ns, At safepoint: 30302 ns, Total: 286717 ns
[2026-02-05T02:39:43.033+0000][7][safepoint   ] Safepoint "ICBufferFull", Time since last: 724240657 ns, Reaching safepoint: 356521 ns, At safepoint: 63604 ns, Total: 420125 ns
[2026-02-05T02:39:44.009+0000][7][safepoint   ] Safepoint "ICBufferFull", Time since last: 975816336 ns, Reaching safepoint: 280616 ns, At safepoint: 60104 ns, Total: 340720 ns
[2026-02-05T02:39:44.880+0000][7][safepoint   ] Safepoint "ICBufferFull", Time since last: 870394084 ns, Reaching safepoint: 256815 ns, At safepoint: 15501 ns, Total: 272316 ns
[2026-02-05T02:39:45.863+0000][7][safepoint   ] Safepoint "ICBufferFull", Time since last: 983458382 ns, Reaching safepoint: 385922 ns, At safepoint: 88605 ns, Total: 474527 ns
[2026-02-05T02:39:46.845+0000][7][gc,start    ] GC(17) Pause Young (Normal) (G1 Evacuation Pause)
[2026-02-05T02:39:46.846+0000][7][gc,task     ] GC(17) Using 10 workers of 10 for evacuation
[2026-02-05T02:39:46.846+0000][7][gc,age      ] GC(17) Desired survivor size 20971520 bytes, new threshold 3 (max threshold 15)
[2026-02-05T02:39:46.862+0000][7][gc,age      ] GC(17) Age table with threshold 3 (max threshold 15)
[2026-02-05T02:39:46.863+0000][7][gc,age      ] GC(17) - age   1:   16451344 bytes,   16451344 total
[2026-02-05T02:39:46.863+0000][7][gc,age      ] GC(17) - age   2:    6753768 bytes,   23205112 total
[2026-02-05T02:39:46.863+0000][7][gc,age      ] GC(17) - age   3:    9476944 bytes,   32682056 total
[2026-02-05T02:39:46.863+0000][7][gc,phases   ] GC(17)   Pre Evacuate Collection Set: 0.3ms
[2026-02-05T02:39:46.863+0000][7][gc,phases   ] GC(17)   Merge Heap Roots: 0.2ms
[2026-02-05T02:39:46.864+0000][7][gc,phases   ] GC(17)   Evacuate Collection Set: 13.6ms
[2026-02-05T02:39:46.864+0000][7][gc,phases   ] GC(17)   Post Evacuate Collection Set: 2.3ms
[2026-02-05T02:39:46.864+0000][7][gc,phases   ] GC(17)   Other: 1.5ms
[2026-02-05T02:39:46.864+0000][7][gc,heap     ] GC(17) Eden regions: 70->0(64)
[2026-02-05T02:39:46.864+0000][7][gc,heap     ] GC(17) Survivor regions: 6->9(10)
[2026-02-05T02:39:46.864+0000][7][gc,heap     ] GC(17) Old regions: 15->16
[2026-02-05T02:39:46.865+0000][7][gc,heap     ] GC(17) Archive regions: 2->2
[2026-02-05T02:39:46.865+0000][7][gc,heap     ] GC(17) Humongous regions: 5->5
[2026-02-05T02:39:46.865+0000][7][gc,metaspace] GC(17) Metaspace: 102074K(103488K)->102074K(103488K) NonClass: 88043K(88832K)->88043K(88832K) Class: 14030K(14656K)->14030K(14656K)
[2026-02-05T02:39:46.865+0000][7][gc          ] GC(17) Pause Young (Normal) (G1 Evacuation Pause) 382M->119M(512M) 19.824ms
[2026-02-05T02:39:46.865+0000][7][gc,cpu      ] GC(17) User=0.12s Sys=0.00s Real=0.02s
[2026-02-05T02:39:46.866+0000][7][safepoint   ] Safepoint "G1CollectForAllocation", Time since last: 981481469 ns, Reaching safepoint: 361022 ns, At safepoint: 20424238 ns, Total: 20785260 ns
[2026-02-05T02:39:47.867+0000][7][safepoint   ] Safepoint "Cleanup", Time since last: 1000418116 ns, Reaching safepoint: 251116 ns, At safepoint: 122407 ns, Total: 373523 ns
[2026-02-05T02:39:48.413+0000][7][safepoint   ] Safepoint "ICBufferFull", Time since last: 545618660 ns, Reaching safepoint: 348421 ns, At safepoint: 90305 ns, Total: 438726 ns
[2026-02-05T02:39:48.991+0000][7][safepoint   ] Safepoint "ICBufferFull", Time since last: 578206835 ns, Reaching safepoint: 253515 ns, At safepoint: 62704 ns, Total: 316219 ns
[2026-02-05T02:39:49.889+0000][7][gc,start    ] GC(18) Pause Young (Normal) (G1 Evacuation Pause)
[2026-02-05T02:39:49.889+0000][7][gc,task     ] GC(18) Using 10 workers of 10 for evacuation
[2026-02-05T02:39:49.889+0000][7][gc,age      ] GC(18) Desired survivor size 20971520 bytes, new threshold 2 (max threshold 15)
[2026-02-05T02:39:49.916+0000][7][gc,age      ] GC(18) Age table with threshold 2 (max threshold 15)
[2026-02-05T02:39:49.917+0000][7][gc,age      ] GC(18) - age   1:    5116120 bytes,    5116120 total
[2026-02-05T02:39:49.917+0000][7][gc,age      ] GC(18) - age   2:   13430192 bytes,   18546312 total
[2026-02-05T02:39:49.917+0000][7][gc,phases   ] GC(18)   Pre Evacuate Collection Set: 0.4ms
[2026-02-05T02:39:49.917+0000][7][gc,phases   ] GC(18)   Merge Heap Roots: 0.3ms
[2026-02-05T02:39:49.918+0000][7][gc,phases   ] GC(18)   Evacuate Collection Set: 23.6ms
[2026-02-05T02:39:49.918+0000][7][gc,phases   ] GC(18)   Post Evacuate Collection Set: 2.4ms
[2026-02-05T02:39:49.919+0000][7][gc,phases   ] GC(18)   Other: 1.8ms
[2026-02-05T02:39:49.919+0000][7][gc,heap     ] GC(18) Eden regions: 64->0(65)
[2026-02-05T02:39:49.920+0000][7][gc,heap     ] GC(18) Survivor regions: 9->6(10)
[2026-02-05T02:39:49.920+0000][7][gc,heap     ] GC(18) Old regions: 16->20
[2026-02-05T02:39:49.920+0000][7][gc,heap     ] GC(18) Archive regions: 2->2
[2026-02-05T02:39:49.921+0000][7][gc,heap     ] GC(18) Humongous regions: 5->5
[2026-02-05T02:39:49.921+0000][7][gc,metaspace] GC(18) Metaspace: 105249K(106688K)->105249K(106688K) NonClass: 90815K(91648K)->90815K(91648K) Class: 14434K(15040K)->14434K(15040K)
[2026-02-05T02:39:49.921+0000][7][gc          ] GC(18) Pause Young (Normal) (G1 Evacuation Pause) 375M->122M(512M) 32.219ms
[2026-02-05T02:39:49.921+0000][7][gc,cpu      ] GC(18) User=0.23s Sys=0.01s Real=0.03s
[2026-02-05T02:39:49.922+0000][7][safepoint   ] Safepoint "G1CollectForAllocation", Time since last: 897178561 ns, Reaching safepoint: 464228 ns, At safepoint: 32882092 ns, Total: 33346320 ns
[2026-02-05T02:39:50.181+0000][7][safepoint   ] Safepoint "ICBufferFull", Time since last: 259239708 ns, Reaching safepoint: 301418 ns, At safepoint: 76805 ns, Total: 378223 ns
[2026-02-05T02:39:51.182+0000][7][safepoint   ] Safepoint "Cleanup", Time since last: 1000456619 ns, Reaching safepoint: 244415 ns, At safepoint: 49203 ns, Total: 293618 ns
[2026-02-05T02:39:52.183+0000][7][safepoint   ] Safepoint "Cleanup", Time since last: 1000425017 ns, Reaching safepoint: 232414 ns, At safepoint: 32102 ns, Total: 264516 ns
[2026-02-05T02:39:53.186+0000][7][safepoint   ] Safepoint "Cleanup", Time since last: 1002675153 ns, Reaching safepoint: 213213 ns, At safepoint: 6000 ns, Total: 219213 ns
[2026-02-05T02:39:54.201+0000][7][safepoint   ] Safepoint "Cleanup", Time since last: 1015141609 ns, Reaching safepoint: 259316 ns, At safepoint: 67904 ns, Total: 327220 ns
[2026-02-05T02:39:55.203+0000][7][safepoint   ] Safepoint "Cleanup", Time since last: 1001338713 ns, Reaching safepoint: 278616 ns, At safepoint: 15201 ns, Total: 293817 ns
[2026-02-05T02:39:56.203+0000][7][safepoint   ] Safepoint "Cleanup", Time since last: 1000392765 ns, Reaching safepoint: 280515 ns, At safepoint: 14201 ns, Total: 294716 ns
[2026-02-05T02:39:57.272+0000][7][safepoint   ] Safepoint "Cleanup", Time since last: 1067740159 ns, Reaching safepoint: 355520 ns, At safepoint: 54103 ns, Total: 409623 ns
[2026-02-05T02:39:57.404+0000][7][gc,start    ] GC(19) Pause Young (Normal) (G1 Evacuation Pause)
[2026-02-05T02:39:57.405+0000][7][gc,task     ] GC(19) Using 10 workers of 10 for evacuation
[2026-02-05T02:39:57.405+0000][7][gc,age      ] GC(19) Desired survivor size 18874368 bytes, new threshold 15 (max threshold 15)
[2026-02-05T02:39:57.448+0000][7][gc,age      ] GC(19) Age table with threshold 15 (max threshold 15)
[2026-02-05T02:39:57.449+0000][7][gc,age      ] GC(19) - age   1:    6311656 bytes,    6311656 total
[2026-02-05T02:39:57.449+0000][7][gc,age      ] GC(19) - age   2:    3945280 bytes,   10256936 total
[2026-02-05T02:39:57.449+0000][7][gc,age      ] GC(19) - age   3:   11505288 bytes,   21762224 total
[2026-02-05T02:39:57.449+0000][7][gc,phases   ] GC(19)   Pre Evacuate Collection Set: 0.4ms
[2026-02-05T02:39:57.450+0000][7][gc,phases   ] GC(19)   Merge Heap Roots: 1.1ms
[2026-02-05T02:39:57.450+0000][7][gc,phases   ] GC(19)   Evacuate Collection Set: 27.7ms
[2026-02-05T02:39:57.450+0000][7][gc,phases   ] GC(19)   Post Evacuate Collection Set: 5.3ms
[2026-02-05T02:39:57.451+0000][7][gc,phases   ] GC(19)   Other: 10.6ms
[2026-02-05T02:39:57.451+0000][7][gc,heap     ] GC(19) Eden regions: 65->0(65)
[2026-02-05T02:39:57.451+0000][7][gc,heap     ] GC(19) Survivor regions: 6->6(9)
[2026-02-05T02:39:57.451+0000][7][gc,heap     ] GC(19) Old regions: 20->20
[2026-02-05T02:39:57.451+0000][7][gc,heap     ] GC(19) Archive regions: 2->2
[2026-02-05T02:39:57.452+0000][7][gc,heap     ] GC(19) Humongous regions: 5->5
[2026-02-05T02:39:57.452+0000][7][gc,metaspace] GC(19) Metaspace: 108872K(110464K)->108872K(110464K) NonClass: 93911K(94848K)->93911K(94848K) Class: 14960K(15616K)->14960K(15616K)
[2026-02-05T02:39:57.452+0000][7][gc          ] GC(19) Pause Young (Normal) (G1 Evacuation Pause) 382M->124M(512M) 47.838ms
[2026-02-05T02:39:57.452+0000][7][gc,cpu      ] GC(19) User=0.21s Sys=0.02s Real=0.05s
[2026-02-05T02:39:57.453+0000][7][safepoint   ] Safepoint "G1CollectForAllocation", Time since last: 132431362 ns, Reaching safepoint: 252814 ns, At safepoint: 48494633 ns, Total: 48747447 ns
[2026-02-05T02:39:58.454+0000][7][safepoint   ] Safepoint "Cleanup", Time since last: 1001031900 ns, Reaching safepoint: 265115 ns, At safepoint: 16001 ns, Total: 281116 ns
[2026-02-05T02:39:59.455+0000][7][safepoint   ] Safepoint "Cleanup", Time since last: 1000398165 ns, Reaching safepoint: 255314 ns, At safepoint: 14301 ns, Total: 269615 ns
[2026-02-05T02:40:00.458+0000][7][safepoint   ] Safepoint "Cleanup", Time since last: 1003244126 ns, Reaching safepoint: 266315 ns, At safepoint: 7900 ns, Total: 274215 ns
[2026-02-05T02:40:01.459+0000][7][safepoint   ] Safepoint "Cleanup", Time since last: 1000554074 ns, Reaching safepoint: 272215 ns, At safepoint: 14001 ns, Total: 286216 ns
[2026-02-05T02:40:03.460+0000][7][safepoint   ] Safepoint "Cleanup", Time since last: 2000605720 ns, Reaching safepoint: 206111 ns, At safepoint: 5200 ns, Total: 211311 ns
[2026-02-05T02:40:04.461+0000][7][safepoint   ] Safepoint "Cleanup", Time since last: 1000618831 ns, Reaching safepoint: 269614 ns, At safepoint: 12501 ns, Total: 282115 ns
[2026-02-05T02:40:06.462+0000][7][safepoint   ] Safepoint "Cleanup", Time since last: 2000558326 ns, Reaching safepoint: 285315 ns, At safepoint: 19902 ns, Total: 305217 ns
[2026-02-05T02:40:07.462+0000][7][safepoint   ] Safepoint "Cleanup", Time since last: 1000503325 ns, Reaching safepoint: 186009 ns, At safepoint: 4401 ns, Total: 190410 ns
[2026-02-05T02:40:08.466+0000][7][safepoint   ] Safepoint "Cleanup", Time since last: 1003561786 ns, Reaching safepoint: 237913 ns, At safepoint: 7900 ns, Total: 245813 ns
[2026-02-05T02:40:09.414+0000][7][safepoint   ] Safepoint "ICBufferFull", Time since last: 947574731 ns, Reaching safepoint: 213411 ns, At safepoint: 61003 ns, Total: 274414 ns
[2026-02-05T02:40:10.415+0000][7][safepoint   ] Safepoint "Cleanup", Time since last: 1000431421 ns, Reaching safepoint: 274015 ns, At safepoint: 11701 ns, Total: 285716 ns
[2026-02-05T02:40:12.416+0000][7][safepoint   ] Safepoint "Cleanup", Time since last: 2000565662 ns, Reaching safepoint: 335209 ns, At safepoint: 25101 ns, Total: 360310 ns
[2026-02-05T02:40:13.416+0000][7][safepoint   ] Safepoint "Cleanup", Time since last: 1000420743 ns, Reaching safepoint: 264207 ns, At safepoint: 17101 ns, Total: 281308 ns
[2026-02-05T02:40:14.420+0000][7][safepoint   ] Safepoint "Cleanup", Time since last: 1005353485 ns, Reaching safepoint: 272908 ns, At safepoint: 10900 ns, Total: 283808 ns
[2026-02-05T02:40:15.421+0000][7][safepoint   ] Safepoint "Cleanup", Time since last: 1000465244 ns, Reaching safepoint: 217806 ns, At safepoint: 10201 ns, Total: 228007 ns
[2026-02-05T02:40:16.422+0000][7][safepoint   ] Safepoint "Cleanup", Time since last: 1000492544 ns, Reaching safepoint: 322609 ns, At safepoint: 28801 ns, Total: 351410 ns
[2026-02-05T02:40:17.424+0000][7][safepoint   ] Safepoint "Cleanup", Time since last: 1002323098 ns, Reaching safepoint: 220506 ns, At safepoint: 9501 ns, Total: 230007 ns
[2026-02-05T02:40:18.425+0000][7][safepoint   ] Safepoint "Cleanup", Time since last: 1000432442 ns, Reaching safepoint: 282509 ns, At safepoint: 14000 ns, Total: 296509 ns
[2026-02-05T02:40:20.426+0000][7][safepoint   ] Safepoint "Cleanup", Time since last: 2000767534 ns, Reaching safepoint: 287715 ns, At safepoint: 14101 ns, Total: 301816 ns
[2026-02-05T02:40:21.427+0000][7][safepoint   ] Safepoint "Cleanup", Time since last: 1000528710 ns, Reaching safepoint: 294116 ns, At safepoint: 15600 ns, Total: 309716 ns
[2026-02-05T02:40:22.428+0000][7][safepoint   ] Safepoint "Cleanup", Time since last: 1000438506 ns, Reaching safepoint: 266414 ns, At safepoint: 39702 ns, Total: 306116 ns
[2026-02-05T02:40:23.429+0000][7][safepoint   ] Safepoint "Cleanup", Time since last: 1000587913 ns, Reaching safepoint: 256114 ns, At safepoint: 10800 ns, Total: 266914 ns
[2026-02-05T02:40:24.429+0000][7][safepoint   ] Safepoint "Cleanup", Time since last: 1000520610 ns, Reaching safepoint: 308016 ns, At safepoint: 14801 ns, Total: 322817 ns
[2026-02-05T02:40:25.430+0000][7][safepoint   ] Safepoint "Cleanup", Time since last: 1000434205 ns, Reaching safepoint: 278915 ns, At safepoint: 19401 ns, Total: 298316 ns
[2026-02-05T02:40:26.431+0000][7][safepoint   ] Safepoint "Cleanup", Time since last: 1000788024 ns, Reaching safepoint: 225412 ns, At safepoint: 10500 ns, Total: 235912 ns
[2026-02-05T02:40:27.432+0000][7][safepoint   ] Safepoint "Cleanup", Time since last: 1000475056 ns, Reaching safepoint: 316917 ns, At safepoint: 17901 ns, Total: 334818 ns
[2026-02-05T02:40:28.433+0000][7][safepoint   ] Safepoint "Cleanup", Time since last: 1000494378 ns, Reaching safepoint: 180109 ns, At safepoint: 4200 ns, Total: 184309 ns
[2026-02-05T02:40:29.433+0000][7][safepoint   ] Safepoint "Cleanup", Time since last: 1000439975 ns, Reaching safepoint: 242713 ns, At safepoint: 11201 ns, Total: 253914 ns
[2026-02-05T02:40:30.434+0000][7][safepoint   ] Safepoint "Cleanup", Time since last: 1000405673 ns, Reaching safepoint: 244213 ns, At safepoint: 13101 ns, Total: 257314 ns
[2026-02-05T02:40:32.435+0000][7][safepoint   ] Safepoint "Cleanup", Time since last: 2000538232 ns, Reaching safepoint: 251213 ns, At safepoint: 11601 ns, Total: 262814 ns
[2026-02-05T02:40:33.440+0000][7][safepoint   ] Safepoint "Cleanup", Time since last: 1005335635 ns, Reaching safepoint: 183810 ns, At safepoint: 6000 ns, Total: 189810 ns
[2026-02-05T02:40:34.441+0000][7][safepoint   ] Safepoint "Cleanup", Time since last: 1000376272 ns, Reaching safepoint: 221412 ns, At safepoint: 8000 ns, Total: 229412 ns
[2026-02-05T02:40:36.442+0000][7][safepoint   ] Safepoint "Cleanup", Time since last: 2000550214 ns, Reaching safepoint: 188410 ns, At safepoint: 6300 ns, Total: 194710 ns
[2026-02-05T02:40:39.443+0000][7][safepoint   ] Safepoint "Cleanup", Time since last: 3000738199 ns, Reaching safepoint: 242413 ns, At safepoint: 5300 ns, Total: 247713 ns
[2026-02-05T02:40:42.444+0000][7][safepoint   ] Safepoint "Cleanup", Time since last: 3000683396 ns, Reaching safepoint: 268314 ns, At safepoint: 13901 ns, Total: 282215 ns
[2026-02-05T02:40:44.443+0000][7][safepoint   ] Safepoint "Cleanup", Time since last: 2000603465 ns, Reaching safepoint: 253713 ns, At safepoint: 16901 ns, Total: 270614 ns
[2026-02-05T02:40:45.444+0000][7][safepoint   ] Safepoint "Cleanup", Time since last: 1000498620 ns, Reaching safepoint: 200911 ns, At safepoint: 5800 ns, Total: 206711 ns
[2026-02-05T02:40:46.444+0000][7][safepoint   ] Safepoint "Cleanup", Time since last: 1000482320 ns, Reaching safepoint: 237612 ns, At safepoint: 10301 ns, Total: 247913 ns
[2026-02-05T02:40:47.445+0000][7][safepoint   ] Safepoint "Cleanup", Time since last: 1000385014 ns, Reaching safepoint: 236813 ns, At safepoint: 10700 ns, Total: 247513 ns
[2026-02-05T02:40:48.446+0000][7][safepoint   ] Safepoint "Cleanup", Time since last: 1000418316 ns, Reaching safepoint: 175510 ns, At safepoint: 7100 ns, Total: 182610 ns
[2026-02-05T02:40:49.447+0000][7][safepoint   ] Safepoint "Cleanup", Time since last: 1001396468 ns, Reaching safepoint: 197310 ns, At safepoint: 6800 ns, Total: 204110 ns
[2026-02-05T02:40:50.448+0000][7][safepoint   ] Safepoint "Cleanup", Time since last: 1000447118 ns, Reaching safepoint: 189310 ns, At safepoint: 6800 ns, Total: 196110 ns
[2026-02-05T02:40:51.449+0000][7][safepoint   ] Safepoint "Cleanup", Time since last: 1000487836 ns, Reaching safepoint: 208711 ns, At safepoint: 5501 ns, Total: 214212 ns
[2026-02-05T02:40:52.450+0000][7][safepoint   ] Safepoint "Cleanup", Time since last: 1001430521 ns, Reaching safepoint: 204812 ns, At safepoint: 5900 ns, Total: 210712 ns
[2026-02-05T02:40:53.451+0000][7][safepoint   ] Safepoint "Cleanup", Time since last: 1000484170 ns, Reaching safepoint: 262914 ns, At safepoint: 12401 ns, Total: 275315 ns
[2026-02-05T02:40:54.452+0000][7][safepoint   ] Safepoint "Cleanup", Time since last: 1000459869 ns, Reaching safepoint: 265514 ns, At safepoint: 8001 ns, Total: 273515 ns
[2026-02-05T02:40:55.452+0000][7][safepoint   ] Safepoint "Cleanup", Time since last: 1000458168 ns, Reaching safepoint: 253114 ns, At safepoint: 11501 ns, Total: 264615 ns
[2026-02-05T02:40:57.453+0000][7][safepoint   ] Safepoint "Cleanup", Time since last: 2000598019 ns, Reaching safepoint: 208612 ns, At safepoint: 46702 ns, Total: 255314 ns
[2026-02-05T02:40:58.454+0000][7][safepoint   ] Safepoint "Cleanup", Time since last: 1000546673 ns, Reaching safepoint: 253014 ns, At safepoint: 11401 ns, Total: 264415 ns
[2026-02-05T02:40:59.455+0000][7][safepoint   ] Safepoint "Cleanup", Time since last: 1000464912 ns, Reaching safepoint: 218612 ns, At safepoint: 8900 ns, Total: 227512 ns
[2026-02-05T02:41:00.455+0000][7][safepoint   ] Safepoint "Cleanup", Time since last: 1000494247 ns, Reaching safepoint: 177710 ns, At safepoint: 4000 ns, Total: 181710 ns
[2026-02-05T02:41:01.456+0000][7][safepoint   ] Safepoint "Cleanup", Time since last: 1000469645 ns, Reaching safepoint: 182910 ns, At safepoint: 6601 ns, Total: 189511 ns
[2026-02-05T02:41:02.457+0000][7][safepoint   ] Safepoint "Cleanup", Time since last: 1000289335 ns, Reaching safepoint: 248814 ns, At safepoint: 10900 ns, Total: 259714 ns
[2026-02-05T02:41:03.459+0000][7][safepoint   ] Safepoint "Cleanup", Time since last: 1001825921 ns, Reaching safepoint: 180410 ns, At safepoint: 4300 ns, Total: 184710 ns
[2026-02-05T02:41:04.459+0000][7][safepoint   ] Safepoint "Cleanup", Time since last: 1000500547 ns, Reaching safepoint: 222912 ns, At safepoint: 9301 ns, Total: 232213 ns
[2026-02-05T02:41:05.460+0000][7][safepoint   ] Safepoint "Cleanup", Time since last: 1000627654 ns, Reaching safepoint: 255314 ns, At safepoint: 10501 ns, Total: 265815 ns
[2026-02-05T02:41:06.467+0000][7][safepoint   ] Safepoint "Cleanup", Time since last: 1006328471 ns, Reaching safepoint: 225712 ns, At safepoint: 8501 ns, Total: 234213 ns
[2026-02-05T02:41:07.468+0000][7][safepoint   ] Safepoint "Cleanup", Time since last: 1000495866 ns, Reaching safepoint: 176909 ns, At safepoint: 5001 ns, Total: 181910 ns
[2026-02-05T02:41:08.468+0000][7][safepoint   ] Safepoint "Cleanup", Time since last: 1000500287 ns, Reaching safepoint: 262414 ns, At safepoint: 14101 ns, Total: 276515 ns
[2026-02-05T02:41:09.007+0000][7][gc,start    ] GC(20) Pause Young (Normal) (G1 Evacuation Pause)
[2026-02-05T02:41:09.007+0000][7][gc,task     ] GC(20) Using 10 workers of 10 for evacuation
[2026-02-05T02:41:09.007+0000][7][gc,age      ] GC(20) Desired survivor size 18874368 bytes, new threshold 3 (max threshold 15)
[2026-02-05T02:41:09.023+0000][7][gc,age      ] GC(20) Age table with threshold 3 (max threshold 15)
[2026-02-05T02:41:09.023+0000][7][gc,age      ] GC(20) - age   1:    2585656 bytes,    2585656 total
[2026-02-05T02:41:09.024+0000][7][gc,age      ] GC(20) - age   2:    5042400 bytes,    7628056 total
[2026-02-05T02:41:09.024+0000][7][gc,age      ] GC(20) - age   3:    3941240 bytes,   11569296 total
[2026-02-05T02:41:09.024+0000][7][gc,phases   ] GC(20)   Pre Evacuate Collection Set: 0.3ms
[2026-02-05T02:41:09.024+0000][7][gc,phases   ] GC(20)   Merge Heap Roots: 0.2ms
[2026-02-05T02:41:09.024+0000][7][gc,phases   ] GC(20)   Evacuate Collection Set: 13.0ms
[2026-02-05T02:41:09.025+0000][7][gc,phases   ] GC(20)   Post Evacuate Collection Set: 1.8ms
[2026-02-05T02:41:09.025+0000][7][gc,phases   ] GC(20)   Other: 1.8ms
[2026-02-05T02:41:09.025+0000][7][gc,heap     ] GC(20) Eden regions: 65->0(66)
[2026-02-05T02:41:09.025+0000][7][gc,heap     ] GC(20) Survivor regions: 6->4(9)
[2026-02-05T02:41:09.025+0000][7][gc,heap     ] GC(20) Old regions: 20->23
[2026-02-05T02:41:09.025+0000][7][gc,heap     ] GC(20) Archive regions: 2->2
[2026-02-05T02:41:09.026+0000][7][gc,heap     ] GC(20) Humongous regions: 5->5
[2026-02-05T02:41:09.026+0000][7][gc,metaspace] GC(20) Metaspace: 111005K(112576K)->111005K(112576K) NonClass: 95977K(96832K)->95977K(96832K) Class: 15028K(15744K)->15028K(15744K)
[2026-02-05T02:41:09.026+0000][7][gc          ] GC(20) Pause Young (Normal) (G1 Evacuation Pause) 384M->125M(512M) 19.125ms
[2026-02-05T02:41:09.026+0000][7][gc,cpu      ] GC(20) User=0.10s Sys=0.00s Real=0.01s
[2026-02-05T02:41:09.026+0000][7][safepoint   ] Safepoint "G1CollectForAllocation", Time since last: 538278646 ns, Reaching safepoint: 252213 ns, At safepoint: 19621433 ns, Total: 19873646 ns
[2026-02-05T02:41:10.027+0000][7][safepoint   ] Safepoint "Cleanup", Time since last: 1000353280 ns, Reaching safepoint: 222311 ns, At safepoint: 40203 ns, Total: 262514 ns
[2026-02-05T02:41:11.028+0000][7][safepoint   ] Safepoint "Cleanup", Time since last: 1000473185 ns, Reaching safepoint: 195411 ns, At safepoint: 5800 ns, Total: 201211 ns
[2026-02-05T02:41:12.028+0000][7][safepoint   ] Safepoint "Cleanup", Time since last: 1000484186 ns, Reaching safepoint: 206011 ns, At safepoint: 26402 ns, Total: 232413 ns
[2026-02-05T02:41:13.029+0000][7][safepoint   ] Safepoint "Cleanup", Time since last: 1000409282 ns, Reaching safepoint: 202611 ns, At safepoint: 7400 ns, Total: 210011 ns
[2026-02-05T02:41:14.030+0000][7][safepoint   ] Safepoint "Cleanup", Time since last: 1000489487 ns, Reaching safepoint: 195610 ns, At safepoint: 5400 ns, Total: 201010 ns
[2026-02-05T02:41:15.029+0000][7][safepoint   ] Safepoint "Cleanup", Time since last: 1000452844 ns, Reaching safepoint: 250807 ns, At safepoint: 31201 ns, Total: 282008 ns
[2026-02-05T02:41:16.030+0000][7][safepoint   ] Safepoint "Cleanup", Time since last: 1000446205 ns, Reaching safepoint: 398512 ns, At safepoint: 8000 ns, Total: 406512 ns
[2026-02-05T02:41:17.031+0000][7][safepoint   ] Safepoint "Cleanup", Time since last: 1000539308 ns, Reaching safepoint: 174505 ns, At safepoint: 5500 ns, Total: 180005 ns
[2026-02-05T02:41:18.031+0000][7][safepoint   ] Safepoint "Cleanup", Time since last: 1000396903 ns, Reaching safepoint: 208307 ns, At safepoint: 12100 ns, Total: 220407 ns
[2026-02-05T02:41:19.032+0000][7][safepoint   ] Safepoint "Cleanup", Time since last: 1000372002 ns, Reaching safepoint: 224707 ns, At safepoint: 10901 ns, Total: 235608 ns
[2026-02-05T02:41:21.033+0000][7][safepoint   ] Safepoint "Cleanup", Time since last: 2000538298 ns, Reaching safepoint: 275708 ns, At safepoint: 16201 ns, Total: 291909 ns
[2026-02-05T02:41:22.033+0000][7][safepoint   ] Safepoint "Cleanup", Time since last: 1000363202 ns, Reaching safepoint: 259408 ns, At safepoint: 58802 ns, Total: 318210 ns
[2026-02-05T02:41:23.034+0000][7][safepoint   ] Safepoint "Cleanup", Time since last: 1000971277 ns, Reaching safepoint: 210913 ns, At safepoint: 8901 ns, Total: 219814 ns
[2026-02-05T02:41:24.035+0000][7][safepoint   ] Safepoint "Cleanup", Time since last: 1000394575 ns, Reaching safepoint: 281017 ns, At safepoint: 15301 ns, Total: 296318 ns
[2026-02-05T02:41:25.036+0000][7][safepoint   ] Safepoint "Cleanup", Time since last: 1000408276 ns, Reaching safepoint: 177811 ns, At safepoint: 6201 ns, Total: 184012 ns
[2026-02-05T02:41:27.037+0000][7][safepoint   ] Safepoint "Cleanup", Time since last: 2000466730 ns, Reaching safepoint: 254516 ns, At safepoint: 12201 ns, Total: 266717 ns
[2026-02-05T02:41:28.037+0000][7][safepoint   ] Safepoint "Cleanup", Time since last: 1000411776 ns, Reaching safepoint: 204213 ns, At safepoint: 6500 ns, Total: 210713 ns
[2026-02-05T02:41:29.039+0000][7][safepoint   ] Safepoint "Cleanup", Time since last: 1000383175 ns, Reaching safepoint: 1173671 ns, At safepoint: 39503 ns, Total: 1213174 ns
[2026-02-05T02:41:30.042+0000][7][safepoint   ] Safepoint "Cleanup", Time since last: 1002805023 ns, Reaching safepoint: 219913 ns, At safepoint: 8101 ns, Total: 228014 ns
[2026-02-05T02:41:32.043+0000][7][safepoint   ] Safepoint "Cleanup", Time since last: 2000688889 ns, Reaching safepoint: 242613 ns, At safepoint: 11901 ns, Total: 254514 ns
[2026-02-05T02:41:33.043+0000][7][safepoint   ] Safepoint "Cleanup", Time since last: 1000508887 ns, Reaching safepoint: 238812 ns, At safepoint: 43103 ns, Total: 281915 ns
[2026-02-05T02:41:34.044+0000][7][safepoint   ] Safepoint "Cleanup", Time since last: 1000450883 ns, Reaching safepoint: 242913 ns, At safepoint: 10101 ns, Total: 253014 ns
[2026-02-05T02:41:35.045+0000][7][safepoint   ] Safepoint "Cleanup", Time since last: 1000470585 ns, Reaching safepoint: 232112 ns, At safepoint: 5801 ns, Total: 237913 ns
[2026-02-05T02:41:36.046+0000][7][safepoint   ] Safepoint "Cleanup", Time since last: 1000424382 ns, Reaching safepoint: 235113 ns, At safepoint: 9100 ns, Total: 244213 ns
[2026-02-05T02:41:37.046+0000][7][safepoint   ] Safepoint "Cleanup", Time since last: 1000495386 ns, Reaching safepoint: 187110 ns, At safepoint: 8401 ns, Total: 195511 ns
[2026-02-05T02:41:39.047+0000][7][safepoint   ] Safepoint "Cleanup", Time since last: 2000547720 ns, Reaching safepoint: 314014 ns, At safepoint: 13700 ns, Total: 327714 ns
[2026-02-05T02:41:40.058+0000][7][safepoint   ] Safepoint "Cleanup", Time since last: 1010150450 ns, Reaching safepoint: 202508 ns, At safepoint: 12801 ns, Total: 215309 ns
[2026-02-05T02:41:41.058+0000][7][safepoint   ] Safepoint "Cleanup", Time since last: 1000472835 ns, Reaching safepoint: 254211 ns, At safepoint: 12400 ns, Total: 266611 ns
[2026-02-05T02:41:42.059+0000][7][safepoint   ] Safepoint "Cleanup", Time since last: 1000412933 ns, Reaching safepoint: 176407 ns, At safepoint: 14401 ns, Total: 190808 ns
[2026-02-05T02:41:43.059+0000][7][safepoint   ] Safepoint "Cleanup", Time since last: 1000376231 ns, Reaching safepoint: 198108 ns, At safepoint: 7901 ns, Total: 206009 ns
[2026-02-05T02:41:44.060+0000][7][safepoint   ] Safepoint "Cleanup", Time since last: 1000463534 ns, Reaching safepoint: 226410 ns, At safepoint: 9500 ns, Total: 235910 ns
[2026-02-05T02:41:45.075+0000][7][safepoint   ] Safepoint "Cleanup", Time since last: 1002662028 ns, Reaching safepoint: 13417475 ns, At safepoint: 158507 ns, Total: 13575982 ns
[2026-02-05T02:41:46.080+0000][7][safepoint   ] Safepoint "Cleanup", Time since last: 1004880623 ns, Reaching safepoint: 254511 ns, At safepoint: 9001 ns, Total: 263512 ns
[2026-02-05T02:41:47.080+0000][7][safepoint   ] Safepoint "Cleanup", Time since last: 1000439805 ns, Reaching safepoint: 240712 ns, At safepoint: 10301 ns, Total: 251013 ns
[2026-02-05T02:41:48.081+0000][7][safepoint   ] Safepoint "Cleanup", Time since last: 1000406665 ns, Reaching safepoint: 233412 ns, At safepoint: 9300 ns, Total: 242712 ns
[2026-02-05T02:41:49.082+0000][7][safepoint   ] Safepoint "Cleanup", Time since last: 1000415066 ns, Reaching safepoint: 241112 ns, At safepoint: 12101 ns, Total: 253213 ns
[2026-02-05T02:41:51.083+0000][7][safepoint   ] Safepoint "Cleanup", Time since last: 2000551116 ns, Reaching safepoint: 199710 ns, At safepoint: 21201 ns, Total: 220911 ns
[2026-02-05T02:41:52.083+0000][7][safepoint   ] Safepoint "Cleanup", Time since last: 1000353163 ns, Reaching safepoint: 246412 ns, At safepoint: 11501 ns, Total: 257913 ns
[2026-02-05T02:41:54.088+0000][7][safepoint   ] Safepoint "Cleanup", Time since last: 2004393515 ns, Reaching safepoint: 261014 ns, At safepoint: 8800 ns, Total: 269814 ns
[2026-02-05T02:41:57.089+0000][7][safepoint   ] Safepoint "Cleanup", Time since last: 3000612374 ns, Reaching safepoint: 383820 ns, At safepoint: 48403 ns, Total: 432223 ns
[2026-02-05T02:41:58.090+0000][7][safepoint   ] Safepoint "Cleanup", Time since last: 1000486890 ns, Reaching safepoint: 203810 ns, At safepoint: 5600 ns, Total: 209410 ns
[2026-02-05T02:41:59.092+0000][7][safepoint   ] Safepoint "Cleanup", Time since last: 1001740756 ns, Reaching safepoint: 239712 ns, At safepoint: 12101 ns, Total: 251813 ns
[2026-02-05T02:42:00.092+0000][7][safepoint   ] Safepoint "Cleanup", Time since last: 1000433587 ns, Reaching safepoint: 331117 ns, At safepoint: 16001 ns, Total: 347118 ns
[2026-02-05T02:42:00.667+0000][7][gc,start    ] GC(21) Pause Young (Normal) (G1 Evacuation Pause)
[2026-02-05T02:42:00.667+0000][7][gc,task     ] GC(21) Using 10 workers of 10 for evacuation
[2026-02-05T02:42:00.667+0000][7][gc,age      ] GC(21) Desired survivor size 18874368 bytes, new threshold 15 (max threshold 15)
[2026-02-05T02:42:00.674+0000][7][gc,age      ] GC(21) Age table with threshold 15 (max threshold 15)
[2026-02-05T02:42:00.675+0000][7][gc,age      ] GC(21) - age   1:    1303024 bytes,    1303024 total
[2026-02-05T02:42:00.675+0000][7][gc,age      ] GC(21) - age   2:     708272 bytes,    2011296 total
[2026-02-05T02:42:00.675+0000][7][gc,age      ] GC(21) - age   3:    5039912 bytes,    7051208 total
[2026-02-05T02:42:00.676+0000][7][gc,age      ] GC(21) - age   4:    3940952 bytes,   10992160 total
[2026-02-05T02:42:00.676+0000][7][gc,phases   ] GC(21)   Pre Evacuate Collection Set: 0.3ms
[2026-02-05T02:42:00.677+0000][7][gc,phases   ] GC(21)   Merge Heap Roots: 0.2ms
[2026-02-05T02:42:00.677+0000][7][gc,phases   ] GC(21)   Evacuate Collection Set: 5.1ms
[2026-02-05T02:42:00.677+0000][7][gc,phases   ] GC(21)   Post Evacuate Collection Set: 1.4ms
[2026-02-05T02:42:00.677+0000][7][gc,phases   ] GC(21)   Other: 2.6ms
[2026-02-05T02:42:00.678+0000][7][gc,heap     ] GC(21) Eden regions: 66->0(68)
[2026-02-05T02:42:00.678+0000][7][gc,heap     ] GC(21) Survivor regions: 4->3(9)
[2026-02-05T02:42:00.678+0000][7][gc,heap     ] GC(21) Old regions: 23->23
[2026-02-05T02:42:00.678+0000][7][gc,heap     ] GC(21) Archive regions: 2->2
[2026-02-05T02:42:00.678+0000][7][gc,heap     ] GC(21) Humongous regions: 5->5
[2026-02-05T02:42:00.679+0000][7][gc,metaspace] GC(21) Metaspace: 111841K(113472K)->111841K(113472K) NonClass: 96810K(97728K)->96810K(97728K) Class: 15030K(15744K)->15030K(15744K)
[2026-02-05T02:42:00.679+0000][7][gc          ] GC(21) Pause Young (Normal) (G1 Evacuation Pause) 389M->125M(512M) 12.166ms
[2026-02-05T02:42:00.679+0000][7][gc,cpu      ] GC(21) User=0.03s Sys=0.00s Real=0.01s
[2026-02-05T02:42:00.679+0000][7][safepoint   ] Safepoint "G1CollectForAllocation", Time since last: 573985856 ns, Reaching safepoint: 247313 ns, At safepoint: 12656263 ns, Total: 12903576 ns
[2026-02-05T02:42:01.680+0000][7][safepoint   ] Safepoint "Cleanup", Time since last: 1000320081 ns, Reaching safepoint: 220711 ns, At safepoint: 12301 ns, Total: 233012 ns
[2026-02-05T02:42:03.681+0000][7][safepoint   ] Safepoint "Cleanup", Time since last: 2000507717 ns, Reaching safepoint: 261214 ns, At safepoint: 27601 ns, Total: 288815 ns
[2026-02-05T02:42:04.681+0000][7][safepoint   ] Safepoint "Cleanup", Time since last: 1000336251 ns, Reaching safepoint: 226012 ns, At safepoint: 10900 ns, Total: 236912 ns
[2026-02-05T02:42:05.682+0000][7][safepoint   ] Safepoint "Cleanup", Time since last: 1000448557 ns, Reaching safepoint: 200910 ns, At safepoint: 7101 ns, Total: 208011 ns
[2026-02-05T02:42:06.683+0000][7][safepoint   ] Safepoint "Cleanup", Time since last: 1000482658 ns, Reaching safepoint: 211611 ns, At safepoint: 13601 ns, Total: 225212 ns
[2026-02-05T02:42:09.684+0000][7][safepoint   ] Safepoint "Cleanup", Time since last: 3001357370 ns, Reaching safepoint: 191610 ns, At safepoint: 5200 ns, Total: 196810 ns
[2026-02-05T02:42:10.685+0000][7][safepoint   ] Safepoint "Cleanup", Time since last: 1000490259 ns, Reaching safepoint: 198410 ns, At safepoint: 6700 ns, Total: 205110 ns
[2026-02-05T02:42:11.685+0000][7][safepoint   ] Safepoint "Cleanup", Time since last: 1000492073 ns, Reaching safepoint: 188910 ns, At safepoint: 6400 ns, Total: 195310 ns
[2026-02-05T02:42:12.686+0000][7][safepoint   ] Safepoint "Cleanup", Time since last: 1000507832 ns, Reaching safepoint: 316716 ns, At safepoint: 17801 ns, Total: 334517 ns
[2026-02-05T02:42:13.687+0000][7][safepoint   ] Safepoint "Cleanup", Time since last: 1000379125 ns, Reaching safepoint: 169409 ns, At safepoint: 4400 ns, Total: 173809 ns
[2026-02-05T02:42:14.685+0000][7][safepoint   ] Safepoint "Cleanup", Time since last: 1000409826 ns, Reaching safepoint: 216511 ns, At safepoint: 7001 ns, Total: 223512 ns
[2026-02-05T02:42:15.686+0000][7][safepoint   ] Safepoint "Cleanup", Time since last: 1000592336 ns, Reaching safepoint: 313616 ns, At safepoint: 9201 ns, Total: 322817 ns
[2026-02-05T02:42:17.633+0000][7][safepoint   ] Safepoint "Cleanup", Time since last: 1946529529 ns, Reaching safepoint: 203411 ns, At safepoint: 7900 ns, Total: 211311 ns
[2026-02-05T02:42:18.634+0000][7][safepoint   ] Safepoint "Cleanup", Time since last: 1000427528 ns, Reaching safepoint: 209511 ns, At safepoint: 7900 ns, Total: 217411 ns
[2026-02-05T02:42:19.634+0000][7][safepoint   ] Safepoint "Cleanup", Time since last: 1000464804 ns, Reaching safepoint: 254013 ns, At safepoint: 11000 ns, Total: 265013 ns
[2026-02-05T02:42:20.635+0000][7][safepoint   ] Safepoint "Cleanup", Time since last: 1000404715 ns, Reaching safepoint: 190110 ns, At safepoint: 6000 ns, Total: 196110 ns
[2026-02-05T02:42:21.636+0000][7][safepoint   ] Safepoint "Cleanup", Time since last: 1000395614 ns, Reaching safepoint: 257413 ns, At safepoint: 12101 ns, Total: 269514 ns
[2026-02-05T02:42:22.636+0000][7][safepoint   ] Safepoint "Cleanup", Time since last: 1000448716 ns, Reaching safepoint: 183710 ns, At safepoint: 5400 ns, Total: 189110 ns
[2026-02-05T02:42:24.637+0000][7][safepoint   ] Safepoint "Cleanup", Time since last: 2000538214 ns, Reaching safepoint: 401021 ns, At safepoint: 14301 ns, Total: 415322 ns
[2026-02-05T02:42:26.638+0000][7][safepoint   ] Safepoint "Cleanup", Time since last: 2000597017 ns, Reaching safepoint: 264614 ns, At safepoint: 6700 ns, Total: 271314 ns
[2026-02-05T02:42:27.639+0000][7][safepoint   ] Safepoint "Cleanup", Time since last: 1000487682 ns, Reaching safepoint: 241413 ns, At safepoint: 14800 ns, Total: 256213 ns
[2026-02-05T02:42:28.640+0000][7][safepoint   ] Safepoint "Cleanup", Time since last: 1000617941 ns, Reaching safepoint: 217611 ns, At safepoint: 5701 ns, Total: 223312 ns
[2026-02-05T02:42:29.640+0000][7][safepoint   ] Safepoint "Cleanup", Time since last: 1000507534 ns, Reaching safepoint: 189810 ns, At safepoint: 6501 ns, Total: 196311 ns
[2026-02-05T02:42:30.641+0000][7][safepoint   ] Safepoint "Cleanup", Time since last: 1000496234 ns, Reaching safepoint: 334117 ns, At safepoint: 24001 ns, Total: 358118 ns
[2026-02-05T02:42:31.063+0000][7][safepoint   ] Safepoint "ICBufferFull", Time since last: 421916712 ns, Reaching safepoint: 251413 ns, At safepoint: 12301 ns, Total: 263714 ns
[2026-02-05T02:42:32.064+0000][7][safepoint   ] Safepoint "Cleanup", Time since last: 1000336826 ns, Reaching safepoint: 185010 ns, At safepoint: 4900 ns, Total: 189910 ns
[2026-02-05T02:42:33.065+0000][7][safepoint   ] Safepoint "Cleanup", Time since last: 1000436131 ns, Reaching safepoint: 340218 ns, At safepoint: 37802 ns, Total: 378020 ns
[2026-02-05T02:42:34.065+0000][7][safepoint   ] Safepoint "Cleanup", Time since last: 1000413529 ns, Reaching safepoint: 202311 ns, At safepoint: 8900 ns, Total: 211211 ns
[2026-02-05T02:42:35.066+0000][7][safepoint   ] Safepoint "Cleanup", Time since last: 1000414658 ns, Reaching safepoint: 201110 ns, At safepoint: 5701 ns, Total: 206811 ns
[2026-02-05T02:42:36.067+0000][7][safepoint   ] Safepoint "Cleanup", Time since last: 1000493843 ns, Reaching safepoint: 184009 ns, At safepoint: 4400 ns, Total: 188409 ns
[2026-02-05T02:42:37.067+0000][7][safepoint   ] Safepoint "Cleanup", Time since last: 1000433940 ns, Reaching safepoint: 216612 ns, At safepoint: 6100 ns, Total: 222712 ns
[2026-02-05T02:42:39.068+0000][7][safepoint   ] Safepoint "Cleanup", Time since last: 2000888281 ns, Reaching safepoint: 181309 ns, At safepoint: 4800 ns, Total: 186109 ns
[2026-02-05T02:42:40.069+0000][7][safepoint   ] Safepoint "Cleanup", Time since last: 1000383038 ns, Reaching safepoint: 199310 ns, At safepoint: 5400 ns, Total: 204710 ns
[2026-02-05T02:42:42.070+0000][7][safepoint   ] Safepoint "Cleanup", Time since last: 2000789376 ns, Reaching safepoint: 185010 ns, At safepoint: 4100 ns, Total: 189110 ns
[2026-02-05T02:42:43.071+0000][7][safepoint   ] Safepoint "Cleanup", Time since last: 1000454713 ns, Reaching safepoint: 177309 ns, At safepoint: 4101 ns, Total: 181410 ns
[2026-02-05T02:42:44.071+0000][7][safepoint   ] Safepoint "Cleanup", Time since last: 1000305220 ns, Reaching safepoint: 176209 ns, At safepoint: 4700 ns, Total: 180909 ns
[2026-02-05T02:42:45.071+0000][7][safepoint   ] Safepoint "Cleanup", Time since last: 1000462528 ns, Reaching safepoint: 176809 ns, At safepoint: 5001 ns, Total: 181810 ns
[2026-02-05T02:42:46.071+0000][7][safepoint   ] Safepoint "Cleanup", Time since last: 1000258817 ns, Reaching safepoint: 256814 ns, At safepoint: 16800 ns, Total: 273614 ns
[2026-02-05T02:42:47.072+0000][7][safepoint   ] Safepoint "Cleanup", Time since last: 1000454728 ns, Reaching safepoint: 331418 ns, At safepoint: 24901 ns, Total: 356319 ns
[2026-02-05T02:42:48.073+0000][7][safepoint   ] Safepoint "Cleanup", Time since last: 1000506230 ns, Reaching safepoint: 192811 ns, At safepoint: 5500 ns, Total: 198311 ns
[2026-02-05T02:42:49.073+0000][7][safepoint   ] Safepoint "Cleanup", Time since last: 1000463828 ns, Reaching safepoint: 195110 ns, At safepoint: 4901 ns, Total: 200011 ns
[2026-02-05T02:42:50.074+0000][7][safepoint   ] Safepoint "Cleanup", Time since last: 1000501930 ns, Reaching safepoint: 207811 ns, At safepoint: 4400 ns, Total: 212211 ns
[2026-02-05T02:42:50.371+0000][7][gc,start    ] GC(22) Pause Young (Normal) (G1 Evacuation Pause)
[2026-02-05T02:42:50.371+0000][7][gc,task     ] GC(22) Using 10 workers of 10 for evacuation
[2026-02-05T02:42:50.372+0000][7][gc,age      ] GC(22) Desired survivor size 18874368 bytes, new threshold 15 (max threshold 15)
[2026-02-05T02:42:50.379+0000][7][gc,age      ] GC(22) Age table with threshold 15 (max threshold 15)
[2026-02-05T02:42:50.379+0000][7][gc,age      ] GC(22) - age   1:    3527840 bytes,    3527840 total
[2026-02-05T02:42:50.379+0000][7][gc,age      ] GC(22) - age   2:     113744 bytes,    3641584 total
[2026-02-05T02:42:50.380+0000][7][gc,age      ] GC(22) - age   3:     706816 bytes,    4348400 total
[2026-02-05T02:42:50.380+0000][7][gc,age      ] GC(22) - age   4:    4986864 bytes,    9335264 total
[2026-02-05T02:42:50.380+0000][7][gc,age      ] GC(22) - age   5:    3924992 bytes,   13260256 total
[2026-02-05T02:42:50.381+0000][7][gc,phases   ] GC(22)   Pre Evacuate Collection Set: 0.2ms
[2026-02-05T02:42:50.381+0000][7][gc,phases   ] GC(22)   Merge Heap Roots: 0.2ms
[2026-02-05T02:42:50.381+0000][7][gc,phases   ] GC(22)   Evacuate Collection Set: 4.9ms
[2026-02-05T02:42:50.381+0000][7][gc,phases   ] GC(22)   Post Evacuate Collection Set: 1.4ms
[2026-02-05T02:42:50.381+0000][7][gc,phases   ] GC(22)   Other: 2.6ms
[2026-02-05T02:42:50.382+0000][7][gc,heap     ] GC(22) Eden regions: 68->0(68)
[2026-02-05T02:42:50.382+0000][7][gc,heap     ] GC(22) Survivor regions: 3->4(9)
[2026-02-05T02:42:50.382+0000][7][gc,heap     ] GC(22) Old regions: 23->23
[2026-02-05T02:42:50.382+0000][7][gc,heap     ] GC(22) Archive regions: 2->2
[2026-02-05T02:42:50.382+0000][7][gc,heap     ] GC(22) Humongous regions: 5->5
[2026-02-05T02:42:50.383+0000][7][gc,metaspace] GC(22) Metaspace: 113071K(114688K)->113071K(114688K) NonClass: 97928K(98816K)->97928K(98816K) Class: 15143K(15872K)->15143K(15872K)
[2026-02-05T02:42:50.383+0000][7][gc          ] GC(22) Pause Young (Normal) (G1 Evacuation Pause) 397M->127M(512M) 11.471ms
[2026-02-05T02:42:50.383+0000][7][gc,cpu      ] GC(22) User=0.05s Sys=0.00s Real=0.02s
[2026-02-05T02:42:50.383+0000][7][safepoint   ] Safepoint "G1CollectForAllocation", Time since last: 296871357 ns, Reaching safepoint: 251813 ns, At safepoint: 11977128 ns, Total: 12228941 ns
[2026-02-05T02:42:51.355+0000][7][safepoint   ] Safepoint "ICBufferFull", Time since last: 971287634 ns, Reaching safepoint: 282715 ns, At safepoint: 38702 ns, Total: 321417 ns
[2026-02-05T02:42:52.355+0000][7][safepoint   ] Safepoint "Cleanup", Time since last: 1000416780 ns, Reaching safepoint: 164909 ns, At safepoint: 18401 ns, Total: 183310 ns
[2026-02-05T02:42:53.726+0000][7][safepoint   ] Safepoint "Cleanup", Time since last: 1370006816 ns, Reaching safepoint: 453824 ns, At safepoint: 18801 ns, Total: 472625 ns
[2026-02-05T02:42:54.727+0000][7][safepoint   ] Safepoint "Cleanup", Time since last: 1000634692 ns, Reaching safepoint: 351119 ns, At safepoint: 12800 ns, Total: 363919 ns
[2026-02-05T02:42:56.728+0000][7][safepoint   ] Safepoint "Cleanup", Time since last: 2000550446 ns, Reaching safepoint: 199211 ns, At safepoint: 4900 ns, Total: 204111 ns
[2026-02-05T02:42:57.728+0000][7][safepoint   ] Safepoint "Cleanup", Time since last: 1000511085 ns, Reaching safepoint: 220512 ns, At safepoint: 8600 ns, Total: 229112 ns
[2026-02-05T02:42:59.729+0000][7][safepoint   ] Safepoint "Cleanup", Time since last: 2000672607 ns, Reaching safepoint: 258514 ns, At safepoint: 13000 ns, Total: 271514 ns
[2026-02-05T02:43:00.730+0000][7][safepoint   ] Safepoint "Cleanup", Time since last: 1000497444 ns, Reaching safepoint: 192511 ns, At safepoint: 5500 ns, Total: 198011 ns
[2026-02-05T02:43:01.731+0000][7][safepoint   ] Safepoint "Cleanup", Time since last: 1000502244 ns, Reaching safepoint: 284315 ns, At safepoint: 15901 ns, Total: 300216 ns
[2026-02-05T02:43:03.732+0000][7][safepoint   ] Safepoint "Cleanup", Time since last: 2000614168 ns, Reaching safepoint: 212411 ns, At safepoint: 4801 ns, Total: 217212 ns
[2026-02-05T02:43:04.733+0000][7][safepoint   ] Safepoint "Cleanup", Time since last: 1000502844 ns, Reaching safepoint: 345018 ns, At safepoint: 7001 ns, Total: 352019 ns
[2026-02-05T02:43:06.734+0000][7][safepoint   ] Safepoint "Cleanup", Time since last: 2000810178 ns, Reaching safepoint: 330118 ns, At safepoint: 20201 ns, Total: 350319 ns
[2026-02-05T02:43:09.735+0000][7][safepoint   ] Safepoint "Cleanup", Time since last: 3000661891 ns, Reaching safepoint: 184910 ns, At safepoint: 4600 ns, Total: 189510 ns
[2026-02-05T02:43:11.736+0000][7][safepoint   ] Safepoint "Cleanup", Time since last: 2000790337 ns, Reaching safepoint: 684136 ns, At safepoint: 17601 ns, Total: 701737 ns
[2026-02-05T02:43:12.737+0000][7][safepoint   ] Safepoint "Cleanup", Time since last: 1001082305 ns, Reaching safepoint: 374520 ns, At safepoint: 9700 ns, Total: 384220 ns
[2026-02-05T02:43:13.739+0000][7][safepoint   ] Safepoint "Cleanup", Time since last: 1001090206 ns, Reaching safepoint: 869045 ns, At safepoint: 22302 ns, Total: 891347 ns
[2026-02-05T02:43:14.739+0000][7][safepoint   ] Safepoint "Cleanup", Time since last: 1001221211 ns, Reaching safepoint: 177809 ns, At safepoint: 5001 ns, Total: 182810 ns
[2026-02-05T02:43:15.028+0000][7][gc,start    ] GC(23) Pause Young (Normal) (G1 Evacuation Pause)
[2026-02-05T02:43:15.028+0000][7][gc,task     ] GC(23) Using 10 workers of 10 for evacuation
[2026-02-05T02:43:15.029+0000][7][gc,age      ] GC(23) Desired survivor size 18874368 bytes, new threshold 15 (max threshold 15)
[2026-02-05T02:43:15.034+0000][7][gc,age      ] GC(23) Age table with threshold 15 (max threshold 15)
[2026-02-05T02:43:15.034+0000][7][gc,age      ] GC(23) - age   1:    2564736 bytes,    2564736 total
[2026-02-05T02:43:15.035+0000][7][gc,age      ] GC(23) - age   2:    1327416 bytes,    3892152 total
[2026-02-05T02:43:15.035+0000][7][gc,age      ] GC(23) - age   3:     103912 bytes,    3996064 total
[2026-02-05T02:43:15.035+0000][7][gc,age      ] GC(23) - age   4:     706472 bytes,    4702536 total
[2026-02-05T02:43:15.036+0000][7][gc,age      ] GC(23) - age   5:    4986344 bytes,    9688880 total
[2026-02-05T02:43:15.036+0000][7][gc,age      ] GC(23) - age   6:    3924992 bytes,   13613872 total
[2026-02-05T02:43:15.036+0000][7][gc,phases   ] GC(23)   Pre Evacuate Collection Set: 0.3ms
[2026-02-05T02:43:15.036+0000][7][gc,phases   ] GC(23)   Merge Heap Roots: 0.2ms
[2026-02-05T02:43:15.037+0000][7][gc,phases   ] GC(23)   Evacuate Collection Set: 3.7ms
[2026-02-05T02:43:15.037+0000][7][gc,phases   ] GC(23)   Post Evacuate Collection Set: 1.1ms
[2026-02-05T02:43:15.037+0000][7][gc,phases   ] GC(23)   Other: 2.9ms
[2026-02-05T02:43:15.037+0000][7][gc,heap     ] GC(23) Eden regions: 68->0(69)
[2026-02-05T02:43:15.037+0000][7][gc,heap     ] GC(23) Survivor regions: 4->4(9)
[2026-02-05T02:43:15.038+0000][7][gc,heap     ] GC(23) Old regions: 23->23
[2026-02-05T02:43:15.038+0000][7][gc,heap     ] GC(23) Archive regions: 2->2
[2026-02-05T02:43:15.038+0000][7][gc,heap     ] GC(23) Humongous regions: 5->5
[2026-02-05T02:43:15.038+0000][7][gc,metaspace] GC(23) Metaspace: 113460K(115072K)->113460K(115072K) NonClass: 98315K(99200K)->98315K(99200K) Class: 15145K(15872K)->15145K(15872K)
[2026-02-05T02:43:15.038+0000][7][gc          ] GC(23) Pause Young (Normal) (G1 Evacuation Pause) 399M->127M(512M) 10.331ms
[2026-02-05T02:43:15.039+0000][7][gc,cpu      ] GC(23) User=0.03s Sys=0.00s Real=0.02s
[2026-02-05T02:43:15.039+0000][7][safepoint   ] Safepoint "G1CollectForAllocation", Time since last: 288505004 ns, Reaching safepoint: 173609 ns, At safepoint: 11284978 ns, Total: 11458587 ns
[2026-02-05T02:43:16.040+0000][7][safepoint   ] Safepoint "Cleanup", Time since last: 1000368168 ns, Reaching safepoint: 207011 ns, At safepoint: 5900 ns, Total: 212911 ns
[2026-02-05T02:43:17.041+0000][7][safepoint   ] Safepoint "Cleanup", Time since last: 1000837992 ns, Reaching safepoint: 231312 ns, At safepoint: 5901 ns, Total: 237213 ns
[2026-02-05T02:43:18.042+0000][7][safepoint   ] Safepoint "Cleanup", Time since last: 1000773789 ns, Reaching safepoint: 294915 ns, At safepoint: 15001 ns, Total: 309916 ns
[2026-02-05T02:43:19.043+0000][7][safepoint   ] Safepoint "Cleanup", Time since last: 1000482074 ns, Reaching safepoint: 225211 ns, At safepoint: 13201 ns, Total: 238412 ns
[2026-02-05T02:43:20.546+0000][7][safepoint   ] Safepoint "Cleanup", Time since last: 1502560205 ns, Reaching safepoint: 314816 ns, At safepoint: 21001 ns, Total: 335817 ns
[2026-02-05T02:43:21.547+0000][7][safepoint   ] Safepoint "Cleanup", Time since last: 1000729887 ns, Reaching safepoint: 551728 ns, At safepoint: 25302 ns, Total: 577030 ns
[2026-02-05T02:43:22.549+0000][7][safepoint   ] Safepoint "Cleanup", Time since last: 1001133807 ns, Reaching safepoint: 460724 ns, At safepoint: 29801 ns, Total: 490525 ns
[2026-02-05T02:43:23.550+0000][7][safepoint   ] Safepoint "Cleanup", Time since last: 1000691315 ns, Reaching safepoint: 388721 ns, At safepoint: 13900 ns, Total: 402621 ns
[2026-02-05T02:43:24.551+0000][7][safepoint   ] Safepoint "Cleanup", Time since last: 1000805208 ns, Reaching safepoint: 187710 ns, At safepoint: 6201 ns, Total: 193911 ns
[2026-02-05T02:43:26.551+0000][7][safepoint   ] Safepoint "Cleanup", Time since last: 2000554059 ns, Reaching safepoint: 192810 ns, At safepoint: 4701 ns, Total: 197511 ns
[2026-02-05T02:43:27.552+0000][7][safepoint   ] Safepoint "Cleanup", Time since last: 1000488491 ns, Reaching safepoint: 260113 ns, At safepoint: 14301 ns, Total: 274414 ns
[2026-02-05T02:43:28.553+0000][7][safepoint   ] Safepoint "Cleanup", Time since last: 1000424888 ns, Reaching safepoint: 240913 ns, At safepoint: 9800 ns, Total: 250713 ns
[2026-02-05T02:43:29.554+0000][7][safepoint   ] Safepoint "Cleanup", Time since last: 1000727704 ns, Reaching safepoint: 287715 ns, At safepoint: 16701 ns, Total: 304416 ns
[2026-02-05T02:43:30.555+0000][7][safepoint   ] Safepoint "Cleanup", Time since last: 1000593197 ns, Reaching safepoint: 238012 ns, At safepoint: 17501 ns, Total: 255513 ns
[2026-02-05T02:43:31.556+0000][7][safepoint   ] Safepoint "Cleanup", Time since last: 1000674332 ns, Reaching safepoint: 226013 ns, At safepoint: 12800 ns, Total: 238813 ns
[2026-02-05T02:43:33.557+0000][7][safepoint   ] Safepoint "Cleanup", Time since last: 2000709975 ns, Reaching safepoint: 167509 ns, At safepoint: 18401 ns, Total: 185910 ns
[2026-02-05T02:43:34.557+0000][7][safepoint   ] Safepoint "Cleanup", Time since last: 1000298934 ns, Reaching safepoint: 258114 ns, At safepoint: 13501 ns, Total: 271615 ns
[2026-02-05T02:43:36.558+0000][7][safepoint   ] Safepoint "Cleanup", Time since last: 2000628570 ns, Reaching safepoint: 209211 ns, At safepoint: 8901 ns, Total: 218112 ns
[2026-02-05T02:43:39.559+0000][7][safepoint   ] Safepoint "Cleanup", Time since last: 3000766553 ns, Reaching safepoint: 252913 ns, At safepoint: 25001 ns, Total: 277914 ns
[2026-02-05T02:43:40.560+0000][7][safepoint   ] Safepoint "Cleanup", Time since last: 1000441798 ns, Reaching safepoint: 228812 ns, At safepoint: 14300 ns, Total: 243112 ns
[2026-02-05T02:43:41.560+0000][7][safepoint   ] Safepoint "Cleanup", Time since last: 1000389396 ns, Reaching safepoint: 237212 ns, At safepoint: 29901 ns, Total: 267113 ns
[2026-02-05T02:43:42.562+0000][7][safepoint   ] Safepoint "Cleanup", Time since last: 1001200837 ns, Reaching safepoint: 252813 ns, At safepoint: 8000 ns, Total: 260813 ns
[2026-02-05T02:43:43.567+0000][7][safepoint   ] Safepoint "Cleanup", Time since last: 1004732617 ns, Reaching safepoint: 226612 ns, At safepoint: 10800 ns, Total: 237412 ns
[2026-02-05T02:43:44.566+0000][7][safepoint   ] Safepoint "Cleanup", Time since last: 1000448898 ns, Reaching safepoint: 219211 ns, At safepoint: 12600 ns, Total: 231811 ns
[2026-02-05T02:43:46.428+0000][7][safepoint   ] Safepoint "Cleanup", Time since last: 1861883297 ns, Reaching safepoint: 201110 ns, At safepoint: 11300 ns, Total: 212410 ns
[2026-02-05T02:43:47.428+0000][7][safepoint   ] Safepoint "Cleanup", Time since last: 1000399982 ns, Reaching safepoint: 219611 ns, At safepoint: 10901 ns, Total: 230512 ns
[2026-02-05T02:43:48.429+0000][7][safepoint   ] Safepoint "Cleanup", Time since last: 1000424471 ns, Reaching safepoint: 221411 ns, At safepoint: 16201 ns, Total: 237612 ns
[2026-02-05T02:43:49.430+0000][7][safepoint   ] Safepoint "Cleanup", Time since last: 1000440972 ns, Reaching safepoint: 209610 ns, At safepoint: 9001 ns, Total: 218611 ns
[2026-02-05T02:43:50.430+0000][7][safepoint   ] Safepoint "Cleanup", Time since last: 1000373368 ns, Reaching safepoint: 226812 ns, At safepoint: 10500 ns, Total: 237312 ns
[2026-02-05T02:43:51.431+0000][7][safepoint   ] Safepoint "Cleanup", Time since last: 1000834992 ns, Reaching safepoint: 236212 ns, At safepoint: 10000 ns, Total: 246212 ns
[2026-02-05T02:43:52.432+0000][7][safepoint   ] Safepoint "Cleanup", Time since last: 1000642782 ns, Reaching safepoint: 301416 ns, At safepoint: 16701 ns, Total: 318117 ns
[2026-02-05T02:43:54.433+0000][7][safepoint   ] Safepoint "Cleanup", Time since last: 2000709034 ns, Reaching safepoint: 216911 ns, At safepoint: 9401 ns, Total: 226312 ns
[2026-02-05T02:43:57.434+0000][7][safepoint   ] Safepoint "Cleanup", Time since last: 3000764734 ns, Reaching safepoint: 210011 ns, At safepoint: 8500 ns, Total: 218511 ns
[2026-02-05T02:43:58.435+0000][7][safepoint   ] Safepoint "Cleanup", Time since last: 1000491014 ns, Reaching safepoint: 239712 ns, At safepoint: 22201 ns, Total: 261913 ns
[2026-02-05T02:43:59.436+0000][7][safepoint   ] Safepoint "Cleanup", Time since last: 1000346206 ns, Reaching safepoint: 195710 ns, At safepoint: 7101 ns, Total: 202811 ns
[2026-02-05T02:44:00.436+0000][7][safepoint   ] Safepoint "Cleanup", Time since last: 1000397808 ns, Reaching safepoint: 243313 ns, At safepoint: 10100 ns, Total: 253413 ns
[2026-02-05T02:44:02.437+0000][7][safepoint   ] Safepoint "Cleanup", Time since last: 2000595407 ns, Reaching safepoint: 252813 ns, At safepoint: 23901 ns, Total: 276714 ns
[2026-02-05T02:44:03.438+0000][7][safepoint   ] Safepoint "Cleanup", Time since last: 1000465997 ns, Reaching safepoint: 240513 ns, At safepoint: 13000 ns, Total: 253513 ns
[2026-02-05T02:44:04.438+0000][7][safepoint   ] Safepoint "Cleanup", Time since last: 1000414181 ns, Reaching safepoint: 202111 ns, At safepoint: 11301 ns, Total: 213412 ns
[2026-02-05T02:44:05.439+0000][7][safepoint   ] Safepoint "Cleanup", Time since last: 1000425581 ns, Reaching safepoint: 208311 ns, At safepoint: 8701 ns, Total: 217012 ns
[2026-02-05T02:44:06.440+0000][7][safepoint   ] Safepoint "Cleanup", Time since last: 1000493085 ns, Reaching safepoint: 204511 ns, At safepoint: 10500 ns, Total: 215011 ns
[2026-02-05T02:44:07.441+0000][7][safepoint   ] Safepoint "Cleanup", Time since last: 1000453883 ns, Reaching safepoint: 325617 ns, At safepoint: 52203 ns, Total: 377820 ns
[2026-02-05T02:44:09.442+0000][7][safepoint   ] Safepoint "Cleanup", Time since last: 2000560948 ns, Reaching safepoint: 343718 ns, At safepoint: 22701 ns, Total: 366419 ns
[2026-02-05T02:44:10.443+0000][7][safepoint   ] Safepoint "Cleanup", Time since last: 1001089417 ns, Reaching safepoint: 220311 ns, At safepoint: 8901 ns, Total: 229212 ns
[2026-02-05T02:44:12.444+0000][7][safepoint   ] Safepoint "Cleanup", Time since last: 2000567274 ns, Reaching safepoint: 292015 ns, At safepoint: 15101 ns, Total: 307116 ns
[2026-02-05T02:44:13.445+0000][7][safepoint   ] Safepoint "Cleanup", Time since last: 1000461365 ns, Reaching safepoint: 276414 ns, At safepoint: 15301 ns, Total: 291715 ns
[2026-02-05T02:44:14.444+0000][7][safepoint   ] Safepoint "Cleanup", Time since last: 1000501667 ns, Reaching safepoint: 236912 ns, At safepoint: 9201 ns, Total: 246113 ns
[2026-02-05T02:44:15.063+0000][7][gc,start    ] GC(24) Pause Young (Normal) (G1 Evacuation Pause)
[2026-02-05T02:44:15.063+0000][7][gc,task     ] GC(24) Using 10 workers of 10 for evacuation
[2026-02-05T02:44:15.064+0000][7][gc,age      ] GC(24) Desired survivor size 20971520 bytes, new threshold 15 (max threshold 15)
[2026-02-05T02:44:15.073+0000][7][gc,age      ] GC(24) Age table with threshold 15 (max threshold 15)
[2026-02-05T02:44:15.074+0000][7][gc,age      ] GC(24) - age   1:    2320744 bytes,    2320744 total
[2026-02-05T02:44:15.074+0000][7][gc,age      ] GC(24) - age   2:     942096 bytes,    3262840 total
[2026-02-05T02:44:15.074+0000][7][gc,age      ] GC(24) - age   3:    1096288 bytes,    4359128 total
[2026-02-05T02:44:15.074+0000][7][gc,age      ] GC(24) - age   4:     101864 bytes,    4460992 total
[2026-02-05T02:44:15.075+0000][7][gc,age      ] GC(24) - age   5:     705496 bytes,    5166488 total
[2026-02-05T02:44:15.075+0000][7][gc,age      ] GC(24) - age   6:    4986344 bytes,   10152832 total
[2026-02-05T02:44:15.076+0000][7][gc,age      ] GC(24) - age   7:    3924992 bytes,   14077824 total
[2026-02-05T02:44:15.076+0000][7][gc,phases   ] GC(24)   Pre Evacuate Collection Set: 0.3ms
[2026-02-05T02:44:15.076+0000][7][gc,phases   ] GC(24)   Merge Heap Roots: 0.2ms
[2026-02-05T02:44:15.076+0000][7][gc,phases   ] GC(24)   Evacuate Collection Set: 7.5ms
[2026-02-05T02:44:15.077+0000][7][gc,phases   ] GC(24)   Post Evacuate Collection Set: 1.7ms
[2026-02-05T02:44:15.077+0000][7][gc,phases   ] GC(24)   Other: 3.3ms
[2026-02-05T02:44:15.078+0000][7][gc,heap     ] GC(24) Eden regions: 69->0(69)
[2026-02-05T02:44:15.078+0000][7][gc,heap     ] GC(24) Survivor regions: 4->4(10)
[2026-02-05T02:44:15.078+0000][7][gc,heap     ] GC(24) Old regions: 23->23
[2026-02-05T02:44:15.078+0000][7][gc,heap     ] GC(24) Archive regions: 2->2
[2026-02-05T02:44:15.078+0000][7][gc,heap     ] GC(24) Humongous regions: 5->5
[2026-02-05T02:44:15.078+0000][7][gc,metaspace] GC(24) Metaspace: 114115K(115648K)->114115K(115648K) NonClass: 98967K(99776K)->98967K(99776K) Class: 15147K(15872K)->15147K(15872K)
[2026-02-05T02:44:15.079+0000][7][gc          ] GC(24) Pause Young (Normal) (G1 Evacuation Pause) 403M->127M(512M) 15.571ms
[2026-02-05T02:44:15.079+0000][7][gc,cpu      ] GC(24) User=0.05s Sys=0.00s Real=0.02s
[2026-02-05T02:44:15.079+0000][7][safepoint   ] Safepoint "G1CollectForAllocation", Time since last: 618782626 ns, Reaching safepoint: 221611 ns, At safepoint: 16056039 ns, Total: 16277650 ns
[2026-02-05T02:44:16.080+0000][7][safepoint   ] Safepoint "Cleanup", Time since last: 1000328258 ns, Reaching safepoint: 256213 ns, At safepoint: 13901 ns, Total: 270114 ns
[2026-02-05T02:44:17.080+0000][7][safepoint   ] Safepoint "Cleanup", Time since last: 1000457265 ns, Reaching safepoint: 232312 ns, At safepoint: 30702 ns, Total: 263014 ns
[2026-02-05T02:44:18.081+0000][7][safepoint   ] Safepoint "Cleanup", Time since last: 1000444364 ns, Reaching safepoint: 200510 ns, At safepoint: 32402 ns, Total: 232912 ns
[2026-02-05T02:44:19.082+0000][7][safepoint   ] Safepoint "Cleanup", Time since last: 1000456964 ns, Reaching safepoint: 266114 ns, At safepoint: 34002 ns, Total: 300116 ns
[2026-02-05T02:44:20.083+0000][7][safepoint   ] Safepoint "Cleanup", Time since last: 1000449355 ns, Reaching safepoint: 360619 ns, At safepoint: 94105 ns, Total: 454724 ns
[2026-02-05T02:44:21.083+0000][7][safepoint   ] Safepoint "Cleanup", Time since last: 1000502258 ns, Reaching safepoint: 255113 ns, At safepoint: 32502 ns, Total: 287615 ns
[2026-02-05T02:44:22.084+0000][7][safepoint   ] Safepoint "Cleanup", Time since last: 1000385452 ns, Reaching safepoint: 236412 ns, At safepoint: 10901 ns, Total: 247313 ns
[2026-02-05T02:44:24.085+0000][7][safepoint   ] Safepoint "Cleanup", Time since last: 2000499590 ns, Reaching safepoint: 261713 ns, At safepoint: 12901 ns, Total: 274614 ns
[2026-02-05T02:44:25.085+0000][7][safepoint   ] Safepoint "Cleanup", Time since last: 1000410653 ns, Reaching safepoint: 212611 ns, At safepoint: 8501 ns, Total: 221112 ns
[2026-02-05T02:44:27.086+0000][7][safepoint   ] Safepoint "Cleanup", Time since last: 2000588315 ns, Reaching safepoint: 229312 ns, At safepoint: 29402 ns, Total: 258714 ns
[2026-02-05T02:44:28.087+0000][7][safepoint   ] Safepoint "Cleanup", Time since last: 1000384339 ns, Reaching safepoint: 302516 ns, At safepoint: 19001 ns, Total: 321517 ns
[2026-02-05T02:44:29.088+0000][7][safepoint   ] Safepoint "Cleanup", Time since last: 1000384639 ns, Reaching safepoint: 261314 ns, At safepoint: 21201 ns, Total: 282515 ns
[2026-02-05T02:44:30.088+0000][7][safepoint   ] Safepoint "Cleanup", Time since last: 1000407740 ns, Reaching safepoint: 236313 ns, At safepoint: 10000 ns, Total: 246313 ns
[2026-02-05T02:44:32.089+0000][7][safepoint   ] Safepoint "Cleanup", Time since last: 2000531466 ns, Reaching safepoint: 274215 ns, At safepoint: 17600 ns, Total: 291815 ns
[2026-02-05T02:44:33.090+0000][7][safepoint   ] Safepoint "Cleanup", Time since last: 1000483745 ns, Reaching safepoint: 327217 ns, At safepoint: 23801 ns, Total: 351018 ns
[2026-02-05T02:44:34.091+0000][7][safepoint   ] Safepoint "Cleanup", Time since last: 1000432342 ns, Reaching safepoint: 264514 ns, At safepoint: 36502 ns, Total: 301016 ns
[2026-02-05T02:44:35.092+0000][7][safepoint   ] Safepoint "Cleanup", Time since last: 1000517039 ns, Reaching safepoint: 282215 ns, At safepoint: 28901 ns, Total: 311116 ns
[2026-02-05T02:44:36.092+0000][7][safepoint   ] Safepoint "Cleanup", Time since last: 1000453379 ns, Reaching safepoint: 194010 ns, At safepoint: 9901 ns, Total: 203911 ns
[2026-02-05T02:44:37.093+0000][7][safepoint   ] Safepoint "Cleanup", Time since last: 1000452278 ns, Reaching safepoint: 268314 ns, At safepoint: 16501 ns, Total: 284815 ns
[2026-02-05T02:44:39.094+0000][7][safepoint   ] Safepoint "Cleanup", Time since last: 2000604841 ns, Reaching safepoint: 247613 ns, At safepoint: 13201 ns, Total: 260814 ns
[2026-02-05T02:44:40.095+0000][7][safepoint   ] Safepoint "Cleanup", Time since last: 1000687690 ns, Reaching safepoint: 307017 ns, At safepoint: 17800 ns, Total: 324817 ns
[2026-02-05T02:44:41.100+0000][7][safepoint   ] Safepoint "Cleanup", Time since last: 1004589596 ns, Reaching safepoint: 239412 ns, At safepoint: 14401 ns, Total: 253813 ns
[2026-02-05T02:44:42.100+0000][7][safepoint   ] Safepoint "Cleanup", Time since last: 1000392875 ns, Reaching safepoint: 241413 ns, At safepoint: 10800 ns, Total: 252213 ns
[2026-02-05T02:44:43.101+0000][7][safepoint   ] Safepoint "Cleanup", Time since last: 1000404596 ns, Reaching safepoint: 339417 ns, At safepoint: 40402 ns, Total: 379819 ns
[2026-02-05T02:44:44.102+0000][7][safepoint   ] Safepoint "Cleanup", Time since last: 1000376807 ns, Reaching safepoint: 191610 ns, At safepoint: 10600 ns, Total: 202210 ns
[2026-02-05T02:44:45.101+0000][7][safepoint   ] Safepoint "Cleanup", Time since last: 1000528915 ns, Reaching safepoint: 212810 ns, At safepoint: 8301 ns, Total: 221111 ns
[2026-02-05T02:44:46.102+0000][7][safepoint   ] Safepoint "Cleanup", Time since last: 1000536415 ns, Reaching safepoint: 845442 ns, At safepoint: 24401 ns, Total: 869843 ns
[2026-02-05T02:44:47.104+0000][7][safepoint   ] Safepoint "Cleanup", Time since last: 1001134345 ns, Reaching safepoint: 297414 ns, At safepoint: 22101 ns, Total: 319515 ns
[2026-02-05T02:44:48.106+0000][7][safepoint   ] Safepoint "Cleanup", Time since last: 1000866732 ns, Reaching safepoint: 901345 ns, At safepoint: 29501 ns, Total: 930846 ns
[2026-02-05T02:44:49.107+0000][7][safepoint   ] Safepoint "Cleanup", Time since last: 1001494563 ns, Reaching safepoint: 345217 ns, At safepoint: 14101 ns, Total: 359318 ns
[2026-02-05T02:44:50.108+0000][7][safepoint   ] Safepoint "Cleanup", Time since last: 1000759526 ns, Reaching safepoint: 293914 ns, At safepoint: 9301 ns, Total: 303215 ns
[2026-02-05T02:44:51.109+0000][7][safepoint   ] Safepoint "Cleanup", Time since last: 1000479670 ns, Reaching safepoint: 180910 ns, At safepoint: 4000 ns, Total: 184910 ns
[2026-02-05T02:44:52.110+0000][7][safepoint   ] Safepoint "Cleanup", Time since last: 1000318340 ns, Reaching safepoint: 229712 ns, At safepoint: 7401 ns, Total: 237113 ns
[2026-02-05T02:44:53.110+0000][7][safepoint   ] Safepoint "Cleanup", Time since last: 1000346542 ns, Reaching safepoint: 300315 ns, At safepoint: 6001 ns, Total: 306316 ns
[2026-02-05T02:44:54.111+0000][7][safepoint   ] Safepoint "Cleanup", Time since last: 1000582854 ns, Reaching safepoint: 199910 ns, At safepoint: 25701 ns, Total: 225611 ns
[2026-02-05T02:44:54.363+0000][7][safepoint   ] Safepoint "ICBufferFull", Time since last: 251296324 ns, Reaching safepoint: 250213 ns, At safepoint: 67204 ns, Total: 317417 ns
[2026-02-05T02:44:55.363+0000][7][safepoint   ] Safepoint "Cleanup", Time since last: 1000368643 ns, Reaching safepoint: 205110 ns, At safepoint: 5801 ns, Total: 210911 ns
[2026-02-05T02:44:56.364+0000][7][safepoint   ] Safepoint "Cleanup", Time since last: 1000806866 ns, Reaching safepoint: 288815 ns, At safepoint: 14100 ns, Total: 302915 ns
[2026-02-05T02:44:57.365+0000][7][safepoint   ] Safepoint "Cleanup", Time since last: 1000553153 ns, Reaching safepoint: 314016 ns, At safepoint: 22902 ns, Total: 336918 ns
[2026-02-05T02:44:58.366+0000][7][safepoint   ] Safepoint "Cleanup", Time since last: 1000515150 ns, Reaching safepoint: 179210 ns, At safepoint: 8900 ns, Total: 188110 ns
[2026-02-05T02:44:59.367+0000][7][safepoint   ] Safepoint "Cleanup", Time since last: 1000429777 ns, Reaching safepoint: 749339 ns, At safepoint: 38902 ns, Total: 788241 ns
[2026-02-05T02:45:00.369+0000][7][safepoint   ] Safepoint "Cleanup", Time since last: 1001171874 ns, Reaching safepoint: 765940 ns, At safepoint: 15501 ns, Total: 781441 ns
[2026-02-05T02:45:02.371+0000][7][safepoint   ] Safepoint "Cleanup", Time since last: 2001537805 ns, Reaching safepoint: 245513 ns, At safepoint: 12100 ns, Total: 257613 ns
[2026-02-05T02:45:03.068+0000][7][gc,start    ] GC(25) Pause Young (Normal) (G1 Evacuation Pause)
[2026-02-05T02:45:03.068+0000][7][gc,task     ] GC(25) Using 10 workers of 10 for evacuation
[2026-02-05T02:45:03.068+0000][7][gc,age      ] GC(25) Desired survivor size 20971520 bytes, new threshold 15 (max threshold 15)
[2026-02-05T02:45:03.087+0000][7][gc,age      ] GC(25) Age table with threshold 15 (max threshold 15)
[2026-02-05T02:45:03.088+0000][7][gc,age      ] GC(25) - age   1:    3426320 bytes,    3426320 total
[2026-02-05T02:45:03.088+0000][7][gc,age      ] GC(25) - age   2:      56512 bytes,    3482832 total
[2026-02-05T02:45:03.088+0000][7][gc,age      ] GC(25) - age   3:     939512 bytes,    4422344 total
[2026-02-05T02:45:03.091+0000][7][gc,age      ] GC(25) - age   4:     995608 bytes,    5417952 total
[2026-02-05T02:45:03.091+0000][7][gc,age      ] GC(25) - age   5:      68720 bytes,    5486672 total
[2026-02-05T02:45:03.091+0000][7][gc,age      ] GC(25) - age   6:     662408 bytes,    6149080 total
[2026-02-05T02:45:03.091+0000][7][gc,age      ] GC(25) - age   7:    4943400 bytes,   11092480 total
[2026-02-05T02:45:03.091+0000][7][gc,age      ] GC(25) - age   8:    3916432 bytes,   15008912 total
[2026-02-05T02:45:03.092+0000][7][gc,phases   ] GC(25)   Pre Evacuate Collection Set: 0.3ms
[2026-02-05T02:45:03.092+0000][7][gc,phases   ] GC(25)   Merge Heap Roots: 0.1ms
[2026-02-05T02:45:03.092+0000][7][gc,phases   ] GC(25)   Evacuate Collection Set: 16.4ms
[2026-02-05T02:45:03.092+0000][7][gc,phases   ] GC(25)   Post Evacuate Collection Set: 2.1ms
[2026-02-05T02:45:03.092+0000][7][gc,phases   ] GC(25)   Other: 4.8ms
[2026-02-05T02:45:03.092+0000][7][gc,heap     ] GC(25) Eden regions: 69->0(70)
[2026-02-05T02:45:03.093+0000][7][gc,heap     ] GC(25) Survivor regions: 4->4(10)
[2026-02-05T02:45:03.093+0000][7][gc,heap     ] GC(25) Old regions: 23->23
[2026-02-05T02:45:03.093+0000][7][gc,heap     ] GC(25) Archive regions: 2->2
[2026-02-05T02:45:03.093+0000][7][gc,heap     ] GC(25) Humongous regions: 5->5
[2026-02-05T02:45:03.093+0000][7][gc,metaspace] GC(25) Metaspace: 116089K(117696K)->116089K(117696K) NonClass: 100645K(101568K)->100645K(101568K) Class: 15443K(16128K)->15443K(16128K)
[2026-02-05T02:45:03.094+0000][7][gc          ] GC(25) Pause Young (Normal) (G1 Evacuation Pause) 403M->129M(512M) 25.656ms
[2026-02-05T02:45:03.094+0000][7][gc,cpu      ] GC(25) User=0.12s Sys=0.00s Real=0.03s
[2026-02-05T02:45:03.094+0000][7][safepoint   ] Safepoint "G1CollectForAllocation", Time since last: 696791851 ns, Reaching safepoint: 170109 ns, At safepoint: 26155968 ns, Total: 26326077 ns
[2026-02-05T02:45:04.095+0000][7][safepoint   ] Safepoint "Cleanup", Time since last: 1000355331 ns, Reaching safepoint: 244613 ns, At safepoint: 23301 ns, Total: 267914 ns
[2026-02-05T02:45:05.095+0000][7][safepoint   ] Safepoint "Cleanup", Time since last: 1000554342 ns, Reaching safepoint: 178709 ns, At safepoint: 17901 ns, Total: 196610 ns
[2026-02-05T02:45:06.096+0000][7][safepoint   ] Safepoint "Cleanup", Time since last: 1000519939 ns, Reaching safepoint: 179710 ns, At safepoint: 5200 ns, Total: 184910 ns
[2026-02-05T02:45:07.097+0000][7][safepoint   ] Safepoint "Cleanup", Time since last: 1000393369 ns, Reaching safepoint: 188808 ns, At safepoint: 6300 ns, Total: 195108 ns
[2026-02-05T02:45:09.098+0000][7][safepoint   ] Safepoint "Cleanup", Time since last: 2000541062 ns, Reaching safepoint: 204108 ns, At safepoint: 5500 ns, Total: 209608 ns
[2026-02-05T02:45:10.098+0000][7][safepoint   ] Safepoint "Cleanup", Time since last: 1000289231 ns, Reaching safepoint: 184007 ns, At safepoint: 4501 ns, Total: 188508 ns
[2026-02-05T02:45:11.099+0000][7][safepoint   ] Safepoint "Cleanup", Time since last: 1000615744 ns, Reaching safepoint: 380115 ns, At safepoint: 11500 ns, Total: 391615 ns
[2026-02-05T02:45:13.026+0000][7][safepoint   ] Safepoint "Cleanup", Time since last: 1927061524 ns, Reaching safepoint: 238309 ns, At safepoint: 11801 ns, Total: 250110 ns
[2026-02-05T02:45:14.027+0000][7][safepoint   ] Safepoint "Cleanup", Time since last: 1000548841 ns, Reaching safepoint: 201608 ns, At safepoint: 5400 ns, Total: 207008 ns
[2026-02-05T02:45:15.026+0000][7][safepoint   ] Safepoint "Cleanup", Time since last: 1000380835 ns, Reaching safepoint: 269911 ns, At safepoint: 24601 ns, Total: 294512 ns
[2026-02-05T02:45:16.027+0000][7][safepoint   ] Safepoint "Cleanup", Time since last: 1000407673 ns, Reaching safepoint: 193008 ns, At safepoint: 4100 ns, Total: 197108 ns
[2026-02-05T02:45:17.028+0000][7][safepoint   ] Safepoint "Cleanup", Time since last: 1000511035 ns, Reaching safepoint: 169607 ns, At safepoint: 5500 ns, Total: 175107 ns
[2026-02-05T02:45:18.029+0000][7][safepoint   ] Safepoint "Cleanup", Time since last: 1000715243 ns, Reaching safepoint: 226209 ns, At safepoint: 7201 ns, Total: 233410 ns
[2026-02-05T02:45:19.029+0000][7][safepoint   ] Safepoint "Cleanup", Time since last: 1000603738 ns, Reaching safepoint: 207709 ns, At safepoint: 13500 ns, Total: 221209 ns
[2026-02-05T02:45:21.030+0000][7][safepoint   ] Safepoint "Cleanup", Time since last: 2000721056 ns, Reaching safepoint: 256111 ns, At safepoint: 11200 ns, Total: 267311 ns
[2026-02-05T02:45:22.031+0000][7][safepoint   ] Safepoint "Cleanup", Time since last: 1000352228 ns, Reaching safepoint: 238310 ns, At safepoint: 12101 ns, Total: 250411 ns
[2026-02-05T02:45:24.032+0000][7][safepoint   ] Safepoint "Cleanup", Time since last: 2000632916 ns, Reaching safepoint: 235713 ns, At safepoint: 17901 ns, Total: 253614 ns
[2026-02-05T02:45:25.033+0000][7][safepoint   ] Safepoint "Cleanup", Time since last: 1000411681 ns, Reaching safepoint: 221612 ns, At safepoint: 16401 ns, Total: 238013 ns
[2026-02-05T02:45:27.033+0000][7][safepoint   ] Safepoint "Cleanup", Time since last: 2000589850 ns, Reaching safepoint: 228412 ns, At safepoint: 16101 ns, Total: 244513 ns
[2026-02-05T02:45:28.034+0000][7][safepoint   ] Safepoint "Cleanup", Time since last: 1000349878 ns, Reaching safepoint: 189111 ns, At safepoint: 9400 ns, Total: 198511 ns
[2026-02-05T02:45:29.034+0000][7][safepoint   ] Safepoint "Cleanup", Time since last: 1000305076 ns, Reaching safepoint: 231112 ns, At safepoint: 11701 ns, Total: 242813 ns
[2026-02-05T02:45:30.035+0000][7][safepoint   ] Safepoint "Cleanup", Time since last: 1000463484 ns, Reaching safepoint: 241513 ns, At safepoint: 7500 ns, Total: 249013 ns
[2026-02-05T02:45:32.036+0000][7][safepoint   ] Safepoint "Cleanup", Time since last: 2000495622 ns, Reaching safepoint: 220711 ns, At safepoint: 18701 ns, Total: 239412 ns
[2026-02-05T02:45:33.037+0000][7][safepoint   ] Safepoint "Cleanup", Time since last: 1000371005 ns, Reaching safepoint: 251313 ns, At safepoint: 26402 ns, Total: 277715 ns
[2026-02-05T02:45:34.037+0000][7][safepoint   ] Safepoint "Cleanup", Time since last: 1000398806 ns, Reaching safepoint: 253213 ns, At safepoint: 13801 ns, Total: 267014 ns
[2026-02-05T02:45:35.038+0000][7][safepoint   ] Safepoint "Cleanup", Time since last: 1000432408 ns, Reaching safepoint: 258513 ns, At safepoint: 19901 ns, Total: 278414 ns
[2026-02-05T02:45:36.039+0000][7][safepoint   ] Safepoint "Cleanup", Time since last: 1000346504 ns, Reaching safepoint: 247513 ns, At safepoint: 14701 ns, Total: 262214 ns
[2026-02-05T02:45:37.039+0000][7][safepoint   ] Safepoint "Cleanup", Time since last: 1000348803 ns, Reaching safepoint: 184610 ns, At safepoint: 7000 ns, Total: 191610 ns
[2026-02-05T02:45:39.040+0000][7][safepoint   ] Safepoint "Cleanup", Time since last: 2000457095 ns, Reaching safepoint: 182010 ns, At safepoint: 18001 ns, Total: 200011 ns
[2026-02-05T02:45:40.040+0000][7][safepoint   ] Safepoint "Cleanup", Time since last: 1000309920 ns, Reaching safepoint: 308511 ns, At safepoint: 17401 ns, Total: 325912 ns
[2026-02-05T02:45:42.041+0000][7][safepoint   ] Safepoint "Cleanup", Time since last: 2000788885 ns, Reaching safepoint: 181607 ns, At safepoint: 4900 ns, Total: 186507 ns
[2026-02-05T02:45:44.042+0000][7][safepoint   ] Safepoint "Cleanup", Time since last: 2000524275 ns, Reaching safepoint: 181407 ns, At safepoint: 6000 ns, Total: 187407 ns
[2026-02-05T02:45:45.041+0000][7][safepoint   ] Safepoint "Cleanup", Time since last: 1000329439 ns, Reaching safepoint: 268310 ns, At safepoint: 34901 ns, Total: 303211 ns
[2026-02-05T02:45:46.042+0000][7][safepoint   ] Safepoint "Cleanup", Time since last: 1000511847 ns, Reaching safepoint: 184207 ns, At safepoint: 4500 ns, Total: 188707 ns
[2026-02-05T02:45:47.043+0000][7][safepoint   ] Safepoint "Cleanup", Time since last: 1000542248 ns, Reaching safepoint: 217108 ns, At safepoint: 5400 ns, Total: 222508 ns
[2026-02-05T02:45:48.044+0000][7][safepoint   ] Safepoint "Cleanup", Time since last: 1000668183 ns, Reaching safepoint: 273014 ns, At safepoint: 8800 ns, Total: 281814 ns
[2026-02-05T02:45:49.044+0000][7][safepoint   ] Safepoint "Cleanup", Time since last: 1000578983 ns, Reaching safepoint: 217411 ns, At safepoint: 10200 ns, Total: 227611 ns
[2026-02-05T02:45:51.045+0000][7][safepoint   ] Safepoint "Cleanup", Time since last: 2000608237 ns, Reaching safepoint: 184609 ns, At safepoint: 21501 ns, Total: 206110 ns
[2026-02-05T02:45:51.996+0000][7][gc,start    ] GC(26) Pause Young (Normal) (G1 Evacuation Pause)
[2026-02-05T02:45:51.996+0000][7][gc,task     ] GC(26) Using 10 workers of 10 for evacuation
[2026-02-05T02:45:51.996+0000][7][gc,age      ] GC(26) Desired survivor size 20971520 bytes, new threshold 15 (max threshold 15)
[2026-02-05T02:45:52.004+0000][7][gc,age      ] GC(26) Age table with threshold 15 (max threshold 15)
[2026-02-05T02:45:52.004+0000][7][gc,age      ] GC(26) - age   1:    2204416 bytes,    2204416 total
[2026-02-05T02:45:52.005+0000][7][gc,age      ] GC(26) - age   2:    1750960 bytes,    3955376 total
[2026-02-05T02:45:52.005+0000][7][gc,age      ] GC(26) - age   3:      53320 bytes,    4008696 total
[2026-02-05T02:45:52.005+0000][7][gc,age      ] GC(26) - age   4:     938856 bytes,    4947552 total
[2026-02-05T02:45:52.005+0000][7][gc,age      ] GC(26) - age   5:     995344 bytes,    5942896 total
[2026-02-05T02:45:52.006+0000][7][gc,age      ] GC(26) - age   6:      67712 bytes,    6010608 total
[2026-02-05T02:45:52.006+0000][7][gc,age      ] GC(26) - age   7:     662200 bytes,    6672808 total
[2026-02-05T02:45:52.006+0000][7][gc,age      ] GC(26) - age   8:    4942928 bytes,   11615736 total
[2026-02-05T02:45:52.007+0000][7][gc,age      ] GC(26) - age   9:    3916432 bytes,   15532168 total
[2026-02-05T02:45:52.007+0000][7][gc,phases   ] GC(26)   Pre Evacuate Collection Set: 0.2ms
[2026-02-05T02:45:52.007+0000][7][gc,phases   ] GC(26)   Merge Heap Roots: 0.1ms
[2026-02-05T02:45:52.007+0000][7][gc,phases   ] GC(26)   Evacuate Collection Set: 5.5ms
[2026-02-05T02:45:52.008+0000][7][gc,phases   ] GC(26)   Post Evacuate Collection Set: 1.7ms
[2026-02-05T02:45:52.008+0000][7][gc,phases   ] GC(26)   Other: 3.5ms
[2026-02-05T02:45:52.008+0000][7][gc,heap     ] GC(26) Eden regions: 70->0(68)
[2026-02-05T02:45:52.008+0000][7][gc,heap     ] GC(26) Survivor regions: 4->5(10)
[2026-02-05T02:45:52.008+0000][7][gc,heap     ] GC(26) Old regions: 23->23
[2026-02-05T02:45:52.009+0000][7][gc,heap     ] GC(26) Archive regions: 2->2
[2026-02-05T02:45:52.009+0000][7][gc,heap     ] GC(26) Humongous regions: 5->5
[2026-02-05T02:45:52.009+0000][7][gc,metaspace] GC(26) Metaspace: 116394K(118016K)->116394K(118016K) NonClass: 100945K(101888K)->100945K(101888K) Class: 15448K(16128K)->15448K(16128K)
[2026-02-05T02:45:52.009+0000][7][gc          ] GC(26) Pause Young (Normal) (G1 Evacuation Pause) 409M->130M(512M) 13.464ms
[2026-02-05T02:45:52.009+0000][7][gc,cpu      ] GC(26) User=0.06s Sys=0.00s Real=0.01s
[2026-02-05T02:45:52.010+0000][7][safepoint   ] Safepoint "G1CollectForAllocation", Time since last: 950306806 ns, Reaching safepoint: 213211 ns, At safepoint: 14001017 ns, Total: 14214228 ns
[2026-02-05T02:45:53.010+0000][7][safepoint   ] Safepoint "Cleanup", Time since last: 1000311669 ns, Reaching safepoint: 210811 ns, At safepoint: 10400 ns, Total: 221211 ns
[2026-02-05T02:45:54.011+0000][7][safepoint   ] Safepoint "Cleanup", Time since last: 1000561882 ns, Reaching safepoint: 278314 ns, At safepoint: 12601 ns, Total: 290915 ns
[2026-02-05T02:45:55.012+0000][7][safepoint   ] Safepoint "Cleanup", Time since last: 1000486177 ns, Reaching safepoint: 209911 ns, At safepoint: 7800 ns, Total: 217711 ns
[2026-02-05T02:45:57.013+0000][7][safepoint   ] Safepoint "Cleanup", Time since last: 2000907449 ns, Reaching safepoint: 327417 ns, At safepoint: 33802 ns, Total: 361219 ns
[2026-02-05T02:45:58.015+0000][7][safepoint   ] Safepoint "Cleanup", Time since last: 1000424378 ns, Reaching safepoint: 1111057 ns, At safepoint: 41102 ns, Total: 1152159 ns
[2026-02-05T02:45:59.016+0000][7][safepoint   ] Safepoint "Cleanup", Time since last: 1001296722 ns, Reaching safepoint: 234612 ns, At safepoint: 7601 ns, Total: 242213 ns
[2026-02-05T02:46:00.017+0000][7][safepoint   ] Safepoint "Cleanup", Time since last: 1000451079 ns, Reaching safepoint: 353118 ns, At safepoint: 17201 ns, Total: 370319 ns
[2026-02-05T02:46:01.018+0000][7][safepoint   ] Safepoint "Cleanup", Time since last: 1000504182 ns, Reaching safepoint: 174909 ns, At safepoint: 5700 ns, Total: 180609 ns
[2026-02-05T02:46:02.018+0000][7][safepoint   ] Safepoint "Cleanup", Time since last: 1000595687 ns, Reaching safepoint: 190409 ns, At safepoint: 5801 ns, Total: 196210 ns
[2026-02-05T02:46:03.019+0000][7][safepoint   ] Safepoint "Cleanup", Time since last: 1000487981 ns, Reaching safepoint: 179209 ns, At safepoint: 19701 ns, Total: 198910 ns
[2026-02-05T02:46:04.020+0000][7][safepoint   ] Safepoint "Cleanup", Time since last: 1000325621 ns, Reaching safepoint: 199910 ns, At safepoint: 7801 ns, Total: 207711 ns
[2026-02-05T02:46:05.020+0000][7][safepoint   ] Safepoint "Cleanup", Time since last: 1000497924 ns, Reaching safepoint: 191610 ns, At safepoint: 5100 ns, Total: 196710 ns
[2026-02-05T02:46:06.022+0000][7][safepoint   ] Safepoint "Cleanup", Time since last: 1000544327 ns, Reaching safepoint: 931748 ns, At safepoint: 33801 ns, Total: 965549 ns
[2026-02-05T02:46:07.023+0000][7][safepoint   ] Safepoint "Cleanup", Time since last: 1001136657 ns, Reaching safepoint: 189510 ns, At safepoint: 4600 ns, Total: 194110 ns
[2026-02-05T02:46:09.024+0000][7][safepoint   ] Safepoint "Cleanup", Time since last: 2000553226 ns, Reaching safepoint: 269114 ns, At safepoint: 26201 ns, Total: 295315 ns
[2026-02-05T02:46:10.025+0000][7][safepoint   ] Safepoint "Cleanup", Time since last: 1000303415 ns, Reaching safepoint: 254913 ns, At safepoint: 10200 ns, Total: 265113 ns
[2026-02-05T02:46:12.025+0000][7][safepoint   ] Safepoint "Cleanup", Time since last: 2000524107 ns, Reaching safepoint: 189209 ns, At safepoint: 5101 ns, Total: 194310 ns
[2026-02-05T02:46:14.026+0000][7][safepoint   ] Safepoint "Cleanup", Time since last: 2000584219 ns, Reaching safepoint: 228912 ns, At safepoint: 15801 ns, Total: 244713 ns
[2026-02-05T02:46:15.026+0000][7][safepoint   ] Safepoint "Cleanup", Time since last: 1000510471 ns, Reaching safepoint: 292415 ns, At safepoint: 33101 ns, Total: 325516 ns
[2026-02-05T02:46:16.026+0000][7][safepoint   ] Safepoint "Cleanup", Time since last: 1000388465 ns, Reaching safepoint: 284215 ns, At safepoint: 10900 ns, Total: 295115 ns
[2026-02-05T02:46:17.027+0000][7][safepoint   ] Safepoint "Cleanup", Time since last: 1000557374 ns, Reaching safepoint: 229011 ns, At safepoint: 7201 ns, Total: 236212 ns
[2026-02-05T02:46:18.028+0000][7][safepoint   ] Safepoint "Cleanup", Time since last: 1000572474 ns, Reaching safepoint: 283914 ns, At safepoint: 20401 ns, Total: 304315 ns
[2026-02-05T02:46:19.029+0000][7][safepoint   ] Safepoint "Cleanup", Time since last: 1000498071 ns, Reaching safepoint: 264313 ns, At safepoint: 18401 ns, Total: 282714 ns
[2026-02-05T02:46:21.030+0000][7][safepoint   ] Safepoint "Cleanup", Time since last: 2000575601 ns, Reaching safepoint: 194410 ns, At safepoint: 9400 ns, Total: 203810 ns
[2026-02-05T02:46:22.030+0000][7][safepoint   ] Safepoint "Cleanup", Time since last: 1000380808 ns, Reaching safepoint: 223511 ns, At safepoint: 12201 ns, Total: 235712 ns
[2026-02-05T02:46:24.031+0000][7][safepoint   ] Safepoint "Cleanup", Time since last: 2000595306 ns, Reaching safepoint: 201710 ns, At safepoint: 9601 ns, Total: 211311 ns
[2026-02-05T02:46:25.032+0000][7][safepoint   ] Safepoint "Cleanup", Time since last: 1000493913 ns, Reaching safepoint: 287315 ns, At safepoint: 12500 ns, Total: 299815 ns
[2026-02-05T02:46:27.033+0000][7][safepoint   ] Safepoint "Cleanup", Time since last: 2000580806 ns, Reaching safepoint: 275114 ns, At safepoint: 28201 ns, Total: 303315 ns
[2026-02-05T02:46:29.033+0000][7][safepoint   ] Safepoint "Cleanup", Time since last: 2000470031 ns, Reaching safepoint: 226212 ns, At safepoint: 8500 ns, Total: 234712 ns
[2026-02-05T02:46:30.034+0000][7][safepoint   ] Safepoint "Cleanup", Time since last: 1000458782 ns, Reaching safepoint: 289014 ns, At safepoint: 14001 ns, Total: 303015 ns
[2026-02-05T02:46:32.035+0000][7][safepoint   ] Safepoint "Cleanup", Time since last: 2000787655 ns, Reaching safepoint: 416322 ns, At safepoint: 11100 ns, Total: 427422 ns
[2026-02-05T02:46:33.036+0000][7][safepoint   ] Safepoint "Cleanup", Time since last: 1000769897 ns, Reaching safepoint: 205311 ns, At safepoint: 5400 ns, Total: 210711 ns
[2026-02-05T02:46:34.037+0000][7][safepoint   ] Safepoint "Cleanup", Time since last: 1000347575 ns, Reaching safepoint: 206211 ns, At safepoint: 7200 ns, Total: 213411 ns
[2026-02-05T02:46:35.038+0000][7][safepoint   ] Safepoint "Cleanup", Time since last: 1000469482 ns, Reaching safepoint: 187709 ns, At safepoint: 4501 ns, Total: 192210 ns
[2026-02-05T02:46:37.039+0000][7][safepoint   ] Safepoint "Cleanup", Time since last: 2000825163 ns, Reaching safepoint: 218211 ns, At safepoint: 7801 ns, Total: 226012 ns
[2026-02-05T02:46:39.040+0000][7][safepoint   ] Safepoint "Cleanup", Time since last: 2000729018 ns, Reaching safepoint: 205611 ns, At safepoint: 6900 ns, Total: 212511 ns
[2026-02-05T02:46:40.040+0000][7][safepoint   ] Safepoint "Cleanup", Time since last: 1000323358 ns, Reaching safepoint: 289414 ns, At safepoint: 15301 ns, Total: 304715 ns
[2026-02-05T02:46:42.041+0000][7][safepoint   ] Safepoint "Cleanup", Time since last: 2000770321 ns, Reaching safepoint: 175809 ns, At safepoint: 5400 ns, Total: 181209 ns
[2026-02-05T02:46:43.042+0000][7][safepoint   ] Safepoint "Cleanup", Time since last: 1000455064 ns, Reaching safepoint: 208311 ns, At safepoint: 8500 ns, Total: 216811 ns
[2026-02-05T02:46:44.042+0000][7][safepoint   ] Safepoint "Cleanup", Time since last: 1000335523 ns, Reaching safepoint: 286214 ns, At safepoint: 12500 ns, Total: 298714 ns
[2026-02-05T02:46:45.041+0000][7][safepoint   ] Safepoint "Cleanup", Time since last: 1000520180 ns, Reaching safepoint: 179309 ns, At safepoint: 20501 ns, Total: 199810 ns
[2026-02-05T02:46:46.042+0000][7][safepoint   ] Safepoint "Cleanup", Time since last: 1000371373 ns, Reaching safepoint: 249212 ns, At safepoint: 31202 ns, Total: 280414 ns
[2026-02-05T02:46:47.042+0000][7][safepoint   ] Safepoint "Cleanup", Time since last: 1000263167 ns, Reaching safepoint: 240012 ns, At safepoint: 16101 ns, Total: 256113 ns
[2026-02-05T02:46:48.043+0000][7][safepoint   ] Safepoint "Cleanup", Time since last: 1000476978 ns, Reaching safepoint: 183909 ns, At safepoint: 4600 ns, Total: 188509 ns
[2026-02-05T02:46:49.044+0000][7][safepoint   ] Safepoint "Cleanup", Time since last: 1000603585 ns, Reaching safepoint: 213610 ns, At safepoint: 7101 ns, Total: 220711 ns
[2026-02-05T02:46:51.045+0000][7][safepoint   ] Safepoint "Cleanup", Time since last: 2000579438 ns, Reaching safepoint: 203310 ns, At safepoint: 6100 ns, Total: 209410 ns
[2026-02-05T02:46:51.145+0000][7][gc,start    ] GC(27) Pause Young (Normal) (G1 Evacuation Pause)
[2026-02-05T02:46:51.145+0000][7][gc,task     ] GC(27) Using 10 workers of 10 for evacuation
[2026-02-05T02:46:51.146+0000][7][gc,age      ] GC(27) Desired survivor size 20971520 bytes, new threshold 15 (max threshold 15)
[2026-02-05T02:46:51.152+0000][7][gc,age      ] GC(27) Age table with threshold 15 (max threshold 15)
[2026-02-05T02:46:51.153+0000][7][gc,age      ] GC(27) - age   1:     862728 bytes,     862728 total
[2026-02-05T02:46:51.153+0000][7][gc,age      ] GC(27) - age   2:      76216 bytes,     938944 total
[2026-02-05T02:46:51.153+0000][7][gc,age      ] GC(27) - age   3:    1747864 bytes,    2686808 total
[2026-02-05T02:46:51.153+0000][7][gc,age      ] GC(27) - age   4:      52648 bytes,    2739456 total
[2026-02-05T02:46:51.154+0000][7][gc,age      ] GC(27) - age   5:     938560 bytes,    3678016 total
[2026-02-05T02:46:51.154+0000][7][gc,age      ] GC(27) - age   6:     995280 bytes,    4673296 total
[2026-02-05T02:46:51.154+0000][7][gc,age      ] GC(27) - age   7:      67712 bytes,    4741008 total
[2026-02-05T02:46:51.154+0000][7][gc,age      ] GC(27) - age   8:     662056 bytes,    5403064 total
[2026-02-05T02:46:51.154+0000][7][gc,age      ] GC(27) - age   9:    4942928 bytes,   10345992 total
[2026-02-05T02:46:51.155+0000][7][gc,age      ] GC(27) - age  10:    3916432 bytes,   14262424 total
[2026-02-05T02:46:51.155+0000][7][gc,phases   ] GC(27)   Pre Evacuate Collection Set: 0.2ms
[2026-02-05T02:46:51.155+0000][7][gc,phases   ] GC(27)   Merge Heap Roots: 0.1ms
[2026-02-05T02:46:51.155+0000][7][gc,phases   ] GC(27)   Evacuate Collection Set: 4.4ms
[2026-02-05T02:46:51.155+0000][7][gc,phases   ] GC(27)   Post Evacuate Collection Set: 1.6ms
[2026-02-05T02:46:51.156+0000][7][gc,phases   ] GC(27)   Other: 3.3ms
[2026-02-05T02:46:51.156+0000][7][gc,heap     ] GC(27) Eden regions: 68->0(70)
[2026-02-05T02:46:51.156+0000][7][gc,heap     ] GC(27) Survivor regions: 5->4(10)
[2026-02-05T02:46:51.156+0000][7][gc,heap     ] GC(27) Old regions: 23->23
[2026-02-05T02:46:51.156+0000][7][gc,heap     ] GC(27) Archive regions: 2->2
[2026-02-05T02:46:51.157+0000][7][gc,heap     ] GC(27) Humongous regions: 5->5
[2026-02-05T02:46:51.157+0000][7][gc,metaspace] GC(27) Metaspace: 116808K(118400K)->116808K(118400K) NonClass: 101359K(102272K)->101359K(102272K) Class: 15448K(16128K)->15448K(16128K)
[2026-02-05T02:46:51.157+0000][7][gc          ] GC(27) Pause Young (Normal) (G1 Evacuation Pause) 402M->128M(512M) 11.830ms
[2026-02-05T02:46:51.157+0000][7][gc,cpu      ] GC(27) User=0.03s Sys=0.00s Real=0.01s
[2026-02-05T02:46:51.157+0000][7][safepoint   ] Safepoint "G1CollectForAllocation", Time since last: 100300800 ns, Reaching safepoint: 175109 ns, At safepoint: 12331602 ns, Total: 12506711 ns
[2026-02-05T02:46:52.158+0000][7][safepoint   ] Safepoint "Cleanup", Time since last: 1000336122 ns, Reaching safepoint: 188309 ns, At safepoint: 18401 ns, Total: 206710 ns
[2026-02-05T02:46:54.159+0000][7][safepoint   ] Safepoint "Cleanup", Time since last: 2000491368 ns, Reaching safepoint: 199911 ns, At safepoint: 5500 ns, Total: 205411 ns
[2026-02-05T02:46:57.160+0000][7][safepoint   ] Safepoint "Cleanup", Time since last: 3000855758 ns, Reaching safepoint: 192010 ns, At safepoint: 10400 ns, Total: 202410 ns
[2026-02-05T02:46:58.161+0000][7][safepoint   ] Safepoint "Cleanup", Time since last: 1000552600 ns, Reaching safepoint: 871745 ns, At safepoint: 40402 ns, Total: 912147 ns
[2026-02-05T02:46:59.163+0000][7][safepoint   ] Safepoint "Cleanup", Time since last: 1001143229 ns, Reaching safepoint: 188710 ns, At safepoint: 5200 ns, Total: 193910 ns
[2026-02-05T02:47:00.163+0000][7][safepoint   ] Safepoint "Cleanup", Time since last: 1000532780 ns, Reaching safepoint: 203310 ns, At safepoint: 6100 ns, Total: 209410 ns
[2026-02-05T02:47:02.164+0000][7][safepoint   ] Safepoint "Cleanup", Time since last: 2000808397 ns, Reaching safepoint: 309616 ns, At safepoint: 36302 ns, Total: 345918 ns
[2026-02-05T02:47:03.165+0000][7][safepoint   ] Safepoint "Cleanup", Time since last: 1000446300 ns, Reaching safepoint: 196610 ns, At safepoint: 5000 ns, Total: 201610 ns
[2026-02-05T02:47:04.166+0000][7][safepoint   ] Safepoint "Cleanup", Time since last: 1000302893 ns, Reaching safepoint: 249913 ns, At safepoint: 16101 ns, Total: 266014 ns
[2026-02-05T02:47:05.166+0000][7][safepoint   ] Safepoint "Cleanup", Time since last: 1000423699 ns, Reaching safepoint: 187110 ns, At safepoint: 5700 ns, Total: 192810 ns
[2026-02-05T02:47:06.168+0000][7][safepoint   ] Safepoint "Cleanup", Time since last: 1000742516 ns, Reaching safepoint: 571429 ns, At safepoint: 65804 ns, Total: 637233 ns
[2026-02-05T02:47:07.169+0000][7][safepoint   ] Safepoint "Cleanup", Time since last: 1000875222 ns, Reaching safepoint: 257714 ns, At safepoint: 13700 ns, Total: 271414 ns
[2026-02-05T02:47:09.170+0000][7][safepoint   ] Safepoint "Cleanup", Time since last: 2000789929 ns, Reaching safepoint: 172309 ns, At safepoint: 4400 ns, Total: 176709 ns
[2026-02-05T02:47:10.266+0000][7][safepoint   ] Safepoint "Cleanup", Time since last: 1095978304 ns, Reaching safepoint: 298815 ns, At safepoint: 21101 ns, Total: 319916 ns
[2026-02-05T02:47:12.267+0000][7][safepoint   ] Safepoint "Cleanup", Time since last: 2000595094 ns, Reaching safepoint: 240213 ns, At safepoint: 19301 ns, Total: 259514 ns
[2026-02-05T02:47:13.272+0000][7][safepoint   ] Safepoint "Cleanup", Time since last: 1004678121 ns, Reaching safepoint: 197411 ns, At safepoint: 6000 ns, Total: 203411 ns
[2026-02-05T02:47:14.273+0000][7][safepoint   ] Safepoint "Cleanup", Time since last: 1000532709 ns, Reaching safepoint: 176809 ns, At safepoint: 4800 ns, Total: 181609 ns
[2026-02-05T02:47:15.272+0000][7][safepoint   ] Safepoint "Cleanup", Time since last: 1000501460 ns, Reaching safepoint: 180908 ns, At safepoint: 5701 ns, Total: 186609 ns
[2026-02-05T02:47:16.272+0000][7][safepoint   ] Safepoint "Cleanup", Time since last: 1000428929 ns, Reaching safepoint: 191909 ns, At safepoint: 18901 ns, Total: 210810 ns
[2026-02-05T02:47:17.273+0000][7][safepoint   ] Safepoint "Cleanup", Time since last: 1000299223 ns, Reaching safepoint: 200610 ns, At safepoint: 5300 ns, Total: 205910 ns
[2026-02-05T02:47:18.273+0000][7][safepoint   ] Safepoint "Cleanup", Time since last: 1000402728 ns, Reaching safepoint: 240311 ns, At safepoint: 12001 ns, Total: 252312 ns
[2026-02-05T02:47:19.274+0000][7][safepoint   ] Safepoint "Cleanup", Time since last: 1000459031 ns, Reaching safepoint: 193109 ns, At safepoint: 4900 ns, Total: 198009 ns
[2026-02-05T02:47:20.275+0000][7][safepoint   ] Safepoint "Cleanup", Time since last: 1000394028 ns, Reaching safepoint: 218810 ns, At safepoint: 9600 ns, Total: 228410 ns
[2026-02-05T02:47:21.275+0000][7][safepoint   ] Safepoint "Cleanup", Time since last: 1000565236 ns, Reaching safepoint: 204710 ns, At safepoint: 6600 ns, Total: 211310 ns
[2026-02-05T02:47:22.276+0000][7][safepoint   ] Safepoint "Cleanup", Time since last: 1000469131 ns, Reaching safepoint: 200010 ns, At safepoint: 6600 ns, Total: 206610 ns
[2026-02-05T02:47:24.277+0000][7][safepoint   ] Safepoint "Cleanup", Time since last: 2000550553 ns, Reaching safepoint: 278717 ns, At safepoint: 11500 ns, Total: 290217 ns
[2026-02-05T02:47:26.278+0000][7][safepoint   ] Safepoint "Cleanup", Time since last: 2000704940 ns, Reaching safepoint: 218713 ns, At safepoint: 7101 ns, Total: 225814 ns
[2026-02-05T02:47:27.278+0000][7][safepoint   ] Safepoint "Cleanup", Time since last: 1000339919 ns, Reaching safepoint: 212513 ns, At safepoint: 30001 ns, Total: 242514 ns
[2026-02-05T02:47:28.332+0000][7][gc,start    ] GC(28) Pause Young (Normal) (G1 Evacuation Pause)
[2026-02-05T02:47:28.333+0000][7][gc,task     ] GC(28) Using 10 workers of 10 for evacuation
[2026-02-05T02:47:28.333+0000][7][gc,age      ] GC(28) Desired survivor size 20971520 bytes, new threshold 15 (max threshold 15)
[2026-02-05T02:47:28.342+0000][7][gc,age      ] GC(28) Age table with threshold 15 (max threshold 15)
[2026-02-05T02:47:28.342+0000][7][gc,age      ] GC(28) - age   1:    1334152 bytes,    1334152 total
[2026-02-05T02:47:28.342+0000][7][gc,age      ] GC(28) - age   2:      45584 bytes,    1379736 total
[2026-02-05T02:47:28.342+0000][7][gc,age      ] GC(28) - age   3:      72992 bytes,    1452728 total
[2026-02-05T02:47:28.342+0000][7][gc,age      ] GC(28) - age   4:    1628160 bytes,    3080888 total
[2026-02-05T02:47:28.343+0000][7][gc,age      ] GC(28) - age   5:      52256 bytes,    3133144 total
[2026-02-05T02:47:28.343+0000][7][gc,age      ] GC(28) - age   6:     938384 bytes,    4071528 total
[2026-02-05T02:47:28.343+0000][7][gc,age      ] GC(28) - age   7:     995280 bytes,    5066808 total
[2026-02-05T02:47:28.343+0000][7][gc,age      ] GC(28) - age   8:      67712 bytes,    5134520 total
[2026-02-05T02:47:28.343+0000][7][gc,age      ] GC(28) - age   9:     649416 bytes,    5783936 total
[2026-02-05T02:47:28.344+0000][7][gc,age      ] GC(28) - age  10:    4868160 bytes,   10652096 total
[2026-02-05T02:47:28.344+0000][7][gc,age      ] GC(28) - age  11:    3883648 bytes,   14535744 total
[2026-02-05T02:47:28.344+0000][7][gc,phases   ] GC(28)   Pre Evacuate Collection Set: 0.2ms
[2026-02-05T02:47:28.344+0000][7][gc,phases   ] GC(28)   Merge Heap Roots: 0.2ms
[2026-02-05T02:47:28.344+0000][7][gc,phases   ] GC(28)   Evacuate Collection Set: 6.1ms
[2026-02-05T02:47:28.344+0000][7][gc,phases   ] GC(28)   Post Evacuate Collection Set: 2.2ms
[2026-02-05T02:47:28.344+0000][7][gc,phases   ] GC(28)   Other: 2.8ms
[2026-02-05T02:47:28.344+0000][7][gc,heap     ] GC(28) Eden regions: 70->0(70)
[2026-02-05T02:47:28.345+0000][7][gc,heap     ] GC(28) Survivor regions: 4->4(10)
[2026-02-05T02:47:28.345+0000][7][gc,heap     ] GC(28) Old regions: 23->23
[2026-02-05T02:47:28.345+0000][7][gc,heap     ] GC(28) Archive regions: 2->2
[2026-02-05T02:47:28.345+0000][7][gc,heap     ] GC(28) Humongous regions: 5->5
[2026-02-05T02:47:28.345+0000][7][gc,metaspace] GC(28) Metaspace: 117071K(118720K)->117071K(118720K) NonClass: 101601K(102528K)->101601K(102528K) Class: 15470K(16192K)->15470K(16192K)
[2026-02-05T02:47:28.345+0000][7][gc          ] GC(28) Pause Young (Normal) (G1 Evacuation Pause) 408M->128M(512M) 12.803ms
[2026-02-05T02:47:28.345+0000][7][gc,cpu      ] GC(28) User=0.06s Sys=0.00s Real=0.01s
[2026-02-05T02:47:28.346+0000][7][safepoint   ] Safepoint "G1CollectForAllocation", Time since last: 1053753330 ns, Reaching safepoint: 199012 ns, At safepoint: 13172591 ns, Total: 13371603 ns
[2026-02-05T02:47:29.774+0000][7][safepoint   ] Safepoint "Cleanup", Time since last: 1428416246 ns, Reaching safepoint: 233214 ns, At safepoint: 19301 ns, Total: 252515 ns
[2026-02-05T02:47:30.775+0000][7][safepoint   ] Safepoint "Cleanup", Time since last: 1000502429 ns, Reaching safepoint: 196212 ns, At safepoint: 5400 ns, Total: 201612 ns
[2026-02-05T02:47:31.776+0000][7][safepoint   ] Safepoint "Cleanup", Time since last: 1000535619 ns, Reaching safepoint: 258115 ns, At safepoint: 7400 ns, Total: 265515 ns
[2026-02-05T02:47:33.777+0000][7][safepoint   ] Safepoint "Cleanup", Time since last: 2000609487 ns, Reaching safepoint: 211412 ns, At safepoint: 10601 ns, Total: 222013 ns
[2026-02-05T02:47:34.777+0000][7][safepoint   ] Safepoint "Cleanup", Time since last: 1000513655 ns, Reaching safepoint: 249315 ns, At safepoint: 7100 ns, Total: 256415 ns
[2026-02-05T02:47:36.778+0000][7][safepoint   ] Safepoint "Cleanup", Time since last: 2000718193 ns, Reaching safepoint: 209112 ns, At safepoint: 5500 ns, Total: 214612 ns
[2026-02-05T02:47:39.780+0000][7][safepoint   ] Safepoint "Cleanup", Time since last: 3001127861 ns, Reaching safepoint: 176509 ns, At safepoint: 21701 ns, Total: 198210 ns
[2026-02-05T02:47:41.780+0000][7][safepoint   ] Safepoint "Cleanup", Time since last: 2000384953 ns, Reaching safepoint: 223112 ns, At safepoint: 19601 ns, Total: 242713 ns
[2026-02-05T02:47:42.781+0000][7][safepoint   ] Safepoint "Cleanup", Time since last: 1000532643 ns, Reaching safepoint: 188710 ns, At safepoint: 5100 ns, Total: 193810 ns
[2026-02-05T02:47:43.782+0000][7][safepoint   ] Safepoint "Cleanup", Time since last: 1000751555 ns, Reaching safepoint: 304015 ns, At safepoint: 21202 ns, Total: 325217 ns
[2026-02-05T02:47:44.781+0000][7][safepoint   ] Safepoint "Cleanup", Time since last: 1000563144 ns, Reaching safepoint: 197410 ns, At safepoint: 4901 ns, Total: 202311 ns
[2026-02-05T02:47:45.782+0000][7][safepoint   ] Safepoint "Cleanup", Time since last: 1000528243 ns, Reaching safepoint: 209511 ns, At safepoint: 5800 ns, Total: 215311 ns
[2026-02-05T02:47:46.783+0000][7][safepoint   ] Safepoint "Cleanup", Time since last: 1000603047 ns, Reaching safepoint: 677135 ns, At safepoint: 19201 ns, Total: 696336 ns
[2026-02-05T02:47:48.785+0000][7][safepoint   ] Safepoint "Cleanup", Time since last: 2001242453 ns, Reaching safepoint: 170108 ns, At safepoint: 8101 ns, Total: 178209 ns
[2026-02-05T02:47:49.786+0000][7][safepoint   ] Safepoint "Cleanup", Time since last: 1000769259 ns, Reaching safepoint: 592930 ns, At safepoint: 15301 ns, Total: 608231 ns
[2026-02-05T02:47:51.789+0000][7][safepoint   ] Safepoint "Cleanup", Time since last: 2001609821 ns, Reaching safepoint: 1293966 ns, At safepoint: 52303 ns, Total: 1346269 ns
[2026-02-05T02:47:54.791+0000][7][safepoint   ] Safepoint "Cleanup", Time since last: 3001507935 ns, Reaching safepoint: 207711 ns, At safepoint: 4200 ns, Total: 211911 ns
[2026-02-05T02:47:56.792+0000][7][safepoint   ] Safepoint "Cleanup", Time since last: 2000757782 ns, Reaching safepoint: 565029 ns, At safepoint: 13600 ns, Total: 578629 ns
[2026-02-05T02:47:57.794+0000][7][safepoint   ] Safepoint "Cleanup", Time since last: 1001348322 ns, Reaching safepoint: 358618 ns, At safepoint: 9601 ns, Total: 368219 ns
[2026-02-05T02:47:58.795+0000][7][safepoint   ] Safepoint "Cleanup", Time since last: 1000738590 ns, Reaching safepoint: 175509 ns, At safepoint: 5200 ns, Total: 180709 ns
[2026-02-05T02:47:59.796+0000][7][safepoint   ] Safepoint "Cleanup", Time since last: 1000692688 ns, Reaching safepoint: 975850 ns, At safepoint: 20501 ns, Total: 996351 ns
[2026-02-05T02:48:00.798+0000][7][safepoint   ] Safepoint "Cleanup", Time since last: 1001288519 ns, Reaching safepoint: 462224 ns, At safepoint: 22801 ns, Total: 485025 ns
[2026-02-05T02:48:01.799+0000][7][safepoint   ] Safepoint "Cleanup", Time since last: 1000673386 ns, Reaching safepoint: 231112 ns, At safepoint: 5101 ns, Total: 236213 ns
[2026-02-05T02:48:03.617+0000][7][gc,start    ] GC(29) Pause Young (Normal) (G1 Evacuation Pause)
[2026-02-05T02:48:03.618+0000][7][gc,task     ] GC(29) Using 10 workers of 10 for evacuation
[2026-02-05T02:48:03.618+0000][7][gc,age      ] GC(29) Desired survivor size 20971520 bytes, new threshold 15 (max threshold 15)
[2026-02-05T02:48:03.626+0000][7][gc,age      ] GC(29) Age table with threshold 15 (max threshold 15)
[2026-02-05T02:48:03.627+0000][7][gc,age      ] GC(29) - age   1:    2774320 bytes,    2774320 total
[2026-02-05T02:48:03.627+0000][7][gc,age      ] GC(29) - age   2:     550408 bytes,    3324728 total
[2026-02-05T02:48:03.627+0000][7][gc,age      ] GC(29) - age   3:      26560 bytes,    3351288 total
[2026-02-05T02:48:03.627+0000][7][gc,age      ] GC(29) - age   4:      15584 bytes,    3366872 total
[2026-02-05T02:48:03.628+0000][7][gc,age      ] GC(29) - age   5:    1598352 bytes,    4965224 total
[2026-02-05T02:48:03.628+0000][7][gc,age      ] GC(29) - age   6:      52192 bytes,    5017416 total
[2026-02-05T02:48:03.628+0000][7][gc,age      ] GC(29) - age   7:     927416 bytes,    5944832 total
[2026-02-05T02:48:03.629+0000][7][gc,age      ] GC(29) - age   8:     982648 bytes,    6927480 total
[2026-02-05T02:48:03.629+0000][7][gc,age      ] GC(29) - age   9:      67216 bytes,    6994696 total
[2026-02-05T02:48:03.629+0000][7][gc,age      ] GC(29) - age  10:     648848 bytes,    7643544 total
[2026-02-05T02:48:03.629+0000][7][gc,age      ] GC(29) - age  11:    4862744 bytes,   12506288 total
[2026-02-05T02:48:03.629+0000][7][gc,age      ] GC(29) - age  12:    3883176 bytes,   16389464 total
[2026-02-05T02:48:03.630+0000][7][gc,phases   ] GC(29)   Pre Evacuate Collection Set: 0.3ms
[2026-02-05T02:48:03.630+0000][7][gc,phases   ] GC(29)   Merge Heap Roots: 0.2ms
[2026-02-05T02:48:03.630+0000][7][gc,phases   ] GC(29)   Evacuate Collection Set: 5.9ms
[2026-02-05T02:48:03.630+0000][7][gc,phases   ] GC(29)   Post Evacuate Collection Set: 2.0ms
[2026-02-05T02:48:03.631+0000][7][gc,phases   ] GC(29)   Other: 4.0ms
[2026-02-05T02:48:03.631+0000][7][gc,heap     ] GC(29) Eden regions: 70->0(68)
[2026-02-05T02:48:03.631+0000][7][gc,heap     ] GC(29) Survivor regions: 4->5(10)
[2026-02-05T02:48:03.631+0000][7][gc,heap     ] GC(29) Old regions: 23->23
[2026-02-05T02:48:03.631+0000][7][gc,heap     ] GC(29) Archive regions: 2->2
[2026-02-05T02:48:03.632+0000][7][gc,heap     ] GC(29) Humongous regions: 5->5
[2026-02-05T02:48:03.632+0000][7][gc,metaspace] GC(29) Metaspace: 117664K(119360K)->117664K(119360K) NonClass: 102134K(103104K)->102134K(103104K) Class: 15530K(16256K)->15530K(16256K)
[2026-02-05T02:48:03.632+0000][7][gc          ] GC(29) Pause Young (Normal) (G1 Evacuation Pause) 408M->130M(512M) 14.692ms
[2026-02-05T02:48:03.632+0000][7][gc,cpu      ] GC(29) User=0.04s Sys=0.00s Real=0.01s
[2026-02-05T02:48:03.633+0000][7][safepoint   ] Safepoint "G1CollectForAllocation", Time since last: 1818237471 ns, Reaching safepoint: 184609 ns, At safepoint: 15160781 ns, Total: 15345390 ns
[2026-02-05T02:48:04.633+0000][7][safepoint   ] Safepoint "Cleanup", Time since last: 1000422332 ns, Reaching safepoint: 437523 ns, At safepoint: 11100 ns, Total: 448623 ns
[2026-02-05T02:48:06.635+0000][7][safepoint   ] Safepoint "Cleanup", Time since last: 2001143480 ns, Reaching safepoint: 188110 ns, At safepoint: 4400 ns, Total: 192510 ns
[2026-02-05T02:48:09.637+0000][7][safepoint   ] Safepoint "Cleanup", Time since last: 3001493507 ns, Reaching safepoint: 384220 ns, At safepoint: 8201 ns, Total: 392421 ns
[2026-02-05T02:48:11.638+0000][7][safepoint   ] Safepoint "Cleanup", Time since last: 2001122862 ns, Reaching safepoint: 233912 ns, At safepoint: 5800 ns, Total: 239712 ns
[2026-02-05T02:48:12.639+0000][7][safepoint   ] Safepoint "Cleanup", Time since last: 1000578290 ns, Reaching safepoint: 199911 ns, At safepoint: 4300 ns, Total: 204211 ns
[2026-02-05T02:48:13.640+0000][7][safepoint   ] Safepoint "Cleanup", Time since last: 1000745699 ns, Reaching safepoint: 306516 ns, At safepoint: 18401 ns, Total: 324917 ns
[2026-02-05T02:48:14.639+0000][7][safepoint   ] Safepoint "Cleanup", Time since last: 1000544689 ns, Reaching safepoint: 187109 ns, At safepoint: 3900 ns, Total: 191009 ns
[2026-02-05T02:48:15.639+0000][7][safepoint   ] Safepoint "Cleanup", Time since last: 1000496387 ns, Reaching safepoint: 200410 ns, At safepoint: 5200 ns, Total: 205610 ns
[2026-02-05T02:48:16.640+0000][7][safepoint   ] Safepoint "Cleanup", Time since last: 1000534489 ns, Reaching safepoint: 194310 ns, At safepoint: 4700 ns, Total: 199010 ns
[2026-02-05T02:48:18.641+0000][7][safepoint   ] Safepoint "Cleanup", Time since last: 2000742160 ns, Reaching safepoint: 256613 ns, At safepoint: 24901 ns, Total: 281514 ns
[2026-02-05T02:48:19.642+0000][7][safepoint   ] Safepoint "Cleanup", Time since last: 1000559398 ns, Reaching safepoint: 222412 ns, At safepoint: 4900 ns, Total: 227312 ns
[2026-02-05T02:48:21.643+0000][7][safepoint   ] Safepoint "Cleanup", Time since last: 2000785413 ns, Reaching safepoint: 230512 ns, At safepoint: 5801 ns, Total: 236313 ns
[2026-02-05T02:48:24.644+0000][7][safepoint   ] Safepoint "Cleanup", Time since last: 3000720696 ns, Reaching safepoint: 187110 ns, At safepoint: 10500 ns, Total: 197610 ns
[2026-02-05T02:48:26.645+0000][7][safepoint   ] Safepoint "Cleanup", Time since last: 2000752912 ns, Reaching safepoint: 316816 ns, At safepoint: 14001 ns, Total: 330817 ns
[2026-02-05T02:48:27.646+0000][7][safepoint   ] Safepoint "Cleanup", Time since last: 1000938860 ns, Reaching safepoint: 242412 ns, At safepoint: 17901 ns, Total: 260313 ns
[2026-02-05T02:48:28.649+0000][7][safepoint   ] Safepoint "Cleanup", Time since last: 1002261682 ns, Reaching safepoint: 199210 ns, At safepoint: 21601 ns, Total: 220811 ns
[2026-02-05T02:48:28.949+0000][7][safepoint   ] Safepoint "ICBufferFull", Time since last: 300145778 ns, Reaching safepoint: 198710 ns, At safepoint: 60903 ns, Total: 259613 ns
[2026-02-05T02:48:29.950+0000][7][safepoint   ] Safepoint "Cleanup", Time since last: 1000390986 ns, Reaching safepoint: 177009 ns, At safepoint: 19201 ns, Total: 196210 ns
[2026-02-05T02:48:31.951+0000][7][safepoint   ] Safepoint "Cleanup", Time since last: 2000680566 ns, Reaching safepoint: 200610 ns, At safepoint: 6000 ns, Total: 206610 ns
[2026-02-05T02:48:33.952+0000][7][safepoint   ] Safepoint "Cleanup", Time since last: 2000683066 ns, Reaching safepoint: 258714 ns, At safepoint: 7900 ns, Total: 266614 ns
[2026-02-05T02:48:34.952+0000][7][safepoint   ] Safepoint "Cleanup", Time since last: 1000654199 ns, Reaching safepoint: 305116 ns, At safepoint: 16601 ns, Total: 321717 ns
[2026-02-05T02:48:35.954+0000][7][safepoint   ] Safepoint "Cleanup", Time since last: 1000782083 ns, Reaching safepoint: 226412 ns, At safepoint: 29201 ns, Total: 255613 ns
[2026-02-05T02:48:36.954+0000][7][safepoint   ] Safepoint "Cleanup", Time since last: 1000622525 ns, Reaching safepoint: 221011 ns, At safepoint: 19301 ns, Total: 240312 ns
[2026-02-05T02:48:39.955+0000][7][safepoint   ] Safepoint "Cleanup", Time since last: 3000681513 ns, Reaching safepoint: 184509 ns, At safepoint: 10501 ns, Total: 195010 ns
[2026-02-05T02:48:40.956+0000][7][safepoint   ] Safepoint "Cleanup", Time since last: 1000543620 ns, Reaching safepoint: 180710 ns, At safepoint: 5300 ns, Total: 186010 ns
[2026-02-05T02:48:41.957+0000][7][safepoint   ] Safepoint "Cleanup", Time since last: 1000411913 ns, Reaching safepoint: 175210 ns, At safepoint: 4400 ns, Total: 179610 ns
[2026-02-05T02:48:42.957+0000][7][safepoint   ] Safepoint "Cleanup", Time since last: 1000450615 ns, Reaching safepoint: 207911 ns, At safepoint: 27302 ns, Total: 235213 ns
[2026-02-05T02:48:43.958+0000][7][safepoint   ] Safepoint "Cleanup", Time since last: 1000393476 ns, Reaching safepoint: 244313 ns, At safepoint: 7200 ns, Total: 251513 ns
[2026-02-05T02:48:44.958+0000][7][safepoint   ] Safepoint "Cleanup", Time since last: 1000489357 ns, Reaching safepoint: 178609 ns, At safepoint: 22901 ns, Total: 201510 ns
[2026-02-05T02:48:45.959+0000][7][safepoint   ] Safepoint "Cleanup", Time since last: 1000608064 ns, Reaching safepoint: 188310 ns, At safepoint: 4600 ns, Total: 192910 ns
[2026-02-05T02:48:46.959+0000][7][safepoint   ] Safepoint "Cleanup", Time since last: 1000503859 ns, Reaching safepoint: 196510 ns, At safepoint: 4300 ns, Total: 200810 ns
[2026-02-05T02:48:47.504+0000][7][gc,start    ] GC(30) Pause Young (Normal) (G1 Evacuation Pause)
[2026-02-05T02:48:47.504+0000][7][gc,task     ] GC(30) Using 10 workers of 10 for evacuation
[2026-02-05T02:48:47.505+0000][7][gc,age      ] GC(30) Desired survivor size 20971520 bytes, new threshold 15 (max threshold 15)
[2026-02-05T02:48:47.512+0000][7][gc,age      ] GC(30) Age table with threshold 15 (max threshold 15)
[2026-02-05T02:48:47.512+0000][7][gc,age      ] GC(30) - age   1:    2958128 bytes,    2958128 total
[2026-02-05T02:48:47.513+0000][7][gc,age      ] GC(30) - age   2:    1326440 bytes,    4284568 total
[2026-02-05T02:48:47.513+0000][7][gc,age      ] GC(30) - age   3:     396480 bytes,    4681048 total
[2026-02-05T02:48:47.513+0000][7][gc,age      ] GC(30) - age   4:      25944 bytes,    4706992 total
[2026-02-05T02:48:47.514+0000][7][gc,age      ] GC(30) - age   5:      14624 bytes,    4721616 total
[2026-02-05T02:48:47.514+0000][7][gc,age      ] GC(30) - age   6:    1581120 bytes,    6302736 total
[2026-02-05T02:48:47.514+0000][7][gc,age      ] GC(30) - age   7:      52024 bytes,    6354760 total
[2026-02-05T02:48:47.514+0000][7][gc,age      ] GC(30) - age   8:     927416 bytes,    7282176 total
[2026-02-05T02:48:47.515+0000][7][gc,age      ] GC(30) - age   9:     982432 bytes,    8264608 total
[2026-02-05T02:48:47.515+0000][7][gc,age      ] GC(30) - age  10:      66904 bytes,    8331512 total
[2026-02-05T02:48:47.515+0000][7][gc,age      ] GC(30) - age  11:     648704 bytes,    8980216 total
[2026-02-05T02:48:47.515+0000][7][gc,age      ] GC(30) - age  12:    3866024 bytes,   12846240 total
[2026-02-05T02:48:47.516+0000][7][gc,age      ] GC(30) - age  13:    3882760 bytes,   16729000 total
[2026-02-05T02:48:47.516+0000][7][gc,phases   ] GC(30)   Pre Evacuate Collection Set: 0.2ms
[2026-02-05T02:48:47.516+0000][7][gc,phases   ] GC(30)   Merge Heap Roots: 0.2ms
[2026-02-05T02:48:47.516+0000][7][gc,phases   ] GC(30)   Evacuate Collection Set: 4.8ms
[2026-02-05T02:48:47.516+0000][7][gc,phases   ] GC(30)   Post Evacuate Collection Set: 1.8ms
[2026-02-05T02:48:47.516+0000][7][gc,phases   ] GC(30)   Other: 4.8ms
[2026-02-05T02:48:47.516+0000][7][gc,heap     ] GC(30) Eden regions: 68->0(68)
[2026-02-05T02:48:47.517+0000][7][gc,heap     ] GC(30) Survivor regions: 5->5(10)
[2026-02-05T02:48:47.517+0000][7][gc,heap     ] GC(30) Old regions: 23->23
[2026-02-05T02:48:47.517+0000][7][gc,heap     ] GC(30) Archive regions: 2->2
[2026-02-05T02:48:47.517+0000][7][gc,heap     ] GC(30) Humongous regions: 5->5
[2026-02-05T02:48:47.517+0000][7][gc,metaspace] GC(30) Metaspace: 118209K(119872K)->118209K(119872K) NonClass: 102617K(103552K)->102617K(103552K) Class: 15591K(16320K)->15591K(16320K)
[2026-02-05T02:48:47.517+0000][7][gc          ] GC(30) Pause Young (Normal) (G1 Evacuation Pause) 402M->131M(512M) 13.468ms
[2026-02-05T02:48:47.518+0000][7][gc,cpu      ] GC(30) User=0.03s Sys=0.00s Real=0.01s
[2026-02-05T02:48:47.518+0000][7][safepoint   ] Safepoint "G1CollectForAllocation", Time since last: 544391408 ns, Reaching safepoint: 262514 ns, At safepoint: 13934319 ns, Total: 14196833 ns
[2026-02-05T02:48:48.518+0000][7][safepoint   ] Safepoint "Cleanup", Time since last: 1000336250 ns, Reaching safepoint: 198110 ns, At safepoint: 6001 ns, Total: 204111 ns
[2026-02-05T02:48:49.519+0000][7][safepoint   ] Safepoint "Cleanup", Time since last: 1000394553 ns, Reaching safepoint: 218511 ns, At safepoint: 6800 ns, Total: 225311 ns
[2026-02-05T02:48:51.520+0000][7][safepoint   ] Safepoint "Cleanup", Time since last: 2000852763 ns, Reaching safepoint: 293015 ns, At safepoint: 15101 ns, Total: 308116 ns
[2026-02-05T02:48:52.521+0000][7][safepoint   ] Safepoint "Cleanup", Time since last: 1000597612 ns, Reaching safepoint: 218011 ns, At safepoint: 9600 ns, Total: 227611 ns
[2026-02-05T02:48:54.522+0000][7][safepoint   ] Safepoint "Cleanup", Time since last: 2000646894 ns, Reaching safepoint: 249513 ns, At safepoint: 14901 ns, Total: 264414 ns
[2026-02-05T02:48:56.523+0000][7][safepoint   ] Safepoint "Cleanup", Time since last: 2000707297 ns, Reaching safepoint: 267014 ns, At safepoint: 15501 ns, Total: 282515 ns
[2026-02-05T02:48:57.524+0000][7][safepoint   ] Safepoint "Cleanup", Time since last: 1000584610 ns, Reaching safepoint: 262314 ns, At safepoint: 12001 ns, Total: 274315 ns
[2026-02-05T02:48:59.525+0000][7][safepoint   ] Safepoint "Cleanup", Time since last: 2000603968 ns, Reaching safepoint: 187309 ns, At safepoint: 9201 ns, Total: 196510 ns
[2026-02-05T02:49:00.525+0000][7][safepoint   ] Safepoint "Cleanup", Time since last: 1000396540 ns, Reaching safepoint: 212611 ns, At safepoint: 8000 ns, Total: 220611 ns
[2026-02-05T02:49:01.526+0000][7][safepoint   ] Safepoint "Cleanup", Time since last: 1000854464 ns, Reaching safepoint: 280814 ns, At safepoint: 24402 ns, Total: 305216 ns
[2026-02-05T02:49:02.527+0000][7][safepoint   ] Safepoint "Cleanup", Time since last: 1000566048 ns, Reaching safepoint: 192710 ns, At safepoint: 5801 ns, Total: 198511 ns
[2026-02-05T02:49:03.528+0000][7][safepoint   ] Safepoint "Cleanup", Time since last: 1000345237 ns, Reaching safepoint: 194510 ns, At safepoint: 7101 ns, Total: 201611 ns
[2026-02-05T02:49:04.528+0000][7][safepoint   ] Safepoint "Cleanup", Time since last: 1000538347 ns, Reaching safepoint: 201210 ns, At safepoint: 10401 ns, Total: 211611 ns
[2026-02-05T02:49:06.530+0000][7][safepoint   ] Safepoint "Cleanup", Time since last: 2000903285 ns, Reaching safepoint: 337918 ns, At safepoint: 9600 ns, Total: 347518 ns
[2026-02-05T02:49:09.531+0000][7][safepoint   ] Safepoint "Cleanup", Time since last: 3000957316 ns, Reaching safepoint: 189509 ns, At safepoint: 12001 ns, Total: 201510 ns
[2026-02-05T02:49:10.532+0000][7][safepoint   ] Safepoint "Cleanup", Time since last: 1000577792 ns, Reaching safepoint: 621032 ns, At safepoint: 14100 ns, Total: 635132 ns
[2026-02-05T02:49:11.533+0000][7][safepoint   ] Safepoint "Cleanup", Time since last: 1000854607 ns, Reaching safepoint: 187609 ns, At safepoint: 5900 ns, Total: 193509 ns
[2026-02-05T02:49:12.534+0000][7][safepoint   ] Safepoint "Cleanup", Time since last: 1000425685 ns, Reaching safepoint: 262013 ns, At safepoint: 6600 ns, Total: 268613 ns
[2026-02-05T02:49:13.535+0000][7][safepoint   ] Safepoint "Cleanup", Time since last: 1000623695 ns, Reaching safepoint: 262713 ns, At safepoint: 12001 ns, Total: 274714 ns
[2026-02-05T02:49:14.534+0000][7][safepoint   ] Safepoint "Cleanup", Time since last: 1000539689 ns, Reaching safepoint: 342118 ns, At safepoint: 11600 ns, Total: 353718 ns
[2026-02-05T02:49:16.535+0000][7][safepoint   ] Safepoint "Cleanup", Time since last: 2000893147 ns, Reaching safepoint: 276313 ns, At safepoint: 9500 ns, Total: 285813 ns
[2026-02-05T02:49:18.536+0000][7][safepoint   ] Safepoint "Cleanup", Time since last: 2000655220 ns, Reaching safepoint: 165608 ns, At safepoint: 12200 ns, Total: 177808 ns
[2026-02-05T02:49:19.536+0000][7][safepoint   ] Safepoint "Cleanup", Time since last: 1000446866 ns, Reaching safepoint: 206309 ns, At safepoint: 6700 ns, Total: 213009 ns
[2026-02-05T02:49:21.539+0000][7][safepoint   ] Safepoint "Cleanup", Time since last: 2001118741 ns, Reaching safepoint: 1000746 ns, At safepoint: 49802 ns, Total: 1050548 ns
[2026-02-05T02:49:22.540+0000][7][safepoint   ] Safepoint "Cleanup", Time since last: 1001248701 ns, Reaching safepoint: 221710 ns, At safepoint: 25802 ns, Total: 247512 ns
[2026-02-05T02:49:24.541+0000][7][safepoint   ] Safepoint "Cleanup", Time since last: 2000553390 ns, Reaching safepoint: 187910 ns, At safepoint: 5100 ns, Total: 193010 ns
[2026-02-05T02:49:25.542+0000][7][safepoint   ] Safepoint "Cleanup", Time since last: 1000558267 ns, Reaching safepoint: 197110 ns, At safepoint: 6001 ns, Total: 203111 ns
[2026-02-05T02:49:26.542+0000][7][safepoint   ] Safepoint "Cleanup", Time since last: 1000469262 ns, Reaching safepoint: 186009 ns, At safepoint: 4901 ns, Total: 190910 ns
[2026-02-05T02:49:26.968+0000][7][gc,start    ] GC(31) Pause Young (Normal) (G1 Evacuation Pause)
[2026-02-05T02:49:26.968+0000][7][gc,task     ] GC(31) Using 10 workers of 10 for evacuation
[2026-02-05T02:49:26.969+0000][7][gc,age      ] GC(31) Desired survivor size 20971520 bytes, new threshold 15 (max threshold 15)
[2026-02-05T02:49:26.978+0000][7][gc,age      ] GC(31) Age table with threshold 15 (max threshold 15)
[2026-02-05T02:49:26.978+0000][7][gc,age      ] GC(31) - age   1:    3566888 bytes,    3566888 total
[2026-02-05T02:49:26.979+0000][7][gc,age      ] GC(31) - age   2:    1729312 bytes,    5296200 total
[2026-02-05T02:49:26.979+0000][7][gc,age      ] GC(31) - age   3:     878240 bytes,    6174440 total
[2026-02-05T02:49:26.979+0000][7][gc,age      ] GC(31) - age   4:     395896 bytes,    6570336 total
[2026-02-05T02:49:26.979+0000][7][gc,age      ] GC(31) - age   5:      24656 bytes,    6594992 total
[2026-02-05T02:49:26.980+0000][7][gc,age      ] GC(31) - age   6:      14400 bytes,    6609392 total
[2026-02-05T02:49:26.980+0000][7][gc,age      ] GC(31) - age   7:    1460896 bytes,    8070288 total
[2026-02-05T02:49:26.980+0000][7][gc,age      ] GC(31) - age   8:      51928 bytes,    8122216 total
[2026-02-05T02:49:26.980+0000][7][gc,age      ] GC(31) - age   9:     893080 bytes,    9015296 total
[2026-02-05T02:49:26.981+0000][7][gc,age      ] GC(31) - age  10:     950248 bytes,    9965544 total
[2026-02-05T02:49:26.981+0000][7][gc,age      ] GC(31) - age  11:      66904 bytes,   10032448 total
[2026-02-05T02:49:26.981+0000][7][gc,age      ] GC(31) - age  12:     531656 bytes,   10564104 total
[2026-02-05T02:49:26.981+0000][7][gc,age      ] GC(31) - age  13:    3865504 bytes,   14429608 total
[2026-02-05T02:49:26.981+0000][7][gc,age      ] GC(31) - age  14:    3882280 bytes,   18311888 total
[2026-02-05T02:49:26.982+0000][7][gc,phases   ] GC(31)   Pre Evacuate Collection Set: 0.3ms
[2026-02-05T02:49:26.982+0000][7][gc,phases   ] GC(31)   Merge Heap Roots: 0.2ms
[2026-02-05T02:49:26.982+0000][7][gc,phases   ] GC(31)   Evacuate Collection Set: 6.1ms
[2026-02-05T02:49:26.982+0000][7][gc,phases   ] GC(31)   Post Evacuate Collection Set: 2.3ms
[2026-02-05T02:49:26.982+0000][7][gc,phases   ] GC(31)   Other: 4.6ms
[2026-02-05T02:49:26.982+0000][7][gc,heap     ] GC(31) Eden regions: 68->0(68)
[2026-02-05T02:49:26.982+0000][7][gc,heap     ] GC(31) Survivor regions: 5->5(10)
[2026-02-05T02:49:26.982+0000][7][gc,heap     ] GC(31) Old regions: 23->23
[2026-02-05T02:49:26.983+0000][7][gc,heap     ] GC(31) Archive regions: 2->2
[2026-02-05T02:49:26.983+0000][7][gc,heap     ] GC(31) Humongous regions: 5->5
[2026-02-05T02:49:26.983+0000][7][gc,metaspace] GC(31) Metaspace: 118415K(120064K)->118415K(120064K) NonClass: 102822K(103744K)->102822K(103744K) Class: 15593K(16320K)->15593K(16320K)
[2026-02-05T02:49:26.983+0000][7][gc          ] GC(31) Pause Young (Normal) (G1 Evacuation Pause) 403M->132M(512M) 14.879ms
[2026-02-05T02:49:26.983+0000][7][gc,cpu      ] GC(31) User=0.04s Sys=0.01s Real=0.02s
[2026-02-05T02:49:26.983+0000][7][safepoint   ] Safepoint "G1CollectForAllocation", Time since last: 425563588 ns, Reaching safepoint: 191109 ns, At safepoint: 15240295 ns, Total: 15431404 ns
[2026-02-05T02:49:28.055+0000][7][safepoint   ] Safepoint "Cleanup", Time since last: 1071466564 ns, Reaching safepoint: 173109 ns, At safepoint: 5400 ns, Total: 178509 ns
[2026-02-05T02:49:29.056+0000][7][safepoint   ] Safepoint "Cleanup", Time since last: 1000467562 ns, Reaching safepoint: 203511 ns, At safepoint: 6700 ns, Total: 210211 ns
[2026-02-05T02:49:30.056+0000][7][safepoint   ] Safepoint "Cleanup", Time since last: 1000520164 ns, Reaching safepoint: 257814 ns, At safepoint: 10300 ns, Total: 268114 ns
[2026-02-05T02:49:32.057+0000][7][safepoint   ] Safepoint "Cleanup", Time since last: 2000785240 ns, Reaching safepoint: 191810 ns, At safepoint: 4900 ns, Total: 196710 ns
[2026-02-05T02:49:33.058+0000][7][safepoint   ] Safepoint "Cleanup", Time since last: 1000370929 ns, Reaching safepoint: 178609 ns, At safepoint: 3900 ns, Total: 182509 ns
[2026-02-05T02:49:34.059+0000][7][safepoint   ] Safepoint "Cleanup", Time since last: 1000453033 ns, Reaching safepoint: 250914 ns, At safepoint: 6700 ns, Total: 257614 ns
[2026-02-05T02:49:35.060+0000][7][safepoint   ] Safepoint "Cleanup", Time since last: 1000832753 ns, Reaching safepoint: 510727 ns, At safepoint: 12300 ns, Total: 523027 ns
[2026-02-05T02:49:37.061+0000][7][safepoint   ] Safepoint "Cleanup", Time since last: 2000867964 ns, Reaching safepoint: 330917 ns, At safepoint: 9401 ns, Total: 340318 ns
[2026-02-05T02:49:39.062+0000][7][safepoint   ] Safepoint "Cleanup", Time since last: 2000472943 ns, Reaching safepoint: 191310 ns, At safepoint: 5200 ns, Total: 196510 ns
[2026-02-05T02:49:40.063+0000][7][safepoint   ] Safepoint "Cleanup", Time since last: 1000480510 ns, Reaching safepoint: 789940 ns, At safepoint: 19301 ns, Total: 809241 ns
[2026-02-05T02:49:41.065+0000][7][safepoint   ] Safepoint "Cleanup", Time since last: 1001285949 ns, Reaching safepoint: 202110 ns, At safepoint: 5000 ns, Total: 207110 ns
[2026-02-05T02:49:42.065+0000][7][safepoint   ] Safepoint "Cleanup", Time since last: 1000481308 ns, Reaching safepoint: 290215 ns, At safepoint: 12600 ns, Total: 302815 ns
[2026-02-05T02:49:43.066+0000][7][safepoint   ] Safepoint "Cleanup", Time since last: 1000448706 ns, Reaching safepoint: 202611 ns, At safepoint: 19501 ns, Total: 222112 ns
[2026-02-05T02:49:44.066+0000][7][safepoint   ] Safepoint "Cleanup", Time since last: 1000295298 ns, Reaching safepoint: 173509 ns, At safepoint: 4700 ns, Total: 178209 ns
[2026-02-05T02:49:45.066+0000][7][safepoint   ] Safepoint "Cleanup", Time since last: 1000431904 ns, Reaching safepoint: 180309 ns, At safepoint: 19301 ns, Total: 199610 ns
[2026-02-05T02:49:46.066+0000][7][safepoint   ] Safepoint "Cleanup", Time since last: 1000427405 ns, Reaching safepoint: 193610 ns, At safepoint: 6400 ns, Total: 200010 ns
[2026-02-05T02:49:47.067+0000][7][safepoint   ] Safepoint "Cleanup", Time since last: 1000442806 ns, Reaching safepoint: 187310 ns, At safepoint: 4400 ns, Total: 191710 ns
[2026-02-05T02:49:48.068+0000][7][safepoint   ] Safepoint "Cleanup", Time since last: 1000542915 ns, Reaching safepoint: 261614 ns, At safepoint: 6200 ns, Total: 267814 ns
[2026-02-05T02:49:49.069+0000][7][safepoint   ] Safepoint "Cleanup", Time since last: 1000800893 ns, Reaching safepoint: 785240 ns, At safepoint: 17701 ns, Total: 802941 ns
[2026-02-05T02:49:51.071+0000][7][safepoint   ] Safepoint "Cleanup", Time since last: 2001501882 ns, Reaching safepoint: 258714 ns, At safepoint: 20101 ns, Total: 278815 ns
[2026-02-05T02:49:52.072+0000][7][safepoint   ] Safepoint "Cleanup", Time since last: 1000420574 ns, Reaching safepoint: 183409 ns, At safepoint: 5001 ns, Total: 188410 ns
[2026-02-05T02:49:53.073+0000][7][safepoint   ] Safepoint "Cleanup", Time since last: 1000871197 ns, Reaching safepoint: 224911 ns, At safepoint: 12101 ns, Total: 237012 ns
[2026-02-05T02:49:54.074+0000][7][safepoint   ] Safepoint "Cleanup", Time since last: 1000687788 ns, Reaching safepoint: 222711 ns, At safepoint: 9300 ns, Total: 232011 ns
[2026-02-05T02:49:55.075+0000][7][safepoint   ] Safepoint "Cleanup", Time since last: 1000754992 ns, Reaching safepoint: 834342 ns, At safepoint: 18101 ns, Total: 852443 ns
[2026-02-05T02:49:57.077+0000][7][safepoint   ] Safepoint "Cleanup", Time since last: 2001344648 ns, Reaching safepoint: 194210 ns, At safepoint: 7701 ns, Total: 201911 ns
[2026-02-05T02:49:58.078+0000][7][safepoint   ] Safepoint "Cleanup", Time since last: 1000544336 ns, Reaching safepoint: 312616 ns, At safepoint: 69604 ns, Total: 382220 ns
[2026-02-05T02:49:59.080+0000][7][safepoint   ] Safepoint "Cleanup", Time since last: 1001799301 ns, Reaching safepoint: 275514 ns, At safepoint: 12701 ns, Total: 288215 ns
[2026-02-05T02:49:59.548+0000][7][gc,start    ] GC(32) Pause Young (Normal) (G1 Evacuation Pause)
[2026-02-05T02:49:59.548+0000][7][gc,task     ] GC(32) Using 10 workers of 10 for evacuation
[2026-02-05T02:49:59.548+0000][7][gc,age      ] GC(32) Desired survivor size 20971520 bytes, new threshold 15 (max threshold 15)
[2026-02-05T02:49:59.557+0000][7][gc,age      ] GC(32) Age table with threshold 15 (max threshold 15)
[2026-02-05T02:49:59.558+0000][7][gc,age      ] GC(32) - age   1:    5349520 bytes,    5349520 total
[2026-02-05T02:49:59.558+0000][7][gc,age      ] GC(32) - age   2:     231336 bytes,    5580856 total
[2026-02-05T02:49:59.558+0000][7][gc,age      ] GC(32) - age   3:    1458984 bytes,    7039840 total
[2026-02-05T02:49:59.559+0000][7][gc,age      ] GC(32) - age   4:     737688 bytes,    7777528 total
[2026-02-05T02:49:59.559+0000][7][gc,age      ] GC(32) - age   5:     395736 bytes,    8173264 total
[2026-02-05T02:49:59.559+0000][7][gc,age      ] GC(32) - age   6:      24560 bytes,    8197824 total
[2026-02-05T02:49:59.559+0000][7][gc,age      ] GC(32) - age   7:      14200 bytes,    8212024 total
[2026-02-05T02:49:59.560+0000][7][gc,age      ] GC(32) - age   8:    1332104 bytes,    9544128 total
[2026-02-05T02:49:59.560+0000][7][gc,age      ] GC(32) - age   9:      51728 bytes,    9595856 total
[2026-02-05T02:49:59.560+0000][7][gc,age      ] GC(32) - age  10:     892152 bytes,   10488008 total
[2026-02-05T02:49:59.560+0000][7][gc,age      ] GC(32) - age  11:     561688 bytes,   11049696 total
[2026-02-05T02:49:59.560+0000][7][gc,age      ] GC(32) - age  12:      66768 bytes,   11116464 total
[2026-02-05T02:49:59.561+0000][7][gc,age      ] GC(32) - age  13:     494728 bytes,   11611192 total
[2026-02-05T02:49:59.561+0000][7][gc,age      ] GC(32) - age  14:    3825432 bytes,   15436624 total
[2026-02-05T02:49:59.561+0000][7][gc,age      ] GC(32) - age  15:    3874704 bytes,   19311328 total
[2026-02-05T02:49:59.561+0000][7][gc,phases   ] GC(32)   Pre Evacuate Collection Set: 0.2ms
[2026-02-05T02:49:59.561+0000][7][gc,phases   ] GC(32)   Merge Heap Roots: 0.2ms
[2026-02-05T02:49:59.562+0000][7][gc,phases   ] GC(32)   Evacuate Collection Set: 6.5ms
[2026-02-05T02:49:59.562+0000][7][gc,phases   ] GC(32)   Post Evacuate Collection Set: 2.0ms
[2026-02-05T02:49:59.562+0000][7][gc,phases   ] GC(32)   Other: 4.3ms
[2026-02-05T02:49:59.562+0000][7][gc,heap     ] GC(32) Eden regions: 68->0(68)
[2026-02-05T02:49:59.562+0000][7][gc,heap     ] GC(32) Survivor regions: 5->5(10)
[2026-02-05T02:49:59.563+0000][7][gc,heap     ] GC(32) Old regions: 23->23
[2026-02-05T02:49:59.563+0000][7][gc,heap     ] GC(32) Archive regions: 2->2
[2026-02-05T02:49:59.563+0000][7][gc,heap     ] GC(32) Humongous regions: 5->5
[2026-02-05T02:49:59.563+0000][7][gc,metaspace] GC(32) Metaspace: 119576K(121280K)->119576K(121280K) NonClass: 103814K(104768K)->103814K(104768K) Class: 15762K(16512K)->15762K(16512K)
[2026-02-05T02:49:59.563+0000][7][gc          ] GC(32) Pause Young (Normal) (G1 Evacuation Pause) 404M->133M(512M) 15.294ms
[2026-02-05T02:49:59.563+0000][7][gc,cpu      ] GC(32) User=0.05s Sys=0.00s Real=0.02s
[2026-02-05T02:49:59.564+0000][7][safepoint   ] Safepoint "G1CollectForAllocation", Time since last: 467679449 ns, Reaching safepoint: 214111 ns, At safepoint: 15822210 ns, Total: 16036321 ns
[2026-02-05T02:50:00.564+0000][7][safepoint   ] Safepoint "Cleanup", Time since last: 1000385729 ns, Reaching safepoint: 295415 ns, At safepoint: 7100 ns, Total: 302515 ns
[2026-02-05T02:50:01.566+0000][7][safepoint   ] Safepoint "Cleanup", Time since last: 1000688644 ns, Reaching safepoint: 478825 ns, At safepoint: 12800 ns, Total: 491625 ns
[2026-02-05T02:50:03.567+0000][7][safepoint   ] Safepoint "Cleanup", Time since last: 2000985555 ns, Reaching safepoint: 189210 ns, At safepoint: 4800 ns, Total: 194010 ns
[2026-02-05T02:50:04.567+0000][7][safepoint   ] Safepoint "Cleanup", Time since last: 1000449695 ns, Reaching safepoint: 196210 ns, At safepoint: 5600 ns, Total: 201810 ns
[2026-02-05T02:50:06.568+0000][7][safepoint   ] Safepoint "Cleanup", Time since last: 2000681778 ns, Reaching safepoint: 184909 ns, At safepoint: 4701 ns, Total: 189610 ns
[2026-02-05T02:50:09.569+0000][7][safepoint   ] Safepoint "Cleanup", Time since last: 3000755953 ns, Reaching safepoint: 228312 ns, At safepoint: 29901 ns, Total: 258213 ns
[2026-02-05T02:50:10.570+0000][7][safepoint   ] Safepoint "Cleanup", Time since last: 1000423093 ns, Reaching safepoint: 214911 ns, At safepoint: 6301 ns, Total: 221212 ns
[2026-02-05T02:50:11.571+0000][7][safepoint   ] Safepoint "Cleanup", Time since last: 1000687845 ns, Reaching safepoint: 242110 ns, At safepoint: 7200 ns, Total: 249310 ns
[2026-02-05T02:50:12.572+0000][7][safepoint   ] Safepoint "Cleanup", Time since last: 1000583568 ns, Reaching safepoint: 253411 ns, At safepoint: 8500 ns, Total: 261911 ns
[2026-02-05T02:50:13.573+0000][7][safepoint   ] Safepoint "Cleanup", Time since last: 1000532666 ns, Reaching safepoint: 263611 ns, At safepoint: 17901 ns, Total: 281512 ns
[2026-02-05T02:50:14.572+0000][7][safepoint   ] Safepoint "Cleanup", Time since last: 1000690972 ns, Reaching safepoint: 299612 ns, At safepoint: 12701 ns, Total: 312313 ns
[2026-02-05T02:50:15.573+0000][7][safepoint   ] Safepoint "Cleanup", Time since last: 1000567867 ns, Reaching safepoint: 435918 ns, At safepoint: 34702 ns, Total: 470620 ns
[2026-02-05T02:50:16.574+0000][7][safepoint   ] Safepoint "Cleanup", Time since last: 1000571667 ns, Reaching safepoint: 248311 ns, At safepoint: 5700 ns, Total: 254011 ns
[2026-02-05T02:50:18.575+0000][7][safepoint   ] Safepoint "Cleanup", Time since last: 2000732318 ns, Reaching safepoint: 262311 ns, At safepoint: 14800 ns, Total: 277111 ns
[2026-02-05T02:50:19.575+0000][7][safepoint   ] Safepoint "Cleanup", Time since last: 1000453151 ns, Reaching safepoint: 198010 ns, At safepoint: 5300 ns, Total: 203310 ns
[2026-02-05T02:50:21.576+0000][7][safepoint   ] Safepoint "Cleanup", Time since last: 2000968354 ns, Reaching safepoint: 241412 ns, At safepoint: 13500 ns, Total: 254912 ns
[2026-02-05T02:50:24.577+0000][7][safepoint   ] Safepoint "Cleanup", Time since last: 3000838000 ns, Reaching safepoint: 174308 ns, At safepoint: 4901 ns, Total: 179209 ns
[2026-02-05T02:50:26.578+0000][7][safepoint   ] Safepoint "Cleanup", Time since last: 2000742942 ns, Reaching safepoint: 185309 ns, At safepoint: 8801 ns, Total: 194110 ns
[2026-02-05T02:50:28.276+0000][7][safepoint   ] Safepoint "Cleanup", Time since last: 1696993010 ns, Reaching safepoint: 272714 ns, At safepoint: 19601 ns, Total: 292315 ns
[2026-02-05T02:50:29.277+0000][7][safepoint   ] Safepoint "Cleanup", Time since last: 1000782261 ns, Reaching safepoint: 175609 ns, At safepoint: 5600 ns, Total: 181209 ns
[2026-02-05T02:50:30.277+0000][7][safepoint   ] Safepoint "Cleanup", Time since last: 1000434545 ns, Reaching safepoint: 238112 ns, At safepoint: 9900 ns, Total: 248012 ns
[2026-02-05T02:50:32.279+0000][7][safepoint   ] Safepoint "Cleanup", Time since last: 2000733481 ns, Reaching safepoint: 604631 ns, At safepoint: 12301 ns, Total: 616932 ns
[2026-02-05T02:50:33.280+0000][7][safepoint   ] Safepoint "Cleanup", Time since last: 1000961570 ns, Reaching safepoint: 186410 ns, At safepoint: 5500 ns, Total: 191910 ns
[2026-02-05T02:50:34.281+0000][7][safepoint   ] Safepoint "Cleanup", Time since last: 1000557950 ns, Reaching safepoint: 198210 ns, At safepoint: 5601 ns, Total: 203811 ns
[2026-02-05T02:50:35.282+0000][7][safepoint   ] Safepoint "Cleanup", Time since last: 1000636954 ns, Reaching safepoint: 294215 ns, At safepoint: 11600 ns, Total: 305815 ns
[2026-02-05T02:50:37.283+0000][7][safepoint   ] Safepoint "Cleanup", Time since last: 2001006355 ns, Reaching safepoint: 591530 ns, At safepoint: 12501 ns, Total: 604031 ns
[2026-02-05T02:50:39.285+0000][7][safepoint   ] Safepoint "Cleanup", Time since last: 2001169079 ns, Reaching safepoint: 266214 ns, At safepoint: 15501 ns, Total: 281715 ns
[2026-02-05T02:50:40.402+0000][7][safepoint   ] Safepoint "Cleanup", Time since last: 1117371343 ns, Reaching safepoint: 244713 ns, At safepoint: 13200 ns, Total: 257913 ns
[2026-02-05T02:50:42.403+0000][7][safepoint   ] Safepoint "Cleanup", Time since last: 2000555248 ns, Reaching safepoint: 258413 ns, At safepoint: 18801 ns, Total: 277214 ns
[2026-02-05T02:50:44.402+0000][7][safepoint   ] Safepoint "Cleanup", Time since last: 2000604916 ns, Reaching safepoint: 173109 ns, At safepoint: 19001 ns, Total: 192110 ns
[2026-02-05T02:50:45.402+0000][7][safepoint   ] Safepoint "Cleanup", Time since last: 1000354758 ns, Reaching safepoint: 189310 ns, At safepoint: 6700 ns, Total: 196010 ns
[2026-02-05T02:50:47.403+0000][7][safepoint   ] Safepoint "Cleanup", Time since last: 2000690215 ns, Reaching safepoint: 227912 ns, At safepoint: 5900 ns, Total: 233812 ns
[2026-02-05T02:50:48.404+0000][7][safepoint   ] Safepoint "Cleanup", Time since last: 1000493466 ns, Reaching safepoint: 192709 ns, At safepoint: 6401 ns, Total: 199110 ns
[2026-02-05T02:50:48.713+0000][7][gc,start    ] GC(33) Pause Young (Normal) (G1 Evacuation Pause)
[2026-02-05T02:50:48.713+0000][7][gc,task     ] GC(33) Using 10 workers of 10 for evacuation
[2026-02-05T02:50:48.713+0000][7][gc,age      ] GC(33) Desired survivor size 20971520 bytes, new threshold 15 (max threshold 15)
[2026-02-05T02:50:48.721+0000][7][gc,age      ] GC(33) Age table with threshold 15 (max threshold 15)
[2026-02-05T02:50:48.721+0000][7][gc,age      ] GC(33) - age   1:    3270680 bytes,    3270680 total
[2026-02-05T02:50:48.722+0000][7][gc,age      ] GC(33) - age   2:    2133480 bytes,    5404160 total
[2026-02-05T02:50:48.722+0000][7][gc,age      ] GC(33) - age   3:      72976 bytes,    5477136 total
[2026-02-05T02:50:48.722+0000][7][gc,age      ] GC(33) - age   4:    1457984 bytes,    6935120 total
[2026-02-05T02:50:48.722+0000][7][gc,age      ] GC(33) - age   5:     736736 bytes,    7671856 total
[2026-02-05T02:50:48.723+0000][7][gc,age      ] GC(33) - age   6:     395608 bytes,    8067464 total
[2026-02-05T02:50:48.723+0000][7][gc,age      ] GC(33) - age   7:      24560 bytes,    8092024 total
[2026-02-05T02:50:48.723+0000][7][gc,age      ] GC(33) - age   8:      14136 bytes,    8106160 total
[2026-02-05T02:50:48.724+0000][7][gc,age      ] GC(33) - age   9:    1331840 bytes,    9438000 total
[2026-02-05T02:50:48.724+0000][7][gc,age      ] GC(33) - age  10:      51728 bytes,    9489728 total
[2026-02-05T02:50:48.724+0000][7][gc,age      ] GC(33) - age  11:     892152 bytes,   10381880 total
[2026-02-05T02:50:48.724+0000][7][gc,age      ] GC(33) - age  12:     561688 bytes,   10943568 total
[2026-02-05T02:50:48.725+0000][7][gc,age      ] GC(33) - age  13:      66768 bytes,   11010336 total
[2026-02-05T02:50:48.725+0000][7][gc,age      ] GC(33) - age  14:     494728 bytes,   11505064 total
[2026-02-05T02:50:48.725+0000][7][gc,age      ] GC(33) - age  15:    3825432 bytes,   15330496 total
[2026-02-05T02:50:48.726+0000][7][gc,phases   ] GC(33)   Pre Evacuate Collection Set: 0.3ms
[2026-02-05T02:50:48.726+0000][7][gc,phases   ] GC(33)   Merge Heap Roots: 0.2ms
[2026-02-05T02:50:48.726+0000][7][gc,phases   ] GC(33)   Evacuate Collection Set: 4.9ms
[2026-02-05T02:50:48.726+0000][7][gc,phases   ] GC(33)   Post Evacuate Collection Set: 2.1ms
[2026-02-05T02:50:48.726+0000][7][gc,phases   ] GC(33)   Other: 5.6ms
[2026-02-05T02:50:48.726+0000][7][gc,heap     ] GC(33) Eden regions: 68->0(67)
[2026-02-05T02:50:48.727+0000][7][gc,heap     ] GC(33) Survivor regions: 5->5(10)
[2026-02-05T02:50:48.727+0000][7][gc,heap     ] GC(33) Old regions: 23->24
[2026-02-05T02:50:48.727+0000][7][gc,heap     ] GC(33) Archive regions: 2->2
[2026-02-05T02:50:48.727+0000][7][gc,heap     ] GC(33) Humongous regions: 5->5
[2026-02-05T02:50:48.727+0000][7][gc,metaspace] GC(33) Metaspace: 119842K(121536K)->119842K(121536K) NonClass: 104057K(105024K)->104057K(105024K) Class: 15784K(16512K)->15784K(16512K)
[2026-02-05T02:50:48.727+0000][7][gc          ] GC(33) Pause Young (Normal) (G1 Evacuation Pause) 405M->134M(512M) 14.696ms
[2026-02-05T02:50:48.727+0000][7][gc,cpu      ] GC(33) User=0.04s Sys=0.01s Real=0.02s
[2026-02-05T02:50:48.728+0000][7][safepoint   ] Safepoint "G1CollectForAllocation", Time since last: 308433573 ns, Reaching safepoint: 284515 ns, At safepoint: 15079771 ns, Total: 15364286 ns
[2026-02-05T02:50:49.728+0000][7][safepoint   ] Safepoint "Cleanup", Time since last: 1000240952 ns, Reaching safepoint: 191210 ns, At safepoint: 4900 ns, Total: 196110 ns
[2026-02-05T02:50:50.729+0000][7][safepoint   ] Safepoint "Cleanup", Time since last: 1000393660 ns, Reaching safepoint: 196810 ns, At safepoint: 34002 ns, Total: 230812 ns
[2026-02-05T02:50:51.729+0000][7][safepoint   ] Safepoint "Cleanup", Time since last: 1000265561 ns, Reaching safepoint: 182510 ns, At safepoint: 19001 ns, Total: 201511 ns
[2026-02-05T02:50:52.730+0000][7][safepoint   ] Safepoint "Cleanup", Time since last: 1000509417 ns, Reaching safepoint: 219212 ns, At safepoint: 5400 ns, Total: 224612 ns
[2026-02-05T02:50:54.731+0000][7][safepoint   ] Safepoint "Cleanup", Time since last: 2000844025 ns, Reaching safepoint: 274315 ns, At safepoint: 15001 ns, Total: 289316 ns
[2026-02-05T02:50:55.732+0000][7][safepoint   ] Safepoint "Cleanup", Time since last: 1000467715 ns, Reaching safepoint: 190210 ns, At safepoint: 4300 ns, Total: 194510 ns
[2026-02-05T02:50:56.732+0000][7][safepoint   ] Safepoint "Cleanup", Time since last: 1000450014 ns, Reaching safepoint: 175810 ns, At safepoint: 4000 ns, Total: 179810 ns
[2026-02-05T02:50:57.733+0000][7][safepoint   ] Safepoint "Cleanup", Time since last: 1000545019 ns, Reaching safepoint: 227713 ns, At safepoint: 33801 ns, Total: 261514 ns
[2026-02-05T02:50:58.734+0000][7][safepoint   ] Safepoint "Cleanup", Time since last: 1000445414 ns, Reaching safepoint: 281915 ns, At safepoint: 10501 ns, Total: 292416 ns
[2026-02-05T02:50:59.735+0000][7][safepoint   ] Safepoint "Cleanup", Time since last: 1000564884 ns, Reaching safepoint: 187310 ns, At safepoint: 4401 ns, Total: 191711 ns
[2026-02-05T02:51:00.736+0000][7][safepoint   ] Safepoint "Cleanup", Time since last: 1000608407 ns, Reaching safepoint: 301417 ns, At safepoint: 34002 ns, Total: 335419 ns
[2026-02-05T02:51:01.737+0000][7][safepoint   ] Safepoint "Cleanup", Time since last: 1000813619 ns, Reaching safepoint: 772545 ns, At safepoint: 18501 ns, Total: 791046 ns
[2026-02-05T02:51:02.739+0000][7][safepoint   ] Safepoint "Cleanup", Time since last: 1001193441 ns, Reaching safepoint: 194111 ns, At safepoint: 5100 ns, Total: 199211 ns
[2026-02-05T02:51:03.739+0000][7][safepoint   ] Safepoint "Cleanup", Time since last: 1000551904 ns, Reaching safepoint: 258115 ns, At safepoint: 22301 ns, Total: 280416 ns
[2026-02-05T02:51:04.740+0000][7][safepoint   ] Safepoint "Cleanup", Time since last: 1000548204 ns, Reaching safepoint: 250215 ns, At safepoint: 8200 ns, Total: 258415 ns
[2026-02-05T02:51:06.741+0000][7][safepoint   ] Safepoint "Cleanup", Time since last: 2001015403 ns, Reaching safepoint: 218013 ns, At safepoint: 11100 ns, Total: 229113 ns
[2026-02-05T02:51:09.743+0000][7][safepoint   ] Safepoint "Cleanup", Time since last: 3001208464 ns, Reaching safepoint: 197712 ns, At safepoint: 20501 ns, Total: 218213 ns
[2026-02-05T02:51:10.744+0000][7][safepoint   ] Safepoint "Cleanup", Time since last: 1000403285 ns, Reaching safepoint: 448125 ns, At safepoint: 22401 ns, Total: 470526 ns
[2026-02-05T02:51:12.578+0000][7][safepoint   ] Safepoint "Cleanup", Time since last: 1833682900 ns, Reaching safepoint: 202012 ns, At safepoint: 5100 ns, Total: 207112 ns
[2026-02-05T02:51:13.578+0000][7][safepoint   ] Safepoint "Cleanup", Time since last: 1000557993 ns, Reaching safepoint: 185511 ns, At safepoint: 5400 ns, Total: 190911 ns
[2026-02-05T02:51:14.579+0000][7][safepoint   ] Safepoint "Cleanup", Time since last: 1000651798 ns, Reaching safepoint: 654537 ns, At safepoint: 22501 ns, Total: 677038 ns
[2026-02-05T02:51:14.773+0000][7][gc,start    ] GC(34) Pause Young (Normal) (G1 Evacuation Pause)
[2026-02-05T02:51:14.773+0000][7][gc,task     ] GC(34) Using 10 workers of 10 for evacuation
[2026-02-05T02:51:14.773+0000][7][gc,age      ] GC(34) Desired survivor size 18874368 bytes, new threshold 15 (max threshold 15)
[2026-02-05T02:51:14.780+0000][7][gc,age      ] GC(34) Age table with threshold 15 (max threshold 15)
[2026-02-05T02:51:14.780+0000][7][gc,age      ] GC(34) - age   1:    5899032 bytes,    5899032 total
[2026-02-05T02:51:14.781+0000][7][gc,age      ] GC(34) - age   2:    1592800 bytes,    7491832 total
[2026-02-05T02:51:14.781+0000][7][gc,age      ] GC(34) - age   3:    1254856 bytes,    8746688 total
[2026-02-05T02:51:14.781+0000][7][gc,age      ] GC(34) - age   4:      72248 bytes,    8818936 total
[2026-02-05T02:51:14.781+0000][7][gc,age      ] GC(34) - age   5:    1450312 bytes,   10269248 total
[2026-02-05T02:51:14.782+0000][7][gc,age      ] GC(34) - age   6:     717088 bytes,   10986336 total
[2026-02-05T02:51:14.782+0000][7][gc,age      ] GC(34) - age   7:     395576 bytes,   11381912 total
[2026-02-05T02:51:14.782+0000][7][gc,age      ] GC(34) - age   8:      24560 bytes,   11406472 total
[2026-02-05T02:51:14.783+0000][7][gc,age      ] GC(34) - age   9:      14072 bytes,   11420544 total
[2026-02-05T02:51:14.783+0000][7][gc,age      ] GC(34) - age  10:    1283984 bytes,   12704528 total
[2026-02-05T02:51:14.783+0000][7][gc,age      ] GC(34) - age  11:      51728 bytes,   12756256 total
[2026-02-05T02:51:14.783+0000][7][gc,age      ] GC(34) - age  12:     335112 bytes,   13091368 total
[2026-02-05T02:51:14.784+0000][7][gc,age      ] GC(34) - age  13:     556760 bytes,   13648128 total
[2026-02-05T02:51:14.784+0000][7][gc,age      ] GC(34) - age  14:      66768 bytes,   13714896 total
[2026-02-05T02:51:14.784+0000][7][gc,age      ] GC(34) - age  15:     478560 bytes,   14193456 total
[2026-02-05T02:51:14.784+0000][7][gc,phases   ] GC(34)   Pre Evacuate Collection Set: 0.2ms
[2026-02-05T02:51:14.785+0000][7][gc,phases   ] GC(34)   Merge Heap Roots: 0.2ms
[2026-02-05T02:51:14.785+0000][7][gc,phases   ] GC(34)   Evacuate Collection Set: 4.7ms
[2026-02-05T02:51:14.785+0000][7][gc,phases   ] GC(34)   Post Evacuate Collection Set: 1.9ms
[2026-02-05T02:51:14.785+0000][7][gc,phases   ] GC(34)   Other: 4.8ms
[2026-02-05T02:51:14.785+0000][7][gc,heap     ] GC(34) Eden regions: 67->0(67)
[2026-02-05T02:51:14.786+0000][7][gc,heap     ] GC(34) Survivor regions: 5->4(9)
[2026-02-05T02:51:14.786+0000][7][gc,heap     ] GC(34) Old regions: 24->25
[2026-02-05T02:51:14.786+0000][7][gc,heap     ] GC(34) Archive regions: 2->2
[2026-02-05T02:51:14.786+0000][7][gc,heap     ] GC(34) Humongous regions: 5->5
[2026-02-05T02:51:14.786+0000][7][gc,metaspace] GC(34) Metaspace: 120080K(121792K)->120080K(121792K) NonClass: 104281K(105280K)->104281K(105280K) Class: 15798K(16512K)->15798K(16512K)
[2026-02-05T02:51:14.787+0000][7][gc          ] GC(34) Pause Young (Normal) (G1 Evacuation Pause) 401M->135M(512M) 14.059ms
[2026-02-05T02:51:14.787+0000][7][gc,cpu      ] GC(34) User=0.04s Sys=0.00s Real=0.02s
[2026-02-05T02:51:14.787+0000][7][safepoint   ] Safepoint "G1CollectForAllocation", Time since last: 193409143 ns, Reaching safepoint: 185111 ns, At safepoint: 14539815 ns, Total: 14724926 ns
[2026-02-05T02:51:15.788+0000][7][safepoint   ] Safepoint "Cleanup", Time since last: 1000356712 ns, Reaching safepoint: 201411 ns, At safepoint: 5000 ns, Total: 206411 ns
[2026-02-05T02:51:16.788+0000][7][safepoint   ] Safepoint "Cleanup", Time since last: 1000492247 ns, Reaching safepoint: 255714 ns, At safepoint: 12801 ns, Total: 268515 ns
[2026-02-05T02:51:17.789+0000][7][safepoint   ] Safepoint "Cleanup", Time since last: 1000684457 ns, Reaching safepoint: 376820 ns, At safepoint: 30702 ns, Total: 407522 ns
[2026-02-05T02:51:18.790+0000][7][safepoint   ] Safepoint "Cleanup", Time since last: 1000602953 ns, Reaching safepoint: 181209 ns, At safepoint: 18801 ns, Total: 200010 ns
[2026-02-05T02:51:19.791+0000][7][safepoint   ] Safepoint "Cleanup", Time since last: 1000263335 ns, Reaching safepoint: 181810 ns, At safepoint: 5300 ns, Total: 187110 ns
[2026-02-05T02:51:20.792+0000][7][safepoint   ] Safepoint "Cleanup", Time since last: 1000806964 ns, Reaching safepoint: 305516 ns, At safepoint: 16101 ns, Total: 321617 ns
[2026-02-05T02:51:21.794+0000][7][safepoint   ] Safepoint "Cleanup", Time since last: 1000935371 ns, Reaching safepoint: 845745 ns, At safepoint: 40602 ns, Total: 886347 ns
[2026-02-05T02:51:22.795+0000][7][safepoint   ] Safepoint "Cleanup", Time since last: 1000902369 ns, Reaching safepoint: 450325 ns, At safepoint: 14000 ns, Total: 464325 ns
[2026-02-05T02:51:23.796+0000][7][safepoint   ] Safepoint "Cleanup", Time since last: 1000748922 ns, Reaching safepoint: 188111 ns, At safepoint: 12601 ns, Total: 200712 ns
[2026-02-05T02:51:24.797+0000][7][safepoint   ] Safepoint "Cleanup", Time since last: 1000522804 ns, Reaching safepoint: 198312 ns, At safepoint: 6800 ns, Total: 205112 ns
[2026-02-05T02:51:25.798+0000][7][safepoint   ] Safepoint "Cleanup", Time since last: 1000466802 ns, Reaching safepoint: 335319 ns, At safepoint: 12200 ns, Total: 347519 ns
[2026-02-05T02:51:26.799+0000][7][safepoint   ] Safepoint "Cleanup", Time since last: 1000540806 ns, Reaching safepoint: 482127 ns, At safepoint: 11801 ns, Total: 493928 ns
[2026-02-05T02:51:27.800+0000][7][safepoint   ] Safepoint "Cleanup", Time since last: 1000872925 ns, Reaching safepoint: 196411 ns, At safepoint: 6300 ns, Total: 202711 ns
[2026-02-05T02:51:28.800+0000][7][safepoint   ] Safepoint "Cleanup", Time since last: 1000506004 ns, Reaching safepoint: 196111 ns, At safepoint: 6101 ns, Total: 202212 ns
[2026-02-05T02:51:29.801+0000][7][safepoint   ] Safepoint "Cleanup", Time since last: 1000427399 ns, Reaching safepoint: 197211 ns, At safepoint: 5300 ns, Total: 202511 ns
[2026-02-05T02:51:30.803+0000][7][safepoint   ] Safepoint "Cleanup", Time since last: 1001023834 ns, Reaching safepoint: 1254171 ns, At safepoint: 146608 ns, Total: 1400779 ns
[2026-02-05T02:51:31.112+0000][7][gc,start    ] GC(35) Pause Young (Normal) (G1 Evacuation Pause)
[2026-02-05T02:51:31.112+0000][7][gc,task     ] GC(35) Using 10 workers of 10 for evacuation
[2026-02-05T02:51:31.112+0000][7][gc,age      ] GC(35) Desired survivor size 18874368 bytes, new threshold 15 (max threshold 15)
[2026-02-05T02:51:31.119+0000][7][gc,age      ] GC(35) Age table with threshold 15 (max threshold 15)
[2026-02-05T02:51:31.119+0000][7][gc,age      ] GC(35) - age   1:    5837896 bytes,    5837896 total
[2026-02-05T02:51:31.119+0000][7][gc,age      ] GC(35) - age   2:    1682472 bytes,    7520368 total
[2026-02-05T02:51:31.120+0000][7][gc,age      ] GC(35) - age   3:    1484568 bytes,    9004936 total
[2026-02-05T02:51:31.120+0000][7][gc,age      ] GC(35) - age   4:    1252464 bytes,   10257400 total
[2026-02-05T02:51:31.120+0000][7][gc,age      ] GC(35) - age   5:      71000 bytes,   10328400 total
[2026-02-05T02:51:31.121+0000][7][gc,age      ] GC(35) - age   6:    1448456 bytes,   11776856 total
[2026-02-05T02:51:31.121+0000][7][gc,age      ] GC(35) - age   7:     716816 bytes,   12493672 total
[2026-02-05T02:51:31.121+0000][7][gc,age      ] GC(35) - age   8:     395576 bytes,   12889248 total
[2026-02-05T02:51:31.122+0000][7][gc,age      ] GC(35) - age   9:      24560 bytes,   12913808 total
[2026-02-05T02:51:31.122+0000][7][gc,age      ] GC(35) - age  10:      14008 bytes,   12927816 total
[2026-02-05T02:51:31.122+0000][7][gc,age      ] GC(35) - age  11:    1283856 bytes,   14211672 total
[2026-02-05T02:51:31.122+0000][7][gc,age      ] GC(35) - age  12:      51336 bytes,   14263008 total
[2026-02-05T02:51:31.122+0000][7][gc,age      ] GC(35) - age  13:     334728 bytes,   14597736 total
[2026-02-05T02:51:31.123+0000][7][gc,age      ] GC(35) - age  14:     556616 bytes,   15154352 total
[2026-02-05T02:51:31.123+0000][7][gc,age      ] GC(35) - age  15:      66768 bytes,   15221120 total
[2026-02-05T02:51:31.123+0000][7][gc,phases   ] GC(35)   Pre Evacuate Collection Set: 0.2ms
[2026-02-05T02:51:31.123+0000][7][gc,phases   ] GC(35)   Merge Heap Roots: 0.1ms
[2026-02-05T02:51:31.124+0000][7][gc,phases   ] GC(35)   Evacuate Collection Set: 4.1ms
[2026-02-05T02:51:31.124+0000][7][gc,phases   ] GC(35)   Post Evacuate Collection Set: 1.7ms
[2026-02-05T02:51:31.124+0000][7][gc,phases   ] GC(35)   Other: 5.0ms
[2026-02-05T02:51:31.124+0000][7][gc,heap     ] GC(35) Eden regions: 67->0(67)
[2026-02-05T02:51:31.124+0000][7][gc,heap     ] GC(35) Survivor regions: 4->4(9)
[2026-02-05T02:51:31.124+0000][7][gc,heap     ] GC(35) Old regions: 25->25
[2026-02-05T02:51:31.125+0000][7][gc,heap     ] GC(35) Archive regions: 2->2
[2026-02-05T02:51:31.125+0000][7][gc,heap     ] GC(35) Humongous regions: 5->5
[2026-02-05T02:51:31.125+0000][7][gc,metaspace] GC(35) Metaspace: 120207K(121856K)->120207K(121856K) NonClass: 104407K(105344K)->104407K(105344K) Class: 15799K(16512K)->15799K(16512K)
[2026-02-05T02:51:31.125+0000][7][gc          ] GC(35) Pause Young (Normal) (G1 Evacuation Pause) 403M->137M(512M) 12.978ms
[2026-02-05T02:51:31.125+0000][7][gc,cpu      ] GC(35) User=0.05s Sys=0.00s Real=0.02s
[2026-02-05T02:51:31.125+0000][7][safepoint   ] Safepoint "G1CollectForAllocation", Time since last: 308430950 ns, Reaching safepoint: 189510 ns, At safepoint: 13422960 ns, Total: 13612470 ns
[2026-02-05T02:51:32.126+0000][7][safepoint   ] Safepoint "Cleanup", Time since last: 1000599921 ns, Reaching safepoint: 219111 ns, At safepoint: 6801 ns, Total: 225912 ns
[2026-02-05T02:51:33.127+0000][7][safepoint   ] Safepoint "Cleanup", Time since last: 1000560257 ns, Reaching safepoint: 254113 ns, At safepoint: 16101 ns, Total: 270214 ns
[2026-02-05T02:51:34.128+0000][7][safepoint   ] Safepoint "Cleanup", Time since last: 1000650962 ns, Reaching safepoint: 481025 ns, At safepoint: 41803 ns, Total: 522828 ns
[2026-02-05T02:51:35.129+0000][7][safepoint   ] Safepoint "Cleanup", Time since last: 1000796869 ns, Reaching safepoint: 212611 ns, At safepoint: 10101 ns, Total: 222712 ns
[2026-02-05T02:51:36.130+0000][7][safepoint   ] Safepoint "Cleanup", Time since last: 1000561657 ns, Reaching safepoint: 211512 ns, At safepoint: 10700 ns, Total: 222212 ns
[2026-02-05T02:51:37.131+0000][7][safepoint   ] Safepoint "Cleanup", Time since last: 1000919976 ns, Reaching safepoint: 294516 ns, At safepoint: 9600 ns, Total: 304116 ns
[2026-02-05T02:51:38.132+0000][7][safepoint   ] Safepoint "Cleanup", Time since last: 1000631461 ns, Reaching safepoint: 289716 ns, At safepoint: 15900 ns, Total: 305616 ns
[2026-02-05T02:51:39.133+0000][7][safepoint   ] Safepoint "Cleanup", Time since last: 1000546957 ns, Reaching safepoint: 175309 ns, At safepoint: 19401 ns, Total: 194710 ns
[2026-02-05T02:51:40.133+0000][7][safepoint   ] Safepoint "Cleanup", Time since last: 1000253549 ns, Reaching safepoint: 186209 ns, At safepoint: 4900 ns, Total: 191109 ns
[2026-02-05T02:51:41.134+0000][7][safepoint   ] Safepoint "Cleanup", Time since last: 1000506850 ns, Reaching safepoint: 210810 ns, At safepoint: 5200 ns, Total: 216010 ns
[2026-02-05T02:51:42.135+0000][7][safepoint   ] Safepoint "Cleanup", Time since last: 1000458847 ns, Reaching safepoint: 191609 ns, At safepoint: 19801 ns, Total: 211410 ns
[2026-02-05T02:51:43.136+0000][7][safepoint   ] Safepoint "Cleanup", Time since last: 1000417745 ns, Reaching safepoint: 259212 ns, At safepoint: 11701 ns, Total: 270913 ns
[2026-02-05T02:51:44.136+0000][7][safepoint   ] Safepoint "Cleanup", Time since last: 1000469747 ns, Reaching safepoint: 198310 ns, At safepoint: 6200 ns, Total: 204510 ns
[2026-02-05T02:51:45.135+0000][7][safepoint   ] Safepoint "Cleanup", Time since last: 1000457947 ns, Reaching safepoint: 236611 ns, At safepoint: 8000 ns, Total: 244611 ns
[2026-02-05T02:51:46.136+0000][7][safepoint   ] Safepoint "Cleanup", Time since last: 1000383143 ns, Reaching safepoint: 180809 ns, At safepoint: 4700 ns, Total: 185509 ns
[2026-02-05T02:51:47.137+0000][7][safepoint   ] Safepoint "Cleanup", Time since last: 1000352042 ns, Reaching safepoint: 356217 ns, At safepoint: 11901 ns, Total: 368118 ns
[2026-02-05T02:51:48.137+0000][7][safepoint   ] Safepoint "Cleanup", Time since last: 1000484526 ns, Reaching safepoint: 193409 ns, At safepoint: 22801 ns, Total: 216210 ns
[2026-02-05T02:51:48.199+0000][7][gc,start    ] GC(36) Pause Young (Normal) (G1 Evacuation Pause)
[2026-02-05T02:51:48.199+0000][7][gc,task     ] GC(36) Using 10 workers of 10 for evacuation
[2026-02-05T02:51:48.199+0000][7][gc,age      ] GC(36) Desired survivor size 18874368 bytes, new threshold 15 (max threshold 15)
[2026-02-05T02:51:48.207+0000][7][gc,age      ] GC(36) Age table with threshold 15 (max threshold 15)
[2026-02-05T02:51:48.207+0000][7][gc,age      ] GC(36) - age   1:    4220704 bytes,    4220704 total
[2026-02-05T02:51:48.207+0000][7][gc,age      ] GC(36) - age   2:    1375536 bytes,    5596240 total
[2026-02-05T02:51:48.208+0000][7][gc,age      ] GC(36) - age   3:    1670848 bytes,    7267088 total
[2026-02-05T02:51:48.208+0000][7][gc,age      ] GC(36) - age   4:    1483312 bytes,    8750400 total
[2026-02-05T02:51:48.208+0000][7][gc,age      ] GC(36) - age   5:    1233296 bytes,    9983696 total
[2026-02-05T02:51:48.208+0000][7][gc,age      ] GC(36) - age   6:      70904 bytes,   10054600 total
[2026-02-05T02:51:48.209+0000][7][gc,age      ] GC(36) - age   7:    1448256 bytes,   11502856 total
[2026-02-05T02:51:48.209+0000][7][gc,age      ] GC(36) - age   8:     716680 bytes,   12219536 total
[2026-02-05T02:51:48.209+0000][7][gc,age      ] GC(36) - age   9:     395512 bytes,   12615048 total
[2026-02-05T02:51:48.209+0000][7][gc,age      ] GC(36) - age  10:      24560 bytes,   12639608 total
[2026-02-05T02:51:48.210+0000][7][gc,age      ] GC(36) - age  11:      14008 bytes,   12653616 total
[2026-02-05T02:51:48.210+0000][7][gc,age      ] GC(36) - age  12:    1283824 bytes,   13937440 total
[2026-02-05T02:51:48.211+0000][7][gc,age      ] GC(36) - age  13:      51336 bytes,   13988776 total
[2026-02-05T02:51:48.211+0000][7][gc,age      ] GC(36) - age  14:     334536 bytes,   14323312 total
[2026-02-05T02:51:48.211+0000][7][gc,age      ] GC(36) - age  15:     556200 bytes,   14879512 total
[2026-02-05T02:51:48.211+0000][7][gc,phases   ] GC(36)   Pre Evacuate Collection Set: 0.2ms
[2026-02-05T02:51:48.212+0000][7][gc,phases   ] GC(36)   Merge Heap Roots: 0.2ms
[2026-02-05T02:51:48.212+0000][7][gc,phases   ] GC(36)   Evacuate Collection Set: 4.4ms
[2026-02-05T02:51:48.212+0000][7][gc,phases   ] GC(36)   Post Evacuate Collection Set: 2.3ms
[2026-02-05T02:51:48.212+0000][7][gc,phases   ] GC(36)   Other: 5.5ms
[2026-02-05T02:51:48.212+0000][7][gc,heap     ] GC(36) Eden regions: 67->0(67)
[2026-02-05T02:51:48.213+0000][7][gc,heap     ] GC(36) Survivor regions: 4->4(9)
[2026-02-05T02:51:48.213+0000][7][gc,heap     ] GC(36) Old regions: 25->25
[2026-02-05T02:51:48.213+0000][7][gc,heap     ] GC(36) Archive regions: 2->2
[2026-02-05T02:51:48.213+0000][7][gc,heap     ] GC(36) Humongous regions: 5->5
[2026-02-05T02:51:48.213+0000][7][gc,metaspace] GC(36) Metaspace: 120345K(122048K)->120345K(122048K) NonClass: 104544K(105536K)->104544K(105536K) Class: 15800K(16512K)->15800K(16512K)
[2026-02-05T02:51:48.213+0000][7][gc          ] GC(36) Pause Young (Normal) (G1 Evacuation Pause) 405M->136M(512M) 14.400ms
[2026-02-05T02:51:48.213+0000][7][gc,cpu      ] GC(36) User=0.05s Sys=0.00s Real=0.02s
[2026-02-05T02:51:48.214+0000][7][safepoint   ] Safepoint "G1CollectForAllocation", Time since last: 61193971 ns, Reaching safepoint: 200610 ns, At safepoint: 14774441 ns, Total: 14975051 ns
[2026-02-05T02:51:49.215+0000][7][safepoint   ] Safepoint "Cleanup", Time since last: 1000443492 ns, Reaching safepoint: 960948 ns, At safepoint: 157108 ns, Total: 1118056 ns
[2026-02-05T02:51:50.217+0000][7][safepoint   ] Safepoint "Cleanup", Time since last: 1001205030 ns, Reaching safepoint: 183509 ns, At safepoint: 6200 ns, Total: 189709 ns
[2026-02-05T02:51:51.217+0000][7][safepoint   ] Safepoint "Cleanup", Time since last: 1000488494 ns, Reaching safepoint: 179909 ns, At safepoint: 4601 ns, Total: 184510 ns
[2026-02-05T02:51:52.218+0000][7][safepoint   ] Safepoint "Cleanup", Time since last: 1000475093 ns, Reaching safepoint: 186610 ns, At safepoint: 6100 ns, Total: 192710 ns
[2026-02-05T02:51:53.219+0000][7][safepoint   ] Safepoint "Cleanup", Time since last: 1000544597 ns, Reaching safepoint: 173308 ns, At safepoint: 6101 ns, Total: 179409 ns
[2026-02-05T02:51:55.053+0000][7][safepoint   ] Safepoint "Cleanup", Time since last: 1833685795 ns, Reaching safepoint: 261513 ns, At safepoint: 9901 ns, Total: 271414 ns
[2026-02-05T02:51:56.053+0000][7][safepoint   ] Safepoint "Cleanup", Time since last: 1000289917 ns, Reaching safepoint: 275614 ns, At safepoint: 27202 ns, Total: 302816 ns
[2026-02-05T02:51:57.054+0000][7][safepoint   ] Safepoint "Cleanup", Time since last: 1000306104 ns, Reaching safepoint: 184910 ns, At safepoint: 4900 ns, Total: 189810 ns
[2026-02-05T02:51:58.054+0000][7][safepoint   ] Safepoint "Cleanup", Time since last: 1000377608 ns, Reaching safepoint: 208611 ns, At safepoint: 6000 ns, Total: 214611 ns
[2026-02-05T02:51:59.055+0000][7][safepoint   ] Safepoint "Cleanup", Time since last: 1000536416 ns, Reaching safepoint: 191010 ns, At safepoint: 5800 ns, Total: 196810 ns
[2026-02-05T02:52:00.056+0000][7][safepoint   ] Safepoint "Cleanup", Time since last: 1000511816 ns, Reaching safepoint: 200310 ns, At safepoint: 7800 ns, Total: 208110 ns
[2026-02-05T02:52:02.057+0000][7][safepoint   ] Safepoint "Cleanup", Time since last: 2000748316 ns, Reaching safepoint: 671835 ns, At safepoint: 24701 ns, Total: 696536 ns
[2026-02-05T02:52:03.029+0000][7][gc,start    ] GC(37) Pause Young (Normal) (G1 Evacuation Pause)
[2026-02-05T02:52:03.029+0000][7][gc,task     ] GC(37) Using 10 workers of 10 for evacuation
[2026-02-05T02:52:03.029+0000][7][gc,age      ] GC(37) Desired survivor size 18874368 bytes, new threshold 15 (max threshold 15)
[2026-02-05T02:52:03.035+0000][7][gc,age      ] GC(37) Age table with threshold 15 (max threshold 15)
[2026-02-05T02:52:03.036+0000][7][gc,age      ] GC(37) - age   1:    4736832 bytes,    4736832 total
[2026-02-05T02:52:03.036+0000][7][gc,age      ] GC(37) - age   2:     212736 bytes,    4949568 total
[2026-02-05T02:52:03.036+0000][7][gc,age      ] GC(37) - age   3:    1183288 bytes,    6132856 total
[2026-02-05T02:52:03.036+0000][7][gc,age      ] GC(37) - age   4:    1669336 bytes,    7802192 total
[2026-02-05T02:52:03.037+0000][7][gc,age      ] GC(37) - age   5:    1297736 bytes,    9099928 total
[2026-02-05T02:52:03.037+0000][7][gc,age      ] GC(37) - age   6:    1233104 bytes,   10333032 total
[2026-02-05T02:52:03.037+0000][7][gc,age      ] GC(37) - age   7:      70840 bytes,   10403872 total
[2026-02-05T02:52:03.037+0000][7][gc,age      ] GC(37) - age   8:    1448208 bytes,   11852080 total
[2026-02-05T02:52:03.038+0000][7][gc,age      ] GC(37) - age   9:     716360 bytes,   12568440 total
[2026-02-05T02:52:03.038+0000][7][gc,age      ] GC(37) - age  10:     395512 bytes,   12963952 total
[2026-02-05T02:52:03.038+0000][7][gc,age      ] GC(37) - age  11:      24560 bytes,   12988512 total
[2026-02-05T02:52:03.038+0000][7][gc,age      ] GC(37) - age  12:      14008 bytes,   13002520 total
[2026-02-05T02:52:03.039+0000][7][gc,age      ] GC(37) - age  13:    1283824 bytes,   14286344 total
[2026-02-05T02:52:03.039+0000][7][gc,age      ] GC(37) - age  14:      51336 bytes,   14337680 total
[2026-02-05T02:52:03.039+0000][7][gc,age      ] GC(37) - age  15:     334248 bytes,   14671928 total
[2026-02-05T02:52:03.039+0000][7][gc,phases   ] GC(37)   Pre Evacuate Collection Set: 0.2ms
[2026-02-05T02:52:03.039+0000][7][gc,phases   ] GC(37)   Merge Heap Roots: 0.1ms
[2026-02-05T02:52:03.039+0000][7][gc,phases   ] GC(37)   Evacuate Collection Set: 4.1ms
[2026-02-05T02:52:03.040+0000][7][gc,phases   ] GC(37)   Post Evacuate Collection Set: 1.7ms
[2026-02-05T02:52:03.040+0000][7][gc,phases   ] GC(37)   Other: 4.4ms
[2026-02-05T02:52:03.040+0000][7][gc,heap     ] GC(37) Eden regions: 67->0(67)
[2026-02-05T02:52:03.040+0000][7][gc,heap     ] GC(37) Survivor regions: 4->4(9)
[2026-02-05T02:52:03.040+0000][7][gc,heap     ] GC(37) Old regions: 25->25
[2026-02-05T02:52:03.041+0000][7][gc,heap     ] GC(37) Archive regions: 2->2
[2026-02-05T02:52:03.041+0000][7][gc,heap     ] GC(37) Humongous regions: 5->5
[2026-02-05T02:52:03.041+0000][7][gc,metaspace] GC(37) Metaspace: 120473K(122112K)->120473K(122112K) NonClass: 104672K(105600K)->104672K(105600K) Class: 15801K(16512K)->15801K(16512K)
[2026-02-05T02:52:03.041+0000][7][gc          ] GC(37) Pause Young (Normal) (G1 Evacuation Pause) 404M->137M(512M) 12.391ms
[2026-02-05T02:52:03.041+0000][7][gc,cpu      ] GC(37) User=0.04s Sys=0.00s Real=0.01s
[2026-02-05T02:52:03.041+0000][7][safepoint   ] Safepoint "G1CollectForAllocation", Time since last: 971304226 ns, Reaching safepoint: 212310 ns, At safepoint: 12834355 ns, Total: 13046665 ns
[2026-02-05T02:52:04.042+0000][7][safepoint   ] Safepoint "Cleanup", Time since last: 1000611389 ns, Reaching safepoint: 235912 ns, At safepoint: 7400 ns, Total: 243312 ns
[2026-02-05T02:52:05.043+0000][7][safepoint   ] Safepoint "Cleanup", Time since last: 1000537457 ns, Reaching safepoint: 200210 ns, At safepoint: 9201 ns, Total: 209411 ns
[2026-02-05T02:52:07.044+0000][7][safepoint   ] Safepoint "Cleanup", Time since last: 2000773898 ns, Reaching safepoint: 192410 ns, At safepoint: 5700 ns, Total: 198110 ns
[2026-02-05T02:52:08.045+0000][7][safepoint   ] Safepoint "Cleanup", Time since last: 1000576359 ns, Reaching safepoint: 276614 ns, At safepoint: 17501 ns, Total: 294115 ns
[2026-02-05T02:52:09.046+0000][7][safepoint   ] Safepoint "Cleanup", Time since last: 1000534356 ns, Reaching safepoint: 208311 ns, At safepoint: 11401 ns, Total: 219712 ns
[2026-02-05T02:52:10.046+0000][7][safepoint   ] Safepoint "Cleanup", Time since last: 1000413450 ns, Reaching safepoint: 228112 ns, At safepoint: 30601 ns, Total: 258713 ns
[2026-02-05T02:52:11.047+0000][7][safepoint   ] Safepoint "Cleanup", Time since last: 1000385049 ns, Reaching safepoint: 270214 ns, At safepoint: 10901 ns, Total: 281115 ns
[2026-02-05T02:52:12.048+0000][7][safepoint   ] Safepoint "Cleanup", Time since last: 1000509717 ns, Reaching safepoint: 206710 ns, At safepoint: 6500 ns, Total: 213210 ns
[2026-02-05T02:52:14.048+0000][7][safepoint   ] Safepoint "Cleanup", Time since last: 2000528113 ns, Reaching safepoint: 181109 ns, At safepoint: 12201 ns, Total: 193310 ns
[2026-02-05T02:52:15.047+0000][7][safepoint   ] Safepoint "Cleanup", Time since last: 1000487867 ns, Reaching safepoint: 187709 ns, At safepoint: 4801 ns, Total: 192510 ns
[2026-02-05T02:52:16.048+0000][7][safepoint   ] Safepoint "Cleanup", Time since last: 1000475166 ns, Reaching safepoint: 180109 ns, At safepoint: 5500 ns, Total: 185609 ns
[2026-02-05T02:52:17.049+0000][7][safepoint   ] Safepoint "Cleanup", Time since last: 1000500368 ns, Reaching safepoint: 224912 ns, At safepoint: 11100 ns, Total: 236012 ns
[2026-02-05T02:52:18.049+0000][7][safepoint   ] Safepoint "Cleanup", Time since last: 1000348061 ns, Reaching safepoint: 192109 ns, At safepoint: 6300 ns, Total: 198409 ns
[2026-02-05T02:52:19.050+0000][7][safepoint   ] Safepoint "Cleanup", Time since last: 1000459466 ns, Reaching safepoint: 201810 ns, At safepoint: 5601 ns, Total: 207411 ns
[2026-02-05T02:52:19.693+0000][7][gc,start    ] GC(38) Pause Young (Normal) (G1 Evacuation Pause)
[2026-02-05T02:52:19.693+0000][7][gc,task     ] GC(38) Using 10 workers of 10 for evacuation
[2026-02-05T02:52:19.693+0000][7][gc,age      ] GC(38) Desired survivor size 18874368 bytes, new threshold 15 (max threshold 15)
[2026-02-05T02:52:19.700+0000][7][gc,age      ] GC(38) Age table with threshold 15 (max threshold 15)
[2026-02-05T02:52:19.700+0000][7][gc,age      ] GC(38) - age   1:    4964312 bytes,    4964312 total
[2026-02-05T02:52:19.700+0000][7][gc,age      ] GC(38) - age   2:     356568 bytes,    5320880 total
[2026-02-05T02:52:19.700+0000][7][gc,age      ] GC(38) - age   3:     124408 bytes,    5445288 total
[2026-02-05T02:52:19.701+0000][7][gc,age      ] GC(38) - age   4:    1030152 bytes,    6475440 total
[2026-02-05T02:52:19.701+0000][7][gc,age      ] GC(38) - age   5:    1668816 bytes,    8144256 total
[2026-02-05T02:52:19.701+0000][7][gc,age      ] GC(38) - age   6:    1297512 bytes,    9441768 total
[2026-02-05T02:52:19.701+0000][7][gc,age      ] GC(38) - age   7:    1233072 bytes,   10674840 total
[2026-02-05T02:52:19.702+0000][7][gc,age      ] GC(38) - age   8:      70840 bytes,   10745680 total
[2026-02-05T02:52:19.702+0000][7][gc,age      ] GC(38) - age   9:    1447912 bytes,   12193592 total
[2026-02-05T02:52:19.702+0000][7][gc,age      ] GC(38) - age  10:     715944 bytes,   12909536 total
[2026-02-05T02:52:19.702+0000][7][gc,age      ] GC(38) - age  11:     395512 bytes,   13305048 total
[2026-02-05T02:52:19.703+0000][7][gc,age      ] GC(38) - age  12:      24560 bytes,   13329608 total
[2026-02-05T02:52:19.703+0000][7][gc,age      ] GC(38) - age  13:      14008 bytes,   13343616 total
[2026-02-05T02:52:19.703+0000][7][gc,age      ] GC(38) - age  14:    1283824 bytes,   14627440 total
[2026-02-05T02:52:19.703+0000][7][gc,age      ] GC(38) - age  15:      51336 bytes,   14678776 total
[2026-02-05T02:52:19.703+0000][7][gc,phases   ] GC(38)   Pre Evacuate Collection Set: 0.2ms
[2026-02-05T02:52:19.704+0000][7][gc,phases   ] GC(38)   Merge Heap Roots: 0.2ms
[2026-02-05T02:52:19.704+0000][7][gc,phases   ] GC(38)   Evacuate Collection Set: 3.4ms
[2026-02-05T02:52:19.704+0000][7][gc,phases   ] GC(38)   Post Evacuate Collection Set: 1.9ms
[2026-02-05T02:52:19.704+0000][7][gc,phases   ] GC(38)   Other: 5.0ms
[2026-02-05T02:52:19.705+0000][7][gc,heap     ] GC(38) Eden regions: 67->0(67)
[2026-02-05T02:52:19.705+0000][7][gc,heap     ] GC(38) Survivor regions: 4->4(9)
[2026-02-05T02:52:19.705+0000][7][gc,heap     ] GC(38) Old regions: 25->25
[2026-02-05T02:52:19.705+0000][7][gc,heap     ] GC(38) Archive regions: 2->2
[2026-02-05T02:52:19.705+0000][7][gc,heap     ] GC(38) Humongous regions: 5->5
[2026-02-05T02:52:19.706+0000][7][gc,metaspace] GC(38) Metaspace: 120572K(122240K)->120572K(122240K) NonClass: 104771K(105728K)->104771K(105728K) Class: 15801K(16512K)->15801K(16512K)
[2026-02-05T02:52:19.706+0000][7][gc          ] GC(38) Pause Young (Normal) (G1 Evacuation Pause) 405M->137M(512M) 13.123ms
[2026-02-05T02:52:19.706+0000][7][gc,cpu      ] GC(38) User=0.02s Sys=0.02s Real=0.01s
[2026-02-05T02:52:19.706+0000][7][safepoint   ] Safepoint "G1CollectForAllocation", Time since last: 642585566 ns, Reaching safepoint: 175609 ns, At safepoint: 13710790 ns, Total: 13886399 ns
[2026-02-05T02:52:20.707+0000][7][safepoint   ] Safepoint "Cleanup", Time since last: 1000281675 ns, Reaching safepoint: 185110 ns, At safepoint: 5100 ns, Total: 190210 ns
[2026-02-05T02:52:21.708+0000][7][safepoint   ] Safepoint "Cleanup", Time since last: 1000477285 ns, Reaching safepoint: 187609 ns, At safepoint: 21101 ns, Total: 208710 ns
[2026-02-05T02:52:22.708+0000][7][safepoint   ] Safepoint "Cleanup", Time since last: 1000422483 ns, Reaching safepoint: 185509 ns, At safepoint: 33502 ns, Total: 219011 ns
[2026-02-05T02:52:24.709+0000][7][safepoint   ] Safepoint "Cleanup", Time since last: 2000866365 ns, Reaching safepoint: 267514 ns, At safepoint: 9800 ns, Total: 277314 ns
[2026-02-05T02:52:26.710+0000][7][safepoint   ] Safepoint "Cleanup", Time since last: 2000713658 ns, Reaching safepoint: 191909 ns, At safepoint: 5901 ns, Total: 197810 ns
[2026-02-05T02:52:27.711+0000][7][safepoint   ] Safepoint "Cleanup", Time since last: 1000275089 ns, Reaching safepoint: 194709 ns, At safepoint: 7401 ns, Total: 202110 ns
[2026-02-05T02:52:29.711+0000][7][safepoint   ] Safepoint "Cleanup", Time since last: 2000479958 ns, Reaching safepoint: 201710 ns, At safepoint: 6900 ns, Total: 208610 ns
[2026-02-05T02:52:30.712+0000][7][safepoint   ] Safepoint "Cleanup", Time since last: 1000551295 ns, Reaching safepoint: 275214 ns, At safepoint: 30902 ns, Total: 306116 ns
[2026-02-05T02:52:31.713+0000][7][safepoint   ] Safepoint "Cleanup", Time since last: 1000598597 ns, Reaching safepoint: 201410 ns, At safepoint: 5901 ns, Total: 207311 ns
[2026-02-05T02:52:33.715+0000][7][safepoint   ] Safepoint "Cleanup", Time since last: 2001264698 ns, Reaching safepoint: 525527 ns, At safepoint: 31301 ns, Total: 556828 ns
[2026-02-05T02:52:34.716+0000][7][safepoint   ] Safepoint "Cleanup", Time since last: 1000591497 ns, Reaching safepoint: 267614 ns, At safepoint: 18001 ns, Total: 285615 ns
[2026-02-05T02:52:35.716+0000][7][safepoint   ] Safepoint "Cleanup", Time since last: 1000437090 ns, Reaching safepoint: 196810 ns, At safepoint: 5801 ns, Total: 202611 ns
[2026-02-05T02:52:36.717+0000][7][safepoint   ] Safepoint "Cleanup", Time since last: 1000380508 ns, Reaching safepoint: 189410 ns, At safepoint: 7000 ns, Total: 196410 ns
[2026-02-05T02:52:39.718+0000][7][safepoint   ] Safepoint "Cleanup", Time since last: 3000625598 ns, Reaching safepoint: 170309 ns, At safepoint: 6000 ns, Total: 176309 ns
[2026-02-05T02:52:41.719+0000][7][safepoint   ] Safepoint "Cleanup", Time since last: 2000664012 ns, Reaching safepoint: 214711 ns, At safepoint: 8100 ns, Total: 222811 ns
[2026-02-05T02:52:42.720+0000][7][safepoint   ] Safepoint "Cleanup", Time since last: 1000623121 ns, Reaching safepoint: 187609 ns, At safepoint: 4901 ns, Total: 192510 ns
[2026-02-05T02:52:44.719+0000][7][safepoint   ] Safepoint "Cleanup", Time since last: 2001006660 ns, Reaching safepoint: 293715 ns, At safepoint: 14200 ns, Total: 307915 ns
[2026-02-05T02:52:44.971+0000][7][gc,start    ] GC(39) Pause Young (Normal) (G1 Evacuation Pause)
[2026-02-05T02:52:44.972+0000][7][gc,task     ] GC(39) Using 10 workers of 10 for evacuation
[2026-02-05T02:52:44.972+0000][7][gc,age      ] GC(39) Desired survivor size 18874368 bytes, new threshold 15 (max threshold 15)
[2026-02-05T02:52:44.978+0000][7][gc,age      ] GC(39) Age table with threshold 15 (max threshold 15)
[2026-02-05T02:52:44.978+0000][7][gc,age      ] GC(39) - age   1:    4844216 bytes,    4844216 total
[2026-02-05T02:52:44.978+0000][7][gc,age      ] GC(39) - age   2:     496896 bytes,    5341112 total
[2026-02-05T02:52:44.978+0000][7][gc,age      ] GC(39) - age   3:     119360 bytes,    5460472 total
[2026-02-05T02:52:44.979+0000][7][gc,age      ] GC(39) - age   4:     121664 bytes,    5582136 total
[2026-02-05T02:52:44.979+0000][7][gc,age      ] GC(39) - age   5:     376608 bytes,    5958744 total
[2026-02-05T02:52:44.979+0000][7][gc,age      ] GC(39) - age   6:    1668496 bytes,    7627240 total
[2026-02-05T02:52:44.979+0000][7][gc,age      ] GC(39) - age   7:    1297512 bytes,    8924752 total
[2026-02-05T02:52:44.980+0000][7][gc,age      ] GC(39) - age   8:    1233072 bytes,   10157824 total
[2026-02-05T02:52:44.980+0000][7][gc,age      ] GC(39) - age   9:      70840 bytes,   10228664 total
[2026-02-05T02:52:44.980+0000][7][gc,age      ] GC(39) - age  10:    1443448 bytes,   11672112 total
[2026-02-05T02:52:44.980+0000][7][gc,age      ] GC(39) - age  11:     706968 bytes,   12379080 total
[2026-02-05T02:52:44.981+0000][7][gc,age      ] GC(39) - age  12:     359832 bytes,   12738912 total
[2026-02-05T02:52:44.981+0000][7][gc,age      ] GC(39) - age  13:      24560 bytes,   12763472 total
[2026-02-05T02:52:44.981+0000][7][gc,age      ] GC(39) - age  14:      13872 bytes,   12777344 total
[2026-02-05T02:52:44.981+0000][7][gc,age      ] GC(39) - age  15:    1283768 bytes,   14061112 total
[2026-02-05T02:52:44.981+0000][7][gc,phases   ] GC(39)   Pre Evacuate Collection Set: 0.2ms
[2026-02-05T02:52:44.981+0000][7][gc,phases   ] GC(39)   Merge Heap Roots: 0.2ms
[2026-02-05T02:52:44.982+0000][7][gc,phases   ] GC(39)   Evacuate Collection Set: 3.5ms
[2026-02-05T02:52:44.982+0000][7][gc,phases   ] GC(39)   Post Evacuate Collection Set: 1.8ms
[2026-02-05T02:52:44.982+0000][7][gc,phases   ] GC(39)   Other: 4.6ms
[2026-02-05T02:52:44.982+0000][7][gc,heap     ] GC(39) Eden regions: 67->0(67)
[2026-02-05T02:52:44.982+0000][7][gc,heap     ] GC(39) Survivor regions: 4->4(9)
[2026-02-05T02:52:44.982+0000][7][gc,heap     ] GC(39) Old regions: 25->25
[2026-02-05T02:52:44.983+0000][7][gc,heap     ] GC(39) Archive regions: 2->2
[2026-02-05T02:52:44.983+0000][7][gc,heap     ] GC(39) Humongous regions: 5->5
[2026-02-05T02:52:44.983+0000][7][gc,metaspace] GC(39) Metaspace: 120664K(122304K)->120664K(122304K) NonClass: 104863K(105792K)->104863K(105792K) Class: 15801K(16512K)->15801K(16512K)
[2026-02-05T02:52:44.983+0000][7][gc          ] GC(39) Pause Young (Normal) (G1 Evacuation Pause) 405M->137M(512M) 11.837ms
[2026-02-05T02:52:44.983+0000][7][gc,cpu      ] GC(39) User=0.03s Sys=0.01s Real=0.01s
[2026-02-05T02:52:44.983+0000][7][safepoint   ] Safepoint "G1CollectForAllocation", Time since last: 251685317 ns, Reaching safepoint: 179909 ns, At safepoint: 12189221 ns, Total: 12369130 ns
[2026-02-05T02:52:45.984+0000][7][safepoint   ] Safepoint "Cleanup", Time since last: 1000355740 ns, Reaching safepoint: 222611 ns, At safepoint: 9500 ns, Total: 232111 ns
[2026-02-05T02:52:46.985+0000][7][safepoint   ] Safepoint "Cleanup", Time since last: 1000468746 ns, Reaching safepoint: 190410 ns, At safepoint: 5000 ns, Total: 195410 ns
[2026-02-05T02:52:47.985+0000][7][safepoint   ] Safepoint "Cleanup", Time since last: 1000564851 ns, Reaching safepoint: 228912 ns, At safepoint: 7700 ns, Total: 236612 ns
[2026-02-05T02:52:48.986+0000][7][safepoint   ] Safepoint "Cleanup", Time since last: 1000553450 ns, Reaching safepoint: 341418 ns, At safepoint: 11300 ns, Total: 352718 ns
[2026-02-05T02:52:49.987+0000][7][safepoint   ] Safepoint "Cleanup", Time since last: 1000423544 ns, Reaching safepoint: 206910 ns, At safepoint: 5000 ns, Total: 211910 ns
[2026-02-05T02:52:50.988+0000][7][safepoint   ] Safepoint "Cleanup", Time since last: 1000518649 ns, Reaching safepoint: 185509 ns, At safepoint: 4901 ns, Total: 190410 ns
[2026-02-05T02:52:51.989+0000][7][safepoint   ] Safepoint "Cleanup", Time since last: 1000621086 ns, Reaching safepoint: 275214 ns, At safepoint: 34402 ns, Total: 309616 ns
[2026-02-05T02:52:53.990+0000][7][safepoint   ] Safepoint "Cleanup", Time since last: 2000829808 ns, Reaching safepoint: 246212 ns, At safepoint: 18401 ns, Total: 264613 ns
[2026-02-05T02:52:54.990+0000][7][safepoint   ] Safepoint "Cleanup", Time since last: 1000551461 ns, Reaching safepoint: 197010 ns, At safepoint: 6201 ns, Total: 203211 ns
[2026-02-05T02:52:56.991+0000][7][safepoint   ] Safepoint "Cleanup", Time since last: 2000637897 ns, Reaching safepoint: 196110 ns, At safepoint: 5901 ns, Total: 202011 ns
[2026-02-05T02:52:57.992+0000][7][safepoint   ] Safepoint "Cleanup", Time since last: 1000411253 ns, Reaching safepoint: 191110 ns, At safepoint: 20801 ns, Total: 211911 ns
[2026-02-05T02:52:58.993+0000][7][safepoint   ] Safepoint "Cleanup", Time since last: 1000404654 ns, Reaching safepoint: 306615 ns, At safepoint: 20001 ns, Total: 326616 ns
[2026-02-05T02:52:59.993+0000][7][safepoint   ] Safepoint "Cleanup", Time since last: 1000495936 ns, Reaching safepoint: 199210 ns, At safepoint: 4901 ns, Total: 204111 ns
[2026-02-05T02:53:01.994+0000][7][safepoint   ] Safepoint "Cleanup", Time since last: 2000624608 ns, Reaching safepoint: 196210 ns, At safepoint: 9901 ns, Total: 206111 ns
[2026-02-05T02:53:02.995+0000][7][safepoint   ] Safepoint "Cleanup", Time since last: 1000506264 ns, Reaching safepoint: 257113 ns, At safepoint: 14801 ns, Total: 271914 ns
[2026-02-05T02:53:04.996+0000][7][safepoint   ] Safepoint "Cleanup", Time since last: 2000617308 ns, Reaching safepoint: 235913 ns, At safepoint: 17601 ns, Total: 253514 ns
[2026-02-05T02:53:06.997+0000][7][safepoint   ] Safepoint "Cleanup", Time since last: 2000682211 ns, Reaching safepoint: 196310 ns, At safepoint: 4901 ns, Total: 201211 ns
[2026-02-05T02:53:08.997+0000][7][safepoint   ] Safepoint "Cleanup", Time since last: 2000638492 ns, Reaching safepoint: 216411 ns, At safepoint: 5401 ns, Total: 221812 ns
[2026-02-05T02:53:09.998+0000][7][safepoint   ] Safepoint "Cleanup", Time since last: 1000474809 ns, Reaching safepoint: 212411 ns, At safepoint: 5900 ns, Total: 218311 ns
[2026-02-05T02:53:11.999+0000][7][safepoint   ] Safepoint "Cleanup", Time since last: 2000753307 ns, Reaching safepoint: 247013 ns, At safepoint: 12401 ns, Total: 259414 ns
[2026-02-05T02:53:14.999+0000][7][safepoint   ] Safepoint "Cleanup", Time since last: 3000669088 ns, Reaching safepoint: 193510 ns, At safepoint: 5600 ns, Total: 199110 ns
[2026-02-05T02:53:16.000+0000][7][safepoint   ] Safepoint "Cleanup", Time since last: 1000573177 ns, Reaching safepoint: 202910 ns, At safepoint: 13100 ns, Total: 216010 ns
[2026-02-05T02:53:17.000+0000][7][safepoint   ] Safepoint "Cleanup", Time since last: 1000547390 ns, Reaching safepoint: 229911 ns, At safepoint: 10301 ns, Total: 240212 ns
[2026-02-05T02:53:18.001+0000][7][safepoint   ] Safepoint "Cleanup", Time since last: 1000479285 ns, Reaching safepoint: 306916 ns, At safepoint: 14000 ns, Total: 320916 ns
[2026-02-05T02:53:20.002+0000][7][safepoint   ] Safepoint "Cleanup", Time since last: 2000614155 ns, Reaching safepoint: 214811 ns, At safepoint: 5100 ns, Total: 219911 ns
[2026-02-05T02:53:21.003+0000][7][safepoint   ] Safepoint "Cleanup", Time since last: 1000474686 ns, Reaching safepoint: 272513 ns, At safepoint: 16801 ns, Total: 289314 ns
[2026-02-05T02:53:22.231+0000][7][safepoint   ] Safepoint "Cleanup", Time since last: 1228373104 ns, Reaching safepoint: 307215 ns, At safepoint: 22001 ns, Total: 329216 ns
[2026-02-05T02:53:24.232+0000][7][safepoint   ] Safepoint "Cleanup", Time since last: 2000695515 ns, Reaching safepoint: 189310 ns, At safepoint: 5600 ns, Total: 194910 ns
[2026-02-05T02:53:27.233+0000][7][safepoint   ] Safepoint "Cleanup", Time since last: 3000767310 ns, Reaching safepoint: 219511 ns, At safepoint: 34302 ns, Total: 253813 ns
[2026-02-05T02:53:28.234+0000][7][safepoint   ] Safepoint "Cleanup", Time since last: 1000356041 ns, Reaching safepoint: 197710 ns, At safepoint: 7801 ns, Total: 205511 ns
[2026-02-05T02:53:29.235+0000][7][safepoint   ] Safepoint "Cleanup", Time since last: 1000463947 ns, Reaching safepoint: 236512 ns, At safepoint: 26902 ns, Total: 263414 ns
[2026-02-05T02:53:30.235+0000][7][safepoint   ] Safepoint "Cleanup", Time since last: 1000559952 ns, Reaching safepoint: 223511 ns, At safepoint: 6201 ns, Total: 229712 ns
[2026-02-05T02:53:32.236+0000][7][safepoint   ] Safepoint "Cleanup", Time since last: 2000734939 ns, Reaching safepoint: 199310 ns, At safepoint: 6801 ns, Total: 206111 ns
[2026-02-05T02:53:33.237+0000][7][safepoint   ] Safepoint "Cleanup", Time since last: 1000468946 ns, Reaching safepoint: 315117 ns, At safepoint: 31401 ns, Total: 346518 ns
[2026-02-05T02:53:34.239+0000][7][safepoint   ] Safepoint "Cleanup", Time since last: 1001257188 ns, Reaching safepoint: 784140 ns, At safepoint: 30802 ns, Total: 814942 ns
[2026-02-05T02:53:35.240+0000][7][safepoint   ] Safepoint "Cleanup", Time since last: 1000709659 ns, Reaching safepoint: 265114 ns, At safepoint: 7800 ns, Total: 272914 ns
[2026-02-05T02:53:36.241+0000][7][safepoint   ] Safepoint "Cleanup", Time since last: 1000656557 ns, Reaching safepoint: 175709 ns, At safepoint: 6100 ns, Total: 181809 ns
[2026-02-05T02:53:36.742+0000][7][gc,start    ] GC(40) Pause Young (Normal) (G1 Evacuation Pause)
[2026-02-05T02:53:36.742+0000][7][gc,task     ] GC(40) Using 10 workers of 10 for evacuation
[2026-02-05T02:53:36.742+0000][7][gc,age      ] GC(40) Desired survivor size 18874368 bytes, new threshold 15 (max threshold 15)
[2026-02-05T02:53:36.748+0000][7][gc,age      ] GC(40) Age table with threshold 15 (max threshold 15)
[2026-02-05T02:53:36.748+0000][7][gc,age      ] GC(40) - age   1:    2815552 bytes,    2815552 total
[2026-02-05T02:53:36.749+0000][7][gc,age      ] GC(40) - age   2:    3332864 bytes,    6148416 total
[2026-02-05T02:53:36.749+0000][7][gc,age      ] GC(40) - age   3:     312096 bytes,    6460512 total
[2026-02-05T02:53:36.749+0000][7][gc,age      ] GC(40) - age   4:     114848 bytes,    6575360 total
[2026-02-05T02:53:36.749+0000][7][gc,age      ] GC(40) - age   5:     121440 bytes,    6696800 total
[2026-02-05T02:53:36.750+0000][7][gc,age      ] GC(40) - age   6:     376480 bytes,    7073280 total
[2026-02-05T02:53:36.750+0000][7][gc,age      ] GC(40) - age   7:    1668432 bytes,    8741712 total
[2026-02-05T02:53:36.750+0000][7][gc,age      ] GC(40) - age   8:    1297512 bytes,   10039224 total
[2026-02-05T02:53:36.751+0000][7][gc,age      ] GC(40) - age   9:    1233072 bytes,   11272296 total
[2026-02-05T02:53:36.751+0000][7][gc,age      ] GC(40) - age  10:      70840 bytes,   11343136 total
[2026-02-05T02:53:36.751+0000][7][gc,age      ] GC(40) - age  11:    1443448 bytes,   12786584 total
[2026-02-05T02:53:36.751+0000][7][gc,age      ] GC(40) - age  12:     706904 bytes,   13493488 total
[2026-02-05T02:53:36.752+0000][7][gc,age      ] GC(40) - age  13:     359576 bytes,   13853064 total
[2026-02-05T02:53:36.752+0000][7][gc,age      ] GC(40) - age  14:      24560 bytes,   13877624 total
[2026-02-05T02:53:36.752+0000][7][gc,age      ] GC(40) - age  15:      13872 bytes,   13891496 total
[2026-02-05T02:53:36.752+0000][7][gc,phases   ] GC(40)   Pre Evacuate Collection Set: 0.2ms
[2026-02-05T02:53:36.752+0000][7][gc,phases   ] GC(40)   Merge Heap Roots: 0.2ms
[2026-02-05T02:53:36.752+0000][7][gc,phases   ] GC(40)   Evacuate Collection Set: 3.9ms
[2026-02-05T02:53:36.753+0000][7][gc,phases   ] GC(40)   Post Evacuate Collection Set: 1.2ms
[2026-02-05T02:53:36.753+0000][7][gc,phases   ] GC(40)   Other: 5.0ms
[2026-02-05T02:53:36.753+0000][7][gc,heap     ] GC(40) Eden regions: 67->0(67)
[2026-02-05T02:53:36.753+0000][7][gc,heap     ] GC(40) Survivor regions: 4->4(9)
[2026-02-05T02:53:36.753+0000][7][gc,heap     ] GC(40) Old regions: 25->26
[2026-02-05T02:53:36.753+0000][7][gc,heap     ] GC(40) Archive regions: 2->2
[2026-02-05T02:53:36.753+0000][7][gc,heap     ] GC(40) Humongous regions: 5->5
[2026-02-05T02:53:36.754+0000][7][gc,metaspace] GC(40) Metaspace: 120710K(122368K)->120710K(122368K) NonClass: 104909K(105856K)->104909K(105856K) Class: 15801K(16512K)->15801K(16512K)
[2026-02-05T02:53:36.754+0000][7][gc          ] GC(40) Pause Young (Normal) (G1 Evacuation Pause) 405M->138M(512M) 12.112ms
[2026-02-05T02:53:36.754+0000][7][gc,cpu      ] GC(40) User=0.04s Sys=0.01s Real=0.01s
[2026-02-05T02:53:36.754+0000][7][safepoint   ] Safepoint "G1CollectForAllocation", Time since last: 500242224 ns, Reaching safepoint: 189510 ns, At safepoint: 12495742 ns, Total: 12685252 ns
[2026-02-05T02:53:37.755+0000][7][safepoint   ] Safepoint "Cleanup", Time since last: 1000315239 ns, Reaching safepoint: 187110 ns, At safepoint: 6200 ns, Total: 193310 ns
[2026-02-05T02:53:39.755+0000][7][safepoint   ] Safepoint "Cleanup", Time since last: 2000524873 ns, Reaching safepoint: 194710 ns, At safepoint: 9800 ns, Total: 204510 ns
[2026-02-05T02:53:40.756+0000][7][safepoint   ] Safepoint "Cleanup", Time since last: 1000397200 ns, Reaching safepoint: 444619 ns, At safepoint: 39202 ns, Total: 483821 ns
[2026-02-05T02:53:41.757+0000][7][safepoint   ] Safepoint "Cleanup", Time since last: 1000684442 ns, Reaching safepoint: 570224 ns, At safepoint: 19101 ns, Total: 589325 ns
[2026-02-05T02:53:42.758+0000][7][safepoint   ] Safepoint "Cleanup", Time since last: 1000885451 ns, Reaching safepoint: 181207 ns, At safepoint: 5400 ns, Total: 186607 ns
[2026-02-05T02:53:44.596+0000][7][safepoint   ] Safepoint "Cleanup", Time since last: 1838705701 ns, Reaching safepoint: 180308 ns, At safepoint: 18901 ns, Total: 199209 ns
[2026-02-05T02:53:45.596+0000][7][safepoint   ] Safepoint "Cleanup", Time since last: 1000323927 ns, Reaching safepoint: 186008 ns, At safepoint: 5800 ns, Total: 191808 ns
[2026-02-05T02:53:46.597+0000][7][safepoint   ] Safepoint "Cleanup", Time since last: 1000521535 ns, Reaching safepoint: 253511 ns, At safepoint: 17501 ns, Total: 271012 ns
[2026-02-05T02:53:47.598+0000][7][safepoint   ] Safepoint "Cleanup", Time since last: 1000554537 ns, Reaching safepoint: 225509 ns, At safepoint: 33502 ns, Total: 259011 ns
[2026-02-05T02:53:48.598+0000][7][safepoint   ] Safepoint "Cleanup", Time since last: 1000477412 ns, Reaching safepoint: 199109 ns, At safepoint: 14401 ns, Total: 213510 ns
[2026-02-05T02:53:49.599+0000][7][safepoint   ] Safepoint "Cleanup", Time since last: 1000462302 ns, Reaching safepoint: 283314 ns, At safepoint: 14601 ns, Total: 297915 ns
[2026-02-05T02:53:51.601+0000][7][safepoint   ] Safepoint "Cleanup", Time since last: 2001148014 ns, Reaching safepoint: 417221 ns, At safepoint: 24301 ns, Total: 441522 ns
[2026-02-05T02:53:54.603+0000][7][safepoint   ] Safepoint "Cleanup", Time since last: 3001242999 ns, Reaching safepoint: 489823 ns, At safepoint: 15201 ns, Total: 505024 ns
[2026-02-05T02:53:56.604+0000][7][safepoint   ] Safepoint "Cleanup", Time since last: 2001308563 ns, Reaching safepoint: 372419 ns, At safepoint: 20601 ns, Total: 393020 ns
[2026-02-05T02:53:57.605+0000][7][safepoint   ] Safepoint "Cleanup", Time since last: 1000800848 ns, Reaching safepoint: 232712 ns, At safepoint: 7101 ns, Total: 239813 ns
[2026-02-05T02:53:58.606+0000][7][safepoint   ] Safepoint "Cleanup", Time since last: 1000510133 ns, Reaching safepoint: 187809 ns, At safepoint: 4901 ns, Total: 192710 ns
[2026-02-05T02:53:59.607+0000][7][safepoint   ] Safepoint "Cleanup", Time since last: 1000628039 ns, Reaching safepoint: 325817 ns, At safepoint: 8800 ns, Total: 334617 ns
[2026-02-05T02:54:00.608+0000][7][safepoint   ] Safepoint "Cleanup", Time since last: 1000691542 ns, Reaching safepoint: 247213 ns, At safepoint: 6800 ns, Total: 254013 ns
[2026-02-05T02:54:01.609+0000][7][safepoint   ] Safepoint "Cleanup", Time since last: 1000580937 ns, Reaching safepoint: 272914 ns, At safepoint: 16601 ns, Total: 289515 ns
[2026-02-05T02:54:03.610+0000][7][safepoint   ] Safepoint "Cleanup", Time since last: 2000677249 ns, Reaching safepoint: 228311 ns, At safepoint: 24302 ns, Total: 252613 ns
[2026-02-05T02:54:04.611+0000][7][safepoint   ] Safepoint "Cleanup", Time since last: 1000511393 ns, Reaching safepoint: 275114 ns, At safepoint: 20802 ns, Total: 295916 ns
[2026-02-05T02:54:05.972+0000][7][gc,start    ] GC(41) Pause Young (Normal) (G1 Evacuation Pause)
[2026-02-05T02:54:05.973+0000][7][gc,task     ] GC(41) Using 10 workers of 10 for evacuation
[2026-02-05T02:54:05.973+0000][7][gc,age      ] GC(41) Desired survivor size 18874368 bytes, new threshold 15 (max threshold 15)
[2026-02-05T02:54:05.978+0000][7][gc,age      ] GC(41) Age table with threshold 15 (max threshold 15)
[2026-02-05T02:54:05.979+0000][7][gc,age      ] GC(41) - age   1:    3760536 bytes,    3760536 total
[2026-02-05T02:54:05.979+0000][7][gc,age      ] GC(41) - age   2:     340016 bytes,    4100552 total
[2026-02-05T02:54:05.979+0000][7][gc,age      ] GC(41) - age   3:     846432 bytes,    4946984 total
[2026-02-05T02:54:05.980+0000][7][gc,age      ] GC(41) - age   4:      31872 bytes,    4978856 total
[2026-02-05T02:54:05.980+0000][7][gc,age      ] GC(41) - age   5:     114064 bytes,    5092920 total
[2026-02-05T02:54:05.980+0000][7][gc,age      ] GC(41) - age   6:     120664 bytes,    5213584 total
[2026-02-05T02:54:05.980+0000][7][gc,age      ] GC(41) - age   7:     376416 bytes,    5590000 total
[2026-02-05T02:54:05.980+0000][7][gc,age      ] GC(41) - age   8:    1668432 bytes,    7258432 total
[2026-02-05T02:54:05.981+0000][7][gc,age      ] GC(41) - age   9:    1297488 bytes,    8555920 total
[2026-02-05T02:54:05.981+0000][7][gc,age      ] GC(41) - age  10:    1232792 bytes,    9788712 total
[2026-02-05T02:54:05.981+0000][7][gc,age      ] GC(41) - age  11:      70816 bytes,    9859528 total
[2026-02-05T02:54:05.981+0000][7][gc,age      ] GC(41) - age  12:    1443448 bytes,   11302976 total
[2026-02-05T02:54:05.981+0000][7][gc,age      ] GC(41) - age  13:     706904 bytes,   12009880 total
[2026-02-05T02:54:05.981+0000][7][gc,age      ] GC(41) - age  14:     356888 bytes,   12366768 total
[2026-02-05T02:54:05.982+0000][7][gc,age      ] GC(41) - age  15:      24560 bytes,   12391328 total
[2026-02-05T02:54:05.982+0000][7][gc,phases   ] GC(41)   Pre Evacuate Collection Set: 0.3ms
[2026-02-05T02:54:05.982+0000][7][gc,phases   ] GC(41)   Merge Heap Roots: 0.1ms
[2026-02-05T02:54:05.982+0000][7][gc,phases   ] GC(41)   Evacuate Collection Set: 3.0ms
[2026-02-05T02:54:05.982+0000][7][gc,phases   ] GC(41)   Post Evacuate Collection Set: 1.7ms
[2026-02-05T02:54:05.982+0000][7][gc,phases   ] GC(41)   Other: 4.5ms
[2026-02-05T02:54:05.982+0000][7][gc,heap     ] GC(41) Eden regions: 67->0(67)
[2026-02-05T02:54:05.983+0000][7][gc,heap     ] GC(41) Survivor regions: 4->4(9)
[2026-02-05T02:54:05.983+0000][7][gc,heap     ] GC(41) Old regions: 26->26
[2026-02-05T02:54:05.983+0000][7][gc,heap     ] GC(41) Archive regions: 2->2
[2026-02-05T02:54:05.983+0000][7][gc,heap     ] GC(41) Humongous regions: 5->5
[2026-02-05T02:54:05.983+0000][7][gc,metaspace] GC(41) Metaspace: 120746K(122432K)->120746K(122432K) NonClass: 104945K(105920K)->104945K(105920K) Class: 15801K(16512K)->15801K(16512K)
[2026-02-05T02:54:05.983+0000][7][gc          ] GC(41) Pause Young (Normal) (G1 Evacuation Pause) 406M->137M(512M) 10.931ms
[2026-02-05T02:54:05.983+0000][7][gc,cpu      ] GC(41) User=0.03s Sys=0.01s Real=0.01s
[2026-02-05T02:54:05.983+0000][7][safepoint   ] Safepoint "G1CollectForAllocation", Time since last: 1361480523 ns, Reaching safepoint: 174109 ns, At safepoint: 11256977 ns, Total: 11431086 ns
[2026-02-05T02:54:06.984+0000][7][safepoint   ] Safepoint "Cleanup", Time since last: 1000585015 ns, Reaching safepoint: 309416 ns, At safepoint: 22001 ns, Total: 331417 ns
[2026-02-05T02:54:08.986+0000][7][safepoint   ] Safepoint "Cleanup", Time since last: 2000768209 ns, Reaching safepoint: 943449 ns, At safepoint: 31801 ns, Total: 975250 ns
[2026-02-05T02:54:09.987+0000][7][safepoint   ] Safepoint "Cleanup", Time since last: 1001081541 ns, Reaching safepoint: 164808 ns, At safepoint: 4400 ns, Total: 169208 ns
[2026-02-05T02:54:11.988+0000][7][safepoint   ] Safepoint "Cleanup", Time since last: 2000885563 ns, Reaching safepoint: 247612 ns, At safepoint: 7800 ns, Total: 255412 ns
[2026-02-05T02:54:14.988+0000][7][safepoint   ] Safepoint "Cleanup", Time since last: 3000936678 ns, Reaching safepoint: 258712 ns, At safepoint: 32902 ns, Total: 291614 ns
[2026-02-05T02:54:15.989+0000][7][safepoint   ] Safepoint "Cleanup", Time since last: 1000489734 ns, Reaching safepoint: 280413 ns, At safepoint: 9800 ns, Total: 290213 ns
[2026-02-05T02:54:16.990+0000][7][safepoint   ] Safepoint "Cleanup", Time since last: 1000588739 ns, Reaching safepoint: 246312 ns, At safepoint: 13800 ns, Total: 260112 ns
[2026-02-05T02:54:18.991+0000][7][safepoint   ] Safepoint "Cleanup", Time since last: 2000808661 ns, Reaching safepoint: 214410 ns, At safepoint: 4600 ns, Total: 219010 ns
[2026-02-05T02:54:19.992+0000][7][safepoint   ] Safepoint "Cleanup", Time since last: 1000503918 ns, Reaching safepoint: 195009 ns, At safepoint: 6001 ns, Total: 201010 ns
[2026-02-05T02:54:20.992+0000][7][safepoint   ] Safepoint "Cleanup", Time since last: 1000355643 ns, Reaching safepoint: 184210 ns, At safepoint: 5400 ns, Total: 189610 ns
[2026-02-05T02:54:21.993+0000][7][safepoint   ] Safepoint "Cleanup", Time since last: 1000466649 ns, Reaching safepoint: 447322 ns, At safepoint: 26102 ns, Total: 473424 ns
[2026-02-05T02:54:23.994+0000][7][safepoint   ] Safepoint "Cleanup", Time since last: 2000836694 ns, Reaching safepoint: 206810 ns, At safepoint: 7400 ns, Total: 214210 ns
[2026-02-05T02:54:24.995+0000][7][safepoint   ] Safepoint "Cleanup", Time since last: 1000486651 ns, Reaching safepoint: 209910 ns, At safepoint: 6901 ns, Total: 216811 ns
[2026-02-05T02:54:26.996+0000][7][safepoint   ] Safepoint "Cleanup", Time since last: 2000742389 ns, Reaching safepoint: 370418 ns, At safepoint: 12701 ns, Total: 383119 ns
[2026-02-05T02:54:29.998+0000][7][safepoint   ] Safepoint "Cleanup", Time since last: 3001470052 ns, Reaching safepoint: 186309 ns, At safepoint: 4901 ns, Total: 191210 ns
[2026-02-05T02:54:31.999+0000][7][safepoint   ] Safepoint "Cleanup", Time since last: 2000650196 ns, Reaching safepoint: 215311 ns, At safepoint: 7901 ns, Total: 223212 ns
[2026-02-05T02:54:32.999+0000][7][safepoint   ] Safepoint "Cleanup", Time since last: 1000478356 ns, Reaching safepoint: 177409 ns, At safepoint: 19801 ns, Total: 197210 ns
[2026-02-05T02:54:34.000+0000][7][safepoint   ] Safepoint "Cleanup", Time since last: 1000417653 ns, Reaching safepoint: 214711 ns, At safepoint: 8100 ns, Total: 222811 ns
[2026-02-05T02:54:35.001+0000][7][safepoint   ] Safepoint "Cleanup", Time since last: 1000568161 ns, Reaching safepoint: 181209 ns, At safepoint: 5600 ns, Total: 186809 ns
[2026-02-05T02:54:37.002+0000][7][safepoint   ] Safepoint "Cleanup", Time since last: 2000712745 ns, Reaching safepoint: 381219 ns, At safepoint: 10401 ns, Total: 391620 ns
[2026-02-05T02:54:39.003+0000][7][safepoint   ] Safepoint "Cleanup", Time since last: 2000851014 ns, Reaching safepoint: 184709 ns, At safepoint: 6000 ns, Total: 190709 ns
[2026-02-05T02:54:40.004+0000][7][safepoint   ] Safepoint "Cleanup", Time since last: 1000530062 ns, Reaching safepoint: 232812 ns, At safepoint: 5500 ns, Total: 238312 ns
[2026-02-05T02:54:42.005+0000][7][safepoint   ] Safepoint "Cleanup", Time since last: 2000713707 ns, Reaching safepoint: 333117 ns, At safepoint: 16000 ns, Total: 349117 ns
[2026-02-05T02:54:45.004+0000][7][safepoint   ] Safepoint "Cleanup", Time since last: 3000836827 ns, Reaching safepoint: 218111 ns, At safepoint: 11700 ns, Total: 229811 ns
[2026-02-05T02:54:46.005+0000][7][safepoint   ] Safepoint "Cleanup", Time since last: 1000401798 ns, Reaching safepoint: 207110 ns, At safepoint: 21501 ns, Total: 228611 ns
[2026-02-05T02:54:47.005+0000][7][safepoint   ] Safepoint "Cleanup", Time since last: 1000459500 ns, Reaching safepoint: 203010 ns, At safepoint: 7700 ns, Total: 210710 ns
[2026-02-05T02:54:48.006+0000][7][safepoint   ] Safepoint "Cleanup", Time since last: 1000519204 ns, Reaching safepoint: 211310 ns, At safepoint: 10400 ns, Total: 221710 ns
[2026-02-05T02:54:50.008+0000][7][safepoint   ] Safepoint "Cleanup", Time since last: 2000839598 ns, Reaching safepoint: 467021 ns, At safepoint: 15001 ns, Total: 482022 ns
[2026-02-05T02:54:51.009+0000][7][safepoint   ] Safepoint "Cleanup", Time since last: 1000819818 ns, Reaching safepoint: 191709 ns, At safepoint: 6700 ns, Total: 198409 ns
[2026-02-05T02:54:52.009+0000][7][safepoint   ] Safepoint "Cleanup", Time since last: 1000549906 ns, Reaching safepoint: 288414 ns, At safepoint: 8501 ns, Total: 296915 ns
[2026-02-05T02:54:53.010+0000][7][safepoint   ] Safepoint "Cleanup", Time since last: 1000688955 ns, Reaching safepoint: 375019 ns, At safepoint: 12100 ns, Total: 387119 ns
[2026-02-05T02:54:54.012+0000][7][safepoint   ] Safepoint "Cleanup", Time since last: 1001035473 ns, Reaching safepoint: 296715 ns, At safepoint: 11300 ns, Total: 308015 ns
[2026-02-05T02:54:55.013+0000][7][safepoint   ] Safepoint "Cleanup", Time since last: 1000662954 ns, Reaching safepoint: 224311 ns, At safepoint: 10301 ns, Total: 234612 ns
[2026-02-05T02:54:57.014+0000][7][safepoint   ] Safepoint "Cleanup", Time since last: 2001040693 ns, Reaching safepoint: 178809 ns, At safepoint: 19401 ns, Total: 198210 ns
[2026-02-05T02:54:57.315+0000][7][gc,start    ] GC(42) Pause Young (Normal) (G1 Evacuation Pause)
[2026-02-05T02:54:57.315+0000][7][gc,task     ] GC(42) Using 10 workers of 10 for evacuation
[2026-02-05T02:54:57.315+0000][7][gc,age      ] GC(42) Desired survivor size 18874368 bytes, new threshold 15 (max threshold 15)
[2026-02-05T02:54:57.322+0000][7][gc,age      ] GC(42) Age table with threshold 15 (max threshold 15)
[2026-02-05T02:54:57.322+0000][7][gc,age      ] GC(42) - age   1:    2933264 bytes,    2933264 total
[2026-02-05T02:54:57.323+0000][7][gc,age      ] GC(42) - age   2:    1997688 bytes,    4930952 total
[2026-02-05T02:54:57.323+0000][7][gc,age      ] GC(42) - age   3:       3952 bytes,    4934904 total
[2026-02-05T02:54:57.323+0000][7][gc,age      ] GC(42) - age   4:     319272 bytes,    5254176 total
[2026-02-05T02:54:57.324+0000][7][gc,age      ] GC(42) - age   5:      31808 bytes,    5285984 total
[2026-02-05T02:54:57.324+0000][7][gc,age      ] GC(42) - age   6:     113704 bytes,    5399688 total
[2026-02-05T02:54:57.324+0000][7][gc,age      ] GC(42) - age   7:     120472 bytes,    5520160 total
[2026-02-05T02:54:57.324+0000][7][gc,age      ] GC(42) - age   8:     376416 bytes,    5896576 total
[2026-02-05T02:54:57.325+0000][7][gc,age      ] GC(42) - age   9:    1668304 bytes,    7564880 total
[2026-02-05T02:54:57.325+0000][7][gc,age      ] GC(42) - age  10:    1297488 bytes,    8862368 total
[2026-02-05T02:54:57.325+0000][7][gc,age      ] GC(42) - age  11:    1232792 bytes,   10095160 total
[2026-02-05T02:54:57.325+0000][7][gc,age      ] GC(42) - age  12:      70816 bytes,   10165976 total
[2026-02-05T02:54:57.326+0000][7][gc,age      ] GC(42) - age  13:    1443448 bytes,   11609424 total
[2026-02-05T02:54:57.326+0000][7][gc,age      ] GC(42) - age  14:     697440 bytes,   12306864 total
[2026-02-05T02:54:57.326+0000][7][gc,age      ] GC(42) - age  15:     356888 bytes,   12663752 total
[2026-02-05T02:54:57.326+0000][7][gc,phases   ] GC(42)   Pre Evacuate Collection Set: 0.2ms
[2026-02-05T02:54:57.326+0000][7][gc,phases   ] GC(42)   Merge Heap Roots: 0.1ms
[2026-02-05T02:54:57.327+0000][7][gc,phases   ] GC(42)   Evacuate Collection Set: 3.9ms
[2026-02-05T02:54:57.327+0000][7][gc,phases   ] GC(42)   Post Evacuate Collection Set: 2.2ms
[2026-02-05T02:54:57.327+0000][7][gc,phases   ] GC(42)   Other: 4.8ms
[2026-02-05T02:54:57.327+0000][7][gc,heap     ] GC(42) Eden regions: 67->0(67)
[2026-02-05T02:54:57.327+0000][7][gc,heap     ] GC(42) Survivor regions: 4->4(9)
[2026-02-05T02:54:57.327+0000][7][gc,heap     ] GC(42) Old regions: 26->26
[2026-02-05T02:54:57.327+0000][7][gc,heap     ] GC(42) Archive regions: 2->2
[2026-02-05T02:54:57.328+0000][7][gc,heap     ] GC(42) Humongous regions: 5->5
[2026-02-05T02:54:57.328+0000][7][gc,metaspace] GC(42) Metaspace: 120805K(122496K)->120805K(122496K) NonClass: 105002K(105984K)->105002K(105984K) Class: 15803K(16512K)->15803K(16512K)
[2026-02-05T02:54:57.328+0000][7][gc          ] GC(42) Pause Young (Normal) (G1 Evacuation Pause) 405M->137M(512M) 12.749ms
[2026-02-05T02:54:57.328+0000][7][gc,cpu      ] GC(42) User=0.04s Sys=0.00s Real=0.01s
[2026-02-05T02:54:57.328+0000][7][safepoint   ] Safepoint "G1CollectForAllocation", Time since last: 300835998 ns, Reaching safepoint: 204511 ns, At safepoint: 13192466 ns, Total: 13396977 ns
[2026-02-05T02:54:58.329+0000][7][safepoint   ] Safepoint "Cleanup", Time since last: 1000332037 ns, Reaching safepoint: 191210 ns, At safepoint: 7000 ns, Total: 198210 ns
[2026-02-05T02:54:59.329+0000][7][safepoint   ] Safepoint "Cleanup", Time since last: 1000496945 ns, Reaching safepoint: 207111 ns, At safepoint: 6600 ns, Total: 213711 ns
[2026-02-05T02:55:00.331+0000][7][safepoint   ] Safepoint "Cleanup", Time since last: 1000573987 ns, Reaching safepoint: 484725 ns, At safepoint: 19201 ns, Total: 503926 ns
[2026-02-05T02:55:01.331+0000][7][safepoint   ] Safepoint "Cleanup", Time since last: 1000561042 ns, Reaching safepoint: 186210 ns, At safepoint: 6900 ns, Total: 193110 ns
[2026-02-05T02:55:02.332+0000][7][safepoint   ] Safepoint "Cleanup", Time since last: 1000482339 ns, Reaching safepoint: 290614 ns, At safepoint: 21201 ns, Total: 311815 ns
[2026-02-05T02:55:03.333+0000][7][safepoint   ] Safepoint "Cleanup", Time since last: 1000439037 ns, Reaching safepoint: 184009 ns, At safepoint: 5900 ns, Total: 189909 ns
[2026-02-05T02:55:04.334+0000][7][safepoint   ] Safepoint "Cleanup", Time since last: 1000800455 ns, Reaching safepoint: 240912 ns, At safepoint: 16401 ns, Total: 257313 ns
[2026-02-05T02:55:05.504+0000][7][safepoint   ] Safepoint "Cleanup", Time since last: 1169768907 ns, Reaching safepoint: 223511 ns, At safepoint: 11400 ns, Total: 234911 ns
[2026-02-05T02:55:06.505+0000][7][safepoint   ] Safepoint "Cleanup", Time since last: 1000624346 ns, Reaching safepoint: 262913 ns, At safepoint: 16801 ns, Total: 279714 ns
[2026-02-05T02:55:07.505+0000][7][safepoint   ] Safepoint "Cleanup", Time since last: 1000453437 ns, Reaching safepoint: 210411 ns, At safepoint: 14801 ns, Total: 225212 ns
[2026-02-05T02:55:08.507+0000][7][safepoint   ] Safepoint "Cleanup", Time since last: 1001066811 ns, Reaching safepoint: 193009 ns, At safepoint: 5901 ns, Total: 198910 ns
[2026-02-05T02:55:09.507+0000][7][safepoint   ] Safepoint "Cleanup", Time since last: 1000515141 ns, Reaching safepoint: 187709 ns, At safepoint: 5200 ns, Total: 192909 ns
[2026-02-05T02:55:10.508+0000][7][safepoint   ] Safepoint "Cleanup", Time since last: 1000387235 ns, Reaching safepoint: 179708 ns, At safepoint: 19301 ns, Total: 199009 ns
[2026-02-05T02:55:12.509+0000][7][safepoint   ] Safepoint "Cleanup", Time since last: 2000724268 ns, Reaching safepoint: 170608 ns, At safepoint: 4400 ns, Total: 175008 ns
[2026-02-05T02:55:13.510+0000][7][safepoint   ] Safepoint "Cleanup", Time since last: 1000505240 ns, Reaching safepoint: 288014 ns, At safepoint: 18201 ns, Total: 306215 ns
[2026-02-05T02:55:14.508+0000][7][safepoint   ] Safepoint "Cleanup", Time since last: 1000530942 ns, Reaching safepoint: 238411 ns, At safepoint: 36102 ns, Total: 274513 ns
[2026-02-05T02:55:15.509+0000][7][safepoint   ] Safepoint "Cleanup", Time since last: 1000406336 ns, Reaching safepoint: 497824 ns, At safepoint: 28501 ns, Total: 526325 ns
[2026-02-05T02:55:18.511+0000][7][safepoint   ] Safepoint "Cleanup", Time since last: 3001679684 ns, Reaching safepoint: 443321 ns, At safepoint: 14301 ns, Total: 457622 ns
[2026-02-05T02:55:19.513+0000][7][safepoint   ] Safepoint "Cleanup", Time since last: 1000893424 ns, Reaching safepoint: 287114 ns, At safepoint: 21501 ns, Total: 308615 ns
[2026-02-05T02:55:21.513+0000][7][safepoint   ] Safepoint "Cleanup", Time since last: 2000635793 ns, Reaching safepoint: 190209 ns, At safepoint: 5500 ns, Total: 195709 ns
[2026-02-05T02:55:22.514+0000][7][safepoint   ] Safepoint "Cleanup", Time since last: 1000682214 ns, Reaching safepoint: 221311 ns, At safepoint: 7100 ns, Total: 228411 ns
[2026-02-05T02:55:24.515+0000][7][safepoint   ] Safepoint "Cleanup", Time since last: 2000784805 ns, Reaching safepoint: 215311 ns, At safepoint: 9100 ns, Total: 224411 ns
[2026-02-05T02:55:26.962+0000][7][gc,start    ] GC(43) Pause Young (Normal) (G1 Evacuation Pause)
[2026-02-05T02:55:26.963+0000][7][gc,task     ] GC(43) Using 10 workers of 10 for evacuation
[2026-02-05T02:55:26.963+0000][7][gc,age      ] GC(43) Desired survivor size 18874368 bytes, new threshold 15 (max threshold 15)
[2026-02-05T02:55:26.968+0000][7][gc,age      ] GC(43) Age table with threshold 15 (max threshold 15)
[2026-02-05T02:55:26.968+0000][7][gc,age      ] GC(43) - age   1:    3199056 bytes,    3199056 total
[2026-02-05T02:55:26.969+0000][7][gc,age      ] GC(43) - age   2:     842992 bytes,    4042048 total
[2026-02-05T02:55:26.969+0000][7][gc,age      ] GC(43) - age   3:     526736 bytes,    4568784 total
[2026-02-05T02:55:26.969+0000][7][gc,age      ] GC(43) - age   4:       2864 bytes,    4571648 total
[2026-02-05T02:55:26.969+0000][7][gc,age      ] GC(43) - age   5:     317552 bytes,    4889200 total
[2026-02-05T02:55:26.970+0000][7][gc,age      ] GC(43) - age   6:      15120 bytes,    4904320 total
[2026-02-05T02:55:26.970+0000][7][gc,age      ] GC(43) - age   7:     113544 bytes,    5017864 total
[2026-02-05T02:55:26.970+0000][7][gc,age      ] GC(43) - age   8:     118392 bytes,    5136256 total
[2026-02-05T02:55:26.970+0000][7][gc,age      ] GC(43) - age   9:     372128 bytes,    5508384 total
[2026-02-05T02:55:26.971+0000][7][gc,age      ] GC(43) - age  10:    1665272 bytes,    7173656 total
[2026-02-05T02:55:26.971+0000][7][gc,age      ] GC(43) - age  11:    1297488 bytes,    8471144 total
[2026-02-05T02:55:26.971+0000][7][gc,age      ] GC(43) - age  12:    1232248 bytes,    9703392 total
[2026-02-05T02:55:26.972+0000][7][gc,age      ] GC(43) - age  13:      70792 bytes,    9774184 total
[2026-02-05T02:55:26.972+0000][7][gc,age      ] GC(43) - age  14:    1426648 bytes,   11200832 total
[2026-02-05T02:55:26.972+0000][7][gc,age      ] GC(43) - age  15:     697168 bytes,   11898000 total
[2026-02-05T02:55:26.972+0000][7][gc,phases   ] GC(43)   Pre Evacuate Collection Set: 0.3ms
[2026-02-05T02:55:26.972+0000][7][gc,phases   ] GC(43)   Merge Heap Roots: 0.2ms
[2026-02-05T02:55:26.973+0000][7][gc,phases   ] GC(43)   Evacuate Collection Set: 2.6ms
[2026-02-05T02:55:26.973+0000][7][gc,phases   ] GC(43)   Post Evacuate Collection Set: 1.5ms
[2026-02-05T02:55:26.973+0000][7][gc,phases   ] GC(43)   Other: 5.5ms
[2026-02-05T02:55:26.973+0000][7][gc,heap     ] GC(43) Eden regions: 67->0(67)
[2026-02-05T02:55:26.973+0000][7][gc,heap     ] GC(43) Survivor regions: 4->4(9)
[2026-02-05T02:55:26.974+0000][7][gc,heap     ] GC(43) Old regions: 26->26
[2026-02-05T02:55:26.974+0000][7][gc,heap     ] GC(43) Archive regions: 2->2
[2026-02-05T02:55:26.974+0000][7][gc,heap     ] GC(43) Humongous regions: 5->5
[2026-02-05T02:55:26.974+0000][7][gc,metaspace] GC(43) Metaspace: 120868K(122560K)->120868K(122560K) NonClass: 105065K(106048K)->105065K(106048K) Class: 15803K(16512K)->15803K(16512K)
[2026-02-05T02:55:26.974+0000][7][gc          ] GC(43) Pause Young (Normal) (G1 Evacuation Pause) 405M->137M(512M) 12.143ms
[2026-02-05T02:55:26.975+0000][7][gc,cpu      ] GC(43) User=0.03s Sys=0.00s Real=0.01s
[2026-02-05T02:55:26.975+0000][7][safepoint   ] Safepoint "G1CollectForAllocation", Time since last: 2446746926 ns, Reaching safepoint: 207511 ns, At safepoint: 12611836 ns, Total: 12819347 ns
[2026-02-05T02:55:27.976+0000][7][safepoint   ] Safepoint "Cleanup", Time since last: 1000788385 ns, Reaching safepoint: 535527 ns, At safepoint: 149608 ns, Total: 685135 ns
[2026-02-05T02:55:29.978+0000][7][safepoint   ] Safepoint "Cleanup", Time since last: 2001112246 ns, Reaching safepoint: 272614 ns, At safepoint: 36301 ns, Total: 308915 ns
[2026-02-05T02:55:31.979+0000][7][safepoint   ] Safepoint "Cleanup", Time since last: 2000691826 ns, Reaching safepoint: 238412 ns, At safepoint: 8001 ns, Total: 246413 ns
[2026-02-05T02:55:32.980+0000][7][safepoint   ] Safepoint "Cleanup", Time since last: 1000468250 ns, Reaching safepoint: 423121 ns, At safepoint: 62203 ns, Total: 485324 ns
[2026-02-05T02:55:33.981+0000][7][safepoint   ] Safepoint "Cleanup", Time since last: 1000751465 ns, Reaching safepoint: 233812 ns, At safepoint: 8200 ns, Total: 242012 ns
[2026-02-05T02:55:34.981+0000][7][safepoint   ] Safepoint "Cleanup", Time since last: 1000451349 ns, Reaching safepoint: 264914 ns, At safepoint: 24401 ns, Total: 289315 ns
[2026-02-05T02:55:36.982+0000][7][safepoint   ] Safepoint "Cleanup", Time since last: 2000554080 ns, Reaching safepoint: 275914 ns, At safepoint: 13501 ns, Total: 289415 ns
[2026-02-05T02:55:38.984+0000][7][safepoint   ] Safepoint "Cleanup", Time since last: 2000903298 ns, Reaching safepoint: 419622 ns, At safepoint: 37502 ns, Total: 457124 ns
[2026-02-05T02:55:39.985+0000][7][safepoint   ] Safepoint "Cleanup", Time since last: 1000828168 ns, Reaching safepoint: 193810 ns, At safepoint: 5600 ns, Total: 199410 ns
[2026-02-05T02:55:41.986+0000][7][safepoint   ] Safepoint "Cleanup", Time since last: 2000888573 ns, Reaching safepoint: 181609 ns, At safepoint: 19601 ns, Total: 201210 ns
[2026-02-05T02:55:42.986+0000][7][safepoint   ] Safepoint "Cleanup", Time since last: 1000300379 ns, Reaching safepoint: 238912 ns, At safepoint: 29401 ns, Total: 268313 ns
[2026-02-05T02:55:43.987+0000][7][safepoint   ] Safepoint "Cleanup", Time since last: 1000343582 ns, Reaching safepoint: 208810 ns, At safepoint: 6801 ns, Total: 215611 ns
[2026-02-05T02:55:44.986+0000][7][safepoint   ] Safepoint "Cleanup", Time since last: 1000331279 ns, Reaching safepoint: 243813 ns, At safepoint: 24501 ns, Total: 268314 ns
[2026-02-05T02:55:45.987+0000][7][safepoint   ] Safepoint "Cleanup", Time since last: 1000552092 ns, Reaching safepoint: 203410 ns, At safepoint: 7000 ns, Total: 210410 ns
[2026-02-05T02:55:46.988+0000][7][safepoint   ] Safepoint "Cleanup", Time since last: 1000707200 ns, Reaching safepoint: 193210 ns, At safepoint: 7200 ns, Total: 200410 ns
[2026-02-05T02:55:47.989+0000][7][safepoint   ] Safepoint "Cleanup", Time since last: 1000461887 ns, Reaching safepoint: 257413 ns, At safepoint: 16401 ns, Total: 273814 ns
[2026-02-05T02:55:49.990+0000][7][safepoint   ] Safepoint "Cleanup", Time since last: 2000735241 ns, Reaching safepoint: 323716 ns, At safepoint: 20101 ns, Total: 343817 ns
[2026-02-05T02:55:50.991+0000][7][safepoint   ] Safepoint "Cleanup", Time since last: 1000994544 ns, Reaching safepoint: 177908 ns, At safepoint: 4701 ns, Total: 182609 ns
[2026-02-05T02:55:51.992+0000][7][safepoint   ] Safepoint "Cleanup", Time since last: 1000408315 ns, Reaching safepoint: 187809 ns, At safepoint: 8200 ns, Total: 196009 ns
[2026-02-05T02:55:53.992+0000][7][safepoint   ] Safepoint "Cleanup", Time since last: 2000580819 ns, Reaching safepoint: 329916 ns, At safepoint: 19401 ns, Total: 349317 ns
[2026-02-05T02:55:54.993+0000][7][safepoint   ] Safepoint "Cleanup", Time since last: 1000738032 ns, Reaching safepoint: 270813 ns, At safepoint: 10800 ns, Total: 281613 ns
[2026-02-05T02:55:56.994+0000][7][safepoint   ] Safepoint "Cleanup", Time since last: 2000757528 ns, Reaching safepoint: 199610 ns, At safepoint: 5900 ns, Total: 205510 ns
[2026-02-05T02:55:57.995+0000][7][safepoint   ] Safepoint "Cleanup", Time since last: 1000588667 ns, Reaching safepoint: 218812 ns, At safepoint: 5800 ns, Total: 224612 ns
[2026-02-05T02:55:59.996+0000][7][safepoint   ] Safepoint "Cleanup", Time since last: 2000688108 ns, Reaching safepoint: 351018 ns, At safepoint: 22102 ns, Total: 373120 ns
[2026-02-05T02:56:01.997+0000][7][safepoint   ] Safepoint "Cleanup", Time since last: 2000690708 ns, Reaching safepoint: 169809 ns, At safepoint: 4700 ns, Total: 174509 ns
[2026-02-05T02:56:02.998+0000][7][safepoint   ] Safepoint "Cleanup", Time since last: 1000448560 ns, Reaching safepoint: 309416 ns, At safepoint: 14200 ns, Total: 323616 ns
[2026-02-05T02:56:03.998+0000][7][safepoint   ] Safepoint "Cleanup", Time since last: 1000343155 ns, Reaching safepoint: 185609 ns, At safepoint: 5600 ns, Total: 191209 ns
[2026-02-05T02:56:05.000+0000][7][safepoint   ] Safepoint "Cleanup", Time since last: 1000712022 ns, Reaching safepoint: 495527 ns, At safepoint: 19001 ns, Total: 514528 ns
[2026-02-05T02:56:06.001+0000][7][safepoint   ] Safepoint "Cleanup", Time since last: 1000859970 ns, Reaching safepoint: 249713 ns, At safepoint: 27601 ns, Total: 277314 ns
[2026-02-05T02:56:07.003+0000][7][safepoint   ] Safepoint "Cleanup", Time since last: 1000909173 ns, Reaching safepoint: 813743 ns, At safepoint: 90405 ns, Total: 904148 ns
[2026-02-05T02:56:09.004+0000][7][safepoint   ] Safepoint "Cleanup", Time since last: 2001455026 ns, Reaching safepoint: 296016 ns, At safepoint: 34302 ns, Total: 330318 ns
[2026-02-05T02:56:10.005+0000][7][safepoint   ] Safepoint "Cleanup", Time since last: 1000380045 ns, Reaching safepoint: 295315 ns, At safepoint: 24602 ns, Total: 319917 ns
[2026-02-05T02:56:10.257+0000][7][gc,start    ] GC(44) Pause Young (Normal) (G1 Evacuation Pause)
[2026-02-05T02:56:10.257+0000][7][gc,task     ] GC(44) Using 10 workers of 10 for evacuation
[2026-02-05T02:56:10.258+0000][7][gc,age      ] GC(44) Desired survivor size 18874368 bytes, new threshold 15 (max threshold 15)
[2026-02-05T02:56:10.263+0000][7][gc,age      ] GC(44) Age table with threshold 15 (max threshold 15)
[2026-02-05T02:56:10.263+0000][7][gc,age      ] GC(44) - age   1:    2725376 bytes,    2725376 total
[2026-02-05T02:56:10.263+0000][7][gc,age      ] GC(44) - age   2:    1609848 bytes,    4335224 total
[2026-02-05T02:56:10.264+0000][7][gc,age      ] GC(44) - age   3:     670424 bytes,    5005648 total
[2026-02-05T02:56:10.264+0000][7][gc,age      ] GC(44) - age   4:     524440 bytes,    5530088 total
[2026-02-05T02:56:10.264+0000][7][gc,age      ] GC(44) - age   5:       2640 bytes,    5532728 total
[2026-02-05T02:56:10.265+0000][7][gc,age      ] GC(44) - age   6:     316408 bytes,    5849136 total
[2026-02-05T02:56:10.265+0000][7][gc,age      ] GC(44) - age   7:      15120 bytes,    5864256 total
[2026-02-05T02:56:10.265+0000][7][gc,age      ] GC(44) - age   8:     113544 bytes,    5977800 total
[2026-02-05T02:56:10.265+0000][7][gc,age      ] GC(44) - age   9:     118192 bytes,    6095992 total
[2026-02-05T02:56:10.265+0000][7][gc,age      ] GC(44) - age  10:     372088 bytes,    6468080 total
[2026-02-05T02:56:10.266+0000][7][gc,age      ] GC(44) - age  11:    1665152 bytes,    8133232 total
[2026-02-05T02:56:10.266+0000][7][gc,age      ] GC(44) - age  12:    1297488 bytes,    9430720 total
[2026-02-05T02:56:10.266+0000][7][gc,age      ] GC(44) - age  13:    1232248 bytes,   10662968 total
[2026-02-05T02:56:10.266+0000][7][gc,age      ] GC(44) - age  14:      70568 bytes,   10733536 total
[2026-02-05T02:56:10.266+0000][7][gc,age      ] GC(44) - age  15:    1426648 bytes,   12160184 total
[2026-02-05T02:56:10.266+0000][7][gc,phases   ] GC(44)   Pre Evacuate Collection Set: 0.2ms
[2026-02-05T02:56:10.267+0000][7][gc,phases   ] GC(44)   Merge Heap Roots: 0.2ms
[2026-02-05T02:56:10.267+0000][7][gc,phases   ] GC(44)   Evacuate Collection Set: 3.0ms
[2026-02-05T02:56:10.267+0000][7][gc,phases   ] GC(44)   Post Evacuate Collection Set: 1.7ms
[2026-02-05T02:56:10.267+0000][7][gc,phases   ] GC(44)   Other: 4.4ms
[2026-02-05T02:56:10.267+0000][7][gc,heap     ] GC(44) Eden regions: 67->0(67)
[2026-02-05T02:56:10.267+0000][7][gc,heap     ] GC(44) Survivor regions: 4->4(9)
[2026-02-05T02:56:10.268+0000][7][gc,heap     ] GC(44) Old regions: 26->26
[2026-02-05T02:56:10.268+0000][7][gc,heap     ] GC(44) Archive regions: 2->2
[2026-02-05T02:56:10.268+0000][7][gc,heap     ] GC(44) Humongous regions: 5->5
[2026-02-05T02:56:10.268+0000][7][gc,metaspace] GC(44) Metaspace: 120924K(122688K)->120924K(122688K) NonClass: 105116K(106112K)->105116K(106112K) Class: 15808K(16576K)->15808K(16576K)
[2026-02-05T02:56:10.268+0000][7][gc          ] GC(44) Pause Young (Normal) (G1 Evacuation Pause) 405M->137M(512M) 11.198ms
[2026-02-05T02:56:10.268+0000][7][gc,cpu      ] GC(44) User=0.03s Sys=0.00s Real=0.01s
[2026-02-05T02:56:10.269+0000][7][safepoint   ] Safepoint "G1CollectForAllocation", Time since last: 251505861 ns, Reaching safepoint: 292515 ns, At safepoint: 11646119 ns, Total: 11938634 ns
[2026-02-05T02:56:12.269+0000][7][safepoint   ] Safepoint "Cleanup", Time since last: 2000383245 ns, Reaching safepoint: 315416 ns, At safepoint: 29001 ns, Total: 344417 ns
[2026-02-05T02:56:14.270+0000][7][safepoint   ] Safepoint "Cleanup", Time since last: 2000772004 ns, Reaching safepoint: 219610 ns, At safepoint: 13101 ns, Total: 232711 ns
[2026-02-05T02:56:15.270+0000][7][safepoint   ] Safepoint "Cleanup", Time since last: 1000483956 ns, Reaching safepoint: 190309 ns, At safepoint: 6000 ns, Total: 196309 ns
[2026-02-05T02:56:16.271+0000][7][safepoint   ] Safepoint "Cleanup", Time since last: 1000511558 ns, Reaching safepoint: 871042 ns, At safepoint: 89505 ns, Total: 960547 ns
[2026-02-05T02:56:17.272+0000][7][safepoint   ] Safepoint "Cleanup", Time since last: 1000964379 ns, Reaching safepoint: 207510 ns, At safepoint: 5901 ns, Total: 213411 ns
[2026-02-05T02:56:18.274+0000][7][safepoint   ] Safepoint "Cleanup", Time since last: 1001087185 ns, Reaching safepoint: 195410 ns, At safepoint: 5100 ns, Total: 200510 ns
[2026-02-05T02:56:19.274+0000][7][safepoint   ] Safepoint "Cleanup", Time since last: 1000485556 ns, Reaching safepoint: 191210 ns, At safepoint: 6000 ns, Total: 197210 ns
[2026-02-05T02:56:21.275+0000][7][safepoint   ] Safepoint "Cleanup", Time since last: 2000539295 ns, Reaching safepoint: 211111 ns, At safepoint: 6600 ns, Total: 217711 ns
[2026-02-05T02:56:22.276+0000][7][safepoint   ] Safepoint "Cleanup", Time since last: 1000431897 ns, Reaching safepoint: 189309 ns, At safepoint: 6601 ns, Total: 195910 ns
[2026-02-05T02:56:24.277+0000][7][safepoint   ] Safepoint "Cleanup", Time since last: 2000612881 ns, Reaching safepoint: 184709 ns, At safepoint: 5201 ns, Total: 189910 ns
[2026-02-05T02:56:27.278+0000][7][safepoint   ] Safepoint "Cleanup", Time since last: 3000849068 ns, Reaching safepoint: 193410 ns, At safepoint: 7000 ns, Total: 200410 ns
[2026-02-05T02:56:29.278+0000][7][safepoint   ] Safepoint "Cleanup", Time since last: 2000595601 ns, Reaching safepoint: 205110 ns, At safepoint: 6300 ns, Total: 211410 ns
[2026-02-05T02:56:30.279+0000][7][safepoint   ] Safepoint "Cleanup", Time since last: 1000563041 ns, Reaching safepoint: 205310 ns, At safepoint: 9601 ns, Total: 214911 ns
[2026-02-05T02:56:32.280+0000][7][safepoint   ] Safepoint "Cleanup", Time since last: 2000670757 ns, Reaching safepoint: 426222 ns, At safepoint: 29501 ns, Total: 455723 ns
[2026-02-05T02:56:33.281+0000][7][safepoint   ] Safepoint "Cleanup", Time since last: 1000850355 ns, Reaching safepoint: 196510 ns, At safepoint: 5800 ns, Total: 202310 ns
[2026-02-05T02:56:34.282+0000][7][safepoint   ] Safepoint "Cleanup", Time since last: 1000471136 ns, Reaching safepoint: 199710 ns, At safepoint: 9000 ns, Total: 208710 ns
[2026-02-05T02:56:35.283+0000][7][safepoint   ] Safepoint "Cleanup", Time since last: 1000375331 ns, Reaching safepoint: 186709 ns, At safepoint: 5301 ns, Total: 192010 ns
[2026-02-05T02:56:37.283+0000][7][safepoint   ] Safepoint "Cleanup", Time since last: 2000521206 ns, Reaching safepoint: 273514 ns, At safepoint: 26601 ns, Total: 300115 ns
[2026-02-05T02:56:39.284+0000][7][safepoint   ] Safepoint "Cleanup", Time since last: 2000633355 ns, Reaching safepoint: 199710 ns, At safepoint: 7000 ns, Total: 206710 ns
[2026-02-05T02:56:40.285+0000][7][safepoint   ] Safepoint "Cleanup", Time since last: 1000580840 ns, Reaching safepoint: 194710 ns, At safepoint: 6000 ns, Total: 200710 ns
[2026-02-05T02:56:42.286+0000][7][safepoint   ] Safepoint "Cleanup", Time since last: 2000904668 ns, Reaching safepoint: 192410 ns, At safepoint: 6400 ns, Total: 198810 ns
[2026-02-05T02:56:44.287+0000][7][safepoint   ] Safepoint "Cleanup", Time since last: 2000856252 ns, Reaching safepoint: 277013 ns, At safepoint: 17701 ns, Total: 294714 ns
[2026-02-05T02:56:45.286+0000][7][safepoint   ] Safepoint "Cleanup", Time since last: 1000417339 ns, Reaching safepoint: 266412 ns, At safepoint: 64003 ns, Total: 330415 ns
[2026-02-05T02:56:46.286+0000][7][safepoint   ] Safepoint "Cleanup", Time since last: 1000544345 ns, Reaching safepoint: 214010 ns, At safepoint: 28502 ns, Total: 242512 ns
[2026-02-05T02:56:47.287+0000][7][safepoint   ] Safepoint "Cleanup", Time since last: 1000344535 ns, Reaching safepoint: 345917 ns, At safepoint: 34401 ns, Total: 380318 ns
[2026-02-05T02:56:48.288+0000][7][safepoint   ] Safepoint "Cleanup", Time since last: 1000642750 ns, Reaching safepoint: 199809 ns, At safepoint: 9801 ns, Total: 209610 ns
[2026-02-05T02:56:49.289+0000][7][safepoint   ] Safepoint "Cleanup", Time since last: 1000439640 ns, Reaching safepoint: 249011 ns, At safepoint: 18301 ns, Total: 267312 ns
[2026-02-05T02:56:51.290+0000][7][safepoint   ] Safepoint "Cleanup", Time since last: 2000939383 ns, Reaching safepoint: 216310 ns, At safepoint: 10301 ns, Total: 226611 ns
[2026-02-05T02:56:52.291+0000][7][safepoint   ] Safepoint "Cleanup", Time since last: 1000565463 ns, Reaching safepoint: 182810 ns, At safepoint: 7200 ns, Total: 190010 ns
[2026-02-05T02:56:54.292+0000][7][safepoint   ] Safepoint "Cleanup", Time since last: 2000839969 ns, Reaching safepoint: 433723 ns, At safepoint: 23901 ns, Total: 457624 ns
[2026-02-05T02:56:56.293+0000][7][safepoint   ] Safepoint "Cleanup", Time since last: 2000679960 ns, Reaching safepoint: 191710 ns, At safepoint: 8000 ns, Total: 199710 ns
[2026-02-05T02:56:57.294+0000][7][safepoint   ] Safepoint "Cleanup", Time since last: 1000437436 ns, Reaching safepoint: 330817 ns, At safepoint: 19601 ns, Total: 350418 ns
[2026-02-05T02:56:59.294+0000][7][safepoint   ] Safepoint "Cleanup", Time since last: 2000656459 ns, Reaching safepoint: 203211 ns, At safepoint: 6200 ns, Total: 209411 ns
[2026-02-05T02:57:00.295+0000][7][safepoint   ] Safepoint "Cleanup", Time since last: 1000635295 ns, Reaching safepoint: 185311 ns, At safepoint: 5301 ns, Total: 190612 ns
[2026-02-05T02:57:02.298+0000][7][safepoint   ] Safepoint "Cleanup", Time since last: 2001053607 ns, Reaching safepoint: 1132669 ns, At safepoint: 44903 ns, Total: 1177572 ns
[2026-02-05T02:57:03.042+0000][7][gc,start    ] GC(45) Pause Young (Normal) (G1 Evacuation Pause)
[2026-02-05T02:57:03.042+0000][7][gc,task     ] GC(45) Using 10 workers of 10 for evacuation
[2026-02-05T02:57:03.042+0000][7][gc,age      ] GC(45) Desired survivor size 18874368 bytes, new threshold 15 (max threshold 15)
[2026-02-05T02:57:03.047+0000][7][gc,age      ] GC(45) Age table with threshold 15 (max threshold 15)
[2026-02-05T02:57:03.048+0000][7][gc,age      ] GC(45) - age   1:    2301616 bytes,    2301616 total
[2026-02-05T02:57:03.048+0000][7][gc,age      ] GC(45) - age   2:     384632 bytes,    2686248 total
[2026-02-05T02:57:03.048+0000][7][gc,age      ] GC(45) - age   3:    1409352 bytes,    4095600 total
[2026-02-05T02:57:03.049+0000][7][gc,age      ] GC(45) - age   4:     669360 bytes,    4764960 total
[2026-02-05T02:57:03.049+0000][7][gc,age      ] GC(45) - age   5:     524040 bytes,    5289000 total
[2026-02-05T02:57:03.049+0000][7][gc,age      ] GC(45) - age   6:       2576 bytes,    5291576 total
[2026-02-05T02:57:03.049+0000][7][gc,age      ] GC(45) - age   7:     315832 bytes,    5607408 total
[2026-02-05T02:57:03.049+0000][7][gc,age      ] GC(45) - age   8:      15024 bytes,    5622432 total
[2026-02-05T02:57:03.049+0000][7][gc,age      ] GC(45) - age   9:     112728 bytes,    5735160 total
[2026-02-05T02:57:03.050+0000][7][gc,age      ] GC(45) - age  10:     118160 bytes,    5853320 total
[2026-02-05T02:57:03.050+0000][7][gc,age      ] GC(45) - age  11:     364944 bytes,    6218264 total
[2026-02-05T02:57:03.050+0000][7][gc,age      ] GC(45) - age  12:    1663432 bytes,    7881696 total
[2026-02-05T02:57:03.050+0000][7][gc,age      ] GC(45) - age  13:    1297488 bytes,    9179184 total
[2026-02-05T02:57:03.050+0000][7][gc,age      ] GC(45) - age  14:    1199784 bytes,   10378968 total
[2026-02-05T02:57:03.050+0000][7][gc,age      ] GC(45) - age  15:      70568 bytes,   10449536 total
[2026-02-05T02:57:03.050+0000][7][gc,phases   ] GC(45)   Pre Evacuate Collection Set: 0.2ms
[2026-02-05T02:57:03.051+0000][7][gc,phases   ] GC(45)   Merge Heap Roots: 0.1ms
[2026-02-05T02:57:03.051+0000][7][gc,phases   ] GC(45)   Evacuate Collection Set: 3.1ms
[2026-02-05T02:57:03.051+0000][7][gc,phases   ] GC(45)   Post Evacuate Collection Set: 1.7ms
[2026-02-05T02:57:03.051+0000][7][gc,phases   ] GC(45)   Other: 3.5ms
[2026-02-05T02:57:03.051+0000][7][gc,heap     ] GC(45) Eden regions: 67->0(69)
[2026-02-05T02:57:03.051+0000][7][gc,heap     ] GC(45) Survivor regions: 4->3(9)
[2026-02-05T02:57:03.051+0000][7][gc,heap     ] GC(45) Old regions: 26->26
[2026-02-05T02:57:03.051+0000][7][gc,heap     ] GC(45) Archive regions: 2->2
[2026-02-05T02:57:03.052+0000][7][gc,heap     ] GC(45) Humongous regions: 5->5
[2026-02-05T02:57:03.052+0000][7][gc,metaspace] GC(45) Metaspace: 120956K(122688K)->120956K(122688K) NonClass: 105148K(106112K)->105148K(106112K) Class: 15808K(16576K)->15808K(16576K)
[2026-02-05T02:57:03.052+0000][7][gc          ] GC(45) Pause Young (Normal) (G1 Evacuation Pause) 405M->138M(512M) 10.042ms
[2026-02-05T02:57:03.052+0000][7][gc,cpu      ] GC(45) User=0.03s Sys=0.00s Real=0.01s
[2026-02-05T02:57:03.052+0000][7][safepoint   ] Safepoint "G1CollectForAllocation", Time since last: 744037974 ns, Reaching safepoint: 183311 ns, At safepoint: 10378539 ns, Total: 10561850 ns
[2026-02-05T02:57:04.053+0000][7][safepoint   ] Safepoint "Cleanup", Time since last: 1000323941 ns, Reaching safepoint: 215413 ns, At safepoint: 5400 ns, Total: 220813 ns
[2026-02-05T02:57:05.054+0000][7][safepoint   ] Safepoint "Cleanup", Time since last: 1000696264 ns, Reaching safepoint: 770948 ns, At safepoint: 32802 ns, Total: 803750 ns
[2026-02-05T02:57:07.055+0000][7][safepoint   ] Safepoint "Cleanup", Time since last: 2000990403 ns, Reaching safepoint: 190211 ns, At safepoint: 6901 ns, Total: 197112 ns
[2026-02-05T02:57:09.056+0000][7][safepoint   ] Safepoint "Cleanup", Time since last: 2000580208 ns, Reaching safepoint: 189510 ns, At safepoint: 19501 ns, Total: 209011 ns
[2026-02-05T02:57:10.057+0000][7][safepoint   ] Safepoint "Cleanup", Time since last: 1000299786 ns, Reaching safepoint: 208312 ns, At safepoint: 14100 ns, Total: 222412 ns
[2026-02-05T02:57:12.057+0000][7][safepoint   ] Safepoint "Cleanup", Time since last: 2000553969 ns, Reaching safepoint: 204511 ns, At safepoint: 8301 ns, Total: 212812 ns
[2026-02-05T02:57:14.059+0000][7][safepoint   ] Safepoint "Cleanup", Time since last: 2001013794 ns, Reaching safepoint: 457725 ns, At safepoint: 14001 ns, Total: 471726 ns
[2026-02-05T02:57:15.059+0000][7][safepoint   ] Safepoint "Cleanup", Time since last: 1000868816 ns, Reaching safepoint: 242314 ns, At safepoint: 8700 ns, Total: 251014 ns
[2026-02-05T02:57:16.060+0000][7][safepoint   ] Safepoint "Cleanup", Time since last: 1000446294 ns, Reaching safepoint: 189611 ns, At safepoint: 4900 ns, Total: 194511 ns
[2026-02-05T02:57:17.061+0000][7][safepoint   ] Safepoint "Cleanup", Time since last: 1000869322 ns, Reaching safepoint: 281915 ns, At safepoint: 23901 ns, Total: 305816 ns
[2026-02-05T02:57:18.062+0000][7][safepoint   ] Safepoint "Cleanup", Time since last: 1000675885 ns, Reaching safepoint: 185610 ns, At safepoint: 6000 ns, Total: 191610 ns
[2026-02-05T02:57:19.063+0000][7][safepoint   ] Safepoint "Cleanup", Time since last: 1000769390 ns, Reaching safepoint: 237813 ns, At safepoint: 7800 ns, Total: 245613 ns
[2026-02-05T02:57:21.064+0000][7][safepoint   ] Safepoint "Cleanup", Time since last: 2000739338 ns, Reaching safepoint: 179109 ns, At safepoint: 19701 ns, Total: 198810 ns
[2026-02-05T02:57:22.064+0000][7][safepoint   ] Safepoint "Cleanup", Time since last: 1000264864 ns, Reaching safepoint: 234012 ns, At safepoint: 9400 ns, Total: 243412 ns
[2026-02-05T02:57:24.065+0000][7][safepoint   ] Safepoint "Cleanup", Time since last: 2000653034 ns, Reaching safepoint: 288415 ns, At safepoint: 22301 ns, Total: 310716 ns
[2026-02-05T02:57:25.066+0000][7][safepoint   ] Safepoint "Cleanup", Time since last: 1000576349 ns, Reaching safepoint: 208011 ns, At safepoint: 5901 ns, Total: 213912 ns
[2026-02-05T02:57:27.067+0000][7][safepoint   ] Safepoint "Cleanup", Time since last: 2000616109 ns, Reaching safepoint: 181910 ns, At safepoint: 5700 ns, Total: 187610 ns
[2026-02-05T02:57:28.067+0000][7][safepoint   ] Safepoint "Cleanup", Time since last: 1000303955 ns, Reaching safepoint: 227412 ns, At safepoint: 13701 ns, Total: 241113 ns
[2026-02-05T02:57:29.068+0000][7][safepoint   ] Safepoint "Cleanup", Time since last: 1000795381 ns, Reaching safepoint: 295216 ns, At safepoint: 8400 ns, Total: 303616 ns
[2026-02-05T02:57:30.069+0000][7][safepoint   ] Safepoint "Cleanup", Time since last: 1000734778 ns, Reaching safepoint: 285515 ns, At safepoint: 15301 ns, Total: 300816 ns
[2026-02-05T02:57:32.070+0000][7][safepoint   ] Safepoint "Cleanup", Time since last: 2000617510 ns, Reaching safepoint: 271314 ns, At safepoint: 12901 ns, Total: 284215 ns
[2026-02-05T02:57:33.071+0000][7][safepoint   ] Safepoint "Cleanup", Time since last: 1000616528 ns, Reaching safepoint: 184910 ns, At safepoint: 7500 ns, Total: 192410 ns
[2026-02-05T02:57:34.072+0000][7][safepoint   ] Safepoint "Cleanup", Time since last: 1000319803 ns, Reaching safepoint: 231312 ns, At safepoint: 8800 ns, Total: 240112 ns
[2026-02-05T02:57:35.072+0000][7][safepoint   ] Safepoint "Cleanup", Time since last: 1000564616 ns, Reaching safepoint: 222212 ns, At safepoint: 6800 ns, Total: 229012 ns
[2026-02-05T02:57:37.073+0000][7][safepoint   ] Safepoint "Cleanup", Time since last: 2000801414 ns, Reaching safepoint: 188910 ns, At safepoint: 7400 ns, Total: 196310 ns
[2026-02-05T02:57:39.074+0000][7][safepoint   ] Safepoint "Cleanup", Time since last: 2000512899 ns, Reaching safepoint: 178709 ns, At safepoint: 21001 ns, Total: 199710 ns
[2026-02-05T02:57:40.075+0000][7][safepoint   ] Safepoint "Cleanup", Time since last: 1000312202 ns, Reaching safepoint: 238813 ns, At safepoint: 21101 ns, Total: 259914 ns
[2026-02-05T02:57:42.076+0000][7][safepoint   ] Safepoint "Cleanup", Time since last: 2000547357 ns, Reaching safepoint: 461523 ns, At safepoint: 34402 ns, Total: 495925 ns
[2026-02-05T02:57:44.077+0000][7][safepoint   ] Safepoint "Cleanup", Time since last: 2000759410 ns, Reaching safepoint: 800841 ns, At safepoint: 21101 ns, Total: 821942 ns
[2026-02-05T02:57:45.078+0000][7][safepoint   ] Safepoint "Cleanup", Time since last: 1001446210 ns, Reaching safepoint: 168308 ns, At safepoint: 20201 ns, Total: 188509 ns
[2026-02-05T02:57:46.079+0000][7][safepoint   ] Safepoint "Cleanup", Time since last: 1000676471 ns, Reaching safepoint: 799440 ns, At safepoint: 174609 ns, Total: 974049 ns
[2026-02-05T02:57:47.082+0000][7][safepoint   ] Safepoint "Cleanup", Time since last: 1001440810 ns, Reaching safepoint: 1140058 ns, At safepoint: 43202 ns, Total: 1183260 ns
[2026-02-05T02:57:48.083+0000][7][safepoint   ] Safepoint "Cleanup", Time since last: 1001130493 ns, Reaching safepoint: 181109 ns, At safepoint: 18201 ns, Total: 199310 ns
[2026-02-05T02:57:49.084+0000][7][safepoint   ] Safepoint "Cleanup", Time since last: 1000297579 ns, Reaching safepoint: 170709 ns, At safepoint: 19001 ns, Total: 189710 ns
[2026-02-05T02:57:49.513+0000][7][gc,start    ] GC(46) Pause Young (Normal) (G1 Evacuation Pause)
[2026-02-05T02:57:49.514+0000][7][gc,task     ] GC(46) Using 10 workers of 10 for evacuation
[2026-02-05T02:57:49.514+0000][7][gc,age      ] GC(46) Desired survivor size 18874368 bytes, new threshold 15 (max threshold 15)
[2026-02-05T02:57:49.519+0000][7][gc,age      ] GC(46) Age table with threshold 15 (max threshold 15)
[2026-02-05T02:57:49.520+0000][7][gc,age      ] GC(46) - age   1:    3868848 bytes,    3868848 total
[2026-02-05T02:57:49.520+0000][7][gc,age      ] GC(46) - age   2:     275080 bytes,    4143928 total
[2026-02-05T02:57:49.520+0000][7][gc,age      ] GC(46) - age   3:     229944 bytes,    4373872 total
[2026-02-05T02:57:49.521+0000][7][gc,age      ] GC(46) - age   4:    1407568 bytes,    5781440 total
[2026-02-05T02:57:49.521+0000][7][gc,age      ] GC(46) - age   5:     669296 bytes,    6450736 total
[2026-02-05T02:57:49.521+0000][7][gc,age      ] GC(46) - age   6:     523880 bytes,    6974616 total
[2026-02-05T02:57:49.522+0000][7][gc,age      ] GC(46) - age   7:       2512 bytes,    6977128 total
[2026-02-05T02:57:49.522+0000][7][gc,age      ] GC(46) - age   8:     311328 bytes,    7288456 total
[2026-02-05T02:57:49.522+0000][7][gc,age      ] GC(46) - age   9:      14384 bytes,    7302840 total
[2026-02-05T02:57:49.522+0000][7][gc,age      ] GC(46) - age  10:     110232 bytes,    7413072 total
[2026-02-05T02:57:49.523+0000][7][gc,age      ] GC(46) - age  11:     116744 bytes,    7529816 total
[2026-02-05T02:57:49.523+0000][7][gc,age      ] GC(46) - age  12:     364696 bytes,    7894512 total
[2026-02-05T02:57:49.523+0000][7][gc,age      ] GC(46) - age  13:    1610000 bytes,    9504512 total
[2026-02-05T02:57:49.523+0000][7][gc,age      ] GC(46) - age  14:    1293232 bytes,   10797744 total
[2026-02-05T02:57:49.524+0000][7][gc,age      ] GC(46) - age  15:    1199584 bytes,   11997328 total
[2026-02-05T02:57:49.524+0000][7][gc,phases   ] GC(46)   Pre Evacuate Collection Set: 0.2ms
[2026-02-05T02:57:49.524+0000][7][gc,phases   ] GC(46)   Merge Heap Roots: 0.2ms
[2026-02-05T02:57:49.524+0000][7][gc,phases   ] GC(46)   Evacuate Collection Set: 3.3ms
[2026-02-05T02:57:49.524+0000][7][gc,phases   ] GC(46)   Post Evacuate Collection Set: 1.6ms
[2026-02-05T02:57:49.524+0000][7][gc,phases   ] GC(46)   Other: 5.2ms
[2026-02-05T02:57:49.525+0000][7][gc,heap     ] GC(46) Eden regions: 69->0(67)
[2026-02-05T02:57:49.525+0000][7][gc,heap     ] GC(46) Survivor regions: 3->4(9)
[2026-02-05T02:57:49.525+0000][7][gc,heap     ] GC(46) Old regions: 26->26
[2026-02-05T02:57:49.525+0000][7][gc,heap     ] GC(46) Archive regions: 2->2
[2026-02-05T02:57:49.525+0000][7][gc,heap     ] GC(46) Humongous regions: 5->5
[2026-02-05T02:57:49.525+0000][7][gc,metaspace] GC(46) Metaspace: 120983K(122688K)->120983K(122688K) NonClass: 105175K(106112K)->105175K(106112K) Class: 15808K(16576K)->15808K(16576K)
[2026-02-05T02:57:49.525+0000][7][gc          ] GC(46) Pause Young (Normal) (G1 Evacuation Pause) 414M->139M(512M) 12.119ms
[2026-02-05T02:57:49.526+0000][7][gc,cpu      ] GC(46) User=0.03s Sys=0.00s Real=0.01s
[2026-02-05T02:57:49.526+0000][7][safepoint   ] Safepoint "G1CollectForAllocation", Time since last: 429195619 ns, Reaching safepoint: 438121 ns, At safepoint: 12709723 ns, Total: 13147844 ns
[2026-02-05T02:57:50.528+0000][7][safepoint   ] Safepoint "Cleanup", Time since last: 1001343738 ns, Reaching safepoint: 188109 ns, At safepoint: 10601 ns, Total: 198710 ns
[2026-02-05T02:57:51.528+0000][7][safepoint   ] Safepoint "Cleanup", Time since last: 1000283487 ns, Reaching safepoint: 276013 ns, At safepoint: 21401 ns, Total: 297414 ns
[2026-02-05T02:57:54.530+0000][7][safepoint   ] Safepoint "Cleanup", Time since last: 3001189877 ns, Reaching safepoint: 783838 ns, At safepoint: 18501 ns, Total: 802339 ns
[2026-02-05T02:58:06.535+0000][7][safepoint   ] Safepoint "Cleanup", Time since last: 12004281182 ns, Reaching safepoint: 244212 ns, At safepoint: 6601 ns, Total: 250813 ns
[2026-02-05T02:58:21.536+0000][7][safepoint   ] Safepoint "Cleanup", Time since last: 15003881383 ns, Reaching safepoint: 186709 ns, At safepoint: 6600 ns, Total: 193309 ns
[2026-02-05T02:58:31.538+0000][7][safepoint   ] Safepoint "Cleanup", Time since last: 10001743901 ns, Reaching safepoint: 195710 ns, At safepoint: 5401 ns, Total: 201111 ns
[2026-02-05T02:58:33.540+0000][7][safepoint   ] Safepoint "Cleanup", Time since last: 2000936036 ns, Reaching safepoint: 286914 ns, At safepoint: 19801 ns, Total: 306715 ns
[2026-02-05T02:58:39.058+0000][7][gc,start    ] GC(47) Pause Young (Normal) (G1 Evacuation Pause)
[2026-02-05T02:58:39.058+0000][7][gc,task     ] GC(47) Using 10 workers of 10 for evacuation
[2026-02-05T02:58:39.059+0000][7][gc,age      ] GC(47) Desired survivor size 18874368 bytes, new threshold 15 (max threshold 15)
[2026-02-05T02:58:39.063+0000][7][gc,age      ] GC(47) Age table with threshold 15 (max threshold 15)
[2026-02-05T02:58:39.063+0000][7][gc,age      ] GC(47) - age   1:    3217744 bytes,    3217744 total
[2026-02-05T02:58:39.063+0000][7][gc,age      ] GC(47) - age   2:     162096 bytes,    3379840 total
[2026-02-05T02:58:39.064+0000][7][gc,age      ] GC(47) - age   3:      32528 bytes,    3412368 total
[2026-02-05T02:58:39.064+0000][7][gc,age      ] GC(47) - age   4:      40752 bytes,    3453120 total
[2026-02-05T02:58:39.064+0000][7][gc,age      ] GC(47) - age   5:     878144 bytes,    4331264 total
[2026-02-05T02:58:39.064+0000][7][gc,age      ] GC(47) - age   6:     669168 bytes,    5000432 total
[2026-02-05T02:58:39.064+0000][7][gc,age      ] GC(47) - age   7:     523816 bytes,    5524248 total
[2026-02-05T02:58:39.064+0000][7][gc,age      ] GC(47) - age   8:       2512 bytes,    5526760 total
[2026-02-05T02:58:39.064+0000][7][gc,age      ] GC(47) - age   9:     310784 bytes,    5837544 total
[2026-02-05T02:58:39.065+0000][7][gc,age      ] GC(47) - age  10:      12464 bytes,    5850008 total
[2026-02-05T02:58:39.065+0000][7][gc,age      ] GC(47) - age  11:     110072 bytes,    5960080 total
[2026-02-05T02:58:39.065+0000][7][gc,age      ] GC(47) - age  12:     116424 bytes,    6076504 total
[2026-02-05T02:58:39.065+0000][7][gc,age      ] GC(47) - age  13:     364696 bytes,    6441200 total
[2026-02-05T02:58:39.065+0000][7][gc,age      ] GC(47) - age  14:    1610000 bytes,    8051200 total
[2026-02-05T02:58:39.065+0000][7][gc,age      ] GC(47) - age  15:    1293232 bytes,    9344432 total
[2026-02-05T02:58:39.065+0000][7][gc,phases   ] GC(47)   Pre Evacuate Collection Set: 0.2ms
[2026-02-05T02:58:39.066+0000][7][gc,phases   ] GC(47)   Merge Heap Roots: 0.2ms
[2026-02-05T02:58:39.066+0000][7][gc,phases   ] GC(47)   Evacuate Collection Set: 2.2ms
[2026-02-05T02:58:39.066+0000][7][gc,phases   ] GC(47)   Post Evacuate Collection Set: 1.5ms
[2026-02-05T02:58:39.066+0000][7][gc,phases   ] GC(47)   Other: 3.1ms
[2026-02-05T02:58:39.066+0000][7][gc,heap     ] GC(47) Eden regions: 67->0(69)
[2026-02-05T02:58:39.066+0000][7][gc,heap     ] GC(47) Survivor regions: 4->3(9)
[2026-02-05T02:58:39.066+0000][7][gc,heap     ] GC(47) Old regions: 26->26
[2026-02-05T02:58:39.066+0000][7][gc,heap     ] GC(47) Archive regions: 2->2
[2026-02-05T02:58:39.067+0000][7][gc,heap     ] GC(47) Humongous regions: 5->5
[2026-02-05T02:58:39.067+0000][7][gc,metaspace] GC(47) Metaspace: 121021K(122752K)->121021K(122752K) NonClass: 105212K(106176K)->105212K(106176K) Class: 15808K(16576K)->15808K(16576K)
[2026-02-05T02:58:39.067+0000][7][gc          ] GC(47) Pause Young (Normal) (G1 Evacuation Pause) 407M->138M(512M) 8.610ms
[2026-02-05T02:58:39.067+0000][7][gc,cpu      ] GC(47) User=0.02s Sys=0.00s Real=0.01s
[2026-02-05T02:58:39.067+0000][7][safepoint   ] Safepoint "G1CollectForAllocation", Time since last: 5518362725 ns, Reaching safepoint: 228011 ns, At safepoint: 8956653 ns, Total: 9184664 ns
[2026-02-05T02:58:40.068+0000][7][safepoint   ] Safepoint "Cleanup", Time since last: 1000329775 ns, Reaching safepoint: 287215 ns, At safepoint: 7300 ns, Total: 294515 ns
[2026-02-05T02:58:43.069+0000][7][safepoint   ] Safepoint "Cleanup", Time since last: 3001053428 ns, Reaching safepoint: 191509 ns, At safepoint: 6401 ns, Total: 197910 ns
[2026-02-05T02:58:44.070+0000][7][safepoint   ] Safepoint "Cleanup", Time since last: 1000440980 ns, Reaching safepoint: 197010 ns, At safepoint: 6900 ns, Total: 203910 ns
[2026-02-05T02:58:45.070+0000][7][safepoint   ] Safepoint "Cleanup", Time since last: 1000491573 ns, Reaching safepoint: 231812 ns, At safepoint: 17000 ns, Total: 248812 ns
[2026-02-05T02:58:46.070+0000][7][safepoint   ] Safepoint "Cleanup", Time since last: 1000443995 ns, Reaching safepoint: 215610 ns, At safepoint: 13901 ns, Total: 229511 ns
[2026-02-05T02:58:48.071+0000][7][safepoint   ] Safepoint "Cleanup", Time since last: 2000680779 ns, Reaching safepoint: 204010 ns, At safepoint: 5800 ns, Total: 209810 ns
[2026-02-05T02:58:52.073+0000][7][safepoint   ] Safepoint "Cleanup", Time since last: 4001197649 ns, Reaching safepoint: 188710 ns, At safepoint: 5000 ns, Total: 193710 ns
[2026-02-05T02:58:54.074+0000][7][safepoint   ] Safepoint "Cleanup", Time since last: 2000842474 ns, Reaching safepoint: 991950 ns, At safepoint: 38602 ns, Total: 1030552 ns
[2026-02-05T02:58:55.076+0000][7][safepoint   ] Safepoint "Cleanup", Time since last: 1001229455 ns, Reaching safepoint: 458823 ns, At safepoint: 11200 ns, Total: 470023 ns
[2026-02-05T02:59:29.083+0000][7][safepoint   ] Safepoint "Cleanup", Time since last: 34007784494 ns, Reaching safepoint: 219911 ns, At safepoint: 6901 ns, Total: 226812 ns
[2026-02-05T02:59:33.049+0000][7][gc,start    ] GC(48) Pause Young (Normal) (G1 Evacuation Pause)
[2026-02-05T02:59:33.049+0000][7][gc,task     ] GC(48) Using 10 workers of 10 for evacuation
[2026-02-05T02:59:33.050+0000][7][gc,age      ] GC(48) Desired survivor size 18874368 bytes, new threshold 15 (max threshold 15)
[2026-02-05T02:59:33.053+0000][7][gc,age      ] GC(48) Age table with threshold 15 (max threshold 15)
[2026-02-05T02:59:33.053+0000][7][gc,age      ] GC(48) - age   1:    1111584 bytes,    1111584 total
[2026-02-05T02:59:33.053+0000][7][gc,age      ] GC(48) - age   2:     661152 bytes,    1772736 total
[2026-02-05T02:59:33.053+0000][7][gc,age      ] GC(48) - age   3:     150056 bytes,    1922792 total
[2026-02-05T02:59:33.053+0000][7][gc,age      ] GC(48) - age   4:      31824 bytes,    1954616 total
[2026-02-05T02:59:33.053+0000][7][gc,age      ] GC(48) - age   5:      40560 bytes,    1995176 total
[2026-02-05T02:59:33.054+0000][7][gc,age      ] GC(48) - age   6:     877856 bytes,    2873032 total
[2026-02-05T02:59:33.054+0000][7][gc,age      ] GC(48) - age   7:     669136 bytes,    3542168 total
[2026-02-05T02:59:33.054+0000][7][gc,age      ] GC(48) - age   8:     523816 bytes,    4065984 total
[2026-02-05T02:59:33.054+0000][7][gc,age      ] GC(48) - age   9:       2512 bytes,    4068496 total
[2026-02-05T02:59:33.054+0000][7][gc,age      ] GC(48) - age  10:     310624 bytes,    4379120 total
[2026-02-05T02:59:33.055+0000][7][gc,age      ] GC(48) - age  11:      12464 bytes,    4391584 total
[2026-02-05T02:59:33.055+0000][7][gc,age      ] GC(48) - age  12:     110072 bytes,    4501656 total
[2026-02-05T02:59:33.055+0000][7][gc,age      ] GC(48) - age  13:     116424 bytes,    4618080 total
[2026-02-05T02:59:33.055+0000][7][gc,age      ] GC(48) - age  14:     364696 bytes,    4982776 total
[2026-02-05T02:59:33.055+0000][7][gc,age      ] GC(48) - age  15:    1610000 bytes,    6592776 total
[2026-02-05T02:59:33.055+0000][7][gc,phases   ] GC(48)   Pre Evacuate Collection Set: 0.2ms
[2026-02-05T02:59:33.056+0000][7][gc,phases   ] GC(48)   Merge Heap Roots: 0.1ms
[2026-02-05T02:59:33.056+0000][7][gc,phases   ] GC(48)   Evacuate Collection Set: 1.7ms
[2026-02-05T02:59:33.056+0000][7][gc,phases   ] GC(48)   Post Evacuate Collection Set: 1.0ms
[2026-02-05T02:59:33.056+0000][7][gc,phases   ] GC(48)   Other: 3.3ms
[2026-02-05T02:59:33.056+0000][7][gc,heap     ] GC(48) Eden regions: 69->0(69)
[2026-02-05T02:59:33.056+0000][7][gc,heap     ] GC(48) Survivor regions: 3->2(9)
[2026-02-05T02:59:33.056+0000][7][gc,heap     ] GC(48) Old regions: 26->27
[2026-02-05T02:59:33.057+0000][7][gc,heap     ] GC(48) Archive regions: 2->2
[2026-02-05T02:59:33.057+0000][7][gc,heap     ] GC(48) Humongous regions: 5->5
[2026-02-05T02:59:33.057+0000][7][gc,metaspace] GC(48) Metaspace: 121045K(122752K)->121045K(122752K) NonClass: 105237K(106176K)->105237K(106176K) Class: 15808K(16576K)->15808K(16576K)
[2026-02-05T02:59:33.057+0000][7][gc          ] GC(48) Pause Young (Normal) (G1 Evacuation Pause) 414M->136M(512M) 7.831ms
[2026-02-05T02:59:33.057+0000][7][gc,cpu      ] GC(48) User=0.01s Sys=0.01s Real=0.00s
[2026-02-05T02:59:33.057+0000][7][safepoint   ] Safepoint "G1CollectForAllocation", Time since last: 3966309814 ns, Reaching safepoint: 173009 ns, At safepoint: 8207423 ns, Total: 8380432 ns
[2026-02-05T02:59:34.058+0000][7][safepoint   ] Safepoint "Cleanup", Time since last: 1000280911 ns, Reaching safepoint: 191109 ns, At safepoint: 4901 ns, Total: 196010 ns
[2026-02-05T02:59:39.059+0000][7][safepoint   ] Safepoint "Cleanup", Time since last: 5001111439 ns, Reaching safepoint: 181709 ns, At safepoint: 18301 ns, Total: 200010 ns
[2026-02-05T02:59:43.060+0000][7][safepoint   ] Safepoint "Cleanup", Time since last: 4000856206 ns, Reaching safepoint: 189110 ns, At safepoint: 6000 ns, Total: 195110 ns
[2026-02-05T02:59:47.060+0000][7][safepoint   ] Safepoint "Cleanup", Time since last: 4000781966 ns, Reaching safepoint: 241713 ns, At safepoint: 9600 ns, Total: 251313 ns
[2026-02-05T02:59:52.061+0000][7][safepoint   ] Safepoint "Cleanup", Time since last: 5000938275 ns, Reaching safepoint: 173009 ns, At safepoint: 6000 ns, Total: 179009 ns
[2026-02-05T02:59:54.062+0000][7][safepoint   ] Safepoint "Cleanup", Time since last: 2000721297 ns, Reaching safepoint: 274914 ns, At safepoint: 9801 ns, Total: 284715 ns
[2026-02-05T02:59:55.063+0000][7][safepoint   ] Safepoint "Cleanup", Time since last: 1000298445 ns, Reaching safepoint: 251013 ns, At safepoint: 20201 ns, Total: 271214 ns
[2026-02-05T02:59:56.063+0000][7][safepoint   ] Safepoint "Cleanup", Time since last: 1000320346 ns, Reaching safepoint: 216111 ns, At safepoint: 7100 ns, Total: 223211 ns
[2026-02-05T03:00:04.065+0000][7][safepoint   ] Safepoint "Cleanup", Time since last: 8001636378 ns, Reaching safepoint: 206411 ns, At safepoint: 5901 ns, Total: 212312 ns
[2026-02-05T03:00:15.064+0000][7][safepoint   ] Safepoint "Cleanup", Time since last: 11002152408 ns, Reaching safepoint: 179808 ns, At safepoint: 4800 ns, Total: 184608 ns
[2026-02-05T03:00:16.065+0000][7][safepoint   ] Safepoint "Cleanup", Time since last: 1000362616 ns, Reaching safepoint: 353615 ns, At safepoint: 35002 ns, Total: 388617 ns
[2026-02-05T03:00:21.066+0000][7][safepoint   ] Safepoint "Cleanup", Time since last: 5001233105 ns, Reaching safepoint: 250212 ns, At safepoint: 20101 ns, Total: 270313 ns
[2026-02-05T03:00:21.384+0000][7][gc,start    ] GC(49) Pause Young (Normal) (G1 Evacuation Pause)
[2026-02-05T03:00:21.385+0000][7][gc,task     ] GC(49) Using 10 workers of 10 for evacuation
[2026-02-05T03:00:21.385+0000][7][gc,age      ] GC(49) Desired survivor size 18874368 bytes, new threshold 15 (max threshold 15)
[2026-02-05T03:00:21.388+0000][7][gc,age      ] GC(49) Age table with threshold 15 (max threshold 15)
[2026-02-05T03:00:21.389+0000][7][gc,age      ] GC(49) - age   1:    2715752 bytes,    2715752 total
[2026-02-05T03:00:21.389+0000][7][gc,age      ] GC(49) - age   2:     159224 bytes,    2874976 total
[2026-02-05T03:00:21.389+0000][7][gc,age      ] GC(49) - age   3:     656072 bytes,    3531048 total
[2026-02-05T03:00:21.389+0000][7][gc,age      ] GC(49) - age   4:     149072 bytes,    3680120 total
[2026-02-05T03:00:21.389+0000][7][gc,age      ] GC(49) - age   5:      31472 bytes,    3711592 total
[2026-02-05T03:00:21.389+0000][7][gc,age      ] GC(49) - age   6:      39888 bytes,    3751480 total
[2026-02-05T03:00:21.390+0000][7][gc,age      ] GC(49) - age   7:     877760 bytes,    4629240 total
[2026-02-05T03:00:21.390+0000][7][gc,age      ] GC(49) - age   8:     669136 bytes,    5298376 total
[2026-02-05T03:00:21.390+0000][7][gc,age      ] GC(49) - age   9:     522856 bytes,    5821232 total
[2026-02-05T03:00:21.390+0000][7][gc,age      ] GC(49) - age  10:       2512 bytes,    5823744 total
[2026-02-05T03:00:21.390+0000][7][gc,age      ] GC(49) - age  11:     310624 bytes,    6134368 total
[2026-02-05T03:00:21.390+0000][7][gc,age      ] GC(49) - age  12:      12464 bytes,    6146832 total
[2026-02-05T03:00:21.390+0000][7][gc,age      ] GC(49) - age  13:     110072 bytes,    6256904 total
[2026-02-05T03:00:21.391+0000][7][gc,age      ] GC(49) - age  14:     116320 bytes,    6373224 total
[2026-02-05T03:00:21.391+0000][7][gc,age      ] GC(49) - age  15:     364696 bytes,    6737920 total
[2026-02-05T03:00:21.391+0000][7][gc,phases   ] GC(49)   Pre Evacuate Collection Set: 0.2ms
[2026-02-05T03:00:21.391+0000][7][gc,phases   ] GC(49)   Merge Heap Roots: 0.1ms
[2026-02-05T03:00:21.391+0000][7][gc,phases   ] GC(49)   Evacuate Collection Set: 1.8ms
[2026-02-05T03:00:21.391+0000][7][gc,phases   ] GC(49)   Post Evacuate Collection Set: 1.1ms
[2026-02-05T03:00:21.392+0000][7][gc,phases   ] GC(49)   Other: 3.3ms
[2026-02-05T03:00:21.392+0000][7][gc,heap     ] GC(49) Eden regions: 69->0(69)
[2026-02-05T03:00:21.392+0000][7][gc,heap     ] GC(49) Survivor regions: 2->2(9)
[2026-02-05T03:00:21.392+0000][7][gc,heap     ] GC(49) Old regions: 27->27
[2026-02-05T03:00:21.392+0000][7][gc,heap     ] GC(49) Archive regions: 2->2
[2026-02-05T03:00:21.392+0000][7][gc,heap     ] GC(49) Humongous regions: 5->5
[2026-02-05T03:00:21.393+0000][7][gc,metaspace] GC(49) Metaspace: 121070K(122816K)->121070K(122816K) NonClass: 105260K(106240K)->105260K(106240K) Class: 15809K(16576K)->15809K(16576K)
[2026-02-05T03:00:21.393+0000][7][gc          ] GC(49) Pause Young (Normal) (G1 Evacuation Pause) 412M->137M(512M) 8.401ms
[2026-02-05T03:00:21.393+0000][7][gc,cpu      ] GC(49) User=0.01s Sys=0.01s Real=0.00s
[2026-02-05T03:00:21.393+0000][7][safepoint   ] Safepoint "G1CollectForAllocation", Time since last: 317863703 ns, Reaching safepoint: 201910 ns, At safepoint: 8908040 ns, Total: 9109950 ns
[2026-02-05T03:00:28.396+0000][7][safepoint   ] Safepoint "Cleanup", Time since last: 7001911210 ns, Reaching safepoint: 332617 ns, At safepoint: 29401 ns, Total: 362018 ns
[2026-02-05T03:00:36.398+0000][7][safepoint   ] Safepoint "Cleanup", Time since last: 8002365589 ns, Reaching safepoint: 483724 ns, At safepoint: 13901 ns, Total: 497625 ns
[2026-02-05T03:00:37.400+0000][7][safepoint   ] Safepoint "Cleanup", Time since last: 1000847400 ns, Reaching safepoint: 241412 ns, At safepoint: 7900 ns, Total: 249312 ns
[2026-02-05T03:00:39.401+0000][7][safepoint   ] Safepoint "Cleanup", Time since last: 2000805170 ns, Reaching safepoint: 255013 ns, At safepoint: 7200 ns, Total: 262213 ns
[2026-02-05T03:00:54.403+0000][7][safepoint   ] Safepoint "Cleanup", Time since last: 15002867133 ns, Reaching safepoint: 196709 ns, At safepoint: 5301 ns, Total: 202010 ns
[2026-02-05T03:00:57.404+0000][7][safepoint   ] Safepoint "Cleanup", Time since last: 3000622154 ns, Reaching safepoint: 180309 ns, At safepoint: 5700 ns, Total: 186009 ns
[2026-02-05T03:00:59.405+0000][7][safepoint   ] Safepoint "Cleanup", Time since last: 2000884693 ns, Reaching safepoint: 268114 ns, At safepoint: 13200 ns, Total: 281314 ns
[2026-02-05T03:01:03.407+0000][7][safepoint   ] Safepoint "Cleanup", Time since last: 4000988658 ns, Reaching safepoint: 191307 ns, At safepoint: 6700 ns, Total: 198007 ns
[2026-02-05T03:01:07.408+0000][7][safepoint   ] Safepoint "Cleanup", Time since last: 4001295301 ns, Reaching safepoint: 242309 ns, At safepoint: 9900 ns, Total: 252209 ns
[2026-02-05T03:01:09.409+0000][7][safepoint   ] Safepoint "Cleanup", Time since last: 2000601959 ns, Reaching safepoint: 168108 ns, At safepoint: 18601 ns, Total: 186709 ns
[2026-02-05T03:01:12.391+0000][7][gc,start    ] GC(50) Pause Young (Normal) (G1 Evacuation Pause)
[2026-02-05T03:01:12.391+0000][7][gc,task     ] GC(50) Using 10 workers of 10 for evacuation
[2026-02-05T03:01:12.392+0000][7][gc,age      ] GC(50) Desired survivor size 18874368 bytes, new threshold 15 (max threshold 15)
[2026-02-05T03:01:12.396+0000][7][gc,age      ] GC(50) Age table with threshold 15 (max threshold 15)
[2026-02-05T03:01:12.396+0000][7][gc,age      ] GC(50) - age   1:    1882480 bytes,    1882480 total
[2026-02-05T03:01:12.397+0000][7][gc,age      ] GC(50) - age   2:     230040 bytes,    2112520 total
[2026-02-05T03:01:12.397+0000][7][gc,age      ] GC(50) - age   3:      45072 bytes,    2157592 total
[2026-02-05T03:01:12.397+0000][7][gc,age      ] GC(50) - age   4:     653872 bytes,    2811464 total
[2026-02-05T03:01:12.397+0000][7][gc,age      ] GC(50) - age   5:     148576 bytes,    2960040 total
[2026-02-05T03:01:12.398+0000][7][gc,age      ] GC(50) - age   6:      31072 bytes,    2991112 total
[2026-02-05T03:01:12.398+0000][7][gc,age      ] GC(50) - age   7:      39824 bytes,    3030936 total
[2026-02-05T03:01:12.398+0000][7][gc,age      ] GC(50) - age   8:     875136 bytes,    3906072 total
[2026-02-05T03:01:12.398+0000][7][gc,age      ] GC(50) - age   9:     668912 bytes,    4574984 total
[2026-02-05T03:01:12.399+0000][7][gc,age      ] GC(50) - age  10:     522856 bytes,    5097840 total
[2026-02-05T03:01:12.399+0000][7][gc,age      ] GC(50) - age  11:       2512 bytes,    5100352 total
[2026-02-05T03:01:12.399+0000][7][gc,age      ] GC(50) - age  12:     310624 bytes,    5410976 total
[2026-02-05T03:01:12.400+0000][7][gc,age      ] GC(50) - age  13:      12464 bytes,    5423440 total
[2026-02-05T03:01:12.400+0000][7][gc,age      ] GC(50) - age  14:     110072 bytes,    5533512 total
[2026-02-05T03:01:12.400+0000][7][gc,age      ] GC(50) - age  15:     116320 bytes,    5649832 total
[2026-02-05T03:01:12.400+0000][7][gc,phases   ] GC(50)   Pre Evacuate Collection Set: 0.2ms
[2026-02-05T03:01:12.400+0000][7][gc,phases   ] GC(50)   Merge Heap Roots: 0.2ms
[2026-02-05T03:01:12.401+0000][7][gc,phases   ] GC(50)   Evacuate Collection Set: 1.9ms
[2026-02-05T03:01:12.401+0000][7][gc,phases   ] GC(50)   Post Evacuate Collection Set: 1.7ms
[2026-02-05T03:01:12.401+0000][7][gc,phases   ] GC(50)   Other: 5.2ms
[2026-02-05T03:01:12.401+0000][7][gc,heap     ] GC(50) Eden regions: 69->0(69)
[2026-02-05T03:01:12.402+0000][7][gc,heap     ] GC(50) Survivor regions: 2->2(9)
[2026-02-05T03:01:12.402+0000][7][gc,heap     ] GC(50) Old regions: 27->27
[2026-02-05T03:01:12.402+0000][7][gc,heap     ] GC(50) Archive regions: 2->2
[2026-02-05T03:01:12.402+0000][7][gc,heap     ] GC(50) Humongous regions: 5->5
[2026-02-05T03:01:12.402+0000][7][gc,metaspace] GC(50) Metaspace: 121092K(122816K)->121092K(122816K) NonClass: 105283K(106240K)->105283K(106240K) Class: 15809K(16576K)->15809K(16576K)
[2026-02-05T03:01:12.402+0000][7][gc          ] GC(50) Pause Young (Normal) (G1 Evacuation Pause) 413M->137M(512M) 11.317ms
[2026-02-05T03:01:12.403+0000][7][gc,cpu      ] GC(50) User=0.02s Sys=0.00s Real=0.01s
[2026-02-05T03:01:12.403+0000][7][safepoint   ] Safepoint "G1CollectForAllocation", Time since last: 2982070224 ns, Reaching safepoint: 192509 ns, At safepoint: 11785846 ns, Total: 11978355 ns
[2026-02-05T03:01:15.403+0000][7][safepoint   ] Safepoint "Cleanup", Time since last: 3000792092 ns, Reaching safepoint: 540625 ns, At safepoint: 59603 ns, Total: 600228 ns
[2026-02-05T03:01:21.405+0000][7][safepoint   ] Safepoint "Cleanup", Time since last: 6001460065 ns, Reaching safepoint: 184109 ns, At safepoint: 5400 ns, Total: 189509 ns
[2026-02-05T03:01:27.407+0000][7][safepoint   ] Safepoint "Cleanup", Time since last: 6001800161 ns, Reaching safepoint: 346918 ns, At safepoint: 18300 ns, Total: 365218 ns
[2026-02-05T03:01:34.321+0000][7][safepoint   ] Safepoint "Cleanup", Time since last: 6913831759 ns, Reaching safepoint: 220411 ns, At safepoint: 36901 ns, Total: 257312 ns
[2026-02-05T03:01:39.322+0000][7][safepoint   ] Safepoint "Cleanup", Time since last: 5000850698 ns, Reaching safepoint: 241812 ns, At safepoint: 9600 ns, Total: 251412 ns
[2026-02-05T03:01:45.322+0000][7][safepoint   ] Safepoint "Cleanup", Time since last: 6001086592 ns, Reaching safepoint: 221209 ns, At safepoint: 8401 ns, Total: 229610 ns
[2026-02-05T03:01:48.323+0000][7][safepoint   ] Safepoint "Cleanup", Time since last: 3000969213 ns, Reaching safepoint: 305913 ns, At safepoint: 22001 ns, Total: 327914 ns
[2026-02-05T03:01:51.324+0000][7][safepoint   ] Safepoint "Cleanup", Time since last: 3000838403 ns, Reaching safepoint: 197409 ns, At safepoint: 10101 ns, Total: 207510 ns
[2026-02-05T03:01:52.325+0000][7][safepoint   ] Safepoint "Cleanup", Time since last: 1000528258 ns, Reaching safepoint: 225810 ns, At safepoint: 17101 ns, Total: 242911 ns
[2026-02-05T03:01:54.326+0000][7][safepoint   ] Safepoint "Cleanup", Time since last: 2000616996 ns, Reaching safepoint: 220710 ns, At safepoint: 14401 ns, Total: 235111 ns
[2026-02-05T03:02:01.328+0000][7][safepoint   ] Safepoint "Cleanup", Time since last: 7001376591 ns, Reaching safepoint: 182309 ns, At safepoint: 5900 ns, Total: 188209 ns
[2026-02-05T03:02:01.619+0000][7][gc,start    ] GC(51) Pause Young (Normal) (G1 Evacuation Pause)
[2026-02-05T03:02:01.619+0000][7][gc,task     ] GC(51) Using 10 workers of 10 for evacuation
[2026-02-05T03:02:01.619+0000][7][gc,age      ] GC(51) Desired survivor size 18874368 bytes, new threshold 15 (max threshold 15)
[2026-02-05T03:02:01.622+0000][7][gc,age      ] GC(51) Age table with threshold 15 (max threshold 15)
[2026-02-05T03:02:01.622+0000][7][gc,age      ] GC(51) - age   1:    2121816 bytes,    2121816 total
[2026-02-05T03:02:01.622+0000][7][gc,age      ] GC(51) - age   2:     392968 bytes,    2514784 total
[2026-02-05T03:02:01.623+0000][7][gc,age      ] GC(51) - age   3:      27448 bytes,    2542232 total
[2026-02-05T03:02:01.623+0000][7][gc,age      ] GC(51) - age   4:      44784 bytes,    2587016 total
[2026-02-05T03:02:01.623+0000][7][gc,age      ] GC(51) - age   5:     653584 bytes,    3240600 total
[2026-02-05T03:02:01.623+0000][7][gc,age      ] GC(51) - age   6:     148312 bytes,    3388912 total
[2026-02-05T03:02:01.623+0000][7][gc,age      ] GC(51) - age   7:      30712 bytes,    3419624 total
[2026-02-05T03:02:01.623+0000][7][gc,age      ] GC(51) - age   8:      39824 bytes,    3459448 total
[2026-02-05T03:02:01.623+0000][7][gc,age      ] GC(51) - age   9:     875136 bytes,    4334584 total
[2026-02-05T03:02:01.623+0000][7][gc,age      ] GC(51) - age  10:     668912 bytes,    5003496 total
[2026-02-05T03:02:01.624+0000][7][gc,age      ] GC(51) - age  11:     522856 bytes,    5526352 total
[2026-02-05T03:02:01.624+0000][7][gc,age      ] GC(51) - age  12:       2512 bytes,    5528864 total
[2026-02-05T03:02:01.624+0000][7][gc,age      ] GC(51) - age  13:     310624 bytes,    5839488 total
[2026-02-05T03:02:01.624+0000][7][gc,age      ] GC(51) - age  14:      12464 bytes,    5851952 total
[2026-02-05T03:02:01.624+0000][7][gc,age      ] GC(51) - age  15:     109576 bytes,    5961528 total
[2026-02-05T03:02:01.624+0000][7][gc,phases   ] GC(51)   Pre Evacuate Collection Set: 0.2ms
[2026-02-05T03:02:01.624+0000][7][gc,phases   ] GC(51)   Merge Heap Roots: 0.2ms
[2026-02-05T03:02:01.625+0000][7][gc,phases   ] GC(51)   Evacuate Collection Set: 1.6ms
[2026-02-05T03:02:01.625+0000][7][gc,phases   ] GC(51)   Post Evacuate Collection Set: 1.0ms
[2026-02-05T03:02:01.625+0000][7][gc,phases   ] GC(51)   Other: 2.9ms
[2026-02-05T03:02:01.625+0000][7][gc,heap     ] GC(51) Eden regions: 69->0(69)
[2026-02-05T03:02:01.625+0000][7][gc,heap     ] GC(51) Survivor regions: 2->2(9)
[2026-02-05T03:02:01.625+0000][7][gc,heap     ] GC(51) Old regions: 27->27
[2026-02-05T03:02:01.626+0000][7][gc,heap     ] GC(51) Archive regions: 2->2
[2026-02-05T03:02:01.626+0000][7][gc,heap     ] GC(51) Humongous regions: 5->5
[2026-02-05T03:02:01.626+0000][7][gc,metaspace] GC(51) Metaspace: 121118K(122816K)->121118K(122816K) NonClass: 105309K(106240K)->105309K(106240K) Class: 15809K(16576K)->15809K(16576K)
[2026-02-05T03:02:01.626+0000][7][gc          ] GC(51) Pause Young (Normal) (G1 Evacuation Pause) 413M->137M(512M) 7.452ms
[2026-02-05T03:02:01.626+0000][7][gc,cpu      ] GC(51) User=0.01s Sys=0.01s Real=0.01s
[2026-02-05T03:02:01.626+0000][7][safepoint   ] Safepoint "G1CollectForAllocation", Time since last: 290632664 ns, Reaching safepoint: 181009 ns, At safepoint: 7828581 ns, Total: 8009590 ns
[2026-02-05T03:02:05.628+0000][7][safepoint   ] Safepoint "Cleanup", Time since last: 4001370309 ns, Reaching safepoint: 223910 ns, At safepoint: 17001 ns, Total: 240911 ns
[2026-02-05T03:02:20.631+0000][7][safepoint   ] Safepoint "Cleanup", Time since last: 15003869872 ns, Reaching safepoint: 364418 ns, At safepoint: 20501 ns, Total: 384919 ns
[2026-02-05T03:02:45.635+0000][7][safepoint   ] Safepoint "Cleanup", Time since last: 25005497572 ns, Reaching safepoint: 227706 ns, At safepoint: 8800 ns, Total: 236506 ns
[2026-02-05T03:02:51.637+0000][7][safepoint   ] Safepoint "Cleanup", Time since last: 6001435944 ns, Reaching safepoint: 320009 ns, At safepoint: 7700 ns, Total: 327709 ns
[2026-02-05T03:02:54.638+0000][7][safepoint   ] Safepoint "Cleanup", Time since last: 3000897466 ns, Reaching safepoint: 210011 ns, At safepoint: 6301 ns, Total: 216312 ns
[2026-02-05T03:02:57.477+0000][7][gc,start    ] GC(52) Pause Young (Normal) (G1 Evacuation Pause)
[2026-02-05T03:02:57.477+0000][7][gc,task     ] GC(52) Using 10 workers of 10 for evacuation
[2026-02-05T03:02:57.477+0000][7][gc,age      ] GC(52) Desired survivor size 18874368 bytes, new threshold 15 (max threshold 15)
[2026-02-05T03:02:57.480+0000][7][gc,age      ] GC(52) Age table with threshold 15 (max threshold 15)
[2026-02-05T03:02:57.480+0000][7][gc,age      ] GC(52) - age   1:    3033568 bytes,    3033568 total
[2026-02-05T03:02:57.481+0000][7][gc,age      ] GC(52) - age   2:     252080 bytes,    3285648 total
[2026-02-05T03:02:57.481+0000][7][gc,age      ] GC(52) - age   3:     390888 bytes,    3676536 total
[2026-02-05T03:02:57.481+0000][7][gc,age      ] GC(52) - age   4:      26680 bytes,    3703216 total
[2026-02-05T03:02:57.481+0000][7][gc,age      ] GC(52) - age   5:      44656 bytes,    3747872 total
[2026-02-05T03:02:57.481+0000][7][gc,age      ] GC(52) - age   6:     653520 bytes,    4401392 total
[2026-02-05T03:02:57.481+0000][7][gc,age      ] GC(52) - age   7:     148312 bytes,    4549704 total
[2026-02-05T03:02:57.482+0000][7][gc,age      ] GC(52) - age   8:      30712 bytes,    4580416 total
[2026-02-05T03:02:57.482+0000][7][gc,age      ] GC(52) - age   9:      39824 bytes,    4620240 total
[2026-02-05T03:02:57.482+0000][7][gc,age      ] GC(52) - age  10:     875104 bytes,    5495344 total
[2026-02-05T03:02:57.482+0000][7][gc,age      ] GC(52) - age  11:     668912 bytes,    6164256 total
[2026-02-05T03:02:57.482+0000][7][gc,age      ] GC(52) - age  12:     522856 bytes,    6687112 total
[2026-02-05T03:02:57.482+0000][7][gc,age      ] GC(52) - age  13:       2320 bytes,    6689432 total
[2026-02-05T03:02:57.482+0000][7][gc,age      ] GC(52) - age  14:     310624 bytes,    7000056 total
[2026-02-05T03:02:57.483+0000][7][gc,age      ] GC(52) - age  15:      12464 bytes,    7012520 total
[2026-02-05T03:02:57.483+0000][7][gc,phases   ] GC(52)   Pre Evacuate Collection Set: 0.2ms
[2026-02-05T03:02:57.483+0000][7][gc,phases   ] GC(52)   Merge Heap Roots: 0.1ms
[2026-02-05T03:02:57.483+0000][7][gc,phases   ] GC(52)   Evacuate Collection Set: 1.7ms
[2026-02-05T03:02:57.483+0000][7][gc,phases   ] GC(52)   Post Evacuate Collection Set: 1.0ms
[2026-02-05T03:02:57.483+0000][7][gc,phases   ] GC(52)   Other: 3.1ms
[2026-02-05T03:02:57.484+0000][7][gc,heap     ] GC(52) Eden regions: 69->0(69)
[2026-02-05T03:02:57.484+0000][7][gc,heap     ] GC(52) Survivor regions: 2->2(9)
[2026-02-05T03:02:57.484+0000][7][gc,heap     ] GC(52) Old regions: 27->27
[2026-02-05T03:02:57.484+0000][7][gc,heap     ] GC(52) Archive regions: 2->2
[2026-02-05T03:02:57.484+0000][7][gc,heap     ] GC(52) Humongous regions: 5->5
[2026-02-05T03:02:57.484+0000][7][gc,metaspace] GC(52) Metaspace: 121140K(122880K)->121140K(122880K) NonClass: 105331K(106304K)->105331K(106304K) Class: 15809K(16576K)->15809K(16576K)
[2026-02-05T03:02:57.484+0000][7][gc          ] GC(52) Pause Young (Normal) (G1 Evacuation Pause) 413M->138M(512M) 7.889ms
[2026-02-05T03:02:57.485+0000][7][gc,cpu      ] GC(52) User=0.02s Sys=0.00s Real=0.01s
[2026-02-05T03:02:57.485+0000][7][safepoint   ] Safepoint "G1CollectForAllocation", Time since last: 2838622159 ns, Reaching safepoint: 173009 ns, At safepoint: 8285944 ns, Total: 8458953 ns
[2026-02-05T03:03:03.486+0000][7][safepoint   ] Safepoint "Cleanup", Time since last: 6001103153 ns, Reaching safepoint: 235512 ns, At safepoint: 10601 ns, Total: 246113 ns
[2026-02-05T03:03:04.487+0000][7][safepoint   ] Safepoint "Cleanup", Time since last: 1000523153 ns, Reaching safepoint: 260614 ns, At safepoint: 9500 ns, Total: 270114 ns
[2026-02-05T03:03:09.488+0000][7][safepoint   ] Safepoint "Cleanup", Time since last: 5001171355 ns, Reaching safepoint: 233711 ns, At safepoint: 16101 ns, Total: 249812 ns
[2026-02-05T03:03:12.491+0000][7][safepoint   ] Safepoint "Cleanup", Time since last: 3001223826 ns, Reaching safepoint: 847539 ns, At safepoint: 36202 ns, Total: 883741 ns
[2026-02-05T03:03:15.491+0000][7][safepoint   ] Safepoint "Cleanup", Time since last: 3001713848 ns, Reaching safepoint: 226010 ns, At safepoint: 8301 ns, Total: 234311 ns
[2026-02-05T03:03:21.494+0000][7][safepoint   ] Safepoint "Cleanup", Time since last: 6002204245 ns, Reaching safepoint: 183408 ns, At safepoint: 20201 ns, Total: 203609 ns
[2026-02-05T03:03:30.496+0000][7][safepoint   ] Safepoint "Cleanup", Time since last: 9001553568 ns, Reaching safepoint: 689632 ns, At safepoint: 18701 ns, Total: 708333 ns
[2026-02-05T03:03:33.498+0000][7][safepoint   ] Safepoint "Cleanup", Time since last: 3001460722 ns, Reaching safepoint: 257712 ns, At safepoint: 7601 ns, Total: 265313 ns
[2026-02-05T03:03:37.500+0000][7][safepoint   ] Safepoint "Cleanup", Time since last: 4001545379 ns, Reaching safepoint: 907443 ns, At safepoint: 26501 ns, Total: 933944 ns
[2026-02-05T03:03:39.502+0000][7][safepoint   ] Safepoint "Cleanup", Time since last: 2001693283 ns, Reaching safepoint: 189509 ns, At safepoint: 5900 ns, Total: 195409 ns
[2026-02-05T03:03:43.503+0000][7][safepoint   ] Safepoint "Cleanup", Time since last: 4000949231 ns, Reaching safepoint: 270710 ns, At safepoint: 11101 ns, Total: 281811 ns
[2026-02-05T03:03:47.502+0000][7][safepoint   ] Safepoint "Cleanup", Time since last: 4000758867 ns, Reaching safepoint: 207808 ns, At safepoint: 23901 ns, Total: 231709 ns
[2026-02-05T03:03:52.503+0000][7][safepoint   ] Safepoint "Cleanup", Time since last: 5000863549 ns, Reaching safepoint: 296313 ns, At safepoint: 21501 ns, Total: 317814 ns
[2026-02-05T03:03:52.650+0000][7][gc,start    ] GC(53) Pause Young (Normal) (G1 Evacuation Pause)
[2026-02-05T03:03:52.650+0000][7][gc,task     ] GC(53) Using 10 workers of 10 for evacuation
[2026-02-05T03:03:52.651+0000][7][gc,age      ] GC(53) Desired survivor size 18874368 bytes, new threshold 15 (max threshold 15)
[2026-02-05T03:03:52.653+0000][7][gc,age      ] GC(53) Age table with threshold 15 (max threshold 15)
[2026-02-05T03:03:52.654+0000][7][gc,age      ] GC(53) - age   1:     791632 bytes,     791632 total
[2026-02-05T03:03:52.654+0000][7][gc,age      ] GC(53) - age   2:      23424 bytes,     815056 total
[2026-02-05T03:03:52.654+0000][7][gc,age      ] GC(53) - age   3:     249176 bytes,    1064232 total
[2026-02-05T03:03:52.654+0000][7][gc,age      ] GC(53) - age   4:     390296 bytes,    1454528 total
[2026-02-05T03:03:52.655+0000][7][gc,age      ] GC(53) - age   5:      26456 bytes,    1480984 total
[2026-02-05T03:03:52.655+0000][7][gc,age      ] GC(53) - age   6:      44296 bytes,    1525280 total
[2026-02-05T03:03:52.655+0000][7][gc,age      ] GC(53) - age   7:     653424 bytes,    2178704 total
[2026-02-05T03:03:52.655+0000][7][gc,age      ] GC(53) - age   8:     148312 bytes,    2327016 total
[2026-02-05T03:03:52.655+0000][7][gc,age      ] GC(53) - age   9:      30680 bytes,    2357696 total
[2026-02-05T03:03:52.656+0000][7][gc,age      ] GC(53) - age  10:      39560 bytes,    2397256 total
[2026-02-05T03:03:52.656+0000][7][gc,age      ] GC(53) - age  11:     875104 bytes,    3272360 total
[2026-02-05T03:03:52.656+0000][7][gc,age      ] GC(53) - age  12:     668912 bytes,    3941272 total
[2026-02-05T03:03:52.656+0000][7][gc,age      ] GC(53) - age  13:     522856 bytes,    4464128 total
[2026-02-05T03:03:52.656+0000][7][gc,age      ] GC(53) - age  14:       2320 bytes,    4466448 total
[2026-02-05T03:03:52.656+0000][7][gc,age      ] GC(53) - age  15:     310624 bytes,    4777072 total
[2026-02-05T03:03:52.656+0000][7][gc,phases   ] GC(53)   Pre Evacuate Collection Set: 0.2ms
[2026-02-05T03:03:52.657+0000][7][gc,phases   ] GC(53)   Merge Heap Roots: 0.1ms
[2026-02-05T03:03:52.657+0000][7][gc,phases   ] GC(53)   Evacuate Collection Set: 1.3ms
[2026-02-05T03:03:52.657+0000][7][gc,phases   ] GC(53)   Post Evacuate Collection Set: 0.9ms
[2026-02-05T03:03:52.657+0000][7][gc,phases   ] GC(53)   Other: 3.9ms
[2026-02-05T03:03:52.657+0000][7][gc,heap     ] GC(53) Eden regions: 69->0(70)
[2026-02-05T03:03:52.657+0000][7][gc,heap     ] GC(53) Survivor regions: 2->2(9)
[2026-02-05T03:03:52.657+0000][7][gc,heap     ] GC(53) Old regions: 27->27
[2026-02-05T03:03:52.657+0000][7][gc,heap     ] GC(53) Archive regions: 2->2
[2026-02-05T03:03:52.658+0000][7][gc,heap     ] GC(53) Humongous regions: 5->5
[2026-02-05T03:03:52.658+0000][7][gc,metaspace] GC(53) Metaspace: 121156K(122880K)->121156K(122880K) NonClass: 105346K(106304K)->105346K(106304K) Class: 15809K(16576K)->15809K(16576K)
[2026-02-05T03:03:52.658+0000][7][gc          ] GC(53) Pause Young (Normal) (G1 Evacuation Pause) 414M->136M(512M) 7.759ms
[2026-02-05T03:03:52.658+0000][7][gc,cpu      ] GC(53) User=0.01s Sys=0.01s Real=0.01s
[2026-02-05T03:03:52.658+0000][7][safepoint   ] Safepoint "G1CollectForAllocation", Time since last: 147053600 ns, Reaching safepoint: 182909 ns, At safepoint: 8086868 ns, Total: 8269777 ns
[2026-02-05T03:03:54.659+0000][7][safepoint   ] Safepoint "Cleanup", Time since last: 2000403647 ns, Reaching safepoint: 235111 ns, At safepoint: 8900 ns, Total: 244011 ns
[2026-02-05T03:03:57.660+0000][7][safepoint   ] Safepoint "Cleanup", Time since last: 3000909248 ns, Reaching safepoint: 200710 ns, At safepoint: 20401 ns, Total: 221111 ns
[2026-02-05T03:04:03.663+0000][7][safepoint   ] Safepoint "Cleanup", Time since last: 6002240263 ns, Reaching safepoint: 302215 ns, At safepoint: 9700 ns, Total: 311915 ns
[2026-02-05T03:04:16.666+0000][7][safepoint   ] Safepoint "Cleanup", Time since last: 13003726537 ns, Reaching safepoint: 247413 ns, At safepoint: 9700 ns, Total: 257113 ns
[2026-02-05T03:04:21.667+0000][7][safepoint   ] Safepoint "Cleanup", Time since last: 5001091902 ns, Reaching safepoint: 183310 ns, At safepoint: 19401 ns, Total: 202711 ns
[2026-02-05T03:04:24.669+0000][7][safepoint   ] Safepoint "Cleanup", Time since last: 3001531709 ns, Reaching safepoint: 178910 ns, At safepoint: 8200 ns, Total: 187110 ns
[2026-02-05T03:04:27.670+0000][7][safepoint   ] Safepoint "Cleanup", Time since last: 3000737766 ns, Reaching safepoint: 263114 ns, At safepoint: 15901 ns, Total: 279015 ns
[2026-02-05T03:04:28.671+0000][7][safepoint   ] Safepoint "Cleanup", Time since last: 1000787852 ns, Reaching safepoint: 372820 ns, At safepoint: 25401 ns, Total: 398221 ns
[2026-02-05T03:04:33.673+0000][7][safepoint   ] Safepoint "Cleanup", Time since last: 5001619546 ns, Reaching safepoint: 238512 ns, At safepoint: 7701 ns, Total: 246213 ns
[2026-02-05T03:04:34.674+0000][7][safepoint   ] Safepoint "Cleanup", Time since last: 1000602599 ns, Reaching safepoint: 196610 ns, At safepoint: 6901 ns, Total: 203511 ns
[2026-02-05T03:04:45.675+0000][7][safepoint   ] Safepoint "Cleanup", Time since last: 11001975974 ns, Reaching safepoint: 474213 ns, At safepoint: 28001 ns, Total: 502214 ns
[2026-02-05T03:04:51.100+0000][7][gc,start    ] GC(54) Pause Young (Normal) (G1 Evacuation Pause)
[2026-02-05T03:04:51.100+0000][7][gc,task     ] GC(54) Using 10 workers of 10 for evacuation
[2026-02-05T03:04:51.101+0000][7][gc,age      ] GC(54) Desired survivor size 18874368 bytes, new threshold 15 (max threshold 15)
[2026-02-05T03:04:51.105+0000][7][gc,age      ] GC(54) Age table with threshold 15 (max threshold 15)
[2026-02-05T03:04:51.105+0000][7][gc,age      ] GC(54) - age   1:    1543272 bytes,    1543272 total
[2026-02-05T03:04:51.105+0000][7][gc,age      ] GC(54) - age   2:       9224 bytes,    1552496 total
[2026-02-05T03:04:51.106+0000][7][gc,age      ] GC(54) - age   3:      20344 bytes,    1572840 total
[2026-02-05T03:04:51.106+0000][7][gc,age      ] GC(54) - age   4:     248744 bytes,    1821584 total
[2026-02-05T03:04:51.106+0000][7][gc,age      ] GC(54) - age   5:     389880 bytes,    2211464 total
[2026-02-05T03:04:51.106+0000][7][gc,age      ] GC(54) - age   6:      26328 bytes,    2237792 total
[2026-02-05T03:04:51.106+0000][7][gc,age      ] GC(54) - age   7:      44296 bytes,    2282088 total
[2026-02-05T03:04:51.107+0000][7][gc,age      ] GC(54) - age   8:     653424 bytes,    2935512 total
[2026-02-05T03:04:51.107+0000][7][gc,age      ] GC(54) - age   9:     148312 bytes,    3083824 total
[2026-02-05T03:04:51.107+0000][7][gc,age      ] GC(54) - age  10:      30680 bytes,    3114504 total
[2026-02-05T03:04:51.107+0000][7][gc,age      ] GC(54) - age  11:      39560 bytes,    3154064 total
[2026-02-05T03:04:51.107+0000][7][gc,age      ] GC(54) - age  12:     875104 bytes,    4029168 total
[2026-02-05T03:04:51.107+0000][7][gc,age      ] GC(54) - age  13:     668912 bytes,    4698080 total
[2026-02-05T03:04:51.107+0000][7][gc,age      ] GC(54) - age  14:     522856 bytes,    5220936 total
[2026-02-05T03:04:51.107+0000][7][gc,age      ] GC(54) - age  15:       2320 bytes,    5223256 total
[2026-02-05T03:04:51.108+0000][7][gc,phases   ] GC(54)   Pre Evacuate Collection Set: 0.2ms
[2026-02-05T03:04:51.108+0000][7][gc,phases   ] GC(54)   Merge Heap Roots: 0.1ms
[2026-02-05T03:04:51.108+0000][7][gc,phases   ] GC(54)   Evacuate Collection Set: 2.5ms
[2026-02-05T03:04:51.108+0000][7][gc,phases   ] GC(54)   Post Evacuate Collection Set: 1.1ms
[2026-02-05T03:04:51.108+0000][7][gc,phases   ] GC(54)   Other: 3.6ms
[2026-02-05T03:04:51.108+0000][7][gc,heap     ] GC(54) Eden regions: 70->0(70)
[2026-02-05T03:04:51.108+0000][7][gc,heap     ] GC(54) Survivor regions: 2->2(9)
[2026-02-05T03:04:51.109+0000][7][gc,heap     ] GC(54) Old regions: 27->27
[2026-02-05T03:04:51.109+0000][7][gc,heap     ] GC(54) Archive regions: 2->2
[2026-02-05T03:04:51.109+0000][7][gc,heap     ] GC(54) Humongous regions: 5->5
[2026-02-05T03:04:51.109+0000][7][gc,metaspace] GC(54) Metaspace: 121191K(122880K)->121191K(122880K) NonClass: 105381K(106304K)->105381K(106304K) Class: 15809K(16576K)->15809K(16576K)
[2026-02-05T03:04:51.109+0000][7][gc          ] GC(54) Pause Young (Normal) (G1 Evacuation Pause) 416M->137M(512M) 8.906ms
[2026-02-05T03:04:51.109+0000][7][gc,cpu      ] GC(54) User=0.02s Sys=0.00s Real=0.01s
[2026-02-05T03:04:51.109+0000][7][safepoint   ] Safepoint "G1CollectForAllocation", Time since last: 5425186239 ns, Reaching safepoint: 193405 ns, At safepoint: 9282163 ns, Total: 9475568 ns
[2026-02-05T03:04:54.111+0000][7][safepoint   ] Safepoint "Cleanup", Time since last: 3001067460 ns, Reaching safepoint: 482428 ns, At safepoint: 19401 ns, Total: 501829 ns
[2026-02-05T03:05:04.113+0000][7][safepoint   ] Safepoint "Cleanup", Time since last: 10002043939 ns, Reaching safepoint: 188709 ns, At safepoint: 7501 ns, Total: 196210 ns
[2026-02-05T03:05:09.115+0000][7][safepoint   ] Safepoint "Cleanup", Time since last: 5001408520 ns, Reaching safepoint: 187508 ns, At safepoint: 19401 ns, Total: 206909 ns
[2026-02-05T03:05:11.116+0000][7][safepoint   ] Safepoint "Cleanup", Time since last: 2000456662 ns, Reaching safepoint: 214909 ns, At safepoint: 6601 ns, Total: 221510 ns
[2026-02-05T03:05:31.119+0000][7][safepoint   ] Safepoint "Cleanup", Time since last: 20004779155 ns, Reaching safepoint: 270213 ns, At safepoint: 8900 ns, Total: 279113 ns
[2026-02-05T03:05:45.120+0000][7][safepoint   ] Safepoint "Cleanup", Time since last: 14002569182 ns, Reaching safepoint: 183809 ns, At safepoint: 19701 ns, Total: 203510 ns
[2026-02-05T03:05:46.121+0000][7][safepoint   ] Safepoint "Cleanup", Time since last: 1000303439 ns, Reaching safepoint: 210910 ns, At safepoint: 12500 ns, Total: 223410 ns
[2026-02-05T03:05:47.860+0000][7][gc,start    ] GC(55) Pause Young (Normal) (G1 Evacuation Pause)
[2026-02-05T03:05:47.860+0000][7][gc,task     ] GC(55) Using 10 workers of 10 for evacuation
[2026-02-05T03:05:47.861+0000][7][gc,age      ] GC(55) Desired survivor size 18874368 bytes, new threshold 15 (max threshold 15)
[2026-02-05T03:05:47.864+0000][7][gc,age      ] GC(55) Age table with threshold 15 (max threshold 15)
[2026-02-05T03:05:47.864+0000][7][gc,age      ] GC(55) - age   1:    1696032 bytes,    1696032 total
[2026-02-05T03:05:47.865+0000][7][gc,age      ] GC(55) - age   2:       3992 bytes,    1700024 total
[2026-02-05T03:05:47.865+0000][7][gc,age      ] GC(55) - age   3:       7488 bytes,    1707512 total
[2026-02-05T03:05:47.865+0000][7][gc,age      ] GC(55) - age   4:      19744 bytes,    1727256 total
[2026-02-05T03:05:47.865+0000][7][gc,age      ] GC(55) - age   5:     248616 bytes,    1975872 total
[2026-02-05T03:05:47.866+0000][7][gc,age      ] GC(55) - age   6:     389488 bytes,    2365360 total
[2026-02-05T03:05:47.866+0000][7][gc,age      ] GC(55) - age   7:      26264 bytes,    2391624 total
[2026-02-05T03:05:47.866+0000][7][gc,age      ] GC(55) - age   8:      44296 bytes,    2435920 total
[2026-02-05T03:05:47.866+0000][7][gc,age      ] GC(55) - age   9:     653424 bytes,    3089344 total
[2026-02-05T03:05:47.867+0000][7][gc,age      ] GC(55) - age  10:     148312 bytes,    3237656 total
[2026-02-05T03:05:47.867+0000][7][gc,age      ] GC(55) - age  11:      30680 bytes,    3268336 total
[2026-02-05T03:05:47.867+0000][7][gc,age      ] GC(55) - age  12:      39560 bytes,    3307896 total
[2026-02-05T03:05:47.867+0000][7][gc,age      ] GC(55) - age  13:     875104 bytes,    4183000 total
[2026-02-05T03:05:47.868+0000][7][gc,age      ] GC(55) - age  14:     668912 bytes,    4851912 total
[2026-02-05T03:05:47.868+0000][7][gc,age      ] GC(55) - age  15:     522656 bytes,    5374568 total
[2026-02-05T03:05:47.868+0000][7][gc,phases   ] GC(55)   Pre Evacuate Collection Set: 0.2ms
[2026-02-05T03:05:47.868+0000][7][gc,phases   ] GC(55)   Merge Heap Roots: 0.1ms
[2026-02-05T03:05:47.868+0000][7][gc,phases   ] GC(55)   Evacuate Collection Set: 1.7ms
[2026-02-05T03:05:47.869+0000][7][gc,phases   ] GC(55)   Post Evacuate Collection Set: 1.0ms
[2026-02-05T03:05:47.869+0000][7][gc,phases   ] GC(55)   Other: 5.1ms
[2026-02-05T03:05:47.869+0000][7][gc,heap     ] GC(55) Eden regions: 70->0(70)
[2026-02-05T03:05:47.869+0000][7][gc,heap     ] GC(55) Survivor regions: 2->2(9)
[2026-02-05T03:05:47.869+0000][7][gc,heap     ] GC(55) Old regions: 27->27
[2026-02-05T03:05:47.869+0000][7][gc,heap     ] GC(55) Archive regions: 2->2
[2026-02-05T03:05:47.870+0000][7][gc,heap     ] GC(55) Humongous regions: 5->5
[2026-02-05T03:05:47.870+0000][7][gc,metaspace] GC(55) Metaspace: 121202K(122944K)->121202K(122944K) NonClass: 105392K(106368K)->105392K(106368K) Class: 15809K(16576K)->15809K(16576K)
[2026-02-05T03:05:47.870+0000][7][gc          ] GC(55) Pause Young (Normal) (G1 Evacuation Pause) 417M->137M(512M) 10.072ms
[2026-02-05T03:05:47.870+0000][7][gc,cpu      ] GC(55) User=0.01s Sys=0.01s Real=0.02s
[2026-02-05T03:05:47.870+0000][7][safepoint   ] Safepoint "G1CollectForAllocation", Time since last: 1738687935 ns, Reaching safepoint: 168708 ns, At safepoint: 10576299 ns, Total: 10745007 ns
[2026-02-05T03:05:51.871+0000][7][safepoint   ] Safepoint "Cleanup", Time since last: 4000616326 ns, Reaching safepoint: 240911 ns, At safepoint: 15101 ns, Total: 256012 ns
[2026-02-05T03:05:53.872+0000][7][safepoint   ] Safepoint "Cleanup", Time since last: 2000442874 ns, Reaching safepoint: 199209 ns, At safepoint: 29802 ns, Total: 229011 ns
[2026-02-05T03:05:57.874+0000][7][safepoint   ] Safepoint "Cleanup", Time since last: 4001700042 ns, Reaching safepoint: 291214 ns, At safepoint: 11701 ns, Total: 302915 ns
[2026-02-05T03:06:03.876+0000][7][safepoint   ] Safepoint "Cleanup", Time since last: 6001371345 ns, Reaching safepoint: 226711 ns, At safepoint: 10801 ns, Total: 237512 ns
[2026-02-05T03:06:10.878+0000][7][safepoint   ] Safepoint "Cleanup", Time since last: 7001959978 ns, Reaching safepoint: 190709 ns, At safepoint: 5401 ns, Total: 196110 ns
[2026-02-05T03:06:12.879+0000][7][safepoint   ] Safepoint "Cleanup", Time since last: 2000633924 ns, Reaching safepoint: 271413 ns, At safepoint: 10201 ns, Total: 281614 ns
[2026-02-05T03:06:21.879+0000][7][safepoint   ] Safepoint "Cleanup", Time since last: 9002018350 ns, Reaching safepoint: 184909 ns, At safepoint: 5800 ns, Total: 190709 ns
[2026-02-05T03:06:27.881+0000][7][safepoint   ] Safepoint "Cleanup", Time since last: 6001504129 ns, Reaching safepoint: 290914 ns, At safepoint: 10501 ns, Total: 301415 ns
[2026-02-05T03:06:29.882+0000][7][safepoint   ] Safepoint "Cleanup", Time since last: 2000804590 ns, Reaching safepoint: 180308 ns, At safepoint: 5201 ns, Total: 185509 ns
[2026-02-05T03:06:31.883+0000][7][safepoint   ] Safepoint "Cleanup", Time since last: 2000668991 ns, Reaching safepoint: 207310 ns, At safepoint: 5501 ns, Total: 212811 ns
[2026-02-05T03:06:33.884+0000][7][safepoint   ] Safepoint "Cleanup", Time since last: 2000576187 ns, Reaching safepoint: 258212 ns, At safepoint: 8301 ns, Total: 266513 ns
[2026-02-05T03:06:36.885+0000][7][safepoint   ] Safepoint "Cleanup", Time since last: 3000792727 ns, Reaching safepoint: 190109 ns, At safepoint: 11001 ns, Total: 201110 ns
[2026-02-05T03:06:39.038+0000][7][gc,start    ] GC(56) Pause Young (Normal) (G1 Evacuation Pause)
[2026-02-05T03:06:39.038+0000][7][gc,task     ] GC(56) Using 10 workers of 10 for evacuation
[2026-02-05T03:06:39.038+0000][7][gc,age      ] GC(56) Desired survivor size 18874368 bytes, new threshold 15 (max threshold 15)
[2026-02-05T03:06:39.043+0000][7][gc,age      ] GC(56) Age table with threshold 15 (max threshold 15)
[2026-02-05T03:06:39.043+0000][7][gc,age      ] GC(56) - age   1:    1569032 bytes,    1569032 total
[2026-02-05T03:06:39.043+0000][7][gc,age      ] GC(56) - age   2:       5264 bytes,    1574296 total
[2026-02-05T03:06:39.043+0000][7][gc,age      ] GC(56) - age   3:       2352 bytes,    1576648 total
[2026-02-05T03:06:39.044+0000][7][gc,age      ] GC(56) - age   4:       2600 bytes,    1579248 total
[2026-02-05T03:06:39.044+0000][7][gc,age      ] GC(56) - age   5:       4776 bytes,    1584024 total
[2026-02-05T03:06:39.044+0000][7][gc,age      ] GC(56) - age   6:     132368 bytes,    1716392 total
[2026-02-05T03:06:39.044+0000][7][gc,age      ] GC(56) - age   7:     382736 bytes,    2099128 total
[2026-02-05T03:06:39.044+0000][7][gc,age      ] GC(56) - age   8:       7528 bytes,    2106656 total
[2026-02-05T03:06:39.045+0000][7][gc,age      ] GC(56) - age   9:      44048 bytes,    2150704 total
[2026-02-05T03:06:39.045+0000][7][gc,age      ] GC(56) - age  10:     325232 bytes,    2475936 total
[2026-02-05T03:06:39.045+0000][7][gc,age      ] GC(56) - age  11:      13096 bytes,    2489032 total
[2026-02-05T03:06:39.045+0000][7][gc,age      ] GC(56) - age  12:      28200 bytes,    2517232 total
[2026-02-05T03:06:39.045+0000][7][gc,age      ] GC(56) - age  13:      22288 bytes,    2539520 total
[2026-02-05T03:06:39.045+0000][7][gc,age      ] GC(56) - age  14:     381344 bytes,    2920864 total
[2026-02-05T03:06:39.046+0000][7][gc,age      ] GC(56) - age  15:     668912 bytes,    3589776 total
[2026-02-05T03:06:39.046+0000][7][gc,phases   ] GC(56)   Pre Evacuate Collection Set: 0.3ms
[2026-02-05T03:06:39.046+0000][7][gc,phases   ] GC(56)   Merge Heap Roots: 0.2ms
[2026-02-05T03:06:39.046+0000][7][gc,phases   ] GC(56)   Evacuate Collection Set: 1.9ms
[2026-02-05T03:06:39.046+0000][7][gc,phases   ] GC(56)   Post Evacuate Collection Set: 1.6ms
[2026-02-05T03:06:39.046+0000][7][gc,phases   ] GC(56)   Other: 4.0ms
[2026-02-05T03:06:39.047+0000][7][gc,heap     ] GC(56) Eden regions: 70->0(70)
[2026-02-05T03:06:39.047+0000][7][gc,heap     ] GC(56) Survivor regions: 2->1(9)
[2026-02-05T03:06:39.047+0000][7][gc,heap     ] GC(56) Old regions: 27->28
[2026-02-05T03:06:39.047+0000][7][gc,heap     ] GC(56) Archive regions: 2->2
[2026-02-05T03:06:39.047+0000][7][gc,heap     ] GC(56) Humongous regions: 5->5
[2026-02-05T03:06:39.047+0000][7][gc,metaspace] GC(56) Metaspace: 121224K(122944K)->121224K(122944K) NonClass: 105415K(106368K)->105415K(106368K) Class: 15809K(16576K)->15809K(16576K)
[2026-02-05T03:06:39.047+0000][7][gc          ] GC(56) Pause Young (Normal) (G1 Evacuation Pause) 417M->136M(512M) 9.527ms
[2026-02-05T03:06:39.048+0000][7][gc,cpu      ] GC(56) User=0.02s Sys=0.00s Real=0.01s
[2026-02-05T03:06:39.048+0000][7][safepoint   ] Safepoint "G1CollectForAllocation", Time since last: 2152624999 ns, Reaching safepoint: 221210 ns, At safepoint: 9915167 ns, Total: 10136377 ns
[2026-02-05T03:06:48.048+0000][7][safepoint   ] Safepoint "Cleanup", Time since last: 9001798217 ns, Reaching safepoint: 198106 ns, At safepoint: 7900 ns, Total: 206006 ns
[2026-02-05T03:06:54.050+0000][7][safepoint   ] Safepoint "Cleanup", Time since last: 6001151455 ns, Reaching safepoint: 256519 ns, At safepoint: 6200 ns, Total: 262719 ns
[2026-02-05T03:06:58.051+0000][7][safepoint   ] Safepoint "Cleanup", Time since last: 4001116614 ns, Reaching safepoint: 200514 ns, At safepoint: 6401 ns, Total: 206915 ns
[2026-02-05T03:06:59.052+0000][7][safepoint   ] Safepoint "Cleanup", Time since last: 1000921574 ns, Reaching safepoint: 212315 ns, At safepoint: 6100 ns, Total: 218415 ns
[2026-02-05T03:07:16.053+0000][7][safepoint   ] Safepoint "Cleanup", Time since last: 17002766321 ns, Reaching safepoint: 191109 ns, At safepoint: 8500 ns, Total: 199609 ns
[2026-02-05T03:07:19.055+0000][7][safepoint   ] Safepoint "Cleanup", Time since last: 3001123832 ns, Reaching safepoint: 197309 ns, At safepoint: 7000 ns, Total: 204309 ns
[2026-02-05T03:07:22.056+0000][7][safepoint   ] Safepoint "Cleanup", Time since last: 3000959533 ns, Reaching safepoint: 191509 ns, At safepoint: 5000 ns, Total: 196509 ns
[2026-02-05T03:07:24.057+0000][7][safepoint   ] Safepoint "Cleanup", Time since last: 2000837998 ns, Reaching safepoint: 225010 ns, At safepoint: 12701 ns, Total: 237711 ns
[2026-02-05T03:07:27.058+0000][7][safepoint   ] Safepoint "Cleanup", Time since last: 3000734394 ns, Reaching safepoint: 216811 ns, At safepoint: 12100 ns, Total: 228911 ns
[2026-02-05T03:07:28.059+0000][7][safepoint   ] Safepoint "Cleanup", Time since last: 1000375497 ns, Reaching safepoint: 200309 ns, At safepoint: 7101 ns, Total: 207410 ns
[2026-02-05T03:07:30.060+0000][7][safepoint   ] Safepoint "Cleanup", Time since last: 2000790595 ns, Reaching safepoint: 191009 ns, At safepoint: 4501 ns, Total: 195510 ns
[2026-02-05T03:07:33.061+0000][7][safepoint   ] Safepoint "Cleanup", Time since last: 3000958282 ns, Reaching safepoint: 207010 ns, At safepoint: 8000 ns, Total: 215010 ns
[2026-02-05T03:07:38.015+0000][7][gc,start    ] GC(57) Pause Young (Normal) (G1 Evacuation Pause)
[2026-02-05T03:07:38.016+0000][7][gc,task     ] GC(57) Using 10 workers of 10 for evacuation
[2026-02-05T03:07:38.017+0000][7][gc,age      ] GC(57) Desired survivor size 18874368 bytes, new threshold 15 (max threshold 15)
[2026-02-05T03:07:38.024+0000][7][gc,age      ] GC(57) Age table with threshold 15 (max threshold 15)
[2026-02-05T03:07:38.025+0000][7][gc,age      ] GC(57) - age   1:     913576 bytes,     913576 total
[2026-02-05T03:07:38.025+0000][7][gc,age      ] GC(57) - age   2:     309592 bytes,    1223168 total
[2026-02-05T03:07:38.026+0000][7][gc,age      ] GC(57) - age   3:       1552 bytes,    1224720 total
[2026-02-05T03:07:38.026+0000][7][gc,age      ] GC(57) - age   4:       1464 bytes,    1226184 total
[2026-02-05T03:07:38.026+0000][7][gc,age      ] GC(57) - age   5:       1952 bytes,    1228136 total
[2026-02-05T03:07:38.027+0000][7][gc,age      ] GC(57) - age   6:       4520 bytes,    1232656 total
[2026-02-05T03:07:38.027+0000][7][gc,age      ] GC(57) - age   7:     131752 bytes,    1364408 total
[2026-02-05T03:07:38.028+0000][7][gc,age      ] GC(57) - age   8:     382648 bytes,    1747056 total
[2026-02-05T03:07:38.028+0000][7][gc,age      ] GC(57) - age   9:       7464 bytes,    1754520 total
[2026-02-05T03:07:38.029+0000][7][gc,age      ] GC(57) - age  10:      44048 bytes,    1798568 total
[2026-02-05T03:07:38.029+0000][7][gc,age      ] GC(57) - age  11:     325232 bytes,    2123800 total
[2026-02-05T03:07:38.030+0000][7][gc,age      ] GC(57) - age  12:      13096 bytes,    2136896 total
[2026-02-05T03:07:38.030+0000][7][gc,age      ] GC(57) - age  13:      27704 bytes,    2164600 total
[2026-02-05T03:07:38.030+0000][7][gc,age      ] GC(57) - age  14:      22288 bytes,    2186888 total
[2026-02-05T03:07:38.031+0000][7][gc,age      ] GC(57) - age  15:     381344 bytes,    2568232 total
[2026-02-05T03:07:38.031+0000][7][gc,phases   ] GC(57)   Pre Evacuate Collection Set: 0.6ms
[2026-02-05T03:07:38.031+0000][7][gc,phases   ] GC(57)   Merge Heap Roots: 0.5ms
[2026-02-05T03:07:38.032+0000][7][gc,phases   ] GC(57)   Evacuate Collection Set: 3.6ms
[2026-02-05T03:07:38.032+0000][7][gc,phases   ] GC(57)   Post Evacuate Collection Set: 2.1ms
[2026-02-05T03:07:38.032+0000][7][gc,phases   ] GC(57)   Other: 9.0ms
[2026-02-05T03:07:38.033+0000][7][gc,heap     ] GC(57) Eden regions: 70->0(70)
[2026-02-05T03:07:38.033+0000][7][gc,heap     ] GC(57) Survivor regions: 1->1(9)
[2026-02-05T03:07:38.033+0000][7][gc,heap     ] GC(57) Old regions: 28->28
[2026-02-05T03:07:38.034+0000][7][gc,heap     ] GC(57) Archive regions: 2->2
[2026-02-05T03:07:38.034+0000][7][gc,heap     ] GC(57) Humongous regions: 5->5
[2026-02-05T03:07:38.035+0000][7][gc,metaspace] GC(57) Metaspace: 121231K(122944K)->121231K(122944K) NonClass: 105421K(106368K)->105421K(106368K) Class: 15809K(16576K)->15809K(16576K)
[2026-02-05T03:07:38.035+0000][7][gc          ] GC(57) Pause Young (Normal) (G1 Evacuation Pause) 416M->135M(512M) 19.506ms
[2026-02-05T03:07:38.036+0000][7][gc,cpu      ] GC(57) User=0.03s Sys=0.00s Real=0.02s
[2026-02-05T03:07:38.037+0000][7][safepoint   ] Safepoint "G1CollectForAllocation", Time since last: 4953947045 ns, Reaching safepoint: 657731 ns, At safepoint: 21206503 ns, Total: 21864234 ns
[2026-02-05T03:07:52.906+0000][7][safepoint   ] Safepoint "Cleanup", Time since last: 14871118464 ns, Reaching safepoint: 172008 ns, At safepoint: 19201 ns, Total: 191209 ns
[2026-02-05T03:07:53.907+0000][7][safepoint   ] Safepoint "Cleanup", Time since last: 1000510170 ns, Reaching safepoint: 268613 ns, At safepoint: 12200 ns, Total: 280813 ns
[2026-02-05T03:07:54.908+0000][7][safepoint   ] Safepoint "Cleanup", Time since last: 1000532471 ns, Reaching safepoint: 238311 ns, At safepoint: 9801 ns, Total: 248112 ns
[2026-02-05T03:08:15.912+0000][7][safepoint   ] Safepoint "Cleanup", Time since last: 21005380437 ns, Reaching safepoint: 213110 ns, At safepoint: 11901 ns, Total: 225011 ns
[2026-02-05T03:08:16.914+0000][7][safepoint   ] Safepoint "Cleanup", Time since last: 1000543276 ns, Reaching safepoint: 1013049 ns, At safepoint: 101204 ns, Total: 1114253 ns
[2026-02-05T03:08:18.916+0000][7][safepoint   ] Safepoint "Cleanup", Time since last: 2001613579 ns, Reaching safepoint: 215610 ns, At safepoint: 8701 ns, Total: 224311 ns
[2026-02-05T03:08:24.918+0000][7][safepoint   ] Safepoint "Cleanup", Time since last: 6001555392 ns, Reaching safepoint: 248611 ns, At safepoint: 13501 ns, Total: 262112 ns
[2026-02-05T03:08:27.919+0000][7][safepoint   ] Safepoint "Cleanup", Time since last: 3001091480 ns, Reaching safepoint: 193709 ns, At safepoint: 5600 ns, Total: 199309 ns
[2026-02-05T03:08:28.920+0000][7][safepoint   ] Safepoint "Cleanup", Time since last: 1000656607 ns, Reaching safepoint: 190510 ns, At safepoint: 6000 ns, Total: 196510 ns
[2026-02-05T03:08:32.996+0000][7][gc,start    ] GC(58) Pause Young (Normal) (G1 Evacuation Pause)
[2026-02-05T03:08:32.996+0000][7][gc,task     ] GC(58) Using 10 workers of 10 for evacuation
[2026-02-05T03:08:32.996+0000][7][gc,age      ] GC(58) Desired survivor size 18874368 bytes, new threshold 15 (max threshold 15)
[2026-02-05T03:08:32.999+0000][7][gc,age      ] GC(58) Age table with threshold 15 (max threshold 15)
[2026-02-05T03:08:32.999+0000][7][gc,age      ] GC(58) - age   1:    1612632 bytes,    1612632 total
[2026-02-05T03:08:33.000+0000][7][gc,age      ] GC(58) - age   2:     268208 bytes,    1880840 total
[2026-02-05T03:08:33.000+0000][7][gc,age      ] GC(58) - age   3:     307224 bytes,    2188064 total
[2026-02-05T03:08:33.000+0000][7][gc,age      ] GC(58) - age   4:       1176 bytes,    2189240 total
[2026-02-05T03:08:33.000+0000][7][gc,age      ] GC(58) - age   5:       1368 bytes,    2190608 total
[2026-02-05T03:08:33.000+0000][7][gc,age      ] GC(58) - age   6:       1824 bytes,    2192432 total
[2026-02-05T03:08:33.001+0000][7][gc,age      ] GC(58) - age   7:       4424 bytes,    2196856 total
[2026-02-05T03:08:33.001+0000][7][gc,age      ] GC(58) - age   8:     131688 bytes,    2328544 total
[2026-02-05T03:08:33.001+0000][7][gc,age      ] GC(58) - age   9:     382648 bytes,    2711192 total
[2026-02-05T03:08:33.001+0000][7][gc,age      ] GC(58) - age  10:       7464 bytes,    2718656 total
[2026-02-05T03:08:33.001+0000][7][gc,age      ] GC(58) - age  11:      44048 bytes,    2762704 total
[2026-02-05T03:08:33.002+0000][7][gc,age      ] GC(58) - age  12:     325232 bytes,    3087936 total
[2026-02-05T03:08:33.002+0000][7][gc,age      ] GC(58) - age  13:      13096 bytes,    3101032 total
[2026-02-05T03:08:33.002+0000][7][gc,age      ] GC(58) - age  14:      27704 bytes,    3128736 total
[2026-02-05T03:08:33.002+0000][7][gc,age      ] GC(58) - age  15:      22288 bytes,    3151024 total
[2026-02-05T03:08:33.002+0000][7][gc,phases   ] GC(58)   Pre Evacuate Collection Set: 0.2ms
[2026-02-05T03:08:33.003+0000][7][gc,phases   ] GC(58)   Merge Heap Roots: 0.1ms
[2026-02-05T03:08:33.003+0000][7][gc,phases   ] GC(58)   Evacuate Collection Set: 1.3ms
[2026-02-05T03:08:33.003+0000][7][gc,phases   ] GC(58)   Post Evacuate Collection Set: 1.0ms
[2026-02-05T03:08:33.003+0000][7][gc,phases   ] GC(58)   Other: 4.1ms
[2026-02-05T03:08:33.003+0000][7][gc,heap     ] GC(58) Eden regions: 70->0(70)
[2026-02-05T03:08:33.004+0000][7][gc,heap     ] GC(58) Survivor regions: 1->1(9)
[2026-02-05T03:08:33.004+0000][7][gc,heap     ] GC(58) Old regions: 28->28
[2026-02-05T03:08:33.004+0000][7][gc,heap     ] GC(58) Archive regions: 2->2
[2026-02-05T03:08:33.004+0000][7][gc,heap     ] GC(58) Humongous regions: 5->5
[2026-02-05T03:08:33.004+0000][7][gc,metaspace] GC(58) Metaspace: 121240K(122944K)->121240K(122944K) NonClass: 105430K(106368K)->105430K(106368K) Class: 15809K(16576K)->15809K(16576K)
[2026-02-05T03:08:33.005+0000][7][gc          ] GC(58) Pause Young (Normal) (G1 Evacuation Pause) 415M->136M(512M) 8.845ms
[2026-02-05T03:08:33.005+0000][7][gc,cpu      ] GC(58) User=0.01s Sys=0.01s Real=0.01s
[2026-02-05T03:08:33.005+0000][7][safepoint   ] Safepoint "G1CollectForAllocation", Time since last: 4075532908 ns, Reaching safepoint: 254612 ns, At safepoint: 9248143 ns, Total: 9502755 ns
[2026-02-05T03:08:34.449+0000][7][safepoint   ] Safepoint "Cleanup", Time since last: 1443658474 ns, Reaching safepoint: 325215 ns, At safepoint: 9201 ns, Total: 334416 ns
[2026-02-05T03:08:35.450+0000][7][safepoint   ] Safepoint "Cleanup", Time since last: 1000811685 ns, Reaching safepoint: 243812 ns, At safepoint: 15201 ns, Total: 259013 ns
[2026-02-05T03:08:39.452+0000][7][safepoint   ] Safepoint "Cleanup", Time since last: 4001674393 ns, Reaching safepoint: 273113 ns, At safepoint: 24001 ns, Total: 297114 ns
[2026-02-05T03:08:45.451+0000][7][safepoint   ] Safepoint "Cleanup", Time since last: 6001147322 ns, Reaching safepoint: 281911 ns, At safepoint: 18900 ns, Total: 300811 ns
[2026-02-05T03:08:46.452+0000][7][safepoint   ] Safepoint "Cleanup", Time since last: 1000531272 ns, Reaching safepoint: 295111 ns, At safepoint: 26901 ns, Total: 322012 ns
[2026-02-05T03:08:48.453+0000][7][safepoint   ] Safepoint "Cleanup", Time since last: 2000724132 ns, Reaching safepoint: 275410 ns, At safepoint: 19601 ns, Total: 295011 ns
[2026-02-05T03:08:54.456+0000][7][safepoint   ] Safepoint "Cleanup", Time since last: 6001905669 ns, Reaching safepoint: 373820 ns, At safepoint: 11001 ns, Total: 384821 ns
[2026-02-05T03:08:57.457+0000][7][safepoint   ] Safepoint "Cleanup", Time since last: 3000935937 ns, Reaching safepoint: 244314 ns, At safepoint: 9800 ns, Total: 254114 ns
[2026-02-05T03:09:03.458+0000][7][safepoint   ] Safepoint "Cleanup", Time since last: 6000904122 ns, Reaching safepoint: 174910 ns, At safepoint: 18201 ns, Total: 193111 ns
[2026-02-05T03:09:09.459+0000][7][safepoint   ] Safepoint "Cleanup", Time since last: 6001068004 ns, Reaching safepoint: 171709 ns, At safepoint: 5700 ns, Total: 177409 ns
[2026-02-05T03:09:12.460+0000][7][safepoint   ] Safepoint "Cleanup", Time since last: 3000642286 ns, Reaching safepoint: 193709 ns, At safepoint: 5401 ns, Total: 199110 ns
[2026-02-05T03:09:21.461+0000][7][safepoint   ] Safepoint "Cleanup", Time since last: 9001925277 ns, Reaching safepoint: 163008 ns, At safepoint: 5600 ns, Total: 168608 ns
[2026-02-05T03:09:28.148+0000][7][gc,start    ] GC(59) Pause Young (Normal) (G1 Evacuation Pause)
[2026-02-05T03:09:28.149+0000][7][gc,task     ] GC(59) Using 10 workers of 10 for evacuation
[2026-02-05T03:09:28.149+0000][7][gc,age      ] GC(59) Desired survivor size 18874368 bytes, new threshold 15 (max threshold 15)
[2026-02-05T03:09:28.152+0000][7][gc,age      ] GC(59) Age table with threshold 15 (max threshold 15)
[2026-02-05T03:09:28.152+0000][7][gc,age      ] GC(59) - age   1:    2227120 bytes,    2227120 total
[2026-02-05T03:09:28.152+0000][7][gc,age      ] GC(59) - age   2:      13328 bytes,    2240448 total
[2026-02-05T03:09:28.152+0000][7][gc,age      ] GC(59) - age   3:      41160 bytes,    2281608 total
[2026-02-05T03:09:28.153+0000][7][gc,age      ] GC(59) - age   4:     306712 bytes,    2588320 total
[2026-02-05T03:09:28.153+0000][7][gc,age      ] GC(59) - age   5:       1112 bytes,    2589432 total
[2026-02-05T03:09:28.153+0000][7][gc,age      ] GC(59) - age   6:       1240 bytes,    2590672 total
[2026-02-05T03:09:28.153+0000][7][gc,age      ] GC(59) - age   7:       1824 bytes,    2592496 total
[2026-02-05T03:09:28.153+0000][7][gc,age      ] GC(59) - age   8:       4424 bytes,    2596920 total
[2026-02-05T03:09:28.153+0000][7][gc,age      ] GC(59) - age   9:     131624 bytes,    2728544 total
[2026-02-05T03:09:28.154+0000][7][gc,age      ] GC(59) - age  10:     382352 bytes,    3110896 total
[2026-02-05T03:09:28.154+0000][7][gc,age      ] GC(59) - age  11:       7464 bytes,    3118360 total
[2026-02-05T03:09:28.154+0000][7][gc,age      ] GC(59) - age  12:      44048 bytes,    3162408 total
[2026-02-05T03:09:28.154+0000][7][gc,age      ] GC(59) - age  13:     325232 bytes,    3487640 total
[2026-02-05T03:09:28.154+0000][7][gc,age      ] GC(59) - age  14:      13096 bytes,    3500736 total
[2026-02-05T03:09:28.154+0000][7][gc,age      ] GC(59) - age  15:      27704 bytes,    3528440 total
[2026-02-05T03:09:28.154+0000][7][gc,phases   ] GC(59)   Pre Evacuate Collection Set: 0.2ms
[2026-02-05T03:09:28.155+0000][7][gc,phases   ] GC(59)   Merge Heap Roots: 0.1ms
[2026-02-05T03:09:28.155+0000][7][gc,phases   ] GC(59)   Evacuate Collection Set: 1.3ms
[2026-02-05T03:09:28.155+0000][7][gc,phases   ] GC(59)   Post Evacuate Collection Set: 0.9ms
[2026-02-05T03:09:28.155+0000][7][gc,phases   ] GC(59)   Other: 3.4ms
[2026-02-05T03:09:28.155+0000][7][gc,heap     ] GC(59) Eden regions: 70->0(70)
[2026-02-05T03:09:28.155+0000][7][gc,heap     ] GC(59) Survivor regions: 1->1(9)
[2026-02-05T03:09:28.156+0000][7][gc,heap     ] GC(59) Old regions: 28->28
[2026-02-05T03:09:28.156+0000][7][gc,heap     ] GC(59) Archive regions: 2->2
[2026-02-05T03:09:28.156+0000][7][gc,heap     ] GC(59) Humongous regions: 5->5
[2026-02-05T03:09:28.156+0000][7][gc,metaspace] GC(59) Metaspace: 121250K(123008K)->121250K(123008K) NonClass: 105440K(106432K)->105440K(106432K) Class: 15809K(16576K)->15809K(16576K)
[2026-02-05T03:09:28.156+0000][7][gc          ] GC(59) Pause Young (Normal) (G1 Evacuation Pause) 416M->137M(512M) 7.851ms
[2026-02-05T03:09:28.156+0000][7][gc,cpu      ] GC(59) User=0.01s Sys=0.00s Real=0.01s
[2026-02-05T03:09:28.157+0000][7][safepoint   ] Safepoint "G1CollectForAllocation", Time since last: 6687561737 ns, Reaching safepoint: 200210 ns, At safepoint: 8283009 ns, Total: 8483219 ns
[2026-02-05T03:09:42.160+0000][7][safepoint   ] Safepoint "Cleanup", Time since last: 14002744672 ns, Reaching safepoint: 244912 ns, At safepoint: 9401 ns, Total: 254313 ns
[2026-02-05T03:09:43.160+0000][7][safepoint   ] Safepoint "Cleanup", Time since last: 1000531241 ns, Reaching safepoint: 186409 ns, At safepoint: 7401 ns, Total: 193810 ns
[2026-02-05T03:09:54.162+0000][7][safepoint   ] Safepoint "Cleanup", Time since last: 11001874689 ns, Reaching safepoint: 302314 ns, At safepoint: 4901 ns, Total: 307215 ns
[2026-02-05T03:09:58.163+0000][7][safepoint   ] Safepoint "Cleanup", Time since last: 4001176171 ns, Reaching safepoint: 270814 ns, At safepoint: 14300 ns, Total: 285114 ns
[2026-02-05T03:10:05.165+0000][7][safepoint   ] Safepoint "Cleanup", Time since last: 7001449213 ns, Reaching safepoint: 277713 ns, At safepoint: 15801 ns, Total: 293514 ns
[2026-02-05T03:10:10.166+0000][7][safepoint   ] Safepoint "Cleanup", Time since last: 5000893700 ns, Reaching safepoint: 213510 ns, At safepoint: 7801 ns, Total: 221311 ns
[2026-02-05T03:10:15.166+0000][7][safepoint   ] Safepoint "Cleanup", Time since last: 5001173698 ns, Reaching safepoint: 196908 ns, At safepoint: 8801 ns, Total: 205709 ns
[2026-02-05T03:10:22.167+0000][7][safepoint   ] Safepoint "Cleanup", Time since last: 7001180764 ns, Reaching safepoint: 208010 ns, At safepoint: 12101 ns, Total: 220111 ns
[2026-02-05T03:10:24.022+0000][7][gc,start    ] GC(60) Pause Young (Normal) (G1 Evacuation Pause)
[2026-02-05T03:10:24.023+0000][7][gc,task     ] GC(60) Using 10 workers of 10 for evacuation
[2026-02-05T03:10:24.023+0000][7][gc,age      ] GC(60) Desired survivor size 18874368 bytes, new threshold 15 (max threshold 15)
[2026-02-05T03:10:24.026+0000][7][gc,age      ] GC(60) Age table with threshold 15 (max threshold 15)
[2026-02-05T03:10:24.026+0000][7][gc,age      ] GC(60) - age   1:     590056 bytes,     590056 total
[2026-02-05T03:10:24.026+0000][7][gc,age      ] GC(60) - age   2:      10624 bytes,     600680 total
[2026-02-05T03:10:24.027+0000][7][gc,age      ] GC(60) - age   3:      10752 bytes,     611432 total
[2026-02-05T03:10:24.027+0000][7][gc,age      ] GC(60) - age   4:      40936 bytes,     652368 total
[2026-02-05T03:10:24.027+0000][7][gc,age      ] GC(60) - age   5:     306712 bytes,     959080 total
[2026-02-05T03:10:24.027+0000][7][gc,age      ] GC(60) - age   6:        752 bytes,     959832 total
[2026-02-05T03:10:24.027+0000][7][gc,age      ] GC(60) - age   7:       1240 bytes,     961072 total
[2026-02-05T03:10:24.027+0000][7][gc,age      ] GC(60) - age   8:       1824 bytes,     962896 total
[2026-02-05T03:10:24.027+0000][7][gc,age      ] GC(60) - age   9:       4360 bytes,     967256 total
[2026-02-05T03:10:24.027+0000][7][gc,age      ] GC(60) - age  10:     131624 bytes,    1098880 total
[2026-02-05T03:10:24.028+0000][7][gc,age      ] GC(60) - age  11:     382128 bytes,    1481008 total
[2026-02-05T03:10:24.028+0000][7][gc,age      ] GC(60) - age  12:       4896 bytes,    1485904 total
[2026-02-05T03:10:24.028+0000][7][gc,age      ] GC(60) - age  13:      44048 bytes,    1529952 total
[2026-02-05T03:10:24.028+0000][7][gc,age      ] GC(60) - age  14:     325232 bytes,    1855184 total
[2026-02-05T03:10:24.028+0000][7][gc,age      ] GC(60) - age  15:      13096 bytes,    1868280 total
[2026-02-05T03:10:24.028+0000][7][gc,phases   ] GC(60)   Pre Evacuate Collection Set: 0.3ms
[2026-02-05T03:10:24.029+0000][7][gc,phases   ] GC(60)   Merge Heap Roots: 0.1ms
[2026-02-05T03:10:24.029+0000][7][gc,phases   ] GC(60)   Evacuate Collection Set: 1.9ms
[2026-02-05T03:10:24.029+0000][7][gc,phases   ] GC(60)   Post Evacuate Collection Set: 1.0ms
[2026-02-05T03:10:24.029+0000][7][gc,phases   ] GC(60)   Other: 2.8ms
[2026-02-05T03:10:24.029+0000][7][gc,heap     ] GC(60) Eden regions: 70->0(70)
[2026-02-05T03:10:24.029+0000][7][gc,heap     ] GC(60) Survivor regions: 1->1(9)
[2026-02-05T03:10:24.029+0000][7][gc,heap     ] GC(60) Old regions: 28->28
[2026-02-05T03:10:24.029+0000][7][gc,heap     ] GC(60) Archive regions: 2->2
[2026-02-05T03:10:24.030+0000][7][gc,heap     ] GC(60) Humongous regions: 5->5
[2026-02-05T03:10:24.030+0000][7][gc,metaspace] GC(60) Metaspace: 121256K(123008K)->121256K(123008K) NonClass: 105447K(106432K)->105447K(106432K) Class: 15809K(16576K)->15809K(16576K)
[2026-02-05T03:10:24.030+0000][7][gc          ] GC(60) Pause Young (Normal) (G1 Evacuation Pause) 417M->135M(512M) 7.458ms
[2026-02-05T03:10:24.030+0000][7][gc,cpu      ] GC(60) User=0.01s Sys=0.00s Real=0.01s
[2026-02-05T03:10:24.030+0000][7][safepoint   ] Safepoint "G1CollectForAllocation", Time since last: 1855209805 ns, Reaching safepoint: 173308 ns, At safepoint: 7818883 ns, Total: 7992191 ns
[2026-02-05T03:10:28.031+0000][7][safepoint   ] Safepoint "Cleanup", Time since last: 4000895228 ns, Reaching safepoint: 310215 ns, At safepoint: 7900 ns, Total: 318115 ns
[2026-02-05T03:10:46.034+0000][7][safepoint   ] Safepoint "Cleanup", Time since last: 18003702786 ns, Reaching safepoint: 188906 ns, At safepoint: 17901 ns, Total: 206807 ns
[2026-02-05T03:10:52.036+0000][7][safepoint   ] Safepoint "Cleanup", Time since last: 6001442222 ns, Reaching safepoint: 205807 ns, At safepoint: 6200 ns, Total: 212007 ns
[2026-02-05T03:10:54.037+0000][7][safepoint   ] Safepoint "Cleanup", Time since last: 2000734502 ns, Reaching safepoint: 268315 ns, At safepoint: 19601 ns, Total: 287916 ns
[2026-02-05T03:10:55.037+0000][7][safepoint   ] Safepoint "Cleanup", Time since last: 1000531534 ns, Reaching safepoint: 194210 ns, At safepoint: 7101 ns, Total: 201311 ns
[2026-02-05T03:11:21.037+0000][7][gc,start    ] GC(61) Pause Young (Normal) (G1 Evacuation Pause)
[2026-02-05T03:11:21.037+0000][7][gc,task     ] GC(61) Using 10 workers of 10 for evacuation
[2026-02-05T03:11:21.037+0000][7][gc,age      ] GC(61) Desired survivor size 18874368 bytes, new threshold 15 (max threshold 15)
[2026-02-05T03:11:21.040+0000][7][gc,age      ] GC(61) Age table with threshold 15 (max threshold 15)
[2026-02-05T03:11:21.041+0000][7][gc,age      ] GC(61) - age   1:    1981424 bytes,    1981424 total
[2026-02-05T03:11:21.041+0000][7][gc,age      ] GC(61) - age   2:      68688 bytes,    2050112 total
[2026-02-05T03:11:21.041+0000][7][gc,age      ] GC(61) - age   3:       7648 bytes,    2057760 total
[2026-02-05T03:11:21.041+0000][7][gc,age      ] GC(61) - age   4:       9808 bytes,    2067568 total
[2026-02-05T03:11:21.042+0000][7][gc,age      ] GC(61) - age   5:      40224 bytes,    2107792 total
[2026-02-05T03:11:21.042+0000][7][gc,age      ] GC(61) - age   6:     306712 bytes,    2414504 total
[2026-02-05T03:11:21.042+0000][7][gc,age      ] GC(61) - age   7:        688 bytes,    2415192 total
[2026-02-05T03:11:21.042+0000][7][gc,age      ] GC(61) - age   8:       1240 bytes,    2416432 total
[2026-02-05T03:11:21.043+0000][7][gc,age      ] GC(61) - age   9:       1824 bytes,    2418256 total
[2026-02-05T03:11:21.043+0000][7][gc,age      ] GC(61) - age  10:       4360 bytes,    2422616 total
[2026-02-05T03:11:21.043+0000][7][gc,age      ] GC(61) - age  11:     131624 bytes,    2554240 total
[2026-02-05T03:11:21.043+0000][7][gc,age      ] GC(61) - age  12:     382128 bytes,    2936368 total
[2026-02-05T03:11:21.043+0000][7][gc,age      ] GC(61) - age  13:       4896 bytes,    2941264 total
[2026-02-05T03:11:21.044+0000][7][gc,age      ] GC(61) - age  14:      44048 bytes,    2985312 total
[2026-02-05T03:11:21.044+0000][7][gc,age      ] GC(61) - age  15:     325232 bytes,    3310544 total
[2026-02-05T03:11:21.044+0000][7][gc,phases   ] GC(61)   Pre Evacuate Collection Set: 0.2ms
[2026-02-05T03:11:21.044+0000][7][gc,phases   ] GC(61)   Merge Heap Roots: 0.2ms
[2026-02-05T03:11:21.044+0000][7][gc,phases   ] GC(61)   Evacuate Collection Set: 1.1ms
[2026-02-05T03:11:21.044+0000][7][gc,phases   ] GC(61)   Post Evacuate Collection Set: 1.0ms
[2026-02-05T03:11:21.045+0000][7][gc,phases   ] GC(61)   Other: 4.7ms
[2026-02-05T03:11:21.045+0000][7][gc,heap     ] GC(61) Eden regions: 70->0(70)
[2026-02-05T03:11:21.045+0000][7][gc,heap     ] GC(61) Survivor regions: 1->1(9)
[2026-02-05T03:11:21.045+0000][7][gc,heap     ] GC(61) Old regions: 28->28
[2026-02-05T03:11:21.045+0000][7][gc,heap     ] GC(61) Archive regions: 2->2
[2026-02-05T03:11:21.046+0000][7][gc,heap     ] GC(61) Humongous regions: 5->5
[2026-02-05T03:11:21.046+0000][7][gc,metaspace] GC(61) Metaspace: 121266K(123008K)->121266K(123008K) NonClass: 105457K(106432K)->105457K(106432K) Class: 15809K(16576K)->15809K(16576K)
[2026-02-05T03:11:21.046+0000][7][gc          ] GC(61) Pause Young (Normal) (G1 Evacuation Pause) 415M->136M(512M) 9.149ms
[2026-02-05T03:11:21.046+0000][7][gc,cpu      ] GC(61) User=0.01s Sys=0.01s Real=0.01s
[2026-02-05T03:11:21.046+0000][7][safepoint   ] Safepoint "G1CollectForAllocation", Time since last: 26000529673 ns, Reaching safepoint: 182609 ns, At safepoint: 9589346 ns, Total: 9771955 ns
[2026-02-05T03:11:40.051+0000][7][safepoint   ] Safepoint "Cleanup", Time since last: 19003599347 ns, Reaching safepoint: 798437 ns, At safepoint: 21101 ns, Total: 819538 ns
[2026-02-05T03:11:46.052+0000][7][safepoint   ] Safepoint "Cleanup", Time since last: 6002126764 ns, Reaching safepoint: 765535 ns, At safepoint: 44802 ns, Total: 810337 ns
[2026-02-05T03:11:48.053+0000][7][safepoint   ] Safepoint "Cleanup", Time since last: 2001031275 ns, Reaching safepoint: 180508 ns, At safepoint: 5000 ns, Total: 185508 ns
[2026-02-05T03:11:49.054+0000][7][safepoint   ] Safepoint "Cleanup", Time since last: 1000599791 ns, Reaching safepoint: 215110 ns, At safepoint: 5801 ns, Total: 220911 ns
[2026-02-05T03:11:51.055+0000][7][safepoint   ] Safepoint "Cleanup", Time since last: 2000814175 ns, Reaching safepoint: 175208 ns, At safepoint: 6800 ns, Total: 182008 ns
[2026-02-05T03:11:54.056+0000][7][safepoint   ] Safepoint "Cleanup", Time since last: 3000551372 ns, Reaching safepoint: 383317 ns, At safepoint: 11601 ns, Total: 394918 ns
[2026-02-05T03:11:58.058+0000][7][safepoint   ] Safepoint "Cleanup", Time since last: 4001309982 ns, Reaching safepoint: 189709 ns, At safepoint: 5500 ns, Total: 195209 ns
[2026-02-05T03:12:09.358+0000][7][gc,start    ] GC(62) Pause Young (Normal) (G1 Evacuation Pause)
[2026-02-05T03:12:09.358+0000][7][gc,task     ] GC(62) Using 10 workers of 10 for evacuation
[2026-02-05T03:12:09.359+0000][7][gc,age      ] GC(62) Desired survivor size 18874368 bytes, new threshold 15 (max threshold 15)
[2026-02-05T03:12:09.362+0000][7][gc,age      ] GC(62) Age table with threshold 15 (max threshold 15)
[2026-02-05T03:12:09.362+0000][7][gc,age      ] GC(62) - age   1:    2591504 bytes,    2591504 total
[2026-02-05T03:12:09.362+0000][7][gc,age      ] GC(62) - age   2:     154600 bytes,    2746104 total
[2026-02-05T03:12:09.363+0000][7][gc,age      ] GC(62) - age   3:      67256 bytes,    2813360 total
[2026-02-05T03:12:09.363+0000][7][gc,age      ] GC(62) - age   4:       6424 bytes,    2819784 total
[2026-02-05T03:12:09.363+0000][7][gc,age      ] GC(62) - age   5:       9288 bytes,    2829072 total
[2026-02-05T03:12:09.363+0000][7][gc,age      ] GC(62) - age   6:      40032 bytes,    2869104 total
[2026-02-05T03:12:09.363+0000][7][gc,age      ] GC(62) - age   7:     306648 bytes,    3175752 total
[2026-02-05T03:12:09.363+0000][7][gc,age      ] GC(62) - age   8:        656 bytes,    3176408 total
[2026-02-05T03:12:09.363+0000][7][gc,age      ] GC(62) - age   9:       1240 bytes,    3177648 total
[2026-02-05T03:12:09.364+0000][7][gc,age      ] GC(62) - age  10:       1624 bytes,    3179272 total
[2026-02-05T03:12:09.364+0000][7][gc,age      ] GC(62) - age  11:       4296 bytes,    3183568 total
[2026-02-05T03:12:09.364+0000][7][gc,age      ] GC(62) - age  12:     131128 bytes,    3314696 total
[2026-02-05T03:12:09.364+0000][7][gc,age      ] GC(62) - age  13:     382128 bytes,    3696824 total
[2026-02-05T03:12:09.364+0000][7][gc,age      ] GC(62) - age  14:       4896 bytes,    3701720 total
[2026-02-05T03:12:09.364+0000][7][gc,age      ] GC(62) - age  15:      44048 bytes,    3745768 total
[2026-02-05T03:12:09.364+0000][7][gc,phases   ] GC(62)   Pre Evacuate Collection Set: 0.2ms
[2026-02-05T03:12:09.364+0000][7][gc,phases   ] GC(62)   Merge Heap Roots: 0.1ms
[2026-02-05T03:12:09.365+0000][7][gc,phases   ] GC(62)   Evacuate Collection Set: 1.9ms
[2026-02-05T03:12:09.365+0000][7][gc,phases   ] GC(62)   Post Evacuate Collection Set: 0.9ms
[2026-02-05T03:12:09.365+0000][7][gc,phases   ] GC(62)   Other: 3.0ms
[2026-02-05T03:12:09.365+0000][7][gc,heap     ] GC(62) Eden regions: 70->0(70)
[2026-02-05T03:12:09.365+0000][7][gc,heap     ] GC(62) Survivor regions: 1->1(9)
[2026-02-05T03:12:09.365+0000][7][gc,heap     ] GC(62) Old regions: 28->28
[2026-02-05T03:12:09.366+0000][7][gc,heap     ] GC(62) Archive regions: 2->2
[2026-02-05T03:12:09.366+0000][7][gc,heap     ] GC(62) Humongous regions: 5->5
[2026-02-05T03:12:09.366+0000][7][gc,metaspace] GC(62) Metaspace: 121284K(123008K)->121284K(123008K) NonClass: 105474K(106432K)->105474K(106432K) Class: 15809K(16576K)->15809K(16576K)
[2026-02-05T03:12:09.366+0000][7][gc          ] GC(62) Pause Young (Normal) (G1 Evacuation Pause) 416M->137M(512M) 7.771ms
[2026-02-05T03:12:09.366+0000][7][gc,cpu      ] GC(62) User=0.01s Sys=0.00s Real=0.01s
[2026-02-05T03:12:09.366+0000][7][safepoint   ] Safepoint "G1CollectForAllocation", Time since last: 11300181245 ns, Reaching safepoint: 180308 ns, At safepoint: 8191283 ns, Total: 8371591 ns
[2026-02-05T03:12:13.033+0000][7][safepoint   ] Safepoint "Cleanup", Time since last: 3666339859 ns, Reaching safepoint: 255412 ns, At safepoint: 9100 ns, Total: 264512 ns
[2026-02-05T03:12:15.032+0000][7][safepoint   ] Safepoint "Cleanup", Time since last: 2000610275 ns, Reaching safepoint: 182309 ns, At safepoint: 5800 ns, Total: 188109 ns
[2026-02-05T03:12:22.034+0000][7][safepoint   ] Safepoint "Cleanup", Time since last: 7001176379 ns, Reaching safepoint: 196809 ns, At safepoint: 5301 ns, Total: 202110 ns
[2026-02-05T03:12:30.035+0000][7][safepoint   ] Safepoint "Cleanup", Time since last: 8001557644 ns, Reaching safepoint: 192409 ns, At safepoint: 5300 ns, Total: 197709 ns
[2026-02-05T03:12:31.036+0000][7][safepoint   ] Safepoint "Cleanup", Time since last: 1000493288 ns, Reaching safepoint: 306314 ns, At safepoint: 7600 ns, Total: 313914 ns
[2026-02-05T03:12:34.038+0000][7][safepoint   ] Safepoint "Cleanup", Time since last: 3001090345 ns, Reaching safepoint: 486623 ns, At safepoint: 12201 ns, Total: 498824 ns
[2026-02-05T03:12:39.039+0000][7][safepoint   ] Safepoint "Cleanup", Time since last: 5001340969 ns, Reaching safepoint: 185408 ns, At safepoint: 22501 ns, Total: 207909 ns
[2026-02-05T03:12:40.040+0000][7][safepoint   ] Safepoint "Cleanup", Time since last: 1000362211 ns, Reaching safepoint: 206510 ns, At safepoint: 7300 ns, Total: 213810 ns
[2026-02-05T03:12:54.041+0000][7][safepoint   ] Safepoint "Cleanup", Time since last: 14003396206 ns, Reaching safepoint: 224231 ns, At safepoint: 10402 ns, Total: 234633 ns
[2026-02-05T03:12:57.043+0000][7][safepoint   ] Safepoint "Cleanup", Time since last: 3001003242 ns, Reaching safepoint: 226831 ns, At safepoint: 13902 ns, Total: 240733 ns
[2026-02-05T03:12:57.045+0000][7][gc,start    ] GC(63) Pause Young (Normal) (G1 Evacuation Pause)
[2026-02-05T03:12:57.045+0000][7][gc,task     ] GC(63) Using 10 workers of 10 for evacuation
[2026-02-05T03:12:57.045+0000][7][gc,age      ] GC(63) Desired survivor size 18874368 bytes, new threshold 15 (max threshold 15)
[2026-02-05T03:12:57.048+0000][7][gc,age      ] GC(63) Age table with threshold 15 (max threshold 15)
[2026-02-05T03:12:57.048+0000][7][gc,age      ] GC(63) - age   1:    2960072 bytes,    2960072 total
[2026-02-05T03:12:57.048+0000][7][gc,age      ] GC(63) - age   2:       9168 bytes,    2969240 total
[2026-02-05T03:12:57.049+0000][7][gc,age      ] GC(63) - age   3:       3432 bytes,    2972672 total
[2026-02-05T03:12:57.049+0000][7][gc,age      ] GC(63) - age   4:      66240 bytes,    3038912 total
[2026-02-05T03:12:57.049+0000][7][gc,age      ] GC(63) - age   5:       1488 bytes,    3040400 total
[2026-02-05T03:12:57.049+0000][7][gc,age      ] GC(63) - age   6:       4584 bytes,    3044984 total
[2026-02-05T03:12:57.049+0000][7][gc,age      ] GC(63) - age   7:       4152 bytes,    3049136 total
[2026-02-05T03:12:57.049+0000][7][gc,age      ] GC(63) - age   8:     210864 bytes,    3260000 total
[2026-02-05T03:12:57.049+0000][7][gc,age      ] GC(63) - age   9:        592 bytes,    3260592 total
[2026-02-05T03:12:57.049+0000][7][gc,age      ] GC(63) - age  10:       1240 bytes,    3261832 total
[2026-02-05T03:12:57.050+0000][7][gc,age      ] GC(63) - age  11:       1624 bytes,    3263456 total
[2026-02-05T03:12:57.050+0000][7][gc,age      ] GC(63) - age  12:       4104 bytes,    3267560 total
[2026-02-05T03:12:57.050+0000][7][gc,age      ] GC(63) - age  13:      12376 bytes,    3279936 total
[2026-02-05T03:12:57.050+0000][7][gc,age      ] GC(63) - age  14:      21072 bytes,    3301008 total
[2026-02-05T03:12:57.050+0000][7][gc,age      ] GC(63) - age  15:       4712 bytes,    3305720 total
[2026-02-05T03:12:57.050+0000][7][gc,phases   ] GC(63)   Pre Evacuate Collection Set: 0.2ms
[2026-02-05T03:12:57.050+0000][7][gc,phases   ] GC(63)   Merge Heap Roots: 0.1ms
[2026-02-05T03:12:57.051+0000][7][gc,phases   ] GC(63)   Evacuate Collection Set: 1.1ms
[2026-02-05T03:12:57.051+0000][7][gc,phases   ] GC(63)   Post Evacuate Collection Set: 0.9ms
[2026-02-05T03:12:57.051+0000][7][gc,phases   ] GC(63)   Other: 3.2ms
[2026-02-05T03:12:57.051+0000][7][gc,heap     ] GC(63) Eden regions: 70->0(70)
[2026-02-05T03:12:57.051+0000][7][gc,heap     ] GC(63) Survivor regions: 1->1(9)
[2026-02-05T03:12:57.051+0000][7][gc,heap     ] GC(63) Old regions: 28->28
[2026-02-05T03:12:57.051+0000][7][gc,heap     ] GC(63) Archive regions: 2->2
[2026-02-05T03:12:57.051+0000][7][gc,heap     ] GC(63) Humongous regions: 5->5
[2026-02-05T03:12:57.052+0000][7][gc,metaspace] GC(63) Metaspace: 121297K(123072K)->121297K(123072K) NonClass: 105487K(106496K)->105487K(106496K) Class: 15810K(16576K)->15810K(16576K)
[2026-02-05T03:12:57.052+0000][7][gc          ] GC(63) Pause Young (Normal) (G1 Evacuation Pause) 417M->137M(512M) 6.975ms
[2026-02-05T03:12:57.052+0000][7][gc,cpu      ] GC(63) User=0.01s Sys=0.01s Real=0.01s
[2026-02-05T03:12:57.052+0000][7][safepoint   ] Safepoint "G1CollectForAllocation", Time since last: 2027680 ns, Reaching safepoint: 173224 ns, At safepoint: 7509338 ns, Total: 7682562 ns
[2026-02-05T03:13:04.054+0000][7][safepoint   ] Safepoint "Cleanup", Time since last: 7001271282 ns, Reaching safepoint: 204315 ns, At safepoint: 21002 ns, Total: 225317 ns
[2026-02-05T03:13:16.057+0000][7][safepoint   ] Safepoint "Cleanup", Time since last: 12003749808 ns, Reaching safepoint: 192410 ns, At safepoint: 5400 ns, Total: 197810 ns
[2026-02-05T03:13:19.058+0000][7][safepoint   ] Safepoint "Cleanup", Time since last: 3000883438 ns, Reaching safepoint: 237412 ns, At safepoint: 7800 ns, Total: 245212 ns
[2026-02-05T03:13:29.060+0000][7][safepoint   ] Safepoint "Cleanup", Time since last: 10001979485 ns, Reaching safepoint: 200810 ns, At safepoint: 8100 ns, Total: 208910 ns
[2026-02-05T03:13:33.062+0000][7][safepoint   ] Safepoint "Cleanup", Time since last: 4001094052 ns, Reaching safepoint: 256313 ns, At safepoint: 26702 ns, Total: 283015 ns
[2026-02-05T03:13:34.062+0000][7][safepoint   ] Safepoint "Cleanup", Time since last: 1000461587 ns, Reaching safepoint: 294614 ns, At safepoint: 20601 ns, Total: 315215 ns
[2026-02-05T03:13:43.065+0000][7][safepoint   ] Safepoint "Cleanup", Time since last: 9002581293 ns, Reaching safepoint: 168205 ns, At safepoint: 3900 ns, Total: 172105 ns
[2026-02-05T03:13:52.043+0000][7][gc,start    ] GC(64) Pause Young (Normal) (G1 Evacuation Pause)
[2026-02-05T03:13:52.043+0000][7][gc,task     ] GC(64) Using 10 workers of 10 for evacuation
[2026-02-05T03:13:52.044+0000][7][gc,age      ] GC(64) Desired survivor size 18874368 bytes, new threshold 15 (max threshold 15)
[2026-02-05T03:13:52.046+0000][7][gc,age      ] GC(64) Age table with threshold 15 (max threshold 15)
[2026-02-05T03:13:52.046+0000][7][gc,age      ] GC(64) - age   1:    2119760 bytes,    2119760 total
[2026-02-05T03:13:52.046+0000][7][gc,age      ] GC(64) - age   2:     241168 bytes,    2360928 total
[2026-02-05T03:13:52.046+0000][7][gc,age      ] GC(64) - age   3:       3000 bytes,    2363928 total
[2026-02-05T03:13:52.047+0000][7][gc,age      ] GC(64) - age   4:       2696 bytes,    2366624 total
[2026-02-05T03:13:52.047+0000][7][gc,age      ] GC(64) - age   5:      66240 bytes,    2432864 total
[2026-02-05T03:13:52.047+0000][7][gc,age      ] GC(64) - age   6:       1368 bytes,    2434232 total
[2026-02-05T03:13:52.047+0000][7][gc,age      ] GC(64) - age   7:       4456 bytes,    2438688 total
[2026-02-05T03:13:52.047+0000][7][gc,age      ] GC(64) - age   8:       4152 bytes,    2442840 total
[2026-02-05T03:13:52.047+0000][7][gc,age      ] GC(64) - age   9:     210736 bytes,    2653576 total
[2026-02-05T03:13:52.048+0000][7][gc,age      ] GC(64) - age  10:        496 bytes,    2654072 total
[2026-02-05T03:13:52.048+0000][7][gc,age      ] GC(64) - age  11:       1240 bytes,    2655312 total
[2026-02-05T03:13:52.048+0000][7][gc,age      ] GC(64) - age  12:       1624 bytes,    2656936 total
[2026-02-05T03:13:52.048+0000][7][gc,age      ] GC(64) - age  13:       4104 bytes,    2661040 total
[2026-02-05T03:13:52.048+0000][7][gc,age      ] GC(64) - age  14:      12176 bytes,    2673216 total
[2026-02-05T03:13:52.048+0000][7][gc,age      ] GC(64) - age  15:      21040 bytes,    2694256 total
[2026-02-05T03:13:52.049+0000][7][gc,phases   ] GC(64)   Pre Evacuate Collection Set: 0.2ms
[2026-02-05T03:13:52.049+0000][7][gc,phases   ] GC(64)   Merge Heap Roots: 0.1ms
[2026-02-05T03:13:52.049+0000][7][gc,phases   ] GC(64)   Evacuate Collection Set: 1.1ms
[2026-02-05T03:13:52.049+0000][7][gc,phases   ] GC(64)   Post Evacuate Collection Set: 0.9ms
[2026-02-05T03:13:52.049+0000][7][gc,phases   ] GC(64)   Other: 3.1ms
[2026-02-05T03:13:52.049+0000][7][gc,heap     ] GC(64) Eden regions: 70->0(70)
[2026-02-05T03:13:52.050+0000][7][gc,heap     ] GC(64) Survivor regions: 1->1(9)
[2026-02-05T03:13:52.050+0000][7][gc,heap     ] GC(64) Old regions: 28->28
[2026-02-05T03:13:52.050+0000][7][gc,heap     ] GC(64) Archive regions: 2->2
[2026-02-05T03:13:52.050+0000][7][gc,heap     ] GC(64) Humongous regions: 5->5
[2026-02-05T03:13:52.050+0000][7][gc,metaspace] GC(64) Metaspace: 121305K(123072K)->121305K(123072K) NonClass: 105494K(106496K)->105494K(106496K) Class: 15810K(16576K)->15810K(16576K)
[2026-02-05T03:13:52.050+0000][7][gc          ] GC(64) Pause Young (Normal) (G1 Evacuation Pause) 417M->136M(512M) 7.211ms
[2026-02-05T03:13:52.051+0000][7][gc,cpu      ] GC(64) User=0.01s Sys=0.00s Real=0.01s
[2026-02-05T03:13:52.051+0000][7][safepoint   ] Safepoint "G1CollectForAllocation", Time since last: 8980713839 ns, Reaching safepoint: 226610 ns, At safepoint: 7611349 ns, Total: 7837959 ns
[2026-02-05T03:13:53.052+0000][7][safepoint   ] Safepoint "Cleanup", Time since last: 1000369869 ns, Reaching safepoint: 380617 ns, At safepoint: 23201 ns, Total: 403818 ns
[2026-02-05T03:13:54.052+0000][7][safepoint   ] Safepoint "Cleanup", Time since last: 1000541278 ns, Reaching safepoint: 206909 ns, At safepoint: 13001 ns, Total: 219910 ns
[2026-02-05T03:13:55.053+0000][7][safepoint   ] Safepoint "Cleanup", Time since last: 1000702284 ns, Reaching safepoint: 373717 ns, At safepoint: 50103 ns, Total: 423820 ns
[2026-02-05T03:13:59.055+0000][7][safepoint   ] Safepoint "Cleanup", Time since last: 4001360711 ns, Reaching safepoint: 193309 ns, At safepoint: 6600 ns, Total: 199909 ns
[2026-02-05T03:14:12.058+0000][7][safepoint   ] Safepoint "Cleanup", Time since last: 13002527649 ns, Reaching safepoint: 215810 ns, At safepoint: 6901 ns, Total: 222711 ns
[2026-02-05T03:14:19.059+0000][7][safepoint   ] Safepoint "Cleanup", Time since last: 7001401022 ns, Reaching safepoint: 230811 ns, At safepoint: 7200 ns, Total: 238011 ns
[2026-02-05T03:14:22.060+0000][7][safepoint   ] Safepoint "Cleanup", Time since last: 3000909555 ns, Reaching safepoint: 193311 ns, At safepoint: 15801 ns, Total: 209112 ns
[2026-02-05T03:14:33.062+0000][7][safepoint   ] Safepoint "Cleanup", Time since last: 11001556629 ns, Reaching safepoint: 252214 ns, At safepoint: 9300 ns, Total: 261514 ns
[2026-02-05T03:14:45.063+0000][7][safepoint   ] Safepoint "Cleanup", Time since last: 12002535225 ns, Reaching safepoint: 179809 ns, At safepoint: 18201 ns, Total: 198010 ns
[2026-02-05T03:14:45.144+0000][7][gc,start    ] GC(65) Pause Young (Normal) (G1 Evacuation Pause)
[2026-02-05T03:14:45.144+0000][7][gc,task     ] GC(65) Using 10 workers of 10 for evacuation
[2026-02-05T03:14:45.144+0000][7][gc,age      ] GC(65) Desired survivor size 18874368 bytes, new threshold 15 (max threshold 15)
[2026-02-05T03:14:45.146+0000][7][gc,age      ] GC(65) Age table with threshold 15 (max threshold 15)
[2026-02-05T03:14:45.146+0000][7][gc,age      ] GC(65) - age   1:     787280 bytes,     787280 total
[2026-02-05T03:14:45.147+0000][7][gc,age      ] GC(65) - age   2:      41504 bytes,     828784 total
[2026-02-05T03:14:45.147+0000][7][gc,age      ] GC(65) - age   3:     237744 bytes,    1066528 total
[2026-02-05T03:14:45.147+0000][7][gc,age      ] GC(65) - age   4:       2240 bytes,    1068768 total
[2026-02-05T03:14:45.147+0000][7][gc,age      ] GC(65) - age   5:       2504 bytes,    1071272 total
[2026-02-05T03:14:45.147+0000][7][gc,age      ] GC(65) - age   6:      66240 bytes,    1137512 total
[2026-02-05T03:14:45.147+0000][7][gc,age      ] GC(65) - age   7:       1304 bytes,    1138816 total
[2026-02-05T03:14:45.147+0000][7][gc,age      ] GC(65) - age   8:       4456 bytes,    1143272 total
[2026-02-05T03:14:45.148+0000][7][gc,age      ] GC(65) - age   9:       4152 bytes,    1147424 total
[2026-02-05T03:14:45.148+0000][7][gc,age      ] GC(65) - age  10:     210672 bytes,    1358096 total
[2026-02-05T03:14:45.148+0000][7][gc,age      ] GC(65) - age  11:        496 bytes,    1358592 total
[2026-02-05T03:14:45.148+0000][7][gc,age      ] GC(65) - age  12:       1240 bytes,    1359832 total
[2026-02-05T03:14:45.148+0000][7][gc,age      ] GC(65) - age  13:       1624 bytes,    1361456 total
[2026-02-05T03:14:45.148+0000][7][gc,age      ] GC(65) - age  14:       4104 bytes,    1365560 total
[2026-02-05T03:14:45.149+0000][7][gc,age      ] GC(65) - age  15:      12176 bytes,    1377736 total
[2026-02-05T03:14:45.149+0000][7][gc,phases   ] GC(65)   Pre Evacuate Collection Set: 0.2ms
[2026-02-05T03:14:45.149+0000][7][gc,phases   ] GC(65)   Merge Heap Roots: 0.1ms
[2026-02-05T03:14:45.149+0000][7][gc,phases   ] GC(65)   Evacuate Collection Set: 0.9ms
[2026-02-05T03:14:45.149+0000][7][gc,phases   ] GC(65)   Post Evacuate Collection Set: 0.8ms
[2026-02-05T03:14:45.150+0000][7][gc,phases   ] GC(65)   Other: 3.2ms
[2026-02-05T03:14:45.150+0000][7][gc,heap     ] GC(65) Eden regions: 70->0(70)
[2026-02-05T03:14:45.150+0000][7][gc,heap     ] GC(65) Survivor regions: 1->1(9)
[2026-02-05T03:14:45.150+0000][7][gc,heap     ] GC(65) Old regions: 28->28
[2026-02-05T03:14:45.150+0000][7][gc,heap     ] GC(65) Archive regions: 2->2
[2026-02-05T03:14:45.150+0000][7][gc,heap     ] GC(65) Humongous regions: 5->5
[2026-02-05T03:14:45.150+0000][7][gc,metaspace] GC(65) Metaspace: 121320K(123072K)->121320K(123072K) NonClass: 105509K(106496K)->105509K(106496K) Class: 15811K(16576K)->15811K(16576K)
[2026-02-05T03:14:45.151+0000][7][gc          ] GC(65) Pause Young (Normal) (G1 Evacuation Pause) 416M->135M(512M) 6.862ms
[2026-02-05T03:14:45.151+0000][7][gc,cpu      ] GC(65) User=0.00s Sys=0.00s Real=0.00s
[2026-02-05T03:14:45.151+0000][7][safepoint   ] Safepoint "G1CollectForAllocation", Time since last: 80137953 ns, Reaching safepoint: 183709 ns, At safepoint: 7513771 ns, Total: 7697480 ns
[2026-02-05T03:14:49.152+0000][7][safepoint   ] Safepoint "Cleanup", Time since last: 4000653037 ns, Reaching safepoint: 320614 ns, At safepoint: 9001 ns, Total: 329615 ns
[2026-02-05T03:14:52.153+0000][7][safepoint   ] Safepoint "Cleanup", Time since last: 3000731094 ns, Reaching safepoint: 200409 ns, At safepoint: 19901 ns, Total: 220310 ns
[2026-02-05T03:14:53.154+0000][7][safepoint   ] Safepoint "Cleanup", Time since last: 1000289300 ns, Reaching safepoint: 278013 ns, At safepoint: 10200 ns, Total: 288213 ns
[2026-02-05T03:14:59.155+0000][7][safepoint   ] Safepoint "Cleanup", Time since last: 6001149366 ns, Reaching safepoint: 193509 ns, At safepoint: 7001 ns, Total: 200510 ns
[2026-02-05T03:15:04.156+0000][7][safepoint   ] Safepoint "Cleanup", Time since last: 5000925865 ns, Reaching safepoint: 200410 ns, At safepoint: 7501 ns, Total: 207911 ns
[2026-02-05T03:15:21.158+0000][7][safepoint   ] Safepoint "Cleanup", Time since last: 17002982339 ns, Reaching safepoint: 207207 ns, At safepoint: 4800 ns, Total: 212007 ns
[2026-02-05T03:15:43.722+0000][7][gc,start    ] GC(66) Pause Young (Normal) (G1 Evacuation Pause)
[2026-02-05T03:15:43.722+0000][7][gc,task     ] GC(66) Using 10 workers of 10 for evacuation
[2026-02-05T03:15:43.723+0000][7][gc,age      ] GC(66) Desired survivor size 18874368 bytes, new threshold 15 (max threshold 15)
[2026-02-05T03:15:43.725+0000][7][gc,age      ] GC(66) Age table with threshold 15 (max threshold 15)
[2026-02-05T03:15:43.726+0000][7][gc,age      ] GC(66) - age   1:    1101280 bytes,    1101280 total
[2026-02-05T03:15:43.726+0000][7][gc,age      ] GC(66) - age   2:     225816 bytes,    1327096 total
[2026-02-05T03:15:43.726+0000][7][gc,age      ] GC(66) - age   3:      38312 bytes,    1365408 total
[2026-02-05T03:15:43.726+0000][7][gc,age      ] GC(66) - age   4:     237008 bytes,    1602416 total
[2026-02-05T03:15:43.726+0000][7][gc,age      ] GC(66) - age   5:       2176 bytes,    1604592 total
[2026-02-05T03:15:43.726+0000][7][gc,age      ] GC(66) - age   6:       2376 bytes,    1606968 total
[2026-02-05T03:15:43.727+0000][7][gc,age      ] GC(66) - age   7:      66176 bytes,    1673144 total
[2026-02-05T03:15:43.727+0000][7][gc,age      ] GC(66) - age   8:       1240 bytes,    1674384 total
[2026-02-05T03:15:43.727+0000][7][gc,age      ] GC(66) - age   9:       4456 bytes,    1678840 total
[2026-02-05T03:15:43.727+0000][7][gc,age      ] GC(66) - age  10:       4024 bytes,    1682864 total
[2026-02-05T03:15:43.727+0000][7][gc,age      ] GC(66) - age  11:     210672 bytes,    1893536 total
[2026-02-05T03:15:43.727+0000][7][gc,age      ] GC(66) - age  12:        296 bytes,    1893832 total
[2026-02-05T03:15:43.727+0000][7][gc,age      ] GC(66) - age  13:       1240 bytes,    1895072 total
[2026-02-05T03:15:43.728+0000][7][gc,age      ] GC(66) - age  14:       1624 bytes,    1896696 total
[2026-02-05T03:15:43.728+0000][7][gc,age      ] GC(66) - age  15:       4104 bytes,    1900800 total
[2026-02-05T03:15:43.728+0000][7][gc,phases   ] GC(66)   Pre Evacuate Collection Set: 0.2ms
[2026-02-05T03:15:43.728+0000][7][gc,phases   ] GC(66)   Merge Heap Roots: 0.1ms
[2026-02-05T03:15:43.728+0000][7][gc,phases   ] GC(66)   Evacuate Collection Set: 1.0ms
[2026-02-05T03:15:43.728+0000][7][gc,phases   ] GC(66)   Post Evacuate Collection Set: 1.1ms
[2026-02-05T03:15:43.728+0000][7][gc,phases   ] GC(66)   Other: 3.6ms
[2026-02-05T03:15:43.728+0000][7][gc,heap     ] GC(66) Eden regions: 70->0(70)
[2026-02-05T03:15:43.729+0000][7][gc,heap     ] GC(66) Survivor regions: 1->1(9)
[2026-02-05T03:15:43.729+0000][7][gc,heap     ] GC(66) Old regions: 28->28
[2026-02-05T03:15:43.729+0000][7][gc,heap     ] GC(66) Archive regions: 2->2
[2026-02-05T03:15:43.729+0000][7][gc,heap     ] GC(66) Humongous regions: 5->5
[2026-02-05T03:15:43.729+0000][7][gc,metaspace] GC(66) Metaspace: 121324K(123072K)->121324K(123072K) NonClass: 105512K(106496K)->105512K(106496K) Class: 15811K(16576K)->15811K(16576K)
[2026-02-05T03:15:43.729+0000][7][gc          ] GC(66) Pause Young (Normal) (G1 Evacuation Pause) 415M->135M(512M) 7.220ms
[2026-02-05T03:15:43.729+0000][7][gc,cpu      ] GC(66) User=0.01s Sys=0.00s Real=0.00s
[2026-02-05T03:15:43.729+0000][7][safepoint   ] Safepoint "G1CollectForAllocation", Time since last: 22563779375 ns, Reaching safepoint: 198808 ns, At safepoint: 7556289 ns, Total: 7755097 ns
[2026-02-05T03:15:51.730+0000][7][safepoint   ] Safepoint "Cleanup", Time since last: 8001828899 ns, Reaching safepoint: 186009 ns, At safepoint: 4700 ns, Total: 190709 ns
[2026-02-05T03:15:54.731+0000][7][safepoint   ] Safepoint "Cleanup", Time since last: 3001016146 ns, Reaching safepoint: 213510 ns, At safepoint: 144707 ns, Total: 358217 ns
[2026-02-05T03:15:56.732+0000][7][safepoint   ] Safepoint "Cleanup", Time since last: 2000642662 ns, Reaching safepoint: 211410 ns, At safepoint: 9500 ns, Total: 220910 ns
[2026-02-05T03:15:57.733+0000][7][safepoint   ] Safepoint "Cleanup", Time since last: 1000509490 ns, Reaching safepoint: 194909 ns, At safepoint: 5300 ns, Total: 200209 ns
[2026-02-05T03:15:58.734+0000][7][safepoint   ] Safepoint "Cleanup", Time since last: 1000435826 ns, Reaching safepoint: 276113 ns, At safepoint: 6200 ns, Total: 282313 ns
[2026-02-05T03:16:01.017+0000][7][safepoint   ] Safepoint "Cleanup", Time since last: 2283510976 ns, Reaching safepoint: 192709 ns, At safepoint: 5600 ns, Total: 198309 ns
[2026-02-05T03:16:04.018+0000][7][safepoint   ] Safepoint "Cleanup", Time since last: 3000749111 ns, Reaching safepoint: 181009 ns, At safepoint: 5700 ns, Total: 186709 ns
[2026-02-05T03:16:22.020+0000][7][safepoint   ] Safepoint "Cleanup", Time since last: 18002644932 ns, Reaching safepoint: 190210 ns, At safepoint: 5500 ns, Total: 195710 ns
[2026-02-05T03:16:28.021+0000][7][safepoint   ] Safepoint "Cleanup", Time since last: 6001480262 ns, Reaching safepoint: 373420 ns, At safepoint: 10000 ns, Total: 383420 ns
[2026-02-05T03:16:39.024+0000][7][safepoint   ] Safepoint "Cleanup", Time since last: 11002222027 ns, Reaching safepoint: 204610 ns, At safepoint: 9401 ns, Total: 214011 ns
[2026-02-05T03:16:39.252+0000][7][gc,start    ] GC(67) Pause Young (Normal) (G1 Evacuation Pause)
[2026-02-05T03:16:39.253+0000][7][gc,task     ] GC(67) Using 10 workers of 10 for evacuation
[2026-02-05T03:16:39.253+0000][7][gc,age      ] GC(67) Desired survivor size 18874368 bytes, new threshold 15 (max threshold 15)
[2026-02-05T03:16:39.256+0000][7][gc,age      ] GC(67) Age table with threshold 15 (max threshold 15)
[2026-02-05T03:16:39.256+0000][7][gc,age      ] GC(67) - age   1:    2320320 bytes,    2320320 total
[2026-02-05T03:16:39.256+0000][7][gc,age      ] GC(67) - age   2:       6424 bytes,    2326744 total
[2026-02-05T03:16:39.256+0000][7][gc,age      ] GC(67) - age   3:       2048 bytes,    2328792 total
[2026-02-05T03:16:39.256+0000][7][gc,age      ] GC(67) - age   4:      37296 bytes,    2366088 total
[2026-02-05T03:16:39.257+0000][7][gc,age      ] GC(67) - age   5:     236784 bytes,    2602872 total
[2026-02-05T03:16:39.257+0000][7][gc,age      ] GC(67) - age   6:       2112 bytes,    2604984 total
[2026-02-05T03:16:39.257+0000][7][gc,age      ] GC(67) - age   7:       2312 bytes,    2607296 total
[2026-02-05T03:16:39.257+0000][7][gc,age      ] GC(67) - age   8:      66176 bytes,    2673472 total
[2026-02-05T03:16:39.257+0000][7][gc,age      ] GC(67) - age   9:       1240 bytes,    2674712 total
[2026-02-05T03:16:39.257+0000][7][gc,age      ] GC(67) - age  10:       4456 bytes,    2679168 total
[2026-02-05T03:16:39.258+0000][7][gc,age      ] GC(67) - age  11:       4024 bytes,    2683192 total
[2026-02-05T03:16:39.258+0000][7][gc,age      ] GC(67) - age  12:     210672 bytes,    2893864 total
[2026-02-05T03:16:39.258+0000][7][gc,age      ] GC(67) - age  13:        296 bytes,    2894160 total
[2026-02-05T03:16:39.258+0000][7][gc,age      ] GC(67) - age  14:       1240 bytes,    2895400 total
[2026-02-05T03:16:39.258+0000][7][gc,age      ] GC(67) - age  15:       1624 bytes,    2897024 total
[2026-02-05T03:16:39.258+0000][7][gc,phases   ] GC(67)   Pre Evacuate Collection Set: 0.2ms
[2026-02-05T03:16:39.259+0000][7][gc,phases   ] GC(67)   Merge Heap Roots: 0.1ms
[2026-02-05T03:16:39.259+0000][7][gc,phases   ] GC(67)   Evacuate Collection Set: 1.0ms
[2026-02-05T03:16:39.259+0000][7][gc,phases   ] GC(67)   Post Evacuate Collection Set: 1.1ms
[2026-02-05T03:16:39.259+0000][7][gc,phases   ] GC(67)   Other: 3.7ms
[2026-02-05T03:16:39.259+0000][7][gc,heap     ] GC(67) Eden regions: 70->0(70)
[2026-02-05T03:16:39.259+0000][7][gc,heap     ] GC(67) Survivor regions: 1->1(9)
[2026-02-05T03:16:39.260+0000][7][gc,heap     ] GC(67) Old regions: 28->28
[2026-02-05T03:16:39.260+0000][7][gc,heap     ] GC(67) Archive regions: 2->2
[2026-02-05T03:16:39.260+0000][7][gc,heap     ] GC(67) Humongous regions: 5->5
[2026-02-05T03:16:39.260+0000][7][gc,metaspace] GC(67) Metaspace: 121339K(123072K)->121339K(123072K) NonClass: 105526K(106496K)->105526K(106496K) Class: 15813K(16576K)->15813K(16576K)
[2026-02-05T03:16:39.260+0000][7][gc          ] GC(67) Pause Young (Normal) (G1 Evacuation Pause) 415M->136M(512M) 7.800ms
[2026-02-05T03:16:39.260+0000][7][gc,cpu      ] GC(67) User=0.01s Sys=0.00s Real=0.01s
[2026-02-05T03:16:39.260+0000][7][safepoint   ] Safepoint "G1CollectForAllocation", Time since last: 228225946 ns, Reaching safepoint: 181009 ns, At safepoint: 8174699 ns, Total: 8355708 ns
[2026-02-05T03:16:45.261+0000][7][safepoint   ] Safepoint "Cleanup", Time since last: 6001629810 ns, Reaching safepoint: 356518 ns, At safepoint: 20201 ns, Total: 376719 ns
[2026-02-05T03:16:47.261+0000][7][safepoint   ] Safepoint "Cleanup", Time since last: 2000547265 ns, Reaching safepoint: 188510 ns, At safepoint: 5500 ns, Total: 194010 ns
[2026-02-05T03:16:51.264+0000][7][safepoint   ] Safepoint "Cleanup", Time since last: 4001040950 ns, Reaching safepoint: 1020450 ns, At safepoint: 123106 ns, Total: 1143556 ns
[2026-02-05T03:16:54.265+0000][7][safepoint   ] Safepoint "Cleanup", Time since last: 3001323619 ns, Reaching safepoint: 414321 ns, At safepoint: 30701 ns, Total: 445022 ns
[2026-02-05T03:17:04.269+0000][7][safepoint   ] Safepoint "Cleanup", Time since last: 10003093736 ns, Reaching safepoint: 287115 ns, At safepoint: 10101 ns, Total: 297216 ns
[2026-02-05T03:17:05.270+0000][7][safepoint   ] Safepoint "Cleanup", Time since last: 1000646833 ns, Reaching safepoint: 218011 ns, At safepoint: 6301 ns, Total: 224312 ns
[2026-02-05T03:17:16.271+0000][7][safepoint   ] Safepoint "Cleanup", Time since last: 11002264568 ns, Reaching safepoint: 276414 ns, At safepoint: 7901 ns, Total: 284315 ns
[2026-02-05T03:17:27.275+0000][7][safepoint   ] Safepoint "Cleanup", Time since last: 11003202961 ns, Reaching safepoint: 304816 ns, At safepoint: 18101 ns, Total: 322917 ns
[2026-02-05T03:17:33.871+0000][7][gc,start    ] GC(68) Pause Young (Normal) (G1 Evacuation Pause)
[2026-02-05T03:17:33.872+0000][7][gc,task     ] GC(68) Using 10 workers of 10 for evacuation
[2026-02-05T03:17:33.872+0000][7][gc,age      ] GC(68) Desired survivor size 18874368 bytes, new threshold 15 (max threshold 15)
[2026-02-05T03:17:33.875+0000][7][gc,age      ] GC(68) Age table with threshold 15 (max threshold 15)
[2026-02-05T03:17:33.875+0000][7][gc,age      ] GC(68) - age   1:    2074376 bytes,    2074376 total
[2026-02-05T03:17:33.875+0000][7][gc,age      ] GC(68) - age   2:     155944 bytes,    2230320 total
[2026-02-05T03:17:33.875+0000][7][gc,age      ] GC(68) - age   3:       3584 bytes,    2233904 total
[2026-02-05T03:17:33.875+0000][7][gc,age      ] GC(68) - age   4:       1312 bytes,    2235216 total
[2026-02-05T03:17:33.876+0000][7][gc,age      ] GC(68) - age   5:      36536 bytes,    2271752 total
[2026-02-05T03:17:33.876+0000][7][gc,age      ] GC(68) - age   6:     236552 bytes,    2508304 total
[2026-02-05T03:17:33.876+0000][7][gc,age      ] GC(68) - age   7:       2080 bytes,    2510384 total
[2026-02-05T03:17:33.876+0000][7][gc,age      ] GC(68) - age   8:       2016 bytes,    2512400 total
[2026-02-05T03:17:33.876+0000][7][gc,age      ] GC(68) - age   9:      33456 bytes,    2545856 total
[2026-02-05T03:17:33.876+0000][7][gc,age      ] GC(68) - age  10:       1240 bytes,    2547096 total
[2026-02-05T03:17:33.877+0000][7][gc,age      ] GC(68) - age  11:       4456 bytes,    2551552 total
[2026-02-05T03:17:33.877+0000][7][gc,age      ] GC(68) - age  12:       3528 bytes,    2555080 total
[2026-02-05T03:17:33.877+0000][7][gc,age      ] GC(68) - age  13:     210648 bytes,    2765728 total
[2026-02-05T03:17:33.877+0000][7][gc,age      ] GC(68) - age  14:        296 bytes,    2766024 total
[2026-02-05T03:17:33.877+0000][7][gc,age      ] GC(68) - age  15:       1240 bytes,    2767264 total
[2026-02-05T03:17:33.878+0000][7][gc,phases   ] GC(68)   Pre Evacuate Collection Set: 0.2ms
[2026-02-05T03:17:33.878+0000][7][gc,phases   ] GC(68)   Merge Heap Roots: 0.1ms
[2026-02-05T03:17:33.878+0000][7][gc,phases   ] GC(68)   Evacuate Collection Set: 1.1ms
[2026-02-05T03:17:33.878+0000][7][gc,phases   ] GC(68)   Post Evacuate Collection Set: 1.3ms
[2026-02-05T03:17:33.878+0000][7][gc,phases   ] GC(68)   Other: 3.5ms
[2026-02-05T03:17:33.878+0000][7][gc,heap     ] GC(68) Eden regions: 70->0(70)
[2026-02-05T03:17:33.879+0000][7][gc,heap     ] GC(68) Survivor regions: 1->1(9)
[2026-02-05T03:17:33.879+0000][7][gc,heap     ] GC(68) Old regions: 28->28
[2026-02-05T03:17:33.879+0000][7][gc,heap     ] GC(68) Archive regions: 2->2
[2026-02-05T03:17:33.879+0000][7][gc,heap     ] GC(68) Humongous regions: 5->5
[2026-02-05T03:17:33.879+0000][7][gc,metaspace] GC(68) Metaspace: 121343K(123136K)->121343K(123136K) NonClass: 105529K(106560K)->105529K(106560K) Class: 15813K(16576K)->15813K(16576K)
[2026-02-05T03:17:33.879+0000][7][gc          ] GC(68) Pause Young (Normal) (G1 Evacuation Pause) 416M->136M(512M) 7.979ms
[2026-02-05T03:17:33.880+0000][7][gc,cpu      ] GC(68) User=0.01s Sys=0.00s Real=0.01s
[2026-02-05T03:17:33.880+0000][7][safepoint   ] Safepoint "G1CollectForAllocation", Time since last: 6596497991 ns, Reaching safepoint: 199010 ns, At safepoint: 8401827 ns, Total: 8600837 ns
[2026-02-05T03:17:34.880+0000][7][safepoint   ] Safepoint "Cleanup", Time since last: 1000314577 ns, Reaching safepoint: 210911 ns, At safepoint: 6200 ns, Total: 217111 ns
[2026-02-05T03:17:39.882+0000][7][safepoint   ] Safepoint "Cleanup", Time since last: 5001130455 ns, Reaching safepoint: 211010 ns, At safepoint: 11201 ns, Total: 222211 ns
[2026-02-05T03:17:53.883+0000][7][safepoint   ] Safepoint "Cleanup", Time since last: 14002516193 ns, Reaching safepoint: 200810 ns, At safepoint: 7100 ns, Total: 207910 ns
[2026-02-05T03:18:03.886+0000][7][safepoint   ] Safepoint "Cleanup", Time since last: 10002568590 ns, Reaching safepoint: 202709 ns, At safepoint: 6301 ns, Total: 209010 ns
[2026-02-05T03:18:09.887+0000][7][safepoint   ] Safepoint "Cleanup", Time since last: 6001531406 ns, Reaching safepoint: 186309 ns, At safepoint: 8101 ns, Total: 194410 ns
[2026-02-05T03:18:12.889+0000][7][safepoint   ] Safepoint "Cleanup", Time since last: 3001132805 ns, Reaching safepoint: 560427 ns, At safepoint: 14901 ns, Total: 575328 ns
[2026-02-05T03:18:15.888+0000][7][safepoint   ] Safepoint "Cleanup", Time since last: 3001494282 ns, Reaching safepoint: 337515 ns, At safepoint: 15901 ns, Total: 353416 ns
[2026-02-05T03:18:27.998+0000][7][gc,start    ] GC(69) Pause Young (Normal) (G1 Evacuation Pause)
[2026-02-05T03:18:27.998+0000][7][gc,task     ] GC(69) Using 10 workers of 10 for evacuation
[2026-02-05T03:18:27.998+0000][7][gc,age      ] GC(69) Desired survivor size 18874368 bytes, new threshold 15 (max threshold 15)
[2026-02-05T03:18:28.001+0000][7][gc,age      ] GC(69) Age table with threshold 15 (max threshold 15)
[2026-02-05T03:18:28.001+0000][7][gc,age      ] GC(69) - age   1:    2625544 bytes,    2625544 total
[2026-02-05T03:18:28.001+0000][7][gc,age      ] GC(69) - age   2:     162808 bytes,    2788352 total
[2026-02-05T03:18:28.001+0000][7][gc,age      ] GC(69) - age   3:       4488 bytes,    2792840 total
[2026-02-05T03:18:28.001+0000][7][gc,age      ] GC(69) - age   4:       2696 bytes,    2795536 total
[2026-02-05T03:18:28.002+0000][7][gc,age      ] GC(69) - age   5:       1232 bytes,    2796768 total
[2026-02-05T03:18:28.002+0000][7][gc,age      ] GC(69) - age   6:      16704 bytes,    2813472 total
[2026-02-05T03:18:28.002+0000][7][gc,age      ] GC(69) - age   7:     211944 bytes,    3025416 total
[2026-02-05T03:18:28.002+0000][7][gc,age      ] GC(69) - age   8:       2016 bytes,    3027432 total
[2026-02-05T03:18:28.002+0000][7][gc,age      ] GC(69) - age   9:       2016 bytes,    3029448 total
[2026-02-05T03:18:28.002+0000][7][gc,age      ] GC(69) - age  10:      33160 bytes,    3062608 total
[2026-02-05T03:18:28.003+0000][7][gc,age      ] GC(69) - age  11:       1240 bytes,    3063848 total
[2026-02-05T03:18:28.003+0000][7][gc,age      ] GC(69) - age  12:       4456 bytes,    3068304 total
[2026-02-05T03:18:28.003+0000][7][gc,age      ] GC(69) - age  13:       3528 bytes,    3071832 total
[2026-02-05T03:18:28.003+0000][7][gc,age      ] GC(69) - age  14:     184688 bytes,    3256520 total
[2026-02-05T03:18:28.003+0000][7][gc,age      ] GC(69) - age  15:        296 bytes,    3256816 total
[2026-02-05T03:18:28.003+0000][7][gc,phases   ] GC(69)   Pre Evacuate Collection Set: 0.2ms
[2026-02-05T03:18:28.004+0000][7][gc,phases   ] GC(69)   Merge Heap Roots: 0.1ms
[2026-02-05T03:18:28.004+0000][7][gc,phases   ] GC(69)   Evacuate Collection Set: 1.3ms
[2026-02-05T03:18:28.004+0000][7][gc,phases   ] GC(69)   Post Evacuate Collection Set: 0.9ms
[2026-02-05T03:18:28.004+0000][7][gc,phases   ] GC(69)   Other: 3.4ms
[2026-02-05T03:18:28.004+0000][7][gc,heap     ] GC(69) Eden regions: 70->0(70)
[2026-02-05T03:18:28.004+0000][7][gc,heap     ] GC(69) Survivor regions: 1->1(9)
[2026-02-05T03:18:28.005+0000][7][gc,heap     ] GC(69) Old regions: 28->28
[2026-02-05T03:18:28.005+0000][7][gc,heap     ] GC(69) Archive regions: 2->2
[2026-02-05T03:18:28.005+0000][7][gc,heap     ] GC(69) Humongous regions: 5->5
[2026-02-05T03:18:28.005+0000][7][gc,metaspace] GC(69) Metaspace: 121352K(123136K)->121352K(123136K) NonClass: 105539K(106560K)->105539K(106560K) Class: 15813K(16576K)->15813K(16576K)
[2026-02-05T03:18:28.005+0000][7][gc          ] GC(69) Pause Young (Normal) (G1 Evacuation Pause) 416M->137M(512M) 7.694ms
[2026-02-05T03:18:28.005+0000][7][gc,cpu      ] GC(69) User=0.01s Sys=0.00s Real=0.01s
[2026-02-05T03:18:28.006+0000][7][safepoint   ] Safepoint "G1CollectForAllocation", Time since last: 12109366536 ns, Reaching safepoint: 184413 ns, At safepoint: 8091061 ns, Total: 8275474 ns
[2026-02-05T03:18:29.006+0000][7][safepoint   ] Safepoint "Cleanup", Time since last: 1000299182 ns, Reaching safepoint: 165311 ns, At safepoint: 5101 ns, Total: 170412 ns
[2026-02-05T03:18:40.009+0000][7][safepoint   ] Safepoint "Cleanup", Time since last: 11002173760 ns, Reaching safepoint: 215267 ns, At safepoint: 7202 ns, Total: 222469 ns
[2026-02-05T03:18:46.008+0000][7][safepoint   ] Safepoint "Cleanup", Time since last: 6001222562 ns, Reaching safepoint: 207110 ns, At safepoint: 9301 ns, Total: 216411 ns
[2026-02-05T03:18:49.009+0000][7][safepoint   ] Safepoint "Cleanup", Time since last: 3000904446 ns, Reaching safepoint: 249616 ns, At safepoint: 31602 ns, Total: 281218 ns
[2026-02-05T03:18:54.011+0000][7][safepoint   ] Safepoint "Cleanup", Time since last: 5000858120 ns, Reaching safepoint: 445329 ns, At safepoint: 52303 ns, Total: 497632 ns
[2026-02-05T03:18:55.012+0000][7][safepoint   ] Safepoint "Cleanup", Time since last: 1000776300 ns, Reaching safepoint: 315519 ns, At safepoint: 21301 ns, Total: 336820 ns
[2026-02-05T03:19:24.002+0000][7][gc,start    ] GC(70) Pause Young (Normal) (G1 Evacuation Pause)
[2026-02-05T03:19:24.002+0000][7][gc,task     ] GC(70) Using 10 workers of 10 for evacuation
[2026-02-05T03:19:24.002+0000][7][gc,age      ] GC(70) Desired survivor size 18874368 bytes, new threshold 15 (max threshold 15)
[2026-02-05T03:19:24.005+0000][7][gc,age      ] GC(70) Age table with threshold 15 (max threshold 15)
[2026-02-05T03:19:24.005+0000][7][gc,age      ] GC(70) - age   1:    1185376 bytes,    1185376 total
[2026-02-05T03:19:24.006+0000][7][gc,age      ] GC(70) - age   2:      61296 bytes,    1246672 total
[2026-02-05T03:19:24.006+0000][7][gc,age      ] GC(70) - age   3:      11760 bytes,    1258432 total
[2026-02-05T03:19:24.006+0000][7][gc,age      ] GC(70) - age   4:       3624 bytes,    1262056 total
[2026-02-05T03:19:24.007+0000][7][gc,age      ] GC(70) - age   5:       2312 bytes,    1264368 total
[2026-02-05T03:19:24.007+0000][7][gc,age      ] GC(70) - age   6:       1200 bytes,    1265568 total
[2026-02-05T03:19:24.007+0000][7][gc,age      ] GC(70) - age   7:      16576 bytes,    1282144 total
[2026-02-05T03:19:24.007+0000][7][gc,age      ] GC(70) - age   8:     211944 bytes,    1494088 total
[2026-02-05T03:19:24.008+0000][7][gc,age      ] GC(70) - age   9:       2016 bytes,    1496104 total
[2026-02-05T03:19:24.008+0000][7][gc,age      ] GC(70) - age  10:       2016 bytes,    1498120 total
[2026-02-05T03:19:24.008+0000][7][gc,age      ] GC(70) - age  11:      33160 bytes,    1531280 total
[2026-02-05T03:19:24.008+0000][7][gc,age      ] GC(70) - age  12:       1240 bytes,    1532520 total
[2026-02-05T03:19:24.009+0000][7][gc,age      ] GC(70) - age  13:       4456 bytes,    1536976 total
[2026-02-05T03:19:24.009+0000][7][gc,age      ] GC(70) - age  14:       3528 bytes,    1540504 total
[2026-02-05T03:19:24.009+0000][7][gc,age      ] GC(70) - age  15:     184688 bytes,    1725192 total
[2026-02-05T03:19:24.009+0000][7][gc,phases   ] GC(70)   Pre Evacuate Collection Set: 0.2ms
[2026-02-05T03:19:24.010+0000][7][gc,phases   ] GC(70)   Merge Heap Roots: 0.1ms
[2026-02-05T03:19:24.010+0000][7][gc,phases   ] GC(70)   Evacuate Collection Set: 0.9ms
[2026-02-05T03:19:24.010+0000][7][gc,phases   ] GC(70)   Post Evacuate Collection Set: 1.0ms
[2026-02-05T03:19:24.010+0000][7][gc,phases   ] GC(70)   Other: 5.5ms
[2026-02-05T03:19:24.011+0000][7][gc,heap     ] GC(70) Eden regions: 70->0(70)
[2026-02-05T03:19:24.011+0000][7][gc,heap     ] GC(70) Survivor regions: 1->1(9)
[2026-02-05T03:19:24.011+0000][7][gc,heap     ] GC(70) Old regions: 28->28
[2026-02-05T03:19:24.011+0000][7][gc,heap     ] GC(70) Archive regions: 2->2
[2026-02-05T03:19:24.012+0000][7][gc,heap     ] GC(70) Humongous regions: 5->5
[2026-02-05T03:19:24.012+0000][7][gc,metaspace] GC(70) Metaspace: 121358K(123136K)->121358K(123136K) NonClass: 105544K(106560K)->105544K(106560K) Class: 15813K(16576K)->15813K(16576K)
[2026-02-05T03:19:24.012+0000][7][gc          ] GC(70) Pause Young (Normal) (G1 Evacuation Pause) 417M->135M(512M) 10.174ms
[2026-02-05T03:19:24.012+0000][7][gc,cpu      ] GC(70) User=0.01s Sys=0.00s Real=0.01s
[2026-02-05T03:19:24.012+0000][7][safepoint   ] Safepoint "G1CollectForAllocation", Time since last: 28991499014 ns, Reaching safepoint: 196810 ns, At safepoint: 10543750 ns, Total: 10740560 ns
[2026-02-05T03:19:28.013+0000][7][safepoint   ] Safepoint "Cleanup", Time since last: 4001060255 ns, Reaching safepoint: 173512 ns, At safepoint: 5500 ns, Total: 179012 ns
[2026-02-05T03:19:35.015+0000][7][safepoint   ] Safepoint "Cleanup", Time since last: 7001388183 ns, Reaching safepoint: 279519 ns, At safepoint: 17001 ns, Total: 296520 ns
[2026-02-05T03:19:40.016+0000][7][safepoint   ] Safepoint "Cleanup", Time since last: 5000975598 ns, Reaching safepoint: 248117 ns, At safepoint: 16501 ns, Total: 264618 ns
[2026-02-05T03:19:43.017+0000][7][safepoint   ] Safepoint "Cleanup", Time since last: 3000659984 ns, Reaching safepoint: 231512 ns, At safepoint: 7201 ns, Total: 238713 ns
[2026-02-05T03:19:52.017+0000][7][safepoint   ] Safepoint "Cleanup", Time since last: 9001252197 ns, Reaching safepoint: 231813 ns, At safepoint: 17001 ns, Total: 248814 ns
[2026-02-05T03:19:54.018+0000][7][safepoint   ] Safepoint "Cleanup", Time since last: 2000653812 ns, Reaching safepoint: 266616 ns, At safepoint: 8600 ns, Total: 275216 ns
[2026-02-05T03:19:55.019+0000][7][safepoint   ] Safepoint "Cleanup", Time since last: 1000568220 ns, Reaching safepoint: 171110 ns, At safepoint: 6301 ns, Total: 177411 ns
[2026-02-05T03:20:09.022+0000][7][safepoint   ] Safepoint "Cleanup", Time since last: 14002920429 ns, Reaching safepoint: 274117 ns, At safepoint: 19401 ns, Total: 293518 ns
[2026-02-05T03:20:12.023+0000][7][safepoint   ] Safepoint "Cleanup", Time since last: 3000854045 ns, Reaching safepoint: 285117 ns, At safepoint: 20601 ns, Total: 305718 ns
[2026-02-05T03:20:21.083+0000][7][gc,start    ] GC(71) Pause Young (Normal) (G1 Evacuation Pause)
[2026-02-05T03:20:21.083+0000][7][gc,task     ] GC(71) Using 10 workers of 10 for evacuation
[2026-02-05T03:20:21.083+0000][7][gc,age      ] GC(71) Desired survivor size 18874368 bytes, new threshold 15 (max threshold 15)
[2026-02-05T03:20:21.086+0000][7][gc,age      ] GC(71) Age table with threshold 15 (max threshold 15)
[2026-02-05T03:20:21.086+0000][7][gc,age      ] GC(71) - age   1:    1859168 bytes,    1859168 total
[2026-02-05T03:20:21.086+0000][7][gc,age      ] GC(71) - age   2:      14272 bytes,    1873440 total
[2026-02-05T03:20:21.086+0000][7][gc,age      ] GC(71) - age   3:      58208 bytes,    1931648 total
[2026-02-05T03:20:21.087+0000][7][gc,age      ] GC(71) - age   4:      10896 bytes,    1942544 total
[2026-02-05T03:20:21.087+0000][7][gc,age      ] GC(71) - age   5:       3112 bytes,    1945656 total
[2026-02-05T03:20:21.087+0000][7][gc,age      ] GC(71) - age   6:       1960 bytes,    1947616 total
[2026-02-05T03:20:21.087+0000][7][gc,age      ] GC(71) - age   7:       1136 bytes,    1948752 total
[2026-02-05T03:20:21.087+0000][7][gc,age      ] GC(71) - age   8:      16480 bytes,    1965232 total
[2026-02-05T03:20:21.087+0000][7][gc,age      ] GC(71) - age   9:     211792 bytes,    2177024 total
[2026-02-05T03:20:21.087+0000][7][gc,age      ] GC(71) - age  10:       1752 bytes,    2178776 total
[2026-02-05T03:20:21.088+0000][7][gc,age      ] GC(71) - age  11:       2016 bytes,    2180792 total
[2026-02-05T03:20:21.088+0000][7][gc,age      ] GC(71) - age  12:      30592 bytes,    2211384 total
[2026-02-05T03:20:21.088+0000][7][gc,age      ] GC(71) - age  13:       1240 bytes,    2212624 total
[2026-02-05T03:20:21.088+0000][7][gc,age      ] GC(71) - age  14:       4456 bytes,    2217080 total
[2026-02-05T03:20:21.088+0000][7][gc,age      ] GC(71) - age  15:       3528 bytes,    2220608 total
[2026-02-05T03:20:21.089+0000][7][gc,phases   ] GC(71)   Pre Evacuate Collection Set: 0.2ms
[2026-02-05T03:20:21.089+0000][7][gc,phases   ] GC(71)   Merge Heap Roots: 0.2ms
[2026-02-05T03:20:21.089+0000][7][gc,phases   ] GC(71)   Evacuate Collection Set: 1.4ms
[2026-02-05T03:20:21.089+0000][7][gc,phases   ] GC(71)   Post Evacuate Collection Set: 0.9ms
[2026-02-05T03:20:21.089+0000][7][gc,phases   ] GC(71)   Other: 3.2ms
[2026-02-05T03:20:21.089+0000][7][gc,heap     ] GC(71) Eden regions: 70->0(70)
[2026-02-05T03:20:21.089+0000][7][gc,heap     ] GC(71) Survivor regions: 1->1(9)
[2026-02-05T03:20:21.090+0000][7][gc,heap     ] GC(71) Old regions: 28->28
[2026-02-05T03:20:21.090+0000][7][gc,heap     ] GC(71) Archive regions: 2->2
[2026-02-05T03:20:21.090+0000][7][gc,heap     ] GC(71) Humongous regions: 5->5
[2026-02-05T03:20:21.090+0000][7][gc,metaspace] GC(71) Metaspace: 121369K(123136K)->121369K(123136K) NonClass: 105555K(106560K)->105555K(106560K) Class: 15813K(16576K)->15813K(16576K)
[2026-02-05T03:20:21.090+0000][7][gc          ] GC(71) Pause Young (Normal) (G1 Evacuation Pause) 415M->136M(512M) 7.719ms
[2026-02-05T03:20:21.091+0000][7][gc,cpu      ] GC(71) User=0.01s Sys=0.00s Real=0.01s
[2026-02-05T03:20:21.091+0000][7][safepoint   ] Safepoint "G1CollectForAllocation", Time since last: 9060936609 ns, Reaching safepoint: 224711 ns, At safepoint: 8242873 ns, Total: 8467584 ns
[2026-02-05T03:20:22.091+0000][7][safepoint   ] Safepoint "Cleanup", Time since last: 1000328439 ns, Reaching safepoint: 259912 ns, At safepoint: 8500 ns, Total: 268412 ns
[2026-02-05T03:20:23.092+0000][7][safepoint   ] Safepoint "Cleanup", Time since last: 1000548468 ns, Reaching safepoint: 274117 ns, At safepoint: 19601 ns, Total: 293718 ns
[2026-02-05T03:20:24.093+0000][7][safepoint   ] Safepoint "Cleanup", Time since last: 1000450058 ns, Reaching safepoint: 261416 ns, At safepoint: 16501 ns, Total: 277917 ns
[2026-02-05T03:20:28.095+0000][7][safepoint   ] Safepoint "Cleanup", Time since last: 4001431609 ns, Reaching safepoint: 303719 ns, At safepoint: 17901 ns, Total: 321620 ns
[2026-02-05T03:20:39.097+0000][7][safepoint   ] Safepoint "Cleanup", Time since last: 11002434616 ns, Reaching safepoint: 223812 ns, At safepoint: 6500 ns, Total: 230312 ns
[2026-02-05T03:20:42.098+0000][7][safepoint   ] Safepoint "Cleanup", Time since last: 3000570474 ns, Reaching safepoint: 283415 ns, At safepoint: 15701 ns, Total: 299116 ns
[2026-02-05T03:20:45.097+0000][7][safepoint   ] Safepoint "Cleanup", Time since last: 3000833787 ns, Reaching safepoint: 184109 ns, At safepoint: 20002 ns, Total: 204111 ns
[2026-02-05T03:20:52.099+0000][7][safepoint   ] Safepoint "Cleanup", Time since last: 7001264686 ns, Reaching safepoint: 280616 ns, At safepoint: 12100 ns, Total: 292716 ns
[2026-02-05T03:20:54.100+0000][7][safepoint   ] Safepoint "Cleanup", Time since last: 2000886627 ns, Reaching safepoint: 178910 ns, At safepoint: 10700 ns, Total: 189610 ns
[2026-02-05T03:20:55.100+0000][7][safepoint   ] Safepoint "Cleanup", Time since last: 1000505019 ns, Reaching safepoint: 191211 ns, At safepoint: 6101 ns, Total: 197312 ns
[2026-02-05T03:21:09.253+0000][7][gc,start    ] GC(72) Pause Young (Normal) (G1 Evacuation Pause)
[2026-02-05T03:21:09.253+0000][7][gc,task     ] GC(72) Using 10 workers of 10 for evacuation
[2026-02-05T03:21:09.254+0000][7][gc,age      ] GC(72) Desired survivor size 18874368 bytes, new threshold 15 (max threshold 15)
[2026-02-05T03:21:09.257+0000][7][gc,age      ] GC(72) Age table with threshold 15 (max threshold 15)
[2026-02-05T03:21:09.257+0000][7][gc,age      ] GC(72) - age   1:    2960984 bytes,    2960984 total
[2026-02-05T03:21:09.257+0000][7][gc,age      ] GC(72) - age   2:      57248 bytes,    3018232 total
[2026-02-05T03:21:09.257+0000][7][gc,age      ] GC(72) - age   3:      12064 bytes,    3030296 total
[2026-02-05T03:21:09.257+0000][7][gc,age      ] GC(72) - age   4:      56824 bytes,    3087120 total
[2026-02-05T03:21:09.257+0000][7][gc,age      ] GC(72) - age   5:      10576 bytes,    3097696 total
[2026-02-05T03:21:09.257+0000][7][gc,age      ] GC(72) - age   6:       3048 bytes,    3100744 total
[2026-02-05T03:21:09.258+0000][7][gc,age      ] GC(72) - age   7:       1960 bytes,    3102704 total
[2026-02-05T03:21:09.258+0000][7][gc,age      ] GC(72) - age   8:       1136 bytes,    3103840 total
[2026-02-05T03:21:09.258+0000][7][gc,age      ] GC(72) - age   9:      16480 bytes,    3120320 total
[2026-02-05T03:21:09.258+0000][7][gc,age      ] GC(72) - age  10:     211728 bytes,    3332048 total
[2026-02-05T03:21:09.258+0000][7][gc,age      ] GC(72) - age  11:       1752 bytes,    3333800 total
[2026-02-05T03:21:09.258+0000][7][gc,age      ] GC(72) - age  12:       2016 bytes,    3335816 total
[2026-02-05T03:21:09.258+0000][7][gc,age      ] GC(72) - age  13:      30592 bytes,    3366408 total
[2026-02-05T03:21:09.258+0000][7][gc,age      ] GC(72) - age  14:       1240 bytes,    3367648 total
[2026-02-05T03:21:09.259+0000][7][gc,age      ] GC(72) - age  15:       4456 bytes,    3372104 total
[2026-02-05T03:21:09.259+0000][7][gc,phases   ] GC(72)   Pre Evacuate Collection Set: 0.2ms
[2026-02-05T03:21:09.259+0000][7][gc,phases   ] GC(72)   Merge Heap Roots: 0.1ms
[2026-02-05T03:21:09.259+0000][7][gc,phases   ] GC(72)   Evacuate Collection Set: 1.3ms
[2026-02-05T03:21:09.259+0000][7][gc,phases   ] GC(72)   Post Evacuate Collection Set: 1.0ms
[2026-02-05T03:21:09.259+0000][7][gc,phases   ] GC(72)   Other: 2.9ms
[2026-02-05T03:21:09.259+0000][7][gc,heap     ] GC(72) Eden regions: 70->0(70)
[2026-02-05T03:21:09.260+0000][7][gc,heap     ] GC(72) Survivor regions: 1->1(9)
[2026-02-05T03:21:09.260+0000][7][gc,heap     ] GC(72) Old regions: 28->28
[2026-02-05T03:21:09.260+0000][7][gc,heap     ] GC(72) Archive regions: 2->2
[2026-02-05T03:21:09.260+0000][7][gc,heap     ] GC(72) Humongous regions: 5->5
[2026-02-05T03:21:09.260+0000][7][gc,metaspace] GC(72) Metaspace: 121371K(123136K)->121371K(123136K) NonClass: 105557K(106560K)->105557K(106560K) Class: 15813K(16576K)->15813K(16576K)
[2026-02-05T03:21:09.260+0000][7][gc          ] GC(72) Pause Young (Normal) (G1 Evacuation Pause) 416M->137M(512M) 6.974ms
[2026-02-05T03:21:09.260+0000][7][gc,cpu      ] GC(72) User=0.01s Sys=0.01s Real=0.01s
[2026-02-05T03:21:09.261+0000][7][safepoint   ] Safepoint "G1CollectForAllocation", Time since last: 14152701104 ns, Reaching safepoint: 205812 ns, At safepoint: 7342842 ns, Total: 7548654 ns
[2026-02-05T03:21:21.262+0000][7][safepoint   ] Safepoint "Cleanup", Time since last: 12001934315 ns, Reaching safepoint: 279016 ns, At safepoint: 24802 ns, Total: 303818 ns
[2026-02-05T03:21:35.265+0000][7][safepoint   ] Safepoint "Cleanup", Time since last: 14002997730 ns, Reaching safepoint: 387222 ns, At safepoint: 18701 ns, Total: 405923 ns
[2026-02-05T03:21:58.268+0000][7][safepoint   ] Safepoint "Cleanup", Time since last: 23004889910 ns, Reaching safepoint: 185811 ns, At safepoint: 20101 ns, Total: 205912 ns
[2026-02-05T03:22:04.260+0000][7][gc,start    ] GC(73) Pause Young (Normal) (G1 Evacuation Pause)
[2026-02-05T03:22:04.261+0000][7][gc,task     ] GC(73) Using 10 workers of 10 for evacuation
[2026-02-05T03:22:04.261+0000][7][gc,age      ] GC(73) Desired survivor size 18874368 bytes, new threshold 15 (max threshold 15)
[2026-02-05T03:22:04.263+0000][7][gc,age      ] GC(73) Age table with threshold 15 (max threshold 15)
[2026-02-05T03:22:04.264+0000][7][gc,age      ] GC(73) - age   1:     740312 bytes,     740312 total
[2026-02-05T03:22:04.264+0000][7][gc,age      ] GC(73) - age   2:       6920 bytes,     747232 total
[2026-02-05T03:22:04.264+0000][7][gc,age      ] GC(73) - age   3:      54032 bytes,     801264 total
[2026-02-05T03:22:04.264+0000][7][gc,age      ] GC(73) - age   4:      11552 bytes,     812816 total
[2026-02-05T03:22:04.264+0000][7][gc,age      ] GC(73) - age   5:      56472 bytes,     869288 total
[2026-02-05T03:22:04.264+0000][7][gc,age      ] GC(73) - age   6:      10448 bytes,     879736 total
[2026-02-05T03:22:04.264+0000][7][gc,age      ] GC(73) - age   7:       2984 bytes,     882720 total
[2026-02-05T03:22:04.265+0000][7][gc,age      ] GC(73) - age   8:       1760 bytes,     884480 total
[2026-02-05T03:22:04.265+0000][7][gc,age      ] GC(73) - age   9:       1136 bytes,     885616 total
[2026-02-05T03:22:04.265+0000][7][gc,age      ] GC(73) - age  10:      16480 bytes,     902096 total
[2026-02-05T03:22:04.265+0000][7][gc,age      ] GC(73) - age  11:     211728 bytes,    1113824 total
[2026-02-05T03:22:04.265+0000][7][gc,age      ] GC(73) - age  12:       1752 bytes,    1115576 total
[2026-02-05T03:22:04.265+0000][7][gc,age      ] GC(73) - age  13:       2016 bytes,    1117592 total
[2026-02-05T03:22:04.265+0000][7][gc,age      ] GC(73) - age  14:      30592 bytes,    1148184 total
[2026-02-05T03:22:04.266+0000][7][gc,age      ] GC(73) - age  15:       1240 bytes,    1149424 total
[2026-02-05T03:22:04.266+0000][7][gc,phases   ] GC(73)   Pre Evacuate Collection Set: 0.2ms
[2026-02-05T03:22:04.266+0000][7][gc,phases   ] GC(73)   Merge Heap Roots: 0.2ms
[2026-02-05T03:22:04.266+0000][7][gc,phases   ] GC(73)   Evacuate Collection Set: 0.9ms
[2026-02-05T03:22:04.266+0000][7][gc,phases   ] GC(73)   Post Evacuate Collection Set: 1.0ms
[2026-02-05T03:22:04.266+0000][7][gc,phases   ] GC(73)   Other: 3.2ms
[2026-02-05T03:22:04.266+0000][7][gc,heap     ] GC(73) Eden regions: 70->0(70)
[2026-02-05T03:22:04.267+0000][7][gc,heap     ] GC(73) Survivor regions: 1->1(9)
[2026-02-05T03:22:04.267+0000][7][gc,heap     ] GC(73) Old regions: 28->28
[2026-02-05T03:22:04.267+0000][7][gc,heap     ] GC(73) Archive regions: 2->2
[2026-02-05T03:22:04.267+0000][7][gc,heap     ] GC(73) Humongous regions: 5->5
[2026-02-05T03:22:04.267+0000][7][gc,metaspace] GC(73) Metaspace: 121391K(123136K)->121391K(123136K) NonClass: 105577K(106560K)->105577K(106560K) Class: 15813K(16576K)->15813K(16576K)
[2026-02-05T03:22:04.267+0000][7][gc          ] GC(73) Pause Young (Normal) (G1 Evacuation Pause) 417M->135M(512M) 6.820ms
[2026-02-05T03:22:04.267+0000][7][gc,cpu      ] GC(73) User=0.01s Sys=0.00s Real=0.00s
[2026-02-05T03:22:04.268+0000][7][safepoint   ] Safepoint "G1CollectForAllocation", Time since last: 5992052578 ns, Reaching safepoint: 204712 ns, At safepoint: 7153216 ns, Total: 7357928 ns
[2026-02-05T03:22:07.268+0000][7][safepoint   ] Safepoint "Cleanup", Time since last: 3000708393 ns, Reaching safepoint: 190711 ns, At safepoint: 6000 ns, Total: 196711 ns
[2026-02-05T03:22:10.270+0000][7][safepoint   ] Safepoint "Cleanup", Time since last: 3000800750 ns, Reaching safepoint: 293717 ns, At safepoint: 8800 ns, Total: 302517 ns
[2026-02-05T03:22:16.270+0000][7][safepoint   ] Safepoint "Cleanup", Time since last: 6001724541 ns, Reaching safepoint: 321018 ns, At safepoint: 19001 ns, Total: 340019 ns
[2026-02-05T03:22:22.272+0000][7][safepoint   ] Safepoint "Cleanup", Time since last: 6001686781 ns, Reaching safepoint: 242914 ns, At safepoint: 6300 ns, Total: 249214 ns
[2026-02-05T03:22:33.275+0000][7][safepoint   ] Safepoint "Cleanup", Time since last: 11002384136 ns, Reaching safepoint: 205112 ns, At safepoint: 20301 ns, Total: 225413 ns
[2026-02-05T03:22:54.278+0000][7][safepoint   ] Safepoint "Cleanup", Time since last: 21004211258 ns, Reaching safepoint: 285416 ns, At safepoint: 13501 ns, Total: 298917 ns
[2026-02-05T03:22:57.280+0000][7][safepoint   ] Safepoint "Cleanup", Time since last: 3001067590 ns, Reaching safepoint: 1040159 ns, At safepoint: 41802 ns, Total: 1081961 ns
[2026-02-05T03:23:00.013+0000][7][gc,start    ] GC(74) Pause Young (Normal) (G1 Evacuation Pause)
[2026-02-05T03:23:00.014+0000][7][gc,task     ] GC(74) Using 10 workers of 10 for evacuation
[2026-02-05T03:23:00.014+0000][7][gc,age      ] GC(74) Desired survivor size 18874368 bytes, new threshold 15 (max threshold 15)
[2026-02-05T03:23:00.019+0000][7][gc,age      ] GC(74) Age table with threshold 15 (max threshold 15)
[2026-02-05T03:23:00.019+0000][7][gc,age      ] GC(74) - age   1:    1142416 bytes,    1142416 total
[2026-02-05T03:23:00.019+0000][7][gc,age      ] GC(74) - age   2:       5960 bytes,    1148376 total
[2026-02-05T03:23:00.020+0000][7][gc,age      ] GC(74) - age   3:       4408 bytes,    1152784 total
[2026-02-05T03:23:00.020+0000][7][gc,age      ] GC(74) - age   4:      53168 bytes,    1205952 total
[2026-02-05T03:23:00.020+0000][7][gc,age      ] GC(74) - age   5:      11392 bytes,    1217344 total
[2026-02-05T03:23:00.021+0000][7][gc,age      ] GC(74) - age   6:      56264 bytes,    1273608 total
[2026-02-05T03:23:00.021+0000][7][gc,age      ] GC(74) - age   7:      10384 bytes,    1283992 total
[2026-02-05T03:23:00.021+0000][7][gc,age      ] GC(74) - age   8:       2688 bytes,    1286680 total
[2026-02-05T03:23:00.021+0000][7][gc,age      ] GC(74) - age   9:       1760 bytes,    1288440 total
[2026-02-05T03:23:00.022+0000][7][gc,age      ] GC(74) - age  10:       1136 bytes,    1289576 total
[2026-02-05T03:23:00.022+0000][7][gc,age      ] GC(74) - age  11:      16480 bytes,    1306056 total
[2026-02-05T03:23:00.022+0000][7][gc,age      ] GC(74) - age  12:     211536 bytes,    1517592 total
[2026-02-05T03:23:00.022+0000][7][gc,age      ] GC(74) - age  13:       1256 bytes,    1518848 total
[2026-02-05T03:23:00.022+0000][7][gc,age      ] GC(74) - age  14:       2016 bytes,    1520864 total
[2026-02-05T03:23:00.023+0000][7][gc,age      ] GC(74) - age  15:      30592 bytes,    1551456 total
[2026-02-05T03:23:00.023+0000][7][gc,phases   ] GC(74)   Pre Evacuate Collection Set: 0.4ms
[2026-02-05T03:23:00.023+0000][7][gc,phases   ] GC(74)   Merge Heap Roots: 0.3ms
[2026-02-05T03:23:00.023+0000][7][gc,phases   ] GC(74)   Evacuate Collection Set: 2.4ms
[2026-02-05T03:23:00.023+0000][7][gc,phases   ] GC(74)   Post Evacuate Collection Set: 1.2ms
[2026-02-05T03:23:00.024+0000][7][gc,phases   ] GC(74)   Other: 5.6ms
[2026-02-05T03:23:00.024+0000][7][gc,heap     ] GC(74) Eden regions: 70->0(70)
[2026-02-05T03:23:00.024+0000][7][gc,heap     ] GC(74) Survivor regions: 1->1(9)
[2026-02-05T03:23:00.024+0000][7][gc,heap     ] GC(74) Old regions: 28->28
[2026-02-05T03:23:00.024+0000][7][gc,heap     ] GC(74) Archive regions: 2->2
[2026-02-05T03:23:00.025+0000][7][gc,heap     ] GC(74) Humongous regions: 5->5
[2026-02-05T03:23:00.025+0000][7][gc,metaspace] GC(74) Metaspace: 121403K(123136K)->121403K(123136K) NonClass: 105590K(106560K)->105590K(106560K) Class: 15813K(16576K)->15813K(16576K)
[2026-02-05T03:23:00.025+0000][7][gc          ] GC(74) Pause Young (Normal) (G1 Evacuation Pause) 415M->135M(512M) 12.054ms
[2026-02-05T03:23:00.025+0000][7][gc,cpu      ] GC(74) User=0.02s Sys=0.00s Real=0.01s
[2026-02-05T03:23:00.025+0000][7][safepoint   ] Safepoint "G1CollectForAllocation", Time since last: 2732904329 ns, Reaching safepoint: 213012 ns, At safepoint: 12506612 ns, Total: 12719624 ns
[2026-02-05T03:23:12.028+0000][7][safepoint   ] Safepoint "Cleanup", Time since last: 12002596202 ns, Reaching safepoint: 238413 ns, At safepoint: 22501 ns, Total: 260914 ns
[2026-02-05T03:23:17.027+0000][7][safepoint   ] Safepoint "Cleanup", Time since last: 5001356749 ns, Reaching safepoint: 229913 ns, At safepoint: 8200 ns, Total: 238113 ns
[2026-02-05T03:23:34.031+0000][7][safepoint   ] Safepoint "Cleanup", Time since last: 17003163078 ns, Reaching safepoint: 262515 ns, At safepoint: 21501 ns, Total: 284016 ns
[2026-02-05T03:23:50.415+0000][7][safepoint   ] Safepoint "Cleanup", Time since last: 16384563133 ns, Reaching safepoint: 214513 ns, At safepoint: 7000 ns, Total: 221513 ns
[2026-02-05T03:23:54.452+0000][7][gc,start    ] GC(75) Pause Young (Normal) (G1 Evacuation Pause)
[2026-02-05T03:23:54.452+0000][7][gc,task     ] GC(75) Using 10 workers of 10 for evacuation
[2026-02-05T03:23:54.453+0000][7][gc,age      ] GC(75) Desired survivor size 18874368 bytes, new threshold 15 (max threshold 15)
[2026-02-05T03:23:54.455+0000][7][gc,age      ] GC(75) Age table with threshold 15 (max threshold 15)
[2026-02-05T03:23:54.456+0000][7][gc,age      ] GC(75) - age   1:    1634184 bytes,    1634184 total
[2026-02-05T03:23:54.456+0000][7][gc,age      ] GC(75) - age   2:       5624 bytes,    1639808 total
[2026-02-05T03:23:54.456+0000][7][gc,age      ] GC(75) - age   3:       2336 bytes,    1642144 total
[2026-02-05T03:23:54.457+0000][7][gc,age      ] GC(75) - age   4:       3480 bytes,    1645624 total
[2026-02-05T03:23:54.457+0000][7][gc,age      ] GC(75) - age   5:      52744 bytes,    1698368 total
[2026-02-05T03:23:54.457+0000][7][gc,age      ] GC(75) - age   6:      11352 bytes,    1709720 total
[2026-02-05T03:23:54.457+0000][7][gc,age      ] GC(75) - age   7:      56264 bytes,    1765984 total
[2026-02-05T03:23:54.458+0000][7][gc,age      ] GC(75) - age   8:      10360 bytes,    1776344 total
[2026-02-05T03:23:54.458+0000][7][gc,age      ] GC(75) - age   9:       2688 bytes,    1779032 total
[2026-02-05T03:23:54.458+0000][7][gc,age      ] GC(75) - age  10:       1760 bytes,    1780792 total
[2026-02-05T03:23:54.458+0000][7][gc,age      ] GC(75) - age  11:       1136 bytes,    1781928 total
[2026-02-05T03:23:54.459+0000][7][gc,age      ] GC(75) - age  12:      16480 bytes,    1798408 total
[2026-02-05T03:23:54.459+0000][7][gc,age      ] GC(75) - age  13:     211536 bytes,    2009944 total
[2026-02-05T03:23:54.459+0000][7][gc,age      ] GC(75) - age  14:       1256 bytes,    2011200 total
[2026-02-05T03:23:54.460+0000][7][gc,age      ] GC(75) - age  15:       2016 bytes,    2013216 total
[2026-02-05T03:23:54.460+0000][7][gc,phases   ] GC(75)   Pre Evacuate Collection Set: 0.2ms
[2026-02-05T03:23:54.460+0000][7][gc,phases   ] GC(75)   Merge Heap Roots: 0.2ms
[2026-02-05T03:23:54.460+0000][7][gc,phases   ] GC(75)   Evacuate Collection Set: 1.1ms
[2026-02-05T03:23:54.461+0000][7][gc,phases   ] GC(75)   Post Evacuate Collection Set: 1.0ms
[2026-02-05T03:23:54.461+0000][7][gc,phases   ] GC(75)   Other: 5.4ms
[2026-02-05T03:23:54.461+0000][7][gc,heap     ] GC(75) Eden regions: 70->0(70)
[2026-02-05T03:23:54.461+0000][7][gc,heap     ] GC(75) Survivor regions: 1->1(9)
[2026-02-05T03:23:54.461+0000][7][gc,heap     ] GC(75) Old regions: 28->28
[2026-02-05T03:23:54.462+0000][7][gc,heap     ] GC(75) Archive regions: 2->2
[2026-02-05T03:23:54.462+0000][7][gc,heap     ] GC(75) Humongous regions: 5->5
[2026-02-05T03:23:54.462+0000][7][gc,metaspace] GC(75) Metaspace: 121412K(123136K)->121412K(123136K) NonClass: 105598K(106560K)->105598K(106560K) Class: 15814K(16576K)->15814K(16576K)
[2026-02-05T03:23:54.462+0000][7][gc          ] GC(75) Pause Young (Normal) (G1 Evacuation Pause) 415M->136M(512M) 10.185ms
[2026-02-05T03:23:54.462+0000][7][gc,cpu      ] GC(75) User=0.01s Sys=0.00s Real=0.00s
[2026-02-05T03:23:54.463+0000][7][safepoint   ] Safepoint "G1CollectForAllocation", Time since last: 4037222258 ns, Reaching safepoint: 195612 ns, At safepoint: 10702255 ns, Total: 10897867 ns
[2026-02-05T03:24:03.464+0000][7][safepoint   ] Safepoint "Cleanup", Time since last: 9001387235 ns, Reaching safepoint: 239214 ns, At safepoint: 6401 ns, Total: 245615 ns
[2026-02-05T03:24:17.466+0000][7][safepoint   ] Safepoint "Cleanup", Time since last: 14003187496 ns, Reaching safepoint: 257097 ns, At safepoint: 21800 ns, Total: 278897 ns
[2026-02-05T03:24:18.467+0000][7][safepoint   ] Safepoint "Cleanup", Time since last: 1000731930 ns, Reaching safepoint: 190698 ns, At safepoint: 5500 ns, Total: 196198 ns
[2026-02-05T03:24:23.469+0000][7][safepoint   ] Safepoint "Cleanup", Time since last: 5001275802 ns, Reaching safepoint: 305624 ns, At safepoint: 10401 ns, Total: 316025 ns
[2026-02-05T03:24:27.470+0000][7][safepoint   ] Safepoint "Cleanup", Time since last: 4001131597 ns, Reaching safepoint: 207716 ns, At safepoint: 20502 ns, Total: 228218 ns
[2026-02-05T03:24:31.001+0000][7][safepoint   ] Safepoint "Cleanup", Time since last: 3530937303 ns, Reaching safepoint: 267016 ns, At safepoint: 9500 ns, Total: 276516 ns
[2026-02-05T03:24:34.002+0000][7][safepoint   ] Safepoint "Cleanup", Time since last: 3000759258 ns, Reaching safepoint: 274416 ns, At safepoint: 16801 ns, Total: 291217 ns
[2026-02-05T03:24:35.007+0000][7][safepoint   ] Safepoint "Cleanup", Time since last: 1004175807 ns, Reaching safepoint: 274415 ns, At safepoint: 18201 ns, Total: 292616 ns
[2026-02-05T03:24:36.008+0000][7][safepoint   ] Safepoint "Cleanup", Time since last: 1000519701 ns, Reaching safepoint: 256315 ns, At safepoint: 19701 ns, Total: 276016 ns
[2026-02-05T03:24:40.009+0000][7][safepoint   ] Safepoint "Cleanup", Time since last: 4000949850 ns, Reaching safepoint: 255407 ns, At safepoint: 14900 ns, Total: 270307 ns
[2026-02-05T03:24:45.250+0000][7][gc,start    ] GC(76) Pause Young (Normal) (G1 Evacuation Pause)
[2026-02-05T03:24:45.250+0000][7][gc,task     ] GC(76) Using 10 workers of 10 for evacuation
[2026-02-05T03:24:45.250+0000][7][gc,age      ] GC(76) Desired survivor size 18874368 bytes, new threshold 15 (max threshold 15)
[2026-02-05T03:24:45.254+0000][7][gc,age      ] GC(76) Age table with threshold 15 (max threshold 15)
[2026-02-05T03:24:45.254+0000][7][gc,age      ] GC(76) - age   1:    2988648 bytes,    2988648 total
[2026-02-05T03:24:45.254+0000][7][gc,age      ] GC(76) - age   2:       5584 bytes,    2994232 total
[2026-02-05T03:24:45.255+0000][7][gc,age      ] GC(76) - age   3:       3424 bytes,    2997656 total
[2026-02-05T03:24:45.255+0000][7][gc,age      ] GC(76) - age   4:       1864 bytes,    2999520 total
[2026-02-05T03:24:45.255+0000][7][gc,age      ] GC(76) - age   5:       3080 bytes,    3002600 total
[2026-02-05T03:24:45.255+0000][7][gc,age      ] GC(76) - age   6:      52632 bytes,    3055232 total
[2026-02-05T03:24:45.256+0000][7][gc,age      ] GC(76) - age   7:       1456 bytes,    3056688 total
[2026-02-05T03:24:45.256+0000][7][gc,age      ] GC(76) - age   8:      11864 bytes,    3068552 total
[2026-02-05T03:24:45.256+0000][7][gc,age      ] GC(76) - age   9:       9864 bytes,    3078416 total
[2026-02-05T03:24:45.256+0000][7][gc,age      ] GC(76) - age  10:       2688 bytes,    3081104 total
[2026-02-05T03:24:45.256+0000][7][gc,age      ] GC(76) - age  11:       1760 bytes,    3082864 total
[2026-02-05T03:24:45.257+0000][7][gc,age      ] GC(76) - age  12:       1136 bytes,    3084000 total
[2026-02-05T03:24:45.257+0000][7][gc,age      ] GC(76) - age  13:      16480 bytes,    3100480 total
[2026-02-05T03:24:45.257+0000][7][gc,age      ] GC(76) - age  14:     209944 bytes,    3310424 total
[2026-02-05T03:24:45.257+0000][7][gc,age      ] GC(76) - age  15:       1256 bytes,    3311680 total
[2026-02-05T03:24:45.257+0000][7][gc,phases   ] GC(76)   Pre Evacuate Collection Set: 0.2ms
[2026-02-05T03:24:45.257+0000][7][gc,phases   ] GC(76)   Merge Heap Roots: 0.2ms
[2026-02-05T03:24:45.258+0000][7][gc,phases   ] GC(76)   Evacuate Collection Set: 1.3ms
[2026-02-05T03:24:45.258+0000][7][gc,phases   ] GC(76)   Post Evacuate Collection Set: 1.2ms
[2026-02-05T03:24:45.258+0000][7][gc,phases   ] GC(76)   Other: 4.6ms
[2026-02-05T03:24:45.258+0000][7][gc,heap     ] GC(76) Eden regions: 70->0(70)
[2026-02-05T03:24:45.258+0000][7][gc,heap     ] GC(76) Survivor regions: 1->1(9)
[2026-02-05T03:24:45.258+0000][7][gc,heap     ] GC(76) Old regions: 28->28
[2026-02-05T03:24:45.259+0000][7][gc,heap     ] GC(76) Archive regions: 2->2
[2026-02-05T03:24:45.259+0000][7][gc,heap     ] GC(76) Humongous regions: 5->5
[2026-02-05T03:24:45.259+0000][7][gc,metaspace] GC(76) Metaspace: 121458K(123200K)->121458K(123200K) NonClass: 105644K(106624K)->105644K(106624K) Class: 15814K(16576K)->15814K(16576K)
[2026-02-05T03:24:45.259+0000][7][gc          ] GC(76) Pause Young (Normal) (G1 Evacuation Pause) 416M->137M(512M) 9.401ms
[2026-02-05T03:24:45.259+0000][7][gc,cpu      ] GC(76) User=0.02s Sys=0.00s Real=0.00s
[2026-02-05T03:24:45.260+0000][7][safepoint   ] Safepoint "G1CollectForAllocation", Time since last: 5242195671 ns, Reaching safepoint: 210106 ns, At safepoint: 9798673 ns, Total: 10008779 ns
[2026-02-05T03:25:06.263+0000][7][safepoint   ] Safepoint "Cleanup", Time since last: 21002873358 ns, Reaching safepoint: 248214 ns, At safepoint: 15801 ns, Total: 264015 ns
[2026-02-05T03:25:07.263+0000][7][safepoint   ] Safepoint "Cleanup", Time since last: 1000590058 ns, Reaching safepoint: 203711 ns, At safepoint: 6800 ns, Total: 210511 ns
[2026-02-05T03:25:13.015+0000][7][safepoint   ] Safepoint "Cleanup", Time since last: 5750945428 ns, Reaching safepoint: 285715 ns, At safepoint: 12801 ns, Total: 298516 ns
[2026-02-05T03:25:22.015+0000][7][safepoint   ] Safepoint "Cleanup", Time since last: 9001558735 ns, Reaching safepoint: 238112 ns, At safepoint: 11701 ns, Total: 249813 ns
[2026-02-05T03:25:28.016+0000][7][safepoint   ] Safepoint "Cleanup", Time since last: 6001337612 ns, Reaching safepoint: 256814 ns, At safepoint: 11700 ns, Total: 268514 ns
[2026-02-05T03:25:33.167+0000][7][gc,start    ] GC(77) Pause Young (Normal) (G1 Evacuation Pause)
[2026-02-05T03:25:33.167+0000][7][gc,task     ] GC(77) Using 10 workers of 10 for evacuation
[2026-02-05T03:25:33.167+0000][7][gc,age      ] GC(77) Desired survivor size 18874368 bytes, new threshold 15 (max threshold 15)
[2026-02-05T03:25:33.171+0000][7][gc,age      ] GC(77) Age table with threshold 15 (max threshold 15)
[2026-02-05T03:25:33.171+0000][7][gc,age      ] GC(77) - age   1:    2655464 bytes,    2655464 total
[2026-02-05T03:25:33.171+0000][7][gc,age      ] GC(77) - age   2:    1353168 bytes,    4008632 total
[2026-02-05T03:25:33.171+0000][7][gc,age      ] GC(77) - age   3:       3512 bytes,    4012144 total
[2026-02-05T03:25:33.172+0000][7][gc,age      ] GC(77) - age   4:       2856 bytes,    4015000 total
[2026-02-05T03:25:33.172+0000][7][gc,age      ] GC(77) - age   5:       1648 bytes,    4016648 total
[2026-02-05T03:25:33.172+0000][7][gc,age      ] GC(77) - age   6:       2856 bytes,    4019504 total
[2026-02-05T03:25:33.173+0000][7][gc,age      ] GC(77) - age   7:      52536 bytes,    4072040 total
[2026-02-05T03:25:33.173+0000][7][gc,age      ] GC(77) - age   8:       1456 bytes,    4073496 total
[2026-02-05T03:25:33.173+0000][7][gc,age      ] GC(77) - age   9:      11736 bytes,    4085232 total
[2026-02-05T03:25:33.173+0000][7][gc,age      ] GC(77) - age  10:       9840 bytes,    4095072 total
[2026-02-05T03:25:33.173+0000][7][gc,age      ] GC(77) - age  11:       2688 bytes,    4097760 total
[2026-02-05T03:25:33.173+0000][7][gc,age      ] GC(77) - age  12:       1464 bytes,    4099224 total
[2026-02-05T03:25:33.174+0000][7][gc,age      ] GC(77) - age  13:       1136 bytes,    4100360 total
[2026-02-05T03:25:33.174+0000][7][gc,age      ] GC(77) - age  14:      16480 bytes,    4116840 total
[2026-02-05T03:25:33.174+0000][7][gc,age      ] GC(77) - age  15:     209920 bytes,    4326760 total
[2026-02-05T03:25:33.174+0000][7][gc,phases   ] GC(77)   Pre Evacuate Collection Set: 0.3ms
[2026-02-05T03:25:33.174+0000][7][gc,phases   ] GC(77)   Merge Heap Roots: 0.2ms
[2026-02-05T03:25:33.174+0000][7][gc,phases   ] GC(77)   Evacuate Collection Set: 1.8ms
[2026-02-05T03:25:33.175+0000][7][gc,phases   ] GC(77)   Post Evacuate Collection Set: 1.1ms
[2026-02-05T03:25:33.175+0000][7][gc,phases   ] GC(77)   Other: 4.3ms
[2026-02-05T03:25:33.175+0000][7][gc,heap     ] GC(77) Eden regions: 70->0(69)
[2026-02-05T03:25:33.175+0000][7][gc,heap     ] GC(77) Survivor regions: 1->2(9)
[2026-02-05T03:25:33.175+0000][7][gc,heap     ] GC(77) Old regions: 28->28
[2026-02-05T03:25:33.175+0000][7][gc,heap     ] GC(77) Archive regions: 2->2
[2026-02-05T03:25:33.176+0000][7][gc,heap     ] GC(77) Humongous regions: 5->5
[2026-02-05T03:25:33.176+0000][7][gc,metaspace] GC(77) Metaspace: 121470K(123200K)->121470K(123200K) NonClass: 105655K(106624K)->105655K(106624K) Class: 15814K(16576K)->15814K(16576K)
[2026-02-05T03:25:33.176+0000][7][gc          ] GC(77) Pause Young (Normal) (G1 Evacuation Pause) 417M->138M(512M) 9.322ms
[2026-02-05T03:25:33.176+0000][7][gc,cpu      ] GC(77) User=0.01s Sys=0.01s Real=0.01s
[2026-02-05T03:25:33.176+0000][7][safepoint   ] Safepoint "G1CollectForAllocation", Time since last: 5149790866 ns, Reaching safepoint: 213112 ns, At safepoint: 9727128 ns, Total: 9940240 ns
[2026-02-05T03:25:34.177+0000][7][safepoint   ] Safepoint "Cleanup", Time since last: 1000334786 ns, Reaching safepoint: 182509 ns, At safepoint: 6001 ns, Total: 188510 ns
[2026-02-05T03:25:40.179+0000][7][safepoint   ] Safepoint "Cleanup", Time since last: 6001627319 ns, Reaching safepoint: 216111 ns, At safepoint: 6200 ns, Total: 222311 ns
[2026-02-05T03:25:46.179+0000][7][safepoint   ] Safepoint "Cleanup", Time since last: 6001699765 ns, Reaching safepoint: 625130 ns, At safepoint: 68703 ns, Total: 693833 ns
[2026-02-05T03:25:51.181+0000][7][safepoint   ] Safepoint "Cleanup", Time since last: 5002270672 ns, Reaching safepoint: 203813 ns, At safepoint: 19801 ns, Total: 223614 ns
[2026-02-05T03:25:54.182+0000][7][safepoint   ] Safepoint "Cleanup", Time since last: 3000930515 ns, Reaching safepoint: 197213 ns, At safepoint: 6001 ns, Total: 203214 ns
[2026-02-05T03:26:21.186+0000][7][safepoint   ] Safepoint "Cleanup", Time since last: 27004614444 ns, Reaching safepoint: 348919 ns, At safepoint: 26001 ns, Total: 374920 ns
[2026-02-05T03:26:27.291+0000][7][gc,start    ] GC(78) Pause Young (Normal) (G1 Evacuation Pause)
[2026-02-05T03:26:27.291+0000][7][gc,task     ] GC(78) Using 10 workers of 10 for evacuation
[2026-02-05T03:26:27.292+0000][7][gc,age      ] GC(78) Desired survivor size 18874368 bytes, new threshold 15 (max threshold 15)
[2026-02-05T03:26:27.295+0000][7][gc,age      ] GC(78) Age table with threshold 15 (max threshold 15)
[2026-02-05T03:26:27.295+0000][7][gc,age      ] GC(78) - age   1:    3062392 bytes,    3062392 total
[2026-02-05T03:26:27.295+0000][7][gc,age      ] GC(78) - age   2:     809136 bytes,    3871528 total
[2026-02-05T03:26:27.296+0000][7][gc,age      ] GC(78) - age   3:    1109568 bytes,    4981096 total
[2026-02-05T03:26:27.296+0000][7][gc,age      ] GC(78) - age   4:       1912 bytes,    4983008 total
[2026-02-05T03:26:27.296+0000][7][gc,age      ] GC(78) - age   5:       2376 bytes,    4985384 total
[2026-02-05T03:26:27.296+0000][7][gc,age      ] GC(78) - age   6:       1352 bytes,    4986736 total
[2026-02-05T03:26:27.296+0000][7][gc,age      ] GC(78) - age   7:       2728 bytes,    4989464 total
[2026-02-05T03:26:27.296+0000][7][gc,age      ] GC(78) - age   8:      52504 bytes,    5041968 total
[2026-02-05T03:26:27.296+0000][7][gc,age      ] GC(78) - age   9:       1456 bytes,    5043424 total
[2026-02-05T03:26:27.297+0000][7][gc,age      ] GC(78) - age  10:      11640 bytes,    5055064 total
[2026-02-05T03:26:27.297+0000][7][gc,age      ] GC(78) - age  11:       9840 bytes,    5064904 total
[2026-02-05T03:26:27.297+0000][7][gc,age      ] GC(78) - age  12:       2688 bytes,    5067592 total
[2026-02-05T03:26:27.297+0000][7][gc,age      ] GC(78) - age  13:       1464 bytes,    5069056 total
[2026-02-05T03:26:27.297+0000][7][gc,age      ] GC(78) - age  14:       1136 bytes,    5070192 total
[2026-02-05T03:26:27.297+0000][7][gc,age      ] GC(78) - age  15:      16480 bytes,    5086672 total
[2026-02-05T03:26:27.297+0000][7][gc,phases   ] GC(78)   Pre Evacuate Collection Set: 0.2ms
[2026-02-05T03:26:27.298+0000][7][gc,phases   ] GC(78)   Merge Heap Roots: 0.1ms
[2026-02-05T03:26:27.298+0000][7][gc,phases   ] GC(78)   Evacuate Collection Set: 1.9ms
[2026-02-05T03:26:27.298+0000][7][gc,phases   ] GC(78)   Post Evacuate Collection Set: 1.1ms
[2026-02-05T03:26:27.298+0000][7][gc,phases   ] GC(78)   Other: 3.2ms
[2026-02-05T03:26:27.298+0000][7][gc,heap     ] GC(78) Eden regions: 69->0(68)
[2026-02-05T03:26:27.298+0000][7][gc,heap     ] GC(78) Survivor regions: 2->2(9)
[2026-02-05T03:26:27.298+0000][7][gc,heap     ] GC(78) Old regions: 28->28
[2026-02-05T03:26:27.298+0000][7][gc,heap     ] GC(78) Archive regions: 2->2
[2026-02-05T03:26:27.299+0000][7][gc,heap     ] GC(78) Humongous regions: 5->5
[2026-02-05T03:26:27.299+0000][7][gc,metaspace] GC(78) Metaspace: 121510K(123264K)->121510K(123264K) NonClass: 105695K(106688K)->105695K(106688K) Class: 15815K(16576K)->15815K(16576K)
[2026-02-05T03:26:27.299+0000][7][gc          ] GC(78) Pause Young (Normal) (G1 Evacuation Pause) 414M->139M(512M) 7.759ms
[2026-02-05T03:26:27.299+0000][7][gc,cpu      ] GC(78) User=0.02s Sys=0.01s Real=0.01s
[2026-02-05T03:26:27.299+0000][7][safepoint   ] Safepoint "G1CollectForAllocation", Time since last: 6104627494 ns, Reaching safepoint: 224713 ns, At safepoint: 8095379 ns, Total: 8320092 ns
[2026-02-05T03:26:29.300+0000][7][safepoint   ] Safepoint "Cleanup", Time since last: 2001030598 ns, Reaching safepoint: 185511 ns, At safepoint: 19901 ns, Total: 205412 ns
[2026-02-05T03:26:30.301+0000][7][safepoint   ] Safepoint "Cleanup", Time since last: 1000312988 ns, Reaching safepoint: 188011 ns, At safepoint: 9200 ns, Total: 197211 ns
[2026-02-05T03:26:34.302+0000][7][safepoint   ] Safepoint "Cleanup", Time since last: 4001060712 ns, Reaching safepoint: 190610 ns, At safepoint: 4601 ns, Total: 195211 ns
[2026-02-05T03:26:40.304+0000][7][safepoint   ] Safepoint "Cleanup", Time since last: 6001344875 ns, Reaching safepoint: 391306 ns, At safepoint: 7800 ns, Total: 399106 ns
[2026-02-05T03:26:45.304+0000][7][safepoint   ] Safepoint "Cleanup", Time since last: 5001857471 ns, Reaching safepoint: 179809 ns, At safepoint: 4701 ns, Total: 184510 ns
[2026-02-05T03:26:51.306+0000][7][safepoint   ] Safepoint "Cleanup", Time since last: 6001048557 ns, Reaching safepoint: 264115 ns, At safepoint: 11800 ns, Total: 275915 ns
[2026-02-05T03:26:52.672+0000][7][safepoint   ] Safepoint "Cleanup", Time since last: 1366290831 ns, Reaching safepoint: 219412 ns, At safepoint: 12601 ns, Total: 232013 ns
[2026-02-05T03:26:54.673+0000][7][safepoint   ] Safepoint "Cleanup", Time since last: 2000505080 ns, Reaching safepoint: 195911 ns, At safepoint: 6400 ns, Total: 202311 ns
[2026-02-05T03:27:03.676+0000][7][safepoint   ] Safepoint "Cleanup", Time since last: 9002621768 ns, Reaching safepoint: 267214 ns, At safepoint: 7901 ns, Total: 275115 ns
[2026-02-05T03:27:09.678+0000][7][safepoint   ] Safepoint "Cleanup", Time since last: 6001799484 ns, Reaching safepoint: 183210 ns, At safepoint: 5201 ns, Total: 188411 ns
[2026-02-05T03:27:12.378+0000][7][gc,start    ] GC(79) Pause Young (Normal) (G1 Evacuation Pause)
[2026-02-05T03:27:12.378+0000][7][gc,task     ] GC(79) Using 10 workers of 10 for evacuation
[2026-02-05T03:27:12.378+0000][7][gc,age      ] GC(79) Desired survivor size 18874368 bytes, new threshold 15 (max threshold 15)
[2026-02-05T03:27:12.382+0000][7][gc,age      ] GC(79) Age table with threshold 15 (max threshold 15)
[2026-02-05T03:27:12.382+0000][7][gc,age      ] GC(79) - age   1:    4057832 bytes,    4057832 total
[2026-02-05T03:27:12.383+0000][7][gc,age      ] GC(79) - age   2:       8528 bytes,    4066360 total
[2026-02-05T03:27:12.383+0000][7][gc,age      ] GC(79) - age   3:     147640 bytes,    4214000 total
[2026-02-05T03:27:12.383+0000][7][gc,age      ] GC(79) - age   4:     602536 bytes,    4816536 total
[2026-02-05T03:27:12.384+0000][7][gc,age      ] GC(79) - age   5:       1912 bytes,    4818448 total
[2026-02-05T03:27:12.384+0000][7][gc,age      ] GC(79) - age   6:       2184 bytes,    4820632 total
[2026-02-05T03:27:12.384+0000][7][gc,age      ] GC(79) - age   7:       1288 bytes,    4821920 total
[2026-02-05T03:27:12.384+0000][7][gc,age      ] GC(79) - age   8:       2728 bytes,    4824648 total
[2026-02-05T03:27:12.384+0000][7][gc,age      ] GC(79) - age   9:      35816 bytes,    4860464 total
[2026-02-05T03:27:12.385+0000][7][gc,age      ] GC(79) - age  10:       1424 bytes,    4861888 total
[2026-02-05T03:27:12.385+0000][7][gc,age      ] GC(79) - age  11:      11640 bytes,    4873528 total
[2026-02-05T03:27:12.385+0000][7][gc,age      ] GC(79) - age  12:       9840 bytes,    4883368 total
[2026-02-05T03:27:12.386+0000][7][gc,age      ] GC(79) - age  13:       2688 bytes,    4886056 total
[2026-02-05T03:27:12.386+0000][7][gc,age      ] GC(79) - age  14:       1464 bytes,    4887520 total
[2026-02-05T03:27:12.386+0000][7][gc,age      ] GC(79) - age  15:       1136 bytes,    4888656 total
[2026-02-05T03:27:12.386+0000][7][gc,phases   ] GC(79)   Pre Evacuate Collection Set: 0.3ms
[2026-02-05T03:27:12.387+0000][7][gc,phases   ] GC(79)   Merge Heap Roots: 0.1ms
[2026-02-05T03:27:12.387+0000][7][gc,phases   ] GC(79)   Evacuate Collection Set: 1.6ms
[2026-02-05T03:27:12.387+0000][7][gc,phases   ] GC(79)   Post Evacuate Collection Set: 1.7ms
[2026-02-05T03:27:12.387+0000][7][gc,phases   ] GC(79)   Other: 4.9ms
[2026-02-05T03:27:12.388+0000][7][gc,heap     ] GC(79) Eden regions: 68->0(68)
[2026-02-05T03:27:12.388+0000][7][gc,heap     ] GC(79) Survivor regions: 2->2(9)
[2026-02-05T03:27:12.388+0000][7][gc,heap     ] GC(79) Old regions: 28->28
[2026-02-05T03:27:12.389+0000][7][gc,heap     ] GC(79) Archive regions: 2->2
[2026-02-05T03:27:12.389+0000][7][gc,heap     ] GC(79) Humongous regions: 5->5
[2026-02-05T03:27:12.389+0000][7][gc,metaspace] GC(79) Metaspace: 121513K(123264K)->121513K(123264K) NonClass: 105698K(106688K)->105698K(106688K) Class: 15815K(16576K)->15815K(16576K)
[2026-02-05T03:27:12.390+0000][7][gc          ] GC(79) Pause Young (Normal) (G1 Evacuation Pause) 411M->139M(512M) 11.823ms
[2026-02-05T03:27:12.390+0000][7][gc,cpu      ] GC(79) User=0.02s Sys=0.00s Real=0.01s
[2026-02-05T03:27:12.390+0000][7][safepoint   ] Safepoint "G1CollectForAllocation", Time since last: 2699704397 ns, Reaching safepoint: 178608 ns, At safepoint: 12432482 ns, Total: 12611090 ns
[2026-02-05T03:27:13.391+0000][7][safepoint   ] Safepoint "Cleanup", Time since last: 1000901452 ns, Reaching safepoint: 336316 ns, At safepoint: 9200 ns, Total: 345516 ns
[2026-02-05T03:27:29.393+0000][7][safepoint   ] Safepoint "Cleanup", Time since last: 16003059170 ns, Reaching safepoint: 476525 ns, At safepoint: 13801 ns, Total: 490326 ns
[2026-02-05T03:27:34.395+0000][7][safepoint   ] Safepoint "Cleanup", Time since last: 5001461438 ns, Reaching safepoint: 352519 ns, At safepoint: 9200 ns, Total: 361719 ns
[2026-02-05T03:27:39.396+0000][7][safepoint   ] Safepoint "Cleanup", Time since last: 5001291185 ns, Reaching safepoint: 222312 ns, At safepoint: 12601 ns, Total: 234913 ns
[2026-02-05T03:27:43.398+0000][7][safepoint   ] Safepoint "Cleanup", Time since last: 4000909925 ns, Reaching safepoint: 203210 ns, At safepoint: 6500 ns, Total: 209710 ns
[2026-02-05T03:27:46.397+0000][7][safepoint   ] Safepoint "Cleanup", Time since last: 3000582526 ns, Reaching safepoint: 192110 ns, At safepoint: 7600 ns, Total: 199710 ns
[2026-02-05T03:27:48.398+0000][7][safepoint   ] Safepoint "Cleanup", Time since last: 2000516125 ns, Reaching safepoint: 211210 ns, At safepoint: 10701 ns, Total: 221911 ns
[2026-02-05T03:27:54.400+0000][7][safepoint   ] Safepoint "Cleanup", Time since last: 6001589366 ns, Reaching safepoint: 196910 ns, At safepoint: 7101 ns, Total: 204011 ns
[2026-02-05T03:27:58.400+0000][7][safepoint   ] Safepoint "Cleanup", Time since last: 4000669102 ns, Reaching safepoint: 187310 ns, At safepoint: 5700 ns, Total: 193010 ns
[2026-02-05T03:27:59.843+0000][7][gc,start    ] GC(80) Pause Young (Normal) (G1 Evacuation Pause)
[2026-02-05T03:27:59.843+0000][7][gc,task     ] GC(80) Using 10 workers of 10 for evacuation
[2026-02-05T03:27:59.843+0000][7][gc,age      ] GC(80) Desired survivor size 18874368 bytes, new threshold 15 (max threshold 15)
[2026-02-05T03:27:59.846+0000][7][gc,age      ] GC(80) Age table with threshold 15 (max threshold 15)
[2026-02-05T03:27:59.846+0000][7][gc,age      ] GC(80) - age   1:     547440 bytes,     547440 total
[2026-02-05T03:27:59.847+0000][7][gc,age      ] GC(80) - age   2:     273728 bytes,     821168 total
[2026-02-05T03:27:59.847+0000][7][gc,age      ] GC(80) - age   3:       3160 bytes,     824328 total
[2026-02-05T03:27:59.847+0000][7][gc,age      ] GC(80) - age   4:     146520 bytes,     970848 total
[2026-02-05T03:27:59.848+0000][7][gc,age      ] GC(80) - age   5:     602152 bytes,    1573000 total
[2026-02-05T03:27:59.848+0000][7][gc,age      ] GC(80) - age   6:       1848 bytes,    1574848 total
[2026-02-05T03:27:59.848+0000][7][gc,age      ] GC(80) - age   7:       2120 bytes,    1576968 total
[2026-02-05T03:27:59.848+0000][7][gc,age      ] GC(80) - age   8:       1056 bytes,    1578024 total
[2026-02-05T03:27:59.848+0000][7][gc,age      ] GC(80) - age   9:       2664 bytes,    1580688 total
[2026-02-05T03:27:59.848+0000][7][gc,age      ] GC(80) - age  10:      35816 bytes,    1616504 total
[2026-02-05T03:27:59.849+0000][7][gc,age      ] GC(80) - age  11:       1424 bytes,    1617928 total
[2026-02-05T03:27:59.849+0000][7][gc,age      ] GC(80) - age  12:      11640 bytes,    1629568 total
[2026-02-05T03:27:59.849+0000][7][gc,age      ] GC(80) - age  13:       9840 bytes,    1639408 total
[2026-02-05T03:27:59.849+0000][7][gc,age      ] GC(80) - age  14:       2688 bytes,    1642096 total
[2026-02-05T03:27:59.849+0000][7][gc,age      ] GC(80) - age  15:       1464 bytes,    1643560 total
[2026-02-05T03:27:59.850+0000][7][gc,phases   ] GC(80)   Pre Evacuate Collection Set: 0.2ms
[2026-02-05T03:27:59.850+0000][7][gc,phases   ] GC(80)   Merge Heap Roots: 0.2ms
[2026-02-05T03:27:59.850+0000][7][gc,phases   ] GC(80)   Evacuate Collection Set: 1.0ms
[2026-02-05T03:27:59.850+0000][7][gc,phases   ] GC(80)   Post Evacuate Collection Set: 1.1ms
[2026-02-05T03:27:59.850+0000][7][gc,phases   ] GC(80)   Other: 4.3ms
[2026-02-05T03:27:59.851+0000][7][gc,heap     ] GC(80) Eden regions: 68->0(69)
[2026-02-05T03:27:59.851+0000][7][gc,heap     ] GC(80) Survivor regions: 2->1(9)
[2026-02-05T03:27:59.851+0000][7][gc,heap     ] GC(80) Old regions: 28->28
[2026-02-05T03:27:59.851+0000][7][gc,heap     ] GC(80) Archive regions: 2->2
[2026-02-05T03:27:59.851+0000][7][gc,heap     ] GC(80) Humongous regions: 5->5
[2026-02-05T03:27:59.851+0000][7][gc,metaspace] GC(80) Metaspace: 121523K(123264K)->121523K(123264K) NonClass: 105707K(106688K)->105707K(106688K) Class: 15815K(16576K)->15815K(16576K)
[2026-02-05T03:27:59.852+0000][7][gc          ] GC(80) Pause Young (Normal) (G1 Evacuation Pause) 411M->136M(512M) 8.789ms
[2026-02-05T03:27:59.852+0000][7][gc,cpu      ] GC(80) User=0.00s Sys=0.01s Real=0.01s
[2026-02-05T03:27:59.852+0000][7][safepoint   ] Safepoint "G1CollectForAllocation", Time since last: 1442217754 ns, Reaching safepoint: 199811 ns, At safepoint: 9330592 ns, Total: 9530403 ns
[2026-02-05T03:28:43.858+0000][7][safepoint   ] Safepoint "Cleanup", Time since last: 44007227266 ns, Reaching safepoint: 182510 ns, At safepoint: 4400 ns, Total: 186910 ns
[2026-02-05T03:28:45.857+0000][7][safepoint   ] Safepoint "Cleanup", Time since last: 2000660729 ns, Reaching safepoint: 193310 ns, At safepoint: 6301 ns, Total: 199611 ns
[2026-02-05T03:28:57.170+0000][7][gc,start    ] GC(81) Pause Young (Normal) (G1 Evacuation Pause)
[2026-02-05T03:28:57.170+0000][7][gc,task     ] GC(81) Using 10 workers of 10 for evacuation
[2026-02-05T03:28:57.171+0000][7][gc,age      ] GC(81) Desired survivor size 18874368 bytes, new threshold 15 (max threshold 15)
[2026-02-05T03:28:57.173+0000][7][gc,age      ] GC(81) Age table with threshold 15 (max threshold 15)
[2026-02-05T03:28:57.173+0000][7][gc,age      ] GC(81) - age   1:    1304216 bytes,    1304216 total
[2026-02-05T03:28:57.173+0000][7][gc,age      ] GC(81) - age   2:      14032 bytes,    1318248 total
[2026-02-05T03:28:57.173+0000][7][gc,age      ] GC(81) - age   3:     267064 bytes,    1585312 total
[2026-02-05T03:28:57.174+0000][7][gc,age      ] GC(81) - age   4:       3032 bytes,    1588344 total
[2026-02-05T03:28:57.174+0000][7][gc,age      ] GC(81) - age   5:     145936 bytes,    1734280 total
[2026-02-05T03:28:57.174+0000][7][gc,age      ] GC(81) - age   6:     602056 bytes,    2336336 total
[2026-02-05T03:28:57.174+0000][7][gc,age      ] GC(81) - age   7:       1848 bytes,    2338184 total
[2026-02-05T03:28:57.174+0000][7][gc,age      ] GC(81) - age   8:       2120 bytes,    2340304 total
[2026-02-05T03:28:57.174+0000][7][gc,age      ] GC(81) - age   9:       1056 bytes,    2341360 total
[2026-02-05T03:28:57.174+0000][7][gc,age      ] GC(81) - age  10:       2664 bytes,    2344024 total
[2026-02-05T03:28:57.174+0000][7][gc,age      ] GC(81) - age  11:      35816 bytes,    2379840 total
[2026-02-05T03:28:57.174+0000][7][gc,age      ] GC(81) - age  12:       1424 bytes,    2381264 total
[2026-02-05T03:28:57.175+0000][7][gc,age      ] GC(81) - age  13:      11640 bytes,    2392904 total
[2026-02-05T03:28:57.175+0000][7][gc,age      ] GC(81) - age  14:       9840 bytes,    2402744 total
[2026-02-05T03:28:57.175+0000][7][gc,age      ] GC(81) - age  15:       2688 bytes,    2405432 total
[2026-02-05T03:28:57.175+0000][7][gc,phases   ] GC(81)   Pre Evacuate Collection Set: 0.2ms
[2026-02-05T03:28:57.175+0000][7][gc,phases   ] GC(81)   Merge Heap Roots: 0.1ms
[2026-02-05T03:28:57.175+0000][7][gc,phases   ] GC(81)   Evacuate Collection Set: 1.0ms
[2026-02-05T03:28:57.175+0000][7][gc,phases   ] GC(81)   Post Evacuate Collection Set: 0.8ms
[2026-02-05T03:28:57.175+0000][7][gc,phases   ] GC(81)   Other: 2.6ms
[2026-02-05T03:28:57.176+0000][7][gc,heap     ] GC(81) Eden regions: 69->0(70)
[2026-02-05T03:28:57.176+0000][7][gc,heap     ] GC(81) Survivor regions: 1->1(9)
[2026-02-05T03:28:57.176+0000][7][gc,heap     ] GC(81) Old regions: 28->28
[2026-02-05T03:28:57.176+0000][7][gc,heap     ] GC(81) Archive regions: 2->2
[2026-02-05T03:28:57.176+0000][7][gc,heap     ] GC(81) Humongous regions: 5->5
[2026-02-05T03:28:57.176+0000][7][gc,metaspace] GC(81) Metaspace: 121529K(123264K)->121529K(123264K) NonClass: 105713K(106688K)->105713K(106688K) Class: 15815K(16576K)->15815K(16576K)
[2026-02-05T03:28:57.176+0000][7][gc          ] GC(81) Pause Young (Normal) (G1 Evacuation Pause) 412M->137M(512M) 6.040ms
[2026-02-05T03:28:57.176+0000][7][gc,cpu      ] GC(81) User=0.00s Sys=0.00s Real=0.01s
[2026-02-05T03:28:57.177+0000][7][safepoint   ] Safepoint "G1CollectForAllocation", Time since last: 11312734983 ns, Reaching safepoint: 183310 ns, At safepoint: 6349219 ns, Total: 6532529 ns
[2026-02-05T03:29:19.179+0000][7][safepoint   ] Safepoint "Cleanup", Time since last: 22004158690 ns, Reaching safepoint: 220711 ns, At safepoint: 5400 ns, Total: 226111 ns
[2026-02-05T03:29:21.181+0000][7][safepoint   ] Safepoint "Cleanup", Time since last: 2000980607 ns, Reaching safepoint: 214911 ns, At safepoint: 12401 ns, Total: 227312 ns
[2026-02-05T03:29:24.182+0000][7][safepoint   ] Safepoint "Cleanup", Time since last: 3000824978 ns, Reaching safepoint: 333517 ns, At safepoint: 21401 ns, Total: 354918 ns
[2026-02-05T03:29:28.184+0000][7][safepoint   ] Safepoint "Cleanup", Time since last: 4001089690 ns, Reaching safepoint: 1252064 ns, At safepoint: 56902 ns, Total: 1308966 ns
[2026-02-05T03:29:35.187+0000][7][safepoint   ] Safepoint "Cleanup", Time since last: 7002312701 ns, Reaching safepoint: 274214 ns, At safepoint: 14500 ns, Total: 288714 ns
[2026-02-05T03:29:36.188+0000][7][safepoint   ] Safepoint "Cleanup", Time since last: 1000480900 ns, Reaching safepoint: 201910 ns, At safepoint: 5600 ns, Total: 207510 ns
[2026-02-05T03:29:43.189+0000][7][safepoint   ] Safepoint "Cleanup", Time since last: 7001313888 ns, Reaching safepoint: 186610 ns, At safepoint: 5400 ns, Total: 192010 ns
[2026-02-05T03:29:49.983+0000][7][gc,start    ] GC(82) Pause Young (Normal) (G1 Evacuation Pause)
[2026-02-05T03:29:49.983+0000][7][gc,task     ] GC(82) Using 10 workers of 10 for evacuation
[2026-02-05T03:29:49.984+0000][7][gc,age      ] GC(82) Desired survivor size 18874368 bytes, new threshold 15 (max threshold 15)
[2026-02-05T03:29:49.987+0000][7][gc,age      ] GC(82) Age table with threshold 15 (max threshold 15)
[2026-02-05T03:29:49.987+0000][7][gc,age      ] GC(82) - age   1:    1732624 bytes,    1732624 total
[2026-02-05T03:29:49.988+0000][7][gc,age      ] GC(82) - age   2:       8544 bytes,    1741168 total
[2026-02-05T03:29:49.988+0000][7][gc,age      ] GC(82) - age   3:      11152 bytes,    1752320 total
[2026-02-05T03:29:49.988+0000][7][gc,age      ] GC(82) - age   4:     266256 bytes,    2018576 total
[2026-02-05T03:29:49.988+0000][7][gc,age      ] GC(82) - age   5:       2712 bytes,    2021288 total
[2026-02-05T03:29:49.989+0000][7][gc,age      ] GC(82) - age   6:     145680 bytes,    2166968 total
[2026-02-05T03:29:49.989+0000][7][gc,age      ] GC(82) - age   7:     299328 bytes,    2466296 total
[2026-02-05T03:29:49.989+0000][7][gc,age      ] GC(82) - age   8:       1848 bytes,    2468144 total
[2026-02-05T03:29:49.989+0000][7][gc,age      ] GC(82) - age   9:       2120 bytes,    2470264 total
[2026-02-05T03:29:49.989+0000][7][gc,age      ] GC(82) - age  10:       1024 bytes,    2471288 total
[2026-02-05T03:29:49.989+0000][7][gc,age      ] GC(82) - age  11:       2664 bytes,    2473952 total
[2026-02-05T03:29:49.989+0000][7][gc,age      ] GC(82) - age  12:      33872 bytes,    2507824 total
[2026-02-05T03:29:49.990+0000][7][gc,age      ] GC(82) - age  13:       1424 bytes,    2509248 total
[2026-02-05T03:29:49.990+0000][7][gc,age      ] GC(82) - age  14:      10896 bytes,    2520144 total
[2026-02-05T03:29:49.990+0000][7][gc,age      ] GC(82) - age  15:       9840 bytes,    2529984 total
[2026-02-05T03:29:49.990+0000][7][gc,phases   ] GC(82)   Pre Evacuate Collection Set: 0.2ms
[2026-02-05T03:29:49.990+0000][7][gc,phases   ] GC(82)   Merge Heap Roots: 0.2ms
[2026-02-05T03:29:49.990+0000][7][gc,phases   ] GC(82)   Evacuate Collection Set: 1.5ms
[2026-02-05T03:29:49.991+0000][7][gc,phases   ] GC(82)   Post Evacuate Collection Set: 1.2ms
[2026-02-05T03:29:49.991+0000][7][gc,phases   ] GC(82)   Other: 4.0ms
[2026-02-05T03:29:49.991+0000][7][gc,heap     ] GC(82) Eden regions: 70->0(70)
[2026-02-05T03:29:49.991+0000][7][gc,heap     ] GC(82) Survivor regions: 1->1(9)
[2026-02-05T03:29:49.991+0000][7][gc,heap     ] GC(82) Old regions: 28->28
[2026-02-05T03:29:49.991+0000][7][gc,heap     ] GC(82) Archive regions: 2->2
[2026-02-05T03:29:49.992+0000][7][gc,heap     ] GC(82) Humongous regions: 5->5
[2026-02-05T03:29:49.992+0000][7][gc,metaspace] GC(82) Metaspace: 121540K(123264K)->121540K(123264K) NonClass: 105724K(106688K)->105724K(106688K) Class: 15816K(16576K)->15816K(16576K)
[2026-02-05T03:29:49.992+0000][7][gc          ] GC(82) Pause Young (Normal) (G1 Evacuation Pause) 417M->137M(512M) 8.843ms
[2026-02-05T03:29:49.992+0000][7][gc,cpu      ] GC(82) User=0.01s Sys=0.00s Real=0.01s
[2026-02-05T03:29:49.992+0000][7][safepoint   ] Safepoint "G1CollectForAllocation", Time since last: 6794928678 ns, Reaching safepoint: 197510 ns, At safepoint: 9157450 ns, Total: 9354960 ns
[2026-02-05T03:29:51.993+0000][7][safepoint   ] Safepoint "Cleanup", Time since last: 2000442684 ns, Reaching safepoint: 219411 ns, At safepoint: 18701 ns, Total: 238112 ns
[2026-02-05T03:29:57.995+0000][7][safepoint   ] Safepoint "Cleanup", Time since last: 6001573048 ns, Reaching safepoint: 204510 ns, At safepoint: 19701 ns, Total: 224211 ns
[2026-02-05T03:30:04.997+0000][7][safepoint   ] Safepoint "Cleanup", Time since last: 7001563053 ns, Reaching safepoint: 397920 ns, At safepoint: 27901 ns, Total: 425821 ns
[2026-02-05T03:30:10.998+0000][7][safepoint   ] Safepoint "Cleanup", Time since last: 6001451631 ns, Reaching safepoint: 186407 ns, At safepoint: 5201 ns, Total: 191608 ns
[2026-02-05T03:30:16.998+0000][7][safepoint   ] Safepoint "Cleanup", Time since last: 6001421852 ns, Reaching safepoint: 199703 ns, At safepoint: 5900 ns, Total: 205603 ns
[2026-02-05T03:30:22.999+0000][7][safepoint   ] Safepoint "Cleanup", Time since last: 6001073351 ns, Reaching safepoint: 207110 ns, At safepoint: 6501 ns, Total: 213611 ns
[2026-02-05T03:30:28.001+0000][7][safepoint   ] Safepoint "Cleanup", Time since last: 5001089043 ns, Reaching safepoint: 205415 ns, At safepoint: 5401 ns, Total: 210816 ns
[2026-02-05T03:30:29.002+0000][7][safepoint   ] Safepoint "Cleanup", Time since last: 1000557932 ns, Reaching safepoint: 272121 ns, At safepoint: 20101 ns, Total: 292222 ns
[2026-02-05T03:30:31.002+0000][7][safepoint   ] Safepoint "Cleanup", Time since last: 2000697333 ns, Reaching safepoint: 207116 ns, At safepoint: 4900 ns, Total: 212016 ns
[2026-02-05T03:30:34.004+0000][7][safepoint   ] Safepoint "Cleanup", Time since last: 3000857775 ns, Reaching safepoint: 216311 ns, At safepoint: 10801 ns, Total: 227112 ns
[2026-02-05T03:30:39.743+0000][7][gc,start    ] GC(83) Pause Young (Normal) (G1 Evacuation Pause)
[2026-02-05T03:30:39.743+0000][7][gc,task     ] GC(83) Using 10 workers of 10 for evacuation
[2026-02-05T03:30:39.743+0000][7][gc,age      ] GC(83) Desired survivor size 18874368 bytes, new threshold 15 (max threshold 15)
[2026-02-05T03:30:39.746+0000][7][gc,age      ] GC(83) Age table with threshold 15 (max threshold 15)
[2026-02-05T03:30:39.746+0000][7][gc,age      ] GC(83) - age   1:    2495856 bytes,    2495856 total
[2026-02-05T03:30:39.746+0000][7][gc,age      ] GC(83) - age   2:     221048 bytes,    2716904 total
[2026-02-05T03:30:39.747+0000][7][gc,age      ] GC(83) - age   3:       6688 bytes,    2723592 total
[2026-02-05T03:30:39.747+0000][7][gc,age      ] GC(83) - age   4:       7928 bytes,    2731520 total
[2026-02-05T03:30:39.747+0000][7][gc,age      ] GC(83) - age   5:     216632 bytes,    2948152 total
[2026-02-05T03:30:39.747+0000][7][gc,age      ] GC(83) - age   6:       2448 bytes,    2950600 total
[2026-02-05T03:30:39.747+0000][7][gc,age      ] GC(83) - age   7:     144792 bytes,    3095392 total
[2026-02-05T03:30:39.748+0000][7][gc,age      ] GC(83) - age   8:     299176 bytes,    3394568 total
[2026-02-05T03:30:39.748+0000][7][gc,age      ] GC(83) - age   9:       1848 bytes,    3396416 total
[2026-02-05T03:30:39.748+0000][7][gc,age      ] GC(83) - age  10:       2120 bytes,    3398536 total
[2026-02-05T03:30:39.748+0000][7][gc,age      ] GC(83) - age  11:       1024 bytes,    3399560 total
[2026-02-05T03:30:39.748+0000][7][gc,age      ] GC(83) - age  12:       2600 bytes,    3402160 total
[2026-02-05T03:30:39.748+0000][7][gc,age      ] GC(83) - age  13:      33488 bytes,    3435648 total
[2026-02-05T03:30:39.748+0000][7][gc,age      ] GC(83) - age  14:       1424 bytes,    3437072 total
[2026-02-05T03:30:39.749+0000][7][gc,age      ] GC(83) - age  15:      10896 bytes,    3447968 total
[2026-02-05T03:30:39.749+0000][7][gc,phases   ] GC(83)   Pre Evacuate Collection Set: 0.2ms
[2026-02-05T03:30:39.749+0000][7][gc,phases   ] GC(83)   Merge Heap Roots: 0.1ms
[2026-02-05T03:30:39.749+0000][7][gc,phases   ] GC(83)   Evacuate Collection Set: 1.3ms
[2026-02-05T03:30:39.749+0000][7][gc,phases   ] GC(83)   Post Evacuate Collection Set: 0.9ms
[2026-02-05T03:30:39.749+0000][7][gc,phases   ] GC(83)   Other: 3.6ms
[2026-02-05T03:30:39.749+0000][7][gc,heap     ] GC(83) Eden regions: 70->0(70)
[2026-02-05T03:30:39.750+0000][7][gc,heap     ] GC(83) Survivor regions: 1->1(9)
[2026-02-05T03:30:39.750+0000][7][gc,heap     ] GC(83) Old regions: 28->28
[2026-02-05T03:30:39.750+0000][7][gc,heap     ] GC(83) Archive regions: 2->2
[2026-02-05T03:30:39.750+0000][7][gc,heap     ] GC(83) Humongous regions: 5->5
[2026-02-05T03:30:39.750+0000][7][gc,metaspace] GC(83) Metaspace: 121542K(123264K)->121542K(123264K) NonClass: 105725K(106688K)->105725K(106688K) Class: 15816K(16576K)->15816K(16576K)
[2026-02-05T03:30:39.750+0000][7][gc          ] GC(83) Pause Young (Normal) (G1 Evacuation Pause) 417M->138M(512M) 7.618ms
[2026-02-05T03:30:39.750+0000][7][gc,cpu      ] GC(83) User=0.01s Sys=0.00s Real=0.01s
[2026-02-05T03:30:39.751+0000][7][safepoint   ] Safepoint "G1CollectForAllocation", Time since last: 5738896100 ns, Reaching safepoint: 184309 ns, At safepoint: 7958581 ns, Total: 8142890 ns
[2026-02-05T03:30:45.750+0000][7][safepoint   ] Safepoint "Cleanup", Time since last: 6001003958 ns, Reaching safepoint: 224311 ns, At safepoint: 8800 ns, Total: 233111 ns
[2026-02-05T03:30:51.753+0000][7][safepoint   ] Safepoint "Cleanup", Time since last: 6001860945 ns, Reaching safepoint: 798939 ns, At safepoint: 19701 ns, Total: 818640 ns
[2026-02-05T03:30:54.755+0000][7][safepoint   ] Safepoint "Cleanup", Time since last: 3001661435 ns, Reaching safepoint: 222111 ns, At safepoint: 7200 ns, Total: 229311 ns
[2026-02-05T03:31:03.757+0000][7][safepoint   ] Safepoint "Cleanup", Time since last: 9001627488 ns, Reaching safepoint: 197810 ns, At safepoint: 22601 ns, Total: 220411 ns
[2026-02-05T03:31:18.759+0000][7][safepoint   ] Safepoint "Cleanup", Time since last: 15003367712 ns, Reaching safepoint: 328116 ns, At safepoint: 18801 ns, Total: 346917 ns
[2026-02-05T03:31:21.760+0000][7][safepoint   ] Safepoint "Cleanup", Time since last: 3000863390 ns, Reaching safepoint: 223011 ns, At safepoint: 8300 ns, Total: 231311 ns
[2026-02-05T03:31:33.250+0000][7][gc,start    ] GC(84) Pause Young (Normal) (G1 Evacuation Pause)
[2026-02-05T03:31:33.251+0000][7][gc,task     ] GC(84) Using 10 workers of 10 for evacuation
[2026-02-05T03:31:33.251+0000][7][gc,age      ] GC(84) Desired survivor size 18874368 bytes, new threshold 15 (max threshold 15)
[2026-02-05T03:31:33.254+0000][7][gc,age      ] GC(84) Age table with threshold 15 (max threshold 15)
[2026-02-05T03:31:33.254+0000][7][gc,age      ] GC(84) - age   1:    1187264 bytes,    1187264 total
[2026-02-05T03:31:33.254+0000][7][gc,age      ] GC(84) - age   2:     440848 bytes,    1628112 total
[2026-02-05T03:31:33.254+0000][7][gc,age      ] GC(84) - age   3:      54880 bytes,    1682992 total
[2026-02-05T03:31:33.254+0000][7][gc,age      ] GC(84) - age   4:       5392 bytes,    1688384 total
[2026-02-05T03:31:33.255+0000][7][gc,age      ] GC(84) - age   5:       7832 bytes,    1696216 total
[2026-02-05T03:31:33.255+0000][7][gc,age      ] GC(84) - age   6:     215536 bytes,    1911752 total
[2026-02-05T03:31:33.255+0000][7][gc,age      ] GC(84) - age   7:       2256 bytes,    1914008 total
[2026-02-05T03:31:33.255+0000][7][gc,age      ] GC(84) - age   8:     144768 bytes,    2058776 total
[2026-02-05T03:31:33.255+0000][7][gc,age      ] GC(84) - age   9:     299136 bytes,    2357912 total
[2026-02-05T03:31:33.255+0000][7][gc,age      ] GC(84) - age  10:       1848 bytes,    2359760 total
[2026-02-05T03:31:33.256+0000][7][gc,age      ] GC(84) - age  11:       2120 bytes,    2361880 total
[2026-02-05T03:31:33.256+0000][7][gc,age      ] GC(84) - age  12:       1024 bytes,    2362904 total
[2026-02-05T03:31:33.256+0000][7][gc,age      ] GC(84) - age  13:       2600 bytes,    2365504 total
[2026-02-05T03:31:33.256+0000][7][gc,age      ] GC(84) - age  14:      33248 bytes,    2398752 total
[2026-02-05T03:31:33.256+0000][7][gc,age      ] GC(84) - age  15:       1424 bytes,    2400176 total
[2026-02-05T03:31:33.256+0000][7][gc,phases   ] GC(84)   Pre Evacuate Collection Set: 0.2ms
[2026-02-05T03:31:33.256+0000][7][gc,phases   ] GC(84)   Merge Heap Roots: 0.2ms
[2026-02-05T03:31:33.257+0000][7][gc,phases   ] GC(84)   Evacuate Collection Set: 1.1ms
[2026-02-05T03:31:33.257+0000][7][gc,phases   ] GC(84)   Post Evacuate Collection Set: 1.0ms
[2026-02-05T03:31:33.257+0000][7][gc,phases   ] GC(84)   Other: 3.8ms
[2026-02-05T03:31:33.257+0000][7][gc,heap     ] GC(84) Eden regions: 70->0(70)
[2026-02-05T03:31:33.257+0000][7][gc,heap     ] GC(84) Survivor regions: 1->1(9)
[2026-02-05T03:31:33.257+0000][7][gc,heap     ] GC(84) Old regions: 28->28
[2026-02-05T03:31:33.257+0000][7][gc,heap     ] GC(84) Archive regions: 2->2
[2026-02-05T03:31:33.257+0000][7][gc,heap     ] GC(84) Humongous regions: 5->5
[2026-02-05T03:31:33.257+0000][7][gc,metaspace] GC(84) Metaspace: 121557K(123264K)->121557K(123264K) NonClass: 105741K(106688K)->105741K(106688K) Class: 15816K(16576K)->15816K(16576K)
[2026-02-05T03:31:33.258+0000][7][gc          ] GC(84) Pause Young (Normal) (G1 Evacuation Pause) 418M->137M(512M) 7.523ms
[2026-02-05T03:31:33.258+0000][7][gc,cpu      ] GC(84) User=0.01s Sys=0.00s Real=0.00s
[2026-02-05T03:31:33.258+0000][7][safepoint   ] Safepoint "G1CollectForAllocation", Time since last: 11490126711 ns, Reaching safepoint: 233911 ns, At safepoint: 7868688 ns, Total: 8102599 ns
[2026-02-05T03:31:45.259+0000][7][safepoint   ] Safepoint "Cleanup", Time since last: 12002199864 ns, Reaching safepoint: 176609 ns, At safepoint: 20301 ns, Total: 196910 ns
[2026-02-05T03:31:52.261+0000][7][safepoint   ] Safepoint "Cleanup", Time since last: 7001639368 ns, Reaching safepoint: 321016 ns, At safepoint: 22201 ns, Total: 343217 ns
[2026-02-05T03:32:13.265+0000][7][safepoint   ] Safepoint "Cleanup", Time since last: 21003438835 ns, Reaching safepoint: 267513 ns, At safepoint: 15601 ns, Total: 283114 ns
[2026-02-05T03:32:21.265+0000][7][safepoint   ] Safepoint "Cleanup", Time since last: 8001458200 ns, Reaching safepoint: 183608 ns, At safepoint: 19101 ns, Total: 202709 ns
[2026-02-05T03:32:25.266+0000][7][safepoint   ] Safepoint "Cleanup", Time since last: 4000618801 ns, Reaching safepoint: 189110 ns, At safepoint: 6100 ns, Total: 195210 ns
[2026-02-05T03:32:27.073+0000][7][gc,start    ] GC(85) Pause Young (Normal) (G1 Evacuation Pause)
[2026-02-05T03:32:27.074+0000][7][gc,task     ] GC(85) Using 10 workers of 10 for evacuation
[2026-02-05T03:32:27.074+0000][7][gc,age      ] GC(85) Desired survivor size 18874368 bytes, new threshold 15 (max threshold 15)
[2026-02-05T03:32:27.077+0000][7][gc,age      ] GC(85) Age table with threshold 15 (max threshold 15)
[2026-02-05T03:32:27.078+0000][7][gc,age      ] GC(85) - age   1:    2358504 bytes,    2358504 total
[2026-02-05T03:32:27.078+0000][7][gc,age      ] GC(85) - age   2:     629040 bytes,    2987544 total
[2026-02-05T03:32:27.078+0000][7][gc,age      ] GC(85) - age   3:     387320 bytes,    3374864 total
[2026-02-05T03:32:27.079+0000][7][gc,age      ] GC(85) - age   4:      53352 bytes,    3428216 total
[2026-02-05T03:32:27.079+0000][7][gc,age      ] GC(85) - age   5:       5304 bytes,    3433520 total
[2026-02-05T03:32:27.079+0000][7][gc,age      ] GC(85) - age   6:       7768 bytes,    3441288 total
[2026-02-05T03:32:27.079+0000][7][gc,age      ] GC(85) - age   7:     215344 bytes,    3656632 total
[2026-02-05T03:32:27.080+0000][7][gc,age      ] GC(85) - age   8:       2256 bytes,    3658888 total
[2026-02-05T03:32:27.080+0000][7][gc,age      ] GC(85) - age   9:     144768 bytes,    3803656 total
[2026-02-05T03:32:27.080+0000][7][gc,age      ] GC(85) - age  10:     298656 bytes,    4102312 total
[2026-02-05T03:32:27.080+0000][7][gc,age      ] GC(85) - age  11:       1848 bytes,    4104160 total
[2026-02-05T03:32:27.080+0000][7][gc,age      ] GC(85) - age  12:       1624 bytes,    4105784 total
[2026-02-05T03:32:27.081+0000][7][gc,age      ] GC(85) - age  13:       1024 bytes,    4106808 total
[2026-02-05T03:32:27.081+0000][7][gc,age      ] GC(85) - age  14:       2600 bytes,    4109408 total
[2026-02-05T03:32:27.081+0000][7][gc,age      ] GC(85) - age  15:      33248 bytes,    4142656 total
[2026-02-05T03:32:27.081+0000][7][gc,phases   ] GC(85)   Pre Evacuate Collection Set: 0.2ms
[2026-02-05T03:32:27.081+0000][7][gc,phases   ] GC(85)   Merge Heap Roots: 0.2ms
[2026-02-05T03:32:27.081+0000][7][gc,phases   ] GC(85)   Evacuate Collection Set: 1.6ms
[2026-02-05T03:32:27.082+0000][7][gc,phases   ] GC(85)   Post Evacuate Collection Set: 1.2ms
[2026-02-05T03:32:27.082+0000][7][gc,phases   ] GC(85)   Other: 4.5ms
[2026-02-05T03:32:27.082+0000][7][gc,heap     ] GC(85) Eden regions: 70->0(69)
[2026-02-05T03:32:27.082+0000][7][gc,heap     ] GC(85) Survivor regions: 1->2(9)
[2026-02-05T03:32:27.082+0000][7][gc,heap     ] GC(85) Old regions: 28->28
[2026-02-05T03:32:27.082+0000][7][gc,heap     ] GC(85) Archive regions: 2->2
[2026-02-05T03:32:27.083+0000][7][gc,heap     ] GC(85) Humongous regions: 5->5
[2026-02-05T03:32:27.083+0000][7][gc,metaspace] GC(85) Metaspace: 121561K(123328K)->121561K(123328K) NonClass: 105745K(106752K)->105745K(106752K) Class: 15816K(16576K)->15816K(16576K)
[2026-02-05T03:32:27.083+0000][7][gc          ] GC(85) Pause Young (Normal) (G1 Evacuation Pause) 417M->138M(512M) 9.348ms
[2026-02-05T03:32:27.083+0000][7][gc,cpu      ] GC(85) User=0.01s Sys=0.00s Real=0.01s
[2026-02-05T03:32:27.083+0000][7][safepoint   ] Safepoint "G1CollectForAllocation", Time since last: 1807353482 ns, Reaching safepoint: 234012 ns, At safepoint: 9761596 ns, Total: 9995608 ns
[2026-02-05T03:32:40.087+0000][7][safepoint   ] Safepoint "Cleanup", Time since last: 13003190973 ns, Reaching safepoint: 170408 ns, At safepoint: 6501 ns, Total: 176909 ns
[2026-02-05T03:32:54.088+0000][7][safepoint   ] Safepoint "Cleanup", Time since last: 14002564037 ns, Reaching safepoint: 317115 ns, At safepoint: 9901 ns, Total: 327016 ns
[2026-02-05T03:33:03.090+0000][7][safepoint   ] Safepoint "Cleanup", Time since last: 9001565185 ns, Reaching safepoint: 224811 ns, At safepoint: 31602 ns, Total: 256413 ns
[2026-02-05T03:33:20.248+0000][7][gc,start    ] GC(86) Pause Young (Normal) (G1 Evacuation Pause)
[2026-02-05T03:33:20.248+0000][7][gc,task     ] GC(86) Using 10 workers of 10 for evacuation
[2026-02-05T03:33:20.249+0000][7][gc,age      ] GC(86) Desired survivor size 18874368 bytes, new threshold 15 (max threshold 15)
[2026-02-05T03:33:20.252+0000][7][gc,age      ] GC(86) Age table with threshold 15 (max threshold 15)
[2026-02-05T03:33:20.252+0000][7][gc,age      ] GC(86) - age   1:    1701112 bytes,    1701112 total
[2026-02-05T03:33:20.252+0000][7][gc,age      ] GC(86) - age   2:      25416 bytes,    1726528 total
[2026-02-05T03:33:20.252+0000][7][gc,age      ] GC(86) - age   3:     432464 bytes,    2158992 total
[2026-02-05T03:33:20.253+0000][7][gc,age      ] GC(86) - age   4:     386720 bytes,    2545712 total
[2026-02-05T03:33:20.253+0000][7][gc,age      ] GC(86) - age   5:      53288 bytes,    2599000 total
[2026-02-05T03:33:20.253+0000][7][gc,age      ] GC(86) - age   6:       5240 bytes,    2604240 total
[2026-02-05T03:33:20.253+0000][7][gc,age      ] GC(86) - age   7:       7768 bytes,    2612008 total
[2026-02-05T03:33:20.254+0000][7][gc,age      ] GC(86) - age   8:     215344 bytes,    2827352 total
[2026-02-05T03:33:20.254+0000][7][gc,age      ] GC(86) - age   9:       2256 bytes,    2829608 total
[2026-02-05T03:33:20.254+0000][7][gc,age      ] GC(86) - age  10:     144768 bytes,    2974376 total
[2026-02-05T03:33:20.254+0000][7][gc,age      ] GC(86) - age  11:     298656 bytes,    3273032 total
[2026-02-05T03:33:20.255+0000][7][gc,age      ] GC(86) - age  12:       1848 bytes,    3274880 total
[2026-02-05T03:33:20.255+0000][7][gc,age      ] GC(86) - age  13:       1432 bytes,    3276312 total
[2026-02-05T03:33:20.255+0000][7][gc,age      ] GC(86) - age  14:       1024 bytes,    3277336 total
[2026-02-05T03:33:20.255+0000][7][gc,age      ] GC(86) - age  15:       2600 bytes,    3279936 total
[2026-02-05T03:33:20.256+0000][7][gc,phases   ] GC(86)   Pre Evacuate Collection Set: 0.2ms
[2026-02-05T03:33:20.256+0000][7][gc,phases   ] GC(86)   Merge Heap Roots: 0.1ms
[2026-02-05T03:33:20.256+0000][7][gc,phases   ] GC(86)   Evacuate Collection Set: 1.2ms
[2026-02-05T03:33:20.256+0000][7][gc,phases   ] GC(86)   Post Evacuate Collection Set: 1.1ms
[2026-02-05T03:33:20.256+0000][7][gc,phases   ] GC(86)   Other: 4.9ms
[2026-02-05T03:33:20.257+0000][7][gc,heap     ] GC(86) Eden regions: 69->0(70)
[2026-02-05T03:33:20.257+0000][7][gc,heap     ] GC(86) Survivor regions: 2->1(9)
[2026-02-05T03:33:20.257+0000][7][gc,heap     ] GC(86) Old regions: 28->28
[2026-02-05T03:33:20.257+0000][7][gc,heap     ] GC(86) Archive regions: 2->2
[2026-02-05T03:33:20.258+0000][7][gc,heap     ] GC(86) Humongous regions: 5->5
[2026-02-05T03:33:20.258+0000][7][gc,metaspace] GC(86) Metaspace: 121566K(123328K)->121566K(123328K) NonClass: 105750K(106752K)->105750K(106752K) Class: 15816K(16576K)->15816K(16576K)
[2026-02-05T03:33:20.258+0000][7][gc          ] GC(86) Pause Young (Normal) (G1 Evacuation Pause) 414M->138M(512M) 9.965ms
[2026-02-05T03:33:20.258+0000][7][gc,cpu      ] GC(86) User=0.00s Sys=0.00s Real=0.01s
[2026-02-05T03:33:20.258+0000][7][safepoint   ] Safepoint "G1CollectForAllocation", Time since last: 17159507996 ns, Reaching safepoint: 173309 ns, At safepoint: 10422200 ns, Total: 10595509 ns
[2026-02-05T03:33:30.260+0000][7][safepoint   ] Safepoint "Cleanup", Time since last: 10001293242 ns, Reaching safepoint: 325616 ns, At safepoint: 145807 ns, Total: 471423 ns
[2026-02-05T03:33:31.261+0000][7][safepoint   ] Safepoint "Cleanup", Time since last: 1000546242 ns, Reaching safepoint: 248712 ns, At safepoint: 20201 ns, Total: 268913 ns
[2026-02-05T03:33:32.262+0000][7][safepoint   ] Safepoint "Cleanup", Time since last: 1000528741 ns, Reaching safepoint: 198610 ns, At safepoint: 6000 ns, Total: 204610 ns
[2026-02-05T03:33:33.263+0000][7][safepoint   ] Safepoint "Cleanup", Time since last: 1000542142 ns, Reaching safepoint: 201610 ns, At safepoint: 5000 ns, Total: 206610 ns
[2026-02-05T03:33:54.266+0000][7][safepoint   ] Safepoint "Cleanup", Time since last: 21003756029 ns, Reaching safepoint: 721535 ns, At safepoint: 49302 ns, Total: 770837 ns
[2026-02-05T03:34:01.268+0000][7][safepoint   ] Safepoint "Cleanup", Time since last: 7001872910 ns, Reaching safepoint: 269214 ns, At safepoint: 18501 ns, Total: 287715 ns
[2026-02-05T03:34:04.269+0000][7][safepoint   ] Safepoint "Cleanup", Time since last: 3001077658 ns, Reaching safepoint: 279214 ns, At safepoint: 9200 ns, Total: 288414 ns
[2026-02-05T03:34:09.427+0000][7][gc,start    ] GC(87) Pause Young (Normal) (G1 Evacuation Pause)
[2026-02-05T03:34:09.427+0000][7][gc,task     ] GC(87) Using 10 workers of 10 for evacuation
[2026-02-05T03:34:09.427+0000][7][gc,age      ] GC(87) Desired survivor size 18874368 bytes, new threshold 15 (max threshold 15)
[2026-02-05T03:34:09.430+0000][7][gc,age      ] GC(87) Age table with threshold 15 (max threshold 15)
[2026-02-05T03:34:09.431+0000][7][gc,age      ] GC(87) - age   1:    1723384 bytes,    1723384 total
[2026-02-05T03:34:09.431+0000][7][gc,age      ] GC(87) - age   2:       4336 bytes,    1727720 total
[2026-02-05T03:34:09.431+0000][7][gc,age      ] GC(87) - age   3:      22648 bytes,    1750368 total
[2026-02-05T03:34:09.431+0000][7][gc,age      ] GC(87) - age   4:     432016 bytes,    2182384 total
[2026-02-05T03:34:09.431+0000][7][gc,age      ] GC(87) - age   5:     386336 bytes,    2568720 total
[2026-02-05T03:34:09.432+0000][7][gc,age      ] GC(87) - age   6:      52768 bytes,    2621488 total
[2026-02-05T03:34:09.432+0000][7][gc,age      ] GC(87) - age   7:       5112 bytes,    2626600 total
[2026-02-05T03:34:09.432+0000][7][gc,age      ] GC(87) - age   8:       7672 bytes,    2634272 total
[2026-02-05T03:34:09.432+0000][7][gc,age      ] GC(87) - age   9:     215152 bytes,    2849424 total
[2026-02-05T03:34:09.432+0000][7][gc,age      ] GC(87) - age  10:       2256 bytes,    2851680 total
[2026-02-05T03:34:09.433+0000][7][gc,age      ] GC(87) - age  11:     144768 bytes,    2996448 total
[2026-02-05T03:34:09.433+0000][7][gc,age      ] GC(87) - age  12:     298656 bytes,    3295104 total
[2026-02-05T03:34:09.433+0000][7][gc,age      ] GC(87) - age  13:       1848 bytes,    3296952 total
[2026-02-05T03:34:09.433+0000][7][gc,age      ] GC(87) - age  14:       1432 bytes,    3298384 total
[2026-02-05T03:34:09.433+0000][7][gc,age      ] GC(87) - age  15:       1024 bytes,    3299408 total
[2026-02-05T03:34:09.434+0000][7][gc,phases   ] GC(87)   Pre Evacuate Collection Set: 0.3ms
[2026-02-05T03:34:09.434+0000][7][gc,phases   ] GC(87)   Merge Heap Roots: 0.2ms
[2026-02-05T03:34:09.434+0000][7][gc,phases   ] GC(87)   Evacuate Collection Set: 1.2ms
[2026-02-05T03:34:09.434+0000][7][gc,phases   ] GC(87)   Post Evacuate Collection Set: 1.2ms
[2026-02-05T03:34:09.434+0000][7][gc,phases   ] GC(87)   Other: 4.2ms
[2026-02-05T03:34:09.435+0000][7][gc,heap     ] GC(87) Eden regions: 70->0(70)
[2026-02-05T03:34:09.435+0000][7][gc,heap     ] GC(87) Survivor regions: 1->1(9)
[2026-02-05T03:34:09.435+0000][7][gc,heap     ] GC(87) Old regions: 28->28
[2026-02-05T03:34:09.435+0000][7][gc,heap     ] GC(87) Archive regions: 2->2
[2026-02-05T03:34:09.436+0000][7][gc,heap     ] GC(87) Humongous regions: 5->5
[2026-02-05T03:34:09.436+0000][7][gc,metaspace] GC(87) Metaspace: 121578K(123328K)->121578K(123328K) NonClass: 105762K(106752K)->105762K(106752K) Class: 15816K(16576K)->15816K(16576K)
[2026-02-05T03:34:09.436+0000][7][gc          ] GC(87) Pause Young (Normal) (G1 Evacuation Pause) 418M->138M(512M) 9.333ms
[2026-02-05T03:34:09.436+0000][7][gc,cpu      ] GC(87) User=0.01s Sys=0.00s Real=0.01s
[2026-02-05T03:34:09.436+0000][7][safepoint   ] Safepoint "G1CollectForAllocation", Time since last: 5157114007 ns, Reaching safepoint: 186209 ns, At safepoint: 9837667 ns, Total: 10023876 ns
[2026-02-05T03:34:13.438+0000][7][safepoint   ] Safepoint "Cleanup", Time since last: 4000882842 ns, Reaching safepoint: 290814 ns, At safepoint: 8900 ns, Total: 299714 ns
[2026-02-05T03:34:15.437+0000][7][safepoint   ] Safepoint "Cleanup", Time since last: 2000993197 ns, Reaching safepoint: 189809 ns, At safepoint: 6000 ns, Total: 195809 ns
[2026-02-05T03:34:22.438+0000][7][safepoint   ] Safepoint "Cleanup", Time since last: 7001545739 ns, Reaching safepoint: 186708 ns, At safepoint: 20600 ns, Total: 207308 ns
[2026-02-05T03:34:28.440+0000][7][safepoint   ] Safepoint "Cleanup", Time since last: 6001332263 ns, Reaching safepoint: 224513 ns, At safepoint: 9401 ns, Total: 233914 ns
[2026-02-05T03:34:33.441+0000][7][safepoint   ] Safepoint "Cleanup", Time since last: 5001223062 ns, Reaching safepoint: 198812 ns, At safepoint: 8701 ns, Total: 207513 ns
[2026-02-05T03:34:39.444+0000][7][safepoint   ] Safepoint "Cleanup", Time since last: 6001959536 ns, Reaching safepoint: 804248 ns, At safepoint: 23302 ns, Total: 827550 ns
[2026-02-05T03:35:09.149+0000][7][gc,start    ] GC(88) Pause Young (Normal) (G1 Evacuation Pause)
[2026-02-05T03:35:09.149+0000][7][gc,task     ] GC(88) Using 10 workers of 10 for evacuation
[2026-02-05T03:35:09.149+0000][7][gc,age      ] GC(88) Desired survivor size 18874368 bytes, new threshold 15 (max threshold 15)
[2026-02-05T03:35:09.152+0000][7][gc,age      ] GC(88) Age table with threshold 15 (max threshold 15)
[2026-02-05T03:35:09.152+0000][7][gc,age      ] GC(88) - age   1:    1403776 bytes,    1403776 total
[2026-02-05T03:35:09.152+0000][7][gc,age      ] GC(88) - age   2:       4168 bytes,    1407944 total
[2026-02-05T03:35:09.152+0000][7][gc,age      ] GC(88) - age   3:       2128 bytes,    1410072 total
[2026-02-05T03:35:09.153+0000][7][gc,age      ] GC(88) - age   4:      21984 bytes,    1432056 total
[2026-02-05T03:35:09.153+0000][7][gc,age      ] GC(88) - age   5:     431656 bytes,    1863712 total
[2026-02-05T03:35:09.153+0000][7][gc,age      ] GC(88) - age   6:     386152 bytes,    2249864 total
[2026-02-05T03:35:09.153+0000][7][gc,age      ] GC(88) - age   7:      52768 bytes,    2302632 total
[2026-02-05T03:35:09.153+0000][7][gc,age      ] GC(88) - age   8:       5112 bytes,    2307744 total
[2026-02-05T03:35:09.153+0000][7][gc,age      ] GC(88) - age   9:       7672 bytes,    2315416 total
[2026-02-05T03:35:09.153+0000][7][gc,age      ] GC(88) - age  10:     215152 bytes,    2530568 total
[2026-02-05T03:35:09.154+0000][7][gc,age      ] GC(88) - age  11:       2256 bytes,    2532824 total
[2026-02-05T03:35:09.154+0000][7][gc,age      ] GC(88) - age  12:     144768 bytes,    2677592 total
[2026-02-05T03:35:09.154+0000][7][gc,age      ] GC(88) - age  13:     298656 bytes,    2976248 total
[2026-02-05T03:35:09.154+0000][7][gc,age      ] GC(88) - age  14:       1848 bytes,    2978096 total
[2026-02-05T03:35:09.154+0000][7][gc,age      ] GC(88) - age  15:       1432 bytes,    2979528 total
[2026-02-05T03:35:09.154+0000][7][gc,phases   ] GC(88)   Pre Evacuate Collection Set: 0.2ms
[2026-02-05T03:35:09.154+0000][7][gc,phases   ] GC(88)   Merge Heap Roots: 0.1ms
[2026-02-05T03:35:09.155+0000][7][gc,phases   ] GC(88)   Evacuate Collection Set: 1.1ms
[2026-02-05T03:35:09.155+0000][7][gc,phases   ] GC(88)   Post Evacuate Collection Set: 1.0ms
[2026-02-05T03:35:09.155+0000][7][gc,phases   ] GC(88)   Other: 3.0ms
[2026-02-05T03:35:09.155+0000][7][gc,heap     ] GC(88) Eden regions: 70->0(70)
[2026-02-05T03:35:09.155+0000][7][gc,heap     ] GC(88) Survivor regions: 1->1(9)
[2026-02-05T03:35:09.155+0000][7][gc,heap     ] GC(88) Old regions: 28->28
[2026-02-05T03:35:09.155+0000][7][gc,heap     ] GC(88) Archive regions: 2->2
[2026-02-05T03:35:09.155+0000][7][gc,heap     ] GC(88) Humongous regions: 5->5
[2026-02-05T03:35:09.155+0000][7][gc,metaspace] GC(88) Metaspace: 121591K(123328K)->121591K(123328K) NonClass: 105775K(106752K)->105775K(106752K) Class: 15816K(16576K)->15816K(16576K)
[2026-02-05T03:35:09.156+0000][7][gc          ] GC(88) Pause Young (Normal) (G1 Evacuation Pause) 418M->137M(512M) 6.757ms
[2026-02-05T03:35:09.156+0000][7][gc,cpu      ] GC(88) User=0.01s Sys=0.00s Real=0.01s
[2026-02-05T03:35:09.156+0000][7][safepoint   ] Safepoint "G1CollectForAllocation", Time since last: 29705409982 ns, Reaching safepoint: 184210 ns, At safepoint: 7097252 ns, Total: 7281462 ns
[2026-02-05T03:35:16.156+0000][7][safepoint   ] Safepoint "Cleanup", Time since last: 7001332396 ns, Reaching safepoint: 232610 ns, At safepoint: 14001 ns, Total: 246611 ns
[2026-02-05T03:35:26.158+0000][7][safepoint   ] Safepoint "Cleanup", Time since last: 10001896647 ns, Reaching safepoint: 311115 ns, At safepoint: 13601 ns, Total: 324716 ns
[2026-02-05T03:35:27.158+0000][7][safepoint   ] Safepoint "Cleanup", Time since last: 1000470188 ns, Reaching safepoint: 266513 ns, At safepoint: 22001 ns, Total: 288514 ns
[2026-02-05T03:35:46.160+0000][7][safepoint   ] Safepoint "Cleanup", Time since last: 19002608535 ns, Reaching safepoint: 360817 ns, At safepoint: 15301 ns, Total: 376118 ns
[2026-02-05T03:35:54.162+0000][7][safepoint   ] Safepoint "Cleanup", Time since last: 8001870399 ns, Reaching safepoint: 308115 ns, At safepoint: 25801 ns, Total: 333916 ns
[2026-02-05T03:36:03.039+0000][7][gc,start    ] GC(89) Pause Young (Normal) (G1 Evacuation Pause)
[2026-02-05T03:36:03.039+0000][7][gc,task     ] GC(89) Using 10 workers of 10 for evacuation
[2026-02-05T03:36:03.039+0000][7][gc,age      ] GC(89) Desired survivor size 18874368 bytes, new threshold 15 (max threshold 15)
[2026-02-05T03:36:03.043+0000][7][gc,age      ] GC(89) Age table with threshold 15 (max threshold 15)
[2026-02-05T03:36:03.043+0000][7][gc,age      ] GC(89) - age   1:    1719976 bytes,    1719976 total
[2026-02-05T03:36:03.043+0000][7][gc,age      ] GC(89) - age   2:     205040 bytes,    1925016 total
[2026-02-05T03:36:03.043+0000][7][gc,age      ] GC(89) - age   3:       1808 bytes,    1926824 total
[2026-02-05T03:36:03.043+0000][7][gc,age      ] GC(89) - age   4:       1392 bytes,    1928216 total
[2026-02-05T03:36:03.044+0000][7][gc,age      ] GC(89) - age   5:      21328 bytes,    1949544 total
[2026-02-05T03:36:03.044+0000][7][gc,age      ] GC(89) - age   6:     431320 bytes,    2380864 total
[2026-02-05T03:36:03.044+0000][7][gc,age      ] GC(89) - age   7:     115832 bytes,    2496696 total
[2026-02-05T03:36:03.044+0000][7][gc,age      ] GC(89) - age   8:      14120 bytes,    2510816 total
[2026-02-05T03:36:03.045+0000][7][gc,age      ] GC(89) - age   9:       5048 bytes,    2515864 total
[2026-02-05T03:36:03.045+0000][7][gc,age      ] GC(89) - age  10:       7472 bytes,    2523336 total
[2026-02-05T03:36:03.045+0000][7][gc,age      ] GC(89) - age  11:     215152 bytes,    2738488 total
[2026-02-05T03:36:03.045+0000][7][gc,age      ] GC(89) - age  12:       2256 bytes,    2740744 total
[2026-02-05T03:36:03.046+0000][7][gc,age      ] GC(89) - age  13:     144768 bytes,    2885512 total
[2026-02-05T03:36:03.046+0000][7][gc,age      ] GC(89) - age  14:     298320 bytes,    3183832 total
[2026-02-05T03:36:03.046+0000][7][gc,age      ] GC(89) - age  15:       1848 bytes,    3185680 total
[2026-02-05T03:36:03.047+0000][7][gc,phases   ] GC(89)   Pre Evacuate Collection Set: 0.2ms
[2026-02-05T03:36:03.047+0000][7][gc,phases   ] GC(89)   Merge Heap Roots: 0.2ms
[2026-02-05T03:36:03.047+0000][7][gc,phases   ] GC(89)   Evacuate Collection Set: 1.4ms
[2026-02-05T03:36:03.047+0000][7][gc,phases   ] GC(89)   Post Evacuate Collection Set: 1.3ms
[2026-02-05T03:36:03.047+0000][7][gc,phases   ] GC(89)   Other: 4.7ms
[2026-02-05T03:36:03.048+0000][7][gc,heap     ] GC(89) Eden regions: 70->0(70)
[2026-02-05T03:36:03.048+0000][7][gc,heap     ] GC(89) Survivor regions: 1->1(9)
[2026-02-05T03:36:03.048+0000][7][gc,heap     ] GC(89) Old regions: 28->28
[2026-02-05T03:36:03.048+0000][7][gc,heap     ] GC(89) Archive regions: 2->2
[2026-02-05T03:36:03.048+0000][7][gc,heap     ] GC(89) Humongous regions: 5->5
[2026-02-05T03:36:03.048+0000][7][gc,metaspace] GC(89) Metaspace: 121592K(123328K)->121592K(123328K) NonClass: 105776K(106752K)->105776K(106752K) Class: 15816K(16576K)->15816K(16576K)
[2026-02-05T03:36:03.049+0000][7][gc          ] GC(89) Pause Young (Normal) (G1 Evacuation Pause) 417M->137M(512M) 9.789ms
[2026-02-05T03:36:03.049+0000][7][gc,cpu      ] GC(89) User=0.01s Sys=0.01s Real=0.01s
[2026-02-05T03:36:03.049+0000][7][safepoint   ] Safepoint "G1CollectForAllocation", Time since last: 8876479493 ns, Reaching safepoint: 228912 ns, At safepoint: 10352813 ns, Total: 10581725 ns
[2026-02-05T03:36:16.051+0000][7][safepoint   ] Safepoint "Cleanup", Time since last: 13002580769 ns, Reaching safepoint: 195810 ns, At safepoint: 5800 ns, Total: 201610 ns
[2026-02-05T03:36:43.057+0000][7][safepoint   ] Safepoint "Cleanup", Time since last: 27005951636 ns, Reaching safepoint: 312514 ns, At safepoint: 18901 ns, Total: 331415 ns
[2026-02-05T03:36:46.057+0000][7][safepoint   ] Safepoint "Cleanup", Time since last: 3000764187 ns, Reaching safepoint: 169007 ns, At safepoint: 6401 ns, Total: 175408 ns
[2026-02-05T03:36:53.776+0000][7][gc,start    ] GC(90) Pause Young (Normal) (G1 Evacuation Pause)
[2026-02-05T03:36:53.776+0000][7][gc,task     ] GC(90) Using 10 workers of 10 for evacuation
[2026-02-05T03:36:53.776+0000][7][gc,age      ] GC(90) Desired survivor size 18874368 bytes, new threshold 15 (max threshold 15)
[2026-02-05T03:36:53.779+0000][7][gc,age      ] GC(90) Age table with threshold 15 (max threshold 15)
[2026-02-05T03:36:53.780+0000][7][gc,age      ] GC(90) - age   1:    2439168 bytes,    2439168 total
[2026-02-05T03:36:53.780+0000][7][gc,age      ] GC(90) - age   2:      33112 bytes,    2472280 total
[2026-02-05T03:36:53.780+0000][7][gc,age      ] GC(90) - age   3:       3080 bytes,    2475360 total
[2026-02-05T03:36:53.780+0000][7][gc,age      ] GC(90) - age   4:       1200 bytes,    2476560 total
[2026-02-05T03:36:53.781+0000][7][gc,age      ] GC(90) - age   5:       1264 bytes,    2477824 total
[2026-02-05T03:36:53.781+0000][7][gc,age      ] GC(90) - age   6:       1328 bytes,    2479152 total
[2026-02-05T03:36:53.781+0000][7][gc,age      ] GC(90) - age   7:     331496 bytes,    2810648 total
[2026-02-05T03:36:53.781+0000][7][gc,age      ] GC(90) - age   8:       4624 bytes,    2815272 total
[2026-02-05T03:36:53.781+0000][7][gc,age      ] GC(90) - age   9:       5840 bytes,    2821112 total
[2026-02-05T03:36:53.781+0000][7][gc,age      ] GC(90) - age  10:       4984 bytes,    2826096 total
[2026-02-05T03:36:53.781+0000][7][gc,age      ] GC(90) - age  11:       7472 bytes,    2833568 total
[2026-02-05T03:36:53.782+0000][7][gc,age      ] GC(90) - age  12:     215152 bytes,    3048720 total
[2026-02-05T03:36:53.782+0000][7][gc,age      ] GC(90) - age  13:       2256 bytes,    3050976 total
[2026-02-05T03:36:53.782+0000][7][gc,age      ] GC(90) - age  14:     144768 bytes,    3195744 total
[2026-02-05T03:36:53.782+0000][7][gc,age      ] GC(90) - age  15:      92680 bytes,    3288424 total
[2026-02-05T03:36:53.782+0000][7][gc,phases   ] GC(90)   Pre Evacuate Collection Set: 0.2ms
[2026-02-05T03:36:53.782+0000][7][gc,phases   ] GC(90)   Merge Heap Roots: 0.1ms
[2026-02-05T03:36:53.782+0000][7][gc,phases   ] GC(90)   Evacuate Collection Set: 1.3ms
[2026-02-05T03:36:53.782+0000][7][gc,phases   ] GC(90)   Post Evacuate Collection Set: 1.5ms
[2026-02-05T03:36:53.783+0000][7][gc,phases   ] GC(90)   Other: 3.5ms
[2026-02-05T03:36:53.783+0000][7][gc,heap     ] GC(90) Eden regions: 70->0(70)
[2026-02-05T03:36:53.783+0000][7][gc,heap     ] GC(90) Survivor regions: 1->1(9)
[2026-02-05T03:36:53.783+0000][7][gc,heap     ] GC(90) Old regions: 28->28
[2026-02-05T03:36:53.783+0000][7][gc,heap     ] GC(90) Archive regions: 2->2
[2026-02-05T03:36:53.783+0000][7][gc,heap     ] GC(90) Humongous regions: 5->5
[2026-02-05T03:36:53.783+0000][7][gc,metaspace] GC(90) Metaspace: 121606K(123328K)->121606K(123328K) NonClass: 105788K(106752K)->105788K(106752K) Class: 15817K(16576K)->15817K(16576K)
[2026-02-05T03:36:53.783+0000][7][gc          ] GC(90) Pause Young (Normal) (G1 Evacuation Pause) 417M->138M(512M) 7.952ms
[2026-02-05T03:36:53.784+0000][7][gc,cpu      ] GC(90) User=0.02s Sys=0.00s Real=0.00s
[2026-02-05T03:36:53.784+0000][7][safepoint   ] Safepoint "G1CollectForAllocation", Time since last: 7718625256 ns, Reaching safepoint: 187108 ns, At safepoint: 8535993 ns, Total: 8723101 ns
[2026-02-05T03:36:54.785+0000][7][safepoint   ] Safepoint "Cleanup", Time since last: 1000421446 ns, Reaching safepoint: 211710 ns, At safepoint: 9901 ns, Total: 221611 ns
[2026-02-05T03:36:57.786+0000][7][safepoint   ] Safepoint "Cleanup", Time since last: 3000894018 ns, Reaching safepoint: 251312 ns, At safepoint: 16501 ns, Total: 267813 ns
[2026-02-05T03:37:09.788+0000][7][safepoint   ] Safepoint "Cleanup", Time since last: 12002224596 ns, Reaching safepoint: 221411 ns, At safepoint: 6500 ns, Total: 227911 ns
[2026-02-05T03:37:21.790+0000][7][safepoint   ] Safepoint "Cleanup", Time since last: 12002545037 ns, Reaching safepoint: 340617 ns, At safepoint: 35701 ns, Total: 376318 ns
[2026-02-05T03:37:24.791+0000][7][safepoint   ] Safepoint "Cleanup", Time since last: 3000882997 ns, Reaching safepoint: 226310 ns, At safepoint: 6701 ns, Total: 233011 ns
[2026-02-05T03:37:43.307+0000][7][gc,start    ] GC(91) Pause Young (Normal) (G1 Evacuation Pause)
[2026-02-05T03:37:43.307+0000][7][gc,task     ] GC(91) Using 10 workers of 10 for evacuation
[2026-02-05T03:37:43.307+0000][7][gc,age      ] GC(91) Desired survivor size 18874368 bytes, new threshold 15 (max threshold 15)
[2026-02-05T03:37:43.311+0000][7][gc,age      ] GC(91) Age table with threshold 15 (max threshold 15)
[2026-02-05T03:37:43.311+0000][7][gc,age      ] GC(91) - age   1:    2230616 bytes,    2230616 total
[2026-02-05T03:37:43.311+0000][7][gc,age      ] GC(91) - age   2:     334808 bytes,    2565424 total
[2026-02-05T03:37:43.311+0000][7][gc,age      ] GC(91) - age   3:      30032 bytes,    2595456 total
[2026-02-05T03:37:43.311+0000][7][gc,age      ] GC(91) - age   4:       1648 bytes,    2597104 total
[2026-02-05T03:37:43.311+0000][7][gc,age      ] GC(91) - age   5:        816 bytes,    2597920 total
[2026-02-05T03:37:43.312+0000][7][gc,age      ] GC(91) - age   6:        976 bytes,    2598896 total
[2026-02-05T03:37:43.312+0000][7][gc,age      ] GC(91) - age   7:       1128 bytes,    2600024 total
[2026-02-05T03:37:43.312+0000][7][gc,age      ] GC(91) - age   8:     306656 bytes,    2906680 total
[2026-02-05T03:37:43.312+0000][7][gc,age      ] GC(91) - age   9:       4624 bytes,    2911304 total
[2026-02-05T03:37:43.312+0000][7][gc,age      ] GC(91) - age  10:       5744 bytes,    2917048 total
[2026-02-05T03:37:43.312+0000][7][gc,age      ] GC(91) - age  11:       4920 bytes,    2921968 total
[2026-02-05T03:37:43.312+0000][7][gc,age      ] GC(91) - age  12:       7472 bytes,    2929440 total
[2026-02-05T03:37:43.312+0000][7][gc,age      ] GC(91) - age  13:     214656 bytes,    3144096 total
[2026-02-05T03:37:43.313+0000][7][gc,age      ] GC(91) - age  14:       2256 bytes,    3146352 total
[2026-02-05T03:37:43.313+0000][7][gc,age      ] GC(91) - age  15:     144704 bytes,    3291056 total
[2026-02-05T03:37:43.313+0000][7][gc,phases   ] GC(91)   Pre Evacuate Collection Set: 0.2ms
[2026-02-05T03:37:43.313+0000][7][gc,phases   ] GC(91)   Merge Heap Roots: 0.1ms
[2026-02-05T03:37:43.313+0000][7][gc,phases   ] GC(91)   Evacuate Collection Set: 1.2ms
[2026-02-05T03:37:43.313+0000][7][gc,phases   ] GC(91)   Post Evacuate Collection Set: 1.5ms
[2026-02-05T03:37:43.313+0000][7][gc,phases   ] GC(91)   Other: 3.0ms
[2026-02-05T03:37:43.314+0000][7][gc,heap     ] GC(91) Eden regions: 70->0(70)
[2026-02-05T03:37:43.314+0000][7][gc,heap     ] GC(91) Survivor regions: 1->1(9)
[2026-02-05T03:37:43.314+0000][7][gc,heap     ] GC(91) Old regions: 28->28
[2026-02-05T03:37:43.314+0000][7][gc,heap     ] GC(91) Archive regions: 2->2
[2026-02-05T03:37:43.314+0000][7][gc,heap     ] GC(91) Humongous regions: 5->5
[2026-02-05T03:37:43.314+0000][7][gc,metaspace] GC(91) Metaspace: 121609K(123328K)->121609K(123328K) NonClass: 105791K(106752K)->105791K(106752K) Class: 15818K(16576K)->15818K(16576K)
[2026-02-05T03:37:43.314+0000][7][gc          ] GC(91) Pause Young (Normal) (G1 Evacuation Pause) 418M->138M(512M) 7.334ms
[2026-02-05T03:37:43.314+0000][7][gc,cpu      ] GC(91) User=0.01s Sys=0.01s Real=0.01s
[2026-02-05T03:37:43.315+0000][7][safepoint   ] Safepoint "G1CollectForAllocation", Time since last: 18515870581 ns, Reaching safepoint: 218910 ns, At safepoint: 7709175 ns, Total: 7928085 ns
[2026-02-05T03:38:15.317+0000][7][safepoint   ] Safepoint "Cleanup", Time since last: 32005947211 ns, Reaching safepoint: 177809 ns, At safepoint: 5300 ns, Total: 183109 ns
[2026-02-05T03:38:16.318+0000][7][safepoint   ] Safepoint "Cleanup", Time since last: 1000424392 ns, Reaching safepoint: 185809 ns, At safepoint: 6200 ns, Total: 192009 ns
[2026-02-05T03:38:39.293+0000][7][gc,start    ] GC(92) Pause Young (Normal) (G1 Evacuation Pause)
[2026-02-05T03:38:39.293+0000][7][gc,task     ] GC(92) Using 10 workers of 10 for evacuation
[2026-02-05T03:38:39.294+0000][7][gc,age      ] GC(92) Desired survivor size 18874368 bytes, new threshold 15 (max threshold 15)
[2026-02-05T03:38:39.300+0000][7][gc,age      ] GC(92) Age table with threshold 15 (max threshold 15)
[2026-02-05T03:38:39.300+0000][7][gc,age      ] GC(92) - age   1:    1126768 bytes,    1126768 total
[2026-02-05T03:38:39.301+0000][7][gc,age      ] GC(92) - age   2:      32624 bytes,    1159392 total
[2026-02-05T03:38:39.301+0000][7][gc,age      ] GC(92) - age   3:     331712 bytes,    1491104 total
[2026-02-05T03:38:39.301+0000][7][gc,age      ] GC(92) - age   4:      29584 bytes,    1520688 total
[2026-02-05T03:38:39.302+0000][7][gc,age      ] GC(92) - age   5:       1456 bytes,    1522144 total
[2026-02-05T03:38:39.302+0000][7][gc,age      ] GC(92) - age   6:        816 bytes,    1522960 total
[2026-02-05T03:38:39.303+0000][7][gc,age      ] GC(92) - age   7:        976 bytes,    1523936 total
[2026-02-05T03:38:39.303+0000][7][gc,age      ] GC(92) - age   8:       1128 bytes,    1525064 total
[2026-02-05T03:38:39.304+0000][7][gc,age      ] GC(92) - age   9:     306656 bytes,    1831720 total
[2026-02-05T03:38:39.304+0000][7][gc,age      ] GC(92) - age  10:       4560 bytes,    1836280 total
[2026-02-05T03:38:39.304+0000][7][gc,age      ] GC(92) - age  11:       5744 bytes,    1842024 total
[2026-02-05T03:38:39.305+0000][7][gc,age      ] GC(92) - age  12:       4920 bytes,    1846944 total
[2026-02-05T03:38:39.305+0000][7][gc,age      ] GC(92) - age  13:       7472 bytes,    1854416 total
[2026-02-05T03:38:39.305+0000][7][gc,age      ] GC(92) - age  14:     214656 bytes,    2069072 total
[2026-02-05T03:38:39.306+0000][7][gc,age      ] GC(92) - age  15:       2256 bytes,    2071328 total
[2026-02-05T03:38:39.306+0000][7][gc,phases   ] GC(92)   Pre Evacuate Collection Set: 0.4ms
[2026-02-05T03:38:39.307+0000][7][gc,phases   ] GC(92)   Merge Heap Roots: 0.4ms
[2026-02-05T03:38:39.307+0000][7][gc,phases   ] GC(92)   Evacuate Collection Set: 2.6ms
[2026-02-05T03:38:39.307+0000][7][gc,phases   ] GC(92)   Post Evacuate Collection Set: 1.8ms
[2026-02-05T03:38:39.308+0000][7][gc,phases   ] GC(92)   Other: 8.6ms
[2026-02-05T03:38:39.308+0000][7][gc,heap     ] GC(92) Eden regions: 70->0(70)
[2026-02-05T03:38:39.309+0000][7][gc,heap     ] GC(92) Survivor regions: 1->1(9)
[2026-02-05T03:38:39.309+0000][7][gc,heap     ] GC(92) Old regions: 28->28
[2026-02-05T03:38:39.309+0000][7][gc,heap     ] GC(92) Archive regions: 2->2
[2026-02-05T03:38:39.310+0000][7][gc,heap     ] GC(92) Humongous regions: 5->5
[2026-02-05T03:38:39.310+0000][7][gc,metaspace] GC(92) Metaspace: 121627K(123328K)->121627K(123328K) NonClass: 105808K(106752K)->105808K(106752K) Class: 15818K(16576K)->15818K(16576K)
[2026-02-05T03:38:39.310+0000][7][gc          ] GC(92) Pause Young (Normal) (G1 Evacuation Pause) 418M->137M(512M) 17.692ms
[2026-02-05T03:38:39.311+0000][7][gc,cpu      ] GC(92) User=0.02s Sys=0.01s Real=0.02s
[2026-02-05T03:38:39.311+0000][7][safepoint   ] Safepoint "G1CollectForAllocation", Time since last: 22974046997 ns, Reaching safepoint: 437922 ns, At safepoint: 18549232 ns, Total: 18987154 ns
[2026-02-05T03:38:46.312+0000][7][safepoint   ] Safepoint "Cleanup", Time since last: 7001503883 ns, Reaching safepoint: 298715 ns, At safepoint: 18201 ns, Total: 316916 ns
[2026-02-05T03:38:52.313+0000][7][safepoint   ] Safepoint "Cleanup", Time since last: 6001291377 ns, Reaching safepoint: 278413 ns, At safepoint: 15301 ns, Total: 293714 ns
[2026-02-05T03:38:54.314+0000][7][safepoint   ] Safepoint "Cleanup", Time since last: 2000569151 ns, Reaching safepoint: 213910 ns, At safepoint: 6601 ns, Total: 220511 ns
[2026-02-05T03:39:21.319+0000][7][safepoint   ] Safepoint "Cleanup", Time since last: 27005988849 ns, Reaching safepoint: 186809 ns, At safepoint: 6800 ns, Total: 193609 ns
[2026-02-05T03:39:22.319+0000][7][safepoint   ] Safepoint "Cleanup", Time since last: 1000451846 ns, Reaching safepoint: 192409 ns, At safepoint: 9100 ns, Total: 201509 ns
[2026-02-05T03:39:39.029+0000][7][gc,start    ] GC(93) Pause Young (Normal) (G1 Evacuation Pause)
[2026-02-05T03:39:39.030+0000][7][gc,task     ] GC(93) Using 10 workers of 10 for evacuation
[2026-02-05T03:39:39.030+0000][7][gc,age      ] GC(93) Desired survivor size 18874368 bytes, new threshold 15 (max threshold 15)
[2026-02-05T03:39:39.033+0000][7][gc,age      ] GC(93) Age table with threshold 15 (max threshold 15)
[2026-02-05T03:39:39.033+0000][7][gc,age      ] GC(93) - age   1:    1382584 bytes,    1382584 total
[2026-02-05T03:39:39.033+0000][7][gc,age      ] GC(93) - age   2:       8912 bytes,    1391496 total
[2026-02-05T03:39:39.034+0000][7][gc,age      ] GC(93) - age   3:      28632 bytes,    1420128 total
[2026-02-05T03:39:39.034+0000][7][gc,age      ] GC(93) - age   4:     331064 bytes,    1751192 total
[2026-02-05T03:39:39.034+0000][7][gc,age      ] GC(93) - age   5:      29208 bytes,    1780400 total
[2026-02-05T03:39:39.034+0000][7][gc,age      ] GC(93) - age   6:       1272 bytes,    1781672 total
[2026-02-05T03:39:39.035+0000][7][gc,age      ] GC(93) - age   7:        752 bytes,    1782424 total
[2026-02-05T03:39:39.035+0000][7][gc,age      ] GC(93) - age   8:        944 bytes,    1783368 total
[2026-02-05T03:39:39.035+0000][7][gc,age      ] GC(93) - age   9:       1128 bytes,    1784496 total
[2026-02-05T03:39:39.035+0000][7][gc,age      ] GC(93) - age  10:     306600 bytes,    2091096 total
[2026-02-05T03:39:39.035+0000][7][gc,age      ] GC(93) - age  11:       4560 bytes,    2095656 total
[2026-02-05T03:39:39.035+0000][7][gc,age      ] GC(93) - age  12:       5712 bytes,    2101368 total
[2026-02-05T03:39:39.036+0000][7][gc,age      ] GC(93) - age  13:       4920 bytes,    2106288 total
[2026-02-05T03:39:39.036+0000][7][gc,age      ] GC(93) - age  14:       7472 bytes,    2113760 total
[2026-02-05T03:39:39.036+0000][7][gc,age      ] GC(93) - age  15:     214656 bytes,    2328416 total
[2026-02-05T03:39:39.036+0000][7][gc,phases   ] GC(93)   Pre Evacuate Collection Set: 0.2ms
[2026-02-05T03:39:39.036+0000][7][gc,phases   ] GC(93)   Merge Heap Roots: 0.1ms
[2026-02-05T03:39:39.037+0000][7][gc,phases   ] GC(93)   Evacuate Collection Set: 1.1ms
[2026-02-05T03:39:39.037+0000][7][gc,phases   ] GC(93)   Post Evacuate Collection Set: 1.0ms
[2026-02-05T03:39:39.037+0000][7][gc,phases   ] GC(93)   Other: 4.5ms
[2026-02-05T03:39:39.037+0000][7][gc,heap     ] GC(93) Eden regions: 70->0(70)
[2026-02-05T03:39:39.037+0000][7][gc,heap     ] GC(93) Survivor regions: 1->1(9)
[2026-02-05T03:39:39.037+0000][7][gc,heap     ] GC(93) Old regions: 28->28
[2026-02-05T03:39:39.037+0000][7][gc,heap     ] GC(93) Archive regions: 2->2
[2026-02-05T03:39:39.038+0000][7][gc,heap     ] GC(93) Humongous regions: 5->5
[2026-02-05T03:39:39.038+0000][7][gc,metaspace] GC(93) Metaspace: 121628K(123328K)->121628K(123328K) NonClass: 105810K(106752K)->105810K(106752K) Class: 15818K(16576K)->15818K(16576K)
[2026-02-05T03:39:39.038+0000][7][gc          ] GC(93) Pause Young (Normal) (G1 Evacuation Pause) 417M->137M(512M) 8.735ms
[2026-02-05T03:39:39.038+0000][7][gc,cpu      ] GC(93) User=0.00s Sys=0.00s Real=0.01s
[2026-02-05T03:39:39.038+0000][7][safepoint   ] Safepoint "G1CollectForAllocation", Time since last: 16709639115 ns, Reaching safepoint: 202710 ns, At safepoint: 9206443 ns, Total: 9409153 ns
[2026-02-05T03:39:40.039+0000][7][safepoint   ] Safepoint "Cleanup", Time since last: 1000364974 ns, Reaching safepoint: 210510 ns, At safepoint: 5901 ns, Total: 216411 ns
[2026-02-05T03:39:42.040+0000][7][safepoint   ] Safepoint "Cleanup", Time since last: 2000951258 ns, Reaching safepoint: 432521 ns, At safepoint: 43702 ns, Total: 476223 ns
[2026-02-05T03:39:43.041+0000][7][safepoint   ] Safepoint "Cleanup", Time since last: 1000557283 ns, Reaching safepoint: 251212 ns, At safepoint: 14701 ns, Total: 265913 ns
[2026-02-05T03:39:50.041+0000][7][safepoint   ] Safepoint "Cleanup", Time since last: 7001325945 ns, Reaching safepoint: 247011 ns, At safepoint: 7901 ns, Total: 254912 ns
[2026-02-05T03:40:04.044+0000][7][safepoint   ] Safepoint "Cleanup", Time since last: 14002574819 ns, Reaching safepoint: 330616 ns, At safepoint: 20501 ns, Total: 351117 ns
[2026-02-05T03:40:18.046+0000][7][safepoint   ] Safepoint "Cleanup", Time since last: 14003398558 ns, Reaching safepoint: 263113 ns, At safepoint: 18800 ns, Total: 281913 ns
[2026-02-05T03:40:21.048+0000][7][safepoint   ] Safepoint "Cleanup", Time since last: 3000997071 ns, Reaching safepoint: 175209 ns, At safepoint: 6400 ns, Total: 181609 ns
[2026-02-05T03:40:27.030+0000][7][gc,start    ] GC(94) Pause Young (Normal) (G1 Evacuation Pause)
[2026-02-05T03:40:27.030+0000][7][gc,task     ] GC(94) Using 10 workers of 10 for evacuation
[2026-02-05T03:40:27.031+0000][7][gc,age      ] GC(94) Desired survivor size 18874368 bytes, new threshold 15 (max threshold 15)
[2026-02-05T03:40:27.034+0000][7][gc,age      ] GC(94) Age table with threshold 15 (max threshold 15)
[2026-02-05T03:40:27.034+0000][7][gc,age      ] GC(94) - age   1:    1953480 bytes,    1953480 total
[2026-02-05T03:40:27.034+0000][7][gc,age      ] GC(94) - age   2:     152000 bytes,    2105480 total
[2026-02-05T03:40:27.035+0000][7][gc,age      ] GC(94) - age   3:       6776 bytes,    2112256 total
[2026-02-05T03:40:27.035+0000][7][gc,age      ] GC(94) - age   4:      28024 bytes,    2140280 total
[2026-02-05T03:40:27.035+0000][7][gc,age      ] GC(94) - age   5:     330608 bytes,    2470888 total
[2026-02-05T03:40:27.035+0000][7][gc,age      ] GC(94) - age   6:      29080 bytes,    2499968 total
[2026-02-05T03:40:27.036+0000][7][gc,age      ] GC(94) - age   7:       1208 bytes,    2501176 total
[2026-02-05T03:40:27.036+0000][7][gc,age      ] GC(94) - age   8:        688 bytes,    2501864 total
[2026-02-05T03:40:27.036+0000][7][gc,age      ] GC(94) - age   9:        944 bytes,    2502808 total
[2026-02-05T03:40:27.037+0000][7][gc,age      ] GC(94) - age  10:       1128 bytes,    2503936 total
[2026-02-05T03:40:27.037+0000][7][gc,age      ] GC(94) - age  11:     306184 bytes,    2810120 total
[2026-02-05T03:40:27.037+0000][7][gc,age      ] GC(94) - age  12:       4176 bytes,    2814296 total
[2026-02-05T03:40:27.037+0000][7][gc,age      ] GC(94) - age  13:       3768 bytes,    2818064 total
[2026-02-05T03:40:27.037+0000][7][gc,age      ] GC(94) - age  14:       4920 bytes,    2822984 total
[2026-02-05T03:40:27.038+0000][7][gc,age      ] GC(94) - age  15:       7472 bytes,    2830456 total
[2026-02-05T03:40:27.038+0000][7][gc,phases   ] GC(94)   Pre Evacuate Collection Set: 0.2ms
[2026-02-05T03:40:27.038+0000][7][gc,phases   ] GC(94)   Merge Heap Roots: 0.2ms
[2026-02-05T03:40:27.038+0000][7][gc,phases   ] GC(94)   Evacuate Collection Set: 1.4ms
[2026-02-05T03:40:27.038+0000][7][gc,phases   ] GC(94)   Post Evacuate Collection Set: 1.0ms
[2026-02-05T03:40:27.038+0000][7][gc,phases   ] GC(94)   Other: 5.1ms
[2026-02-05T03:40:27.039+0000][7][gc,heap     ] GC(94) Eden regions: 70->0(70)
[2026-02-05T03:40:27.039+0000][7][gc,heap     ] GC(94) Survivor regions: 1->1(9)
[2026-02-05T03:40:27.039+0000][7][gc,heap     ] GC(94) Old regions: 28->28
[2026-02-05T03:40:27.039+0000][7][gc,heap     ] GC(94) Archive regions: 2->2
[2026-02-05T03:40:27.039+0000][7][gc,heap     ] GC(94) Humongous regions: 5->5
[2026-02-05T03:40:27.039+0000][7][gc,metaspace] GC(94) Metaspace: 121656K(123392K)->121656K(123392K) NonClass: 105838K(106816K)->105838K(106816K) Class: 15818K(16576K)->15818K(16576K)
[2026-02-05T03:40:27.039+0000][7][gc          ] GC(94) Pause Young (Normal) (G1 Evacuation Pause) 417M->138M(512M) 9.447ms
[2026-02-05T03:40:27.040+0000][7][gc,cpu      ] GC(94) User=0.01s Sys=0.01s Real=0.01s
[2026-02-05T03:40:27.040+0000][7][safepoint   ] Safepoint "G1CollectForAllocation", Time since last: 5982148679 ns, Reaching safepoint: 256612 ns, At safepoint: 9800479 ns, Total: 10057091 ns
[2026-02-05T03:40:28.040+0000][7][safepoint   ] Safepoint "Cleanup", Time since last: 1000303238 ns, Reaching safepoint: 219410 ns, At safepoint: 17501 ns, Total: 236911 ns
[2026-02-05T03:40:47.042+0000][7][safepoint   ] Safepoint "Cleanup", Time since last: 19003203749 ns, Reaching safepoint: 246412 ns, At safepoint: 11201 ns, Total: 257613 ns
[2026-02-05T03:40:53.044+0000][7][safepoint   ] Safepoint "Cleanup", Time since last: 6001329289 ns, Reaching safepoint: 317115 ns, At safepoint: 37002 ns, Total: 354117 ns
[2026-02-05T03:40:54.045+0000][7][safepoint   ] Safepoint "Cleanup", Time since last: 1001034277 ns, Reaching safepoint: 194009 ns, At safepoint: 7400 ns, Total: 201409 ns
[2026-02-05T03:41:21.298+0000][7][gc,start    ] GC(95) Pause Young (Normal) (G1 Evacuation Pause)
[2026-02-05T03:41:21.298+0000][7][gc,task     ] GC(95) Using 10 workers of 10 for evacuation
[2026-02-05T03:41:21.299+0000][7][gc,age      ] GC(95) Desired survivor size 18874368 bytes, new threshold 15 (max threshold 15)
[2026-02-05T03:41:21.302+0000][7][gc,age      ] GC(95) Age table with threshold 15 (max threshold 15)
[2026-02-05T03:41:21.303+0000][7][gc,age      ] GC(95) - age   1:    3053904 bytes,    3053904 total
[2026-02-05T03:41:21.303+0000][7][gc,age      ] GC(95) - age   2:     233600 bytes,    3287504 total
[2026-02-05T03:41:21.303+0000][7][gc,age      ] GC(95) - age   3:       2408 bytes,    3289912 total
[2026-02-05T03:41:21.303+0000][7][gc,age      ] GC(95) - age   4:       3296 bytes,    3293208 total
[2026-02-05T03:41:21.303+0000][7][gc,age      ] GC(95) - age   5:       1792 bytes,    3295000 total
[2026-02-05T03:41:21.304+0000][7][gc,age      ] GC(95) - age   6:     248472 bytes,    3543472 total
[2026-02-05T03:41:21.304+0000][7][gc,age      ] GC(95) - age   7:      28952 bytes,    3572424 total
[2026-02-05T03:41:21.304+0000][7][gc,age      ] GC(95) - age   8:       1208 bytes,    3573632 total
[2026-02-05T03:41:21.304+0000][7][gc,age      ] GC(95) - age   9:        624 bytes,    3574256 total
[2026-02-05T03:41:21.304+0000][7][gc,age      ] GC(95) - age  10:        880 bytes,    3575136 total
[2026-02-05T03:41:21.304+0000][7][gc,age      ] GC(95) - age  11:       1128 bytes,    3576264 total
[2026-02-05T03:41:21.305+0000][7][gc,age      ] GC(95) - age  12:     271936 bytes,    3848200 total
[2026-02-05T03:41:21.305+0000][7][gc,age      ] GC(95) - age  13:       4144 bytes,    3852344 total
[2026-02-05T03:41:21.305+0000][7][gc,age      ] GC(95) - age  14:       3768 bytes,    3856112 total
[2026-02-05T03:41:21.305+0000][7][gc,age      ] GC(95) - age  15:       4920 bytes,    3861032 total
[2026-02-05T03:41:21.305+0000][7][gc,phases   ] GC(95)   Pre Evacuate Collection Set: 0.2ms
[2026-02-05T03:41:21.305+0000][7][gc,phases   ] GC(95)   Merge Heap Roots: 0.1ms
[2026-02-05T03:41:21.305+0000][7][gc,phases   ] GC(95)   Evacuate Collection Set: 2.2ms
[2026-02-05T03:41:21.305+0000][7][gc,phases   ] GC(95)   Post Evacuate Collection Set: 1.0ms
[2026-02-05T03:41:21.305+0000][7][gc,phases   ] GC(95)   Other: 3.4ms
[2026-02-05T03:41:21.306+0000][7][gc,heap     ] GC(95) Eden regions: 70->0(70)
[2026-02-05T03:41:21.306+0000][7][gc,heap     ] GC(95) Survivor regions: 1->1(9)
[2026-02-05T03:41:21.306+0000][7][gc,heap     ] GC(95) Old regions: 28->28
[2026-02-05T03:41:21.306+0000][7][gc,heap     ] GC(95) Archive regions: 2->2
[2026-02-05T03:41:21.306+0000][7][gc,heap     ] GC(95) Humongous regions: 5->5
[2026-02-05T03:41:21.306+0000][7][gc,metaspace] GC(95) Metaspace: 121695K(123392K)->121695K(123392K) NonClass: 105876K(106816K)->105876K(106816K) Class: 15818K(16576K)->15818K(16576K)
[2026-02-05T03:41:21.306+0000][7][gc          ] GC(95) Pause Young (Normal) (G1 Evacuation Pause) 418M->139M(512M) 8.210ms
[2026-02-05T03:41:21.307+0000][7][gc,cpu      ] GC(95) User=0.01s Sys=0.00s Real=0.01s
[2026-02-05T03:41:21.307+0000][7][safepoint   ] Safepoint "G1CollectForAllocation", Time since last: 27254294049 ns, Reaching safepoint: 191609 ns, At safepoint: 8723307 ns, Total: 8914916 ns
[2026-02-05T03:41:27.308+0000][7][safepoint   ] Safepoint "Cleanup", Time since last: 6000938755 ns, Reaching safepoint: 233911 ns, At safepoint: 5101 ns, Total: 239012 ns
[2026-02-05T03:41:54.313+0000][7][safepoint   ] Safepoint "Cleanup", Time since last: 27005425941 ns, Reaching safepoint: 370717 ns, At safepoint: 12501 ns, Total: 383218 ns
[2026-02-05T03:41:55.314+0000][7][safepoint   ] Safepoint "Cleanup", Time since last: 1000750489 ns, Reaching safepoint: 206310 ns, At safepoint: 6300 ns, Total: 212610 ns
[2026-02-05T03:42:15.220+0000][7][gc,start    ] GC(96) Pause Young (Normal) (G1 Evacuation Pause)
[2026-02-05T03:42:15.221+0000][7][gc,task     ] GC(96) Using 10 workers of 10 for evacuation
[2026-02-05T03:42:15.221+0000][7][gc,age      ] GC(96) Desired survivor size 18874368 bytes, new threshold 15 (max threshold 15)
[2026-02-05T03:42:15.224+0000][7][gc,age      ] GC(96) Age table with threshold 15 (max threshold 15)
[2026-02-05T03:42:15.224+0000][7][gc,age      ] GC(96) - age   1:     930488 bytes,     930488 total
[2026-02-05T03:42:15.225+0000][7][gc,age      ] GC(96) - age   2:     245824 bytes,    1176312 total
[2026-02-05T03:42:15.225+0000][7][gc,age      ] GC(96) - age   3:      15432 bytes,    1191744 total
[2026-02-05T03:42:15.225+0000][7][gc,age      ] GC(96) - age   4:       1328 bytes,    1193072 total
[2026-02-05T03:42:15.225+0000][7][gc,age      ] GC(96) - age   5:       2632 bytes,    1195704 total
[2026-02-05T03:42:15.226+0000][7][gc,age      ] GC(96) - age   6:       1664 bytes,    1197368 total
[2026-02-05T03:42:15.226+0000][7][gc,age      ] GC(96) - age   7:     248472 bytes,    1445840 total
[2026-02-05T03:42:15.226+0000][7][gc,age      ] GC(96) - age   8:      28952 bytes,    1474792 total
[2026-02-05T03:42:15.226+0000][7][gc,age      ] GC(96) - age   9:       1144 bytes,    1475936 total
[2026-02-05T03:42:15.227+0000][7][gc,age      ] GC(96) - age  10:        624 bytes,    1476560 total
[2026-02-05T03:42:15.227+0000][7][gc,age      ] GC(96) - age  11:        880 bytes,    1477440 total
[2026-02-05T03:42:15.227+0000][7][gc,age      ] GC(96) - age  12:       1064 bytes,    1478504 total
[2026-02-05T03:42:15.227+0000][7][gc,age      ] GC(96) - age  13:     271640 bytes,    1750144 total
[2026-02-05T03:42:15.227+0000][7][gc,age      ] GC(96) - age  14:       4144 bytes,    1754288 total
[2026-02-05T03:42:15.228+0000][7][gc,age      ] GC(96) - age  15:       3704 bytes,    1757992 total
[2026-02-05T03:42:15.228+0000][7][gc,phases   ] GC(96)   Pre Evacuate Collection Set: 0.2ms
[2026-02-05T03:42:15.228+0000][7][gc,phases   ] GC(96)   Merge Heap Roots: 0.2ms
[2026-02-05T03:42:15.228+0000][7][gc,phases   ] GC(96)   Evacuate Collection Set: 1.0ms
[2026-02-05T03:42:15.228+0000][7][gc,phases   ] GC(96)   Post Evacuate Collection Set: 1.0ms
[2026-02-05T03:42:15.229+0000][7][gc,phases   ] GC(96)   Other: 4.9ms
[2026-02-05T03:42:15.229+0000][7][gc,heap     ] GC(96) Eden regions: 70->0(70)
[2026-02-05T03:42:15.229+0000][7][gc,heap     ] GC(96) Survivor regions: 1->1(9)
[2026-02-05T03:42:15.229+0000][7][gc,heap     ] GC(96) Old regions: 28->28
[2026-02-05T03:42:15.229+0000][7][gc,heap     ] GC(96) Archive regions: 2->2
[2026-02-05T03:42:15.229+0000][7][gc,heap     ] GC(96) Humongous regions: 5->5
[2026-02-05T03:42:15.229+0000][7][gc,metaspace] GC(96) Metaspace: 121701K(123392K)->121701K(123392K) NonClass: 105883K(106816K)->105883K(106816K) Class: 15818K(16576K)->15818K(16576K)
[2026-02-05T03:42:15.230+0000][7][gc          ] GC(96) Pause Young (Normal) (G1 Evacuation Pause) 419M->137M(512M) 9.128ms
[2026-02-05T03:42:15.230+0000][7][gc,cpu      ] GC(96) User=0.01s Sys=0.00s Real=0.01s
[2026-02-05T03:42:15.230+0000][7][safepoint   ] Safepoint "G1CollectForAllocation", Time since last: 19909582969 ns, Reaching safepoint: 261612 ns, At safepoint: 9560729 ns, Total: 9822341 ns
[2026-02-05T03:42:52.238+0000][7][safepoint   ] Safepoint "Cleanup", Time since last: 37007832475 ns, Reaching safepoint: 846741 ns, At safepoint: 25601 ns, Total: 872342 ns
[2026-02-05T03:42:54.240+0000][7][safepoint   ] Safepoint "Cleanup", Time since last: 2001720682 ns, Reaching safepoint: 423421 ns, At safepoint: 16800 ns, Total: 440221 ns
[2026-02-05T03:42:57.242+0000][7][safepoint   ] Safepoint "Cleanup", Time since last: 3000915822 ns, Reaching safepoint: 286114 ns, At safepoint: 19001 ns, Total: 305115 ns
[2026-02-05T03:42:58.243+0000][7][safepoint   ] Safepoint "Cleanup", Time since last: 1000623149 ns, Reaching safepoint: 858542 ns, At safepoint: 23701 ns, Total: 882243 ns
[2026-02-05T03:43:09.126+0000][7][gc,start    ] GC(97) Pause Young (Normal) (G1 Evacuation Pause)
[2026-02-05T03:43:09.126+0000][7][gc,task     ] GC(97) Using 10 workers of 10 for evacuation
[2026-02-05T03:43:09.126+0000][7][gc,age      ] GC(97) Desired survivor size 18874368 bytes, new threshold 15 (max threshold 15)
[2026-02-05T03:43:09.129+0000][7][gc,age      ] GC(97) Age table with threshold 15 (max threshold 15)
[2026-02-05T03:43:09.129+0000][7][gc,age      ] GC(97) - age   1:    1593104 bytes,    1593104 total
[2026-02-05T03:43:09.129+0000][7][gc,age      ] GC(97) - age   2:      36752 bytes,    1629856 total
[2026-02-05T03:43:09.129+0000][7][gc,age      ] GC(97) - age   3:     243296 bytes,    1873152 total
[2026-02-05T03:43:09.130+0000][7][gc,age      ] GC(97) - age   4:      14480 bytes,    1887632 total
[2026-02-05T03:43:09.130+0000][7][gc,age      ] GC(97) - age   5:        856 bytes,    1888488 total
[2026-02-05T03:43:09.130+0000][7][gc,age      ] GC(97) - age   6:       2248 bytes,    1890736 total
[2026-02-05T03:43:09.130+0000][7][gc,age      ] GC(97) - age   7:       1600 bytes,    1892336 total
[2026-02-05T03:43:09.130+0000][7][gc,age      ] GC(97) - age   8:     248312 bytes,    2140648 total
[2026-02-05T03:43:09.130+0000][7][gc,age      ] GC(97) - age   9:      28888 bytes,    2169536 total
[2026-02-05T03:43:09.130+0000][7][gc,age      ] GC(97) - age  10:       1080 bytes,    2170616 total
[2026-02-05T03:43:09.131+0000][7][gc,age      ] GC(97) - age  11:        560 bytes,    2171176 total
[2026-02-05T03:43:09.131+0000][7][gc,age      ] GC(97) - age  12:        688 bytes,    2171864 total
[2026-02-05T03:43:09.131+0000][7][gc,age      ] GC(97) - age  13:        568 bytes,    2172432 total
[2026-02-05T03:43:09.131+0000][7][gc,age      ] GC(97) - age  14:     271640 bytes,    2444072 total
[2026-02-05T03:43:09.131+0000][7][gc,age      ] GC(97) - age  15:       4144 bytes,    2448216 total
[2026-02-05T03:43:09.131+0000][7][gc,phases   ] GC(97)   Pre Evacuate Collection Set: 0.2ms
[2026-02-05T03:43:09.131+0000][7][gc,phases   ] GC(97)   Merge Heap Roots: 0.1ms
[2026-02-05T03:43:09.132+0000][7][gc,phases   ] GC(97)   Evacuate Collection Set: 1.3ms
[2026-02-05T03:43:09.132+0000][7][gc,phases   ] GC(97)   Post Evacuate Collection Set: 0.9ms
[2026-02-05T03:43:09.132+0000][7][gc,phases   ] GC(97)   Other: 3.1ms
[2026-02-05T03:43:09.132+0000][7][gc,heap     ] GC(97) Eden regions: 70->0(70)
[2026-02-05T03:43:09.132+0000][7][gc,heap     ] GC(97) Survivor regions: 1->1(9)
[2026-02-05T03:43:09.132+0000][7][gc,heap     ] GC(97) Old regions: 28->28
[2026-02-05T03:43:09.132+0000][7][gc,heap     ] GC(97) Archive regions: 2->2
[2026-02-05T03:43:09.133+0000][7][gc,heap     ] GC(97) Humongous regions: 5->5
[2026-02-05T03:43:09.133+0000][7][gc,metaspace] GC(97) Metaspace: 121718K(123392K)->121718K(123392K) NonClass: 105899K(106816K)->105899K(106816K) Class: 15818K(16576K)->15818K(16576K)
[2026-02-05T03:43:09.133+0000][7][gc          ] GC(97) Pause Young (Normal) (G1 Evacuation Pause) 417M->137M(512M) 7.017ms
[2026-02-05T03:43:09.133+0000][7][gc,cpu      ] GC(97) User=0.01s Sys=0.00s Real=0.01s
[2026-02-05T03:43:09.133+0000][7][safepoint   ] Safepoint "G1CollectForAllocation", Time since last: 10882308282 ns, Reaching safepoint: 190411 ns, At safepoint: 7341716 ns, Total: 7532127 ns
[2026-02-05T03:43:19.135+0000][7][safepoint   ] Safepoint "Cleanup", Time since last: 10002511179 ns, Reaching safepoint: 349518 ns, At safepoint: 42002 ns, Total: 391520 ns
[2026-02-05T03:43:29.138+0000][7][safepoint   ] Safepoint "Cleanup", Time since last: 10003039821 ns, Reaching safepoint: 592431 ns, At safepoint: 23001 ns, Total: 615432 ns
[2026-02-05T03:43:39.143+0000][7][safepoint   ] Safepoint "Cleanup", Time since last: 10004483131 ns, Reaching safepoint: 175609 ns, At safepoint: 19901 ns, Total: 195510 ns
[2026-02-05T03:43:40.144+0000][7][safepoint   ] Safepoint "Cleanup", Time since last: 1000377527 ns, Reaching safepoint: 192609 ns, At safepoint: 7201 ns, Total: 199810 ns
[2026-02-05T03:43:53.145+0000][7][safepoint   ] Safepoint "Cleanup", Time since last: 13002417815 ns, Reaching safepoint: 219511 ns, At safepoint: 17301 ns, Total: 236812 ns
[2026-02-05T03:43:54.145+0000][7][safepoint   ] Safepoint "Cleanup", Time since last: 1000518233 ns, Reaching safepoint: 204510 ns, At safepoint: 6100 ns, Total: 210610 ns
[2026-02-05T03:44:00.564+0000][7][gc,start    ] GC(98) Pause Young (Normal) (G1 Evacuation Pause)
[2026-02-05T03:44:00.564+0000][7][gc,task     ] GC(98) Using 10 workers of 10 for evacuation
[2026-02-05T03:44:00.564+0000][7][gc,age      ] GC(98) Desired survivor size 18874368 bytes, new threshold 15 (max threshold 15)
[2026-02-05T03:44:00.567+0000][7][gc,age      ] GC(98) Age table with threshold 15 (max threshold 15)
[2026-02-05T03:44:00.567+0000][7][gc,age      ] GC(98) - age   1:    2736912 bytes,    2736912 total
[2026-02-05T03:44:00.567+0000][7][gc,age      ] GC(98) - age   2:     214272 bytes,    2951184 total
[2026-02-05T03:44:00.567+0000][7][gc,age      ] GC(98) - age   3:      34536 bytes,    2985720 total
[2026-02-05T03:44:00.567+0000][7][gc,age      ] GC(98) - age   4:     242336 bytes,    3228056 total
[2026-02-05T03:44:00.568+0000][7][gc,age      ] GC(98) - age   5:      13880 bytes,    3241936 total
[2026-02-05T03:44:00.568+0000][7][gc,age      ] GC(98) - age   6:        792 bytes,    3242728 total
[2026-02-05T03:44:00.568+0000][7][gc,age      ] GC(98) - age   7:       2248 bytes,    3244976 total
[2026-02-05T03:44:00.568+0000][7][gc,age      ] GC(98) - age   8:       1600 bytes,    3246576 total
[2026-02-05T03:44:00.568+0000][7][gc,age      ] GC(98) - age   9:     248248 bytes,    3494824 total
[2026-02-05T03:44:00.568+0000][7][gc,age      ] GC(98) - age  10:      28864 bytes,    3523688 total
[2026-02-05T03:44:00.568+0000][7][gc,age      ] GC(98) - age  11:       1080 bytes,    3524768 total
[2026-02-05T03:44:00.569+0000][7][gc,age      ] GC(98) - age  12:        560 bytes,    3525328 total
[2026-02-05T03:44:00.569+0000][7][gc,age      ] GC(98) - age  13:        688 bytes,    3526016 total
[2026-02-05T03:44:00.569+0000][7][gc,age      ] GC(98) - age  14:        568 bytes,    3526584 total
[2026-02-05T03:44:00.569+0000][7][gc,age      ] GC(98) - age  15:     271640 bytes,    3798224 total
[2026-02-05T03:44:00.569+0000][7][gc,phases   ] GC(98)   Pre Evacuate Collection Set: 0.2ms
[2026-02-05T03:44:00.569+0000][7][gc,phases   ] GC(98)   Merge Heap Roots: 0.1ms
[2026-02-05T03:44:00.569+0000][7][gc,phases   ] GC(98)   Evacuate Collection Set: 1.2ms
[2026-02-05T03:44:00.570+0000][7][gc,phases   ] GC(98)   Post Evacuate Collection Set: 0.9ms
[2026-02-05T03:44:00.570+0000][7][gc,phases   ] GC(98)   Other: 3.3ms
[2026-02-05T03:44:00.570+0000][7][gc,heap     ] GC(98) Eden regions: 70->0(70)
[2026-02-05T03:44:00.570+0000][7][gc,heap     ] GC(98) Survivor regions: 1->1(9)
[2026-02-05T03:44:00.570+0000][7][gc,heap     ] GC(98) Old regions: 28->28
[2026-02-05T03:44:00.570+0000][7][gc,heap     ] GC(98) Archive regions: 2->2
[2026-02-05T03:44:00.570+0000][7][gc,heap     ] GC(98) Humongous regions: 5->5
[2026-02-05T03:44:00.570+0000][7][gc,metaspace] GC(98) Metaspace: 121742K(123456K)->121742K(123456K) NonClass: 105923K(106880K)->105923K(106880K) Class: 15818K(16576K)->15818K(16576K)
[2026-02-05T03:44:00.571+0000][7][gc          ] GC(98) Pause Young (Normal) (G1 Evacuation Pause) 417M->139M(512M) 6.986ms
[2026-02-05T03:44:00.571+0000][7][gc,cpu      ] GC(98) User=0.00s Sys=0.01s Real=0.00s
[2026-02-05T03:44:00.571+0000][7][safepoint   ] Safepoint "G1CollectForAllocation", Time since last: 6417851972 ns, Reaching safepoint: 174209 ns, At safepoint: 7284966 ns, Total: 7459175 ns
[2026-02-05T03:44:09.574+0000][7][safepoint   ] Safepoint "Cleanup", Time since last: 9002122625 ns, Reaching safepoint: 1097453 ns, At safepoint: 81804 ns, Total: 1179257 ns
[2026-02-05T03:44:52.271+0000][7][gc,start    ] GC(99) Pause Young (Normal) (G1 Evacuation Pause)
[2026-02-05T03:44:52.272+0000][7][gc,task     ] GC(99) Using 10 workers of 10 for evacuation
[2026-02-05T03:44:52.272+0000][7][gc,age      ] GC(99) Desired survivor size 18874368 bytes, new threshold 15 (max threshold 15)
[2026-02-05T03:44:52.277+0000][7][gc,age      ] GC(99) Age table with threshold 15 (max threshold 15)
[2026-02-05T03:44:52.277+0000][7][gc,age      ] GC(99) - age   1:    1402144 bytes,    1402144 total
[2026-02-05T03:44:52.277+0000][7][gc,age      ] GC(99) - age   2:       5688 bytes,    1407832 total
[2026-02-05T03:44:52.278+0000][7][gc,age      ] GC(99) - age   3:       6424 bytes,    1414256 total
[2026-02-05T03:44:52.278+0000][7][gc,age      ] GC(99) - age   4:      34056 bytes,    1448312 total
[2026-02-05T03:44:52.279+0000][7][gc,age      ] GC(99) - age   5:     241504 bytes,    1689816 total
[2026-02-05T03:44:52.279+0000][7][gc,age      ] GC(99) - age   6:      13752 bytes,    1703568 total
[2026-02-05T03:44:52.279+0000][7][gc,age      ] GC(99) - age   7:        792 bytes,    1704360 total
[2026-02-05T03:44:52.280+0000][7][gc,age      ] GC(99) - age   8:       2248 bytes,    1706608 total
[2026-02-05T03:44:52.280+0000][7][gc,age      ] GC(99) - age   9:       1600 bytes,    1708208 total
[2026-02-05T03:44:52.280+0000][7][gc,age      ] GC(99) - age  10:     248184 bytes,    1956392 total
[2026-02-05T03:44:52.281+0000][7][gc,age      ] GC(99) - age  11:      28800 bytes,    1985192 total
[2026-02-05T03:44:52.281+0000][7][gc,age      ] GC(99) - age  12:       1080 bytes,    1986272 total
[2026-02-05T03:44:52.281+0000][7][gc,age      ] GC(99) - age  13:        560 bytes,    1986832 total
[2026-02-05T03:44:52.281+0000][7][gc,age      ] GC(99) - age  14:        688 bytes,    1987520 total
[2026-02-05T03:44:52.282+0000][7][gc,age      ] GC(99) - age  15:        568 bytes,    1988088 total
[2026-02-05T03:44:52.282+0000][7][gc,phases   ] GC(99)   Pre Evacuate Collection Set: 0.3ms
[2026-02-05T03:44:52.282+0000][7][gc,phases   ] GC(99)   Merge Heap Roots: 0.2ms
[2026-02-05T03:44:52.282+0000][7][gc,phases   ] GC(99)   Evacuate Collection Set: 1.8ms
[2026-02-05T03:44:52.283+0000][7][gc,phases   ] GC(99)   Post Evacuate Collection Set: 1.4ms
[2026-02-05T03:44:52.283+0000][7][gc,phases   ] GC(99)   Other: 6.7ms
[2026-02-05T03:44:52.283+0000][7][gc,heap     ] GC(99) Eden regions: 70->0(70)
[2026-02-05T03:44:52.283+0000][7][gc,heap     ] GC(99) Survivor regions: 1->1(9)
[2026-02-05T03:44:52.283+0000][7][gc,heap     ] GC(99) Old regions: 28->28
[2026-02-05T03:44:52.284+0000][7][gc,heap     ] GC(99) Archive regions: 2->2
[2026-02-05T03:44:52.284+0000][7][gc,heap     ] GC(99) Humongous regions: 5->5
[2026-02-05T03:44:52.284+0000][7][gc,metaspace] GC(99) Metaspace: 121744K(123456K)->121744K(123456K) NonClass: 105925K(106880K)->105925K(106880K) Class: 15818K(16576K)->15818K(16576K)
[2026-02-05T03:44:52.284+0000][7][gc          ] GC(99) Pause Young (Normal) (G1 Evacuation Pause) 419M->137M(512M) 12.677ms
[2026-02-05T03:44:52.284+0000][7][gc,cpu      ] GC(99) User=0.01s Sys=0.00s Real=0.01s
[2026-02-05T03:44:52.285+0000][7][safepoint   ] Safepoint "G1CollectForAllocation", Time since last: 42700251675 ns, Reaching safepoint: 259913 ns, At safepoint: 13152134 ns, Total: 13412047 ns
[2026-02-05T03:44:54.285+0000][7][safepoint   ] Safepoint "Cleanup", Time since last: 2000405986 ns, Reaching safepoint: 188009 ns, At safepoint: 4900 ns, Total: 192909 ns
[2026-02-05T03:44:57.286+0000][7][safepoint   ] Safepoint "Cleanup", Time since last: 3000778192 ns, Reaching safepoint: 243612 ns, At safepoint: 21501 ns, Total: 265113 ns
[2026-02-05T03:45:02.287+0000][7][safepoint   ] Safepoint "Cleanup", Time since last: 5000942796 ns, Reaching safepoint: 174709 ns, At safepoint: 6300 ns, Total: 181009 ns
[2026-02-05T03:45:03.288+0000][7][safepoint   ] Safepoint "Cleanup", Time since last: 1000438872 ns, Reaching safepoint: 214310 ns, At safepoint: 10601 ns, Total: 224911 ns
[2026-02-05T03:45:09.290+0000][7][safepoint   ] Safepoint "Cleanup", Time since last: 6001364443 ns, Reaching safepoint: 192310 ns, At safepoint: 5700 ns, Total: 198010 ns
[2026-02-05T03:45:16.289+0000][7][safepoint   ] Safepoint "Cleanup", Time since last: 7001518981 ns, Reaching safepoint: 224110 ns, At safepoint: 27202 ns, Total: 251312 ns
[2026-02-05T03:45:23.291+0000][7][safepoint   ] Safepoint "Cleanup", Time since last: 7001538995 ns, Reaching safepoint: 187008 ns, At safepoint: 8901 ns, Total: 195909 ns
[2026-02-05T03:45:51.255+0000][7][gc,start    ] GC(100) Pause Young (Normal) (G1 Evacuation Pause)
[2026-02-05T03:45:51.255+0000][7][gc,task     ] GC(100) Using 10 workers of 10 for evacuation
[2026-02-05T03:45:51.255+0000][7][gc,age      ] GC(100) Desired survivor size 18874368 bytes, new threshold 15 (max threshold 15)
[2026-02-05T03:45:51.258+0000][7][gc,age      ] GC(100) Age table with threshold 15 (max threshold 15)
[2026-02-05T03:45:51.258+0000][7][gc,age      ] GC(100) - age   1:    1006496 bytes,    1006496 total
[2026-02-05T03:45:51.259+0000][7][gc,age      ] GC(100) - age   2:       1936 bytes,    1008432 total
[2026-02-05T03:45:51.259+0000][7][gc,age      ] GC(100) - age   3:       2240 bytes,    1010672 total
[2026-02-05T03:45:51.259+0000][7][gc,age      ] GC(100) - age   4:       5216 bytes,    1015888 total
[2026-02-05T03:45:51.259+0000][7][gc,age      ] GC(100) - age   5:      33832 bytes,    1049720 total
[2026-02-05T03:45:51.260+0000][7][gc,age      ] GC(100) - age   6:     241408 bytes,    1291128 total
[2026-02-05T03:45:51.260+0000][7][gc,age      ] GC(100) - age   7:      13688 bytes,    1304816 total
[2026-02-05T03:45:51.260+0000][7][gc,age      ] GC(100) - age   8:        600 bytes,    1305416 total
[2026-02-05T03:45:51.260+0000][7][gc,age      ] GC(100) - age   9:       2248 bytes,    1307664 total
[2026-02-05T03:45:51.260+0000][7][gc,age      ] GC(100) - age  10:       1600 bytes,    1309264 total
[2026-02-05T03:45:51.260+0000][7][gc,age      ] GC(100) - age  11:     248184 bytes,    1557448 total
[2026-02-05T03:45:51.261+0000][7][gc,age      ] GC(100) - age  12:      28800 bytes,    1586248 total
[2026-02-05T03:45:51.261+0000][7][gc,age      ] GC(100) - age  13:       1080 bytes,    1587328 total
[2026-02-05T03:45:51.261+0000][7][gc,age      ] GC(100) - age  14:        560 bytes,    1587888 total
[2026-02-05T03:45:51.261+0000][7][gc,age      ] GC(100) - age  15:        688 bytes,    1588576 total
[2026-02-05T03:45:51.262+0000][7][gc,phases   ] GC(100)   Pre Evacuate Collection Set: 0.2ms
[2026-02-05T03:45:51.262+0000][7][gc,phases   ] GC(100)   Merge Heap Roots: 0.2ms
[2026-02-05T03:45:51.262+0000][7][gc,phases   ] GC(100)   Evacuate Collection Set: 1.3ms
[2026-02-05T03:45:51.262+0000][7][gc,phases   ] GC(100)   Post Evacuate Collection Set: 1.0ms
[2026-02-05T03:45:51.262+0000][7][gc,phases   ] GC(100)   Other: 4.2ms
[2026-02-05T03:45:51.263+0000][7][gc,heap     ] GC(100) Eden regions: 70->0(70)
[2026-02-05T03:45:51.263+0000][7][gc,heap     ] GC(100) Survivor regions: 1->1(9)
[2026-02-05T03:45:51.263+0000][7][gc,heap     ] GC(100) Old regions: 28->28
[2026-02-05T03:45:51.263+0000][7][gc,heap     ] GC(100) Archive regions: 2->2
[2026-02-05T03:45:51.264+0000][7][gc,heap     ] GC(100) Humongous regions: 5->5
[2026-02-05T03:45:51.264+0000][7][gc,metaspace] GC(100) Metaspace: 121744K(123456K)->121744K(123456K) NonClass: 105925K(106880K)->105925K(106880K) Class: 15818K(16576K)->15818K(16576K)
[2026-02-05T03:45:51.264+0000][7][gc          ] GC(100) Pause Young (Normal) (G1 Evacuation Pause) 417M->137M(512M) 9.217ms
[2026-02-05T03:45:51.264+0000][7][gc,cpu      ] GC(100) User=0.01s Sys=0.01s Real=0.01s
[2026-02-05T03:45:51.264+0000][7][safepoint   ] Safepoint "G1CollectForAllocation", Time since last: 27964212012 ns, Reaching safepoint: 184809 ns, At safepoint: 9720571 ns, Total: 9905380 ns
[2026-02-05T03:45:54.265+0000][7][safepoint   ] Safepoint "Cleanup", Time since last: 3000611749 ns, Reaching safepoint: 417821 ns, At safepoint: 12301 ns, Total: 430122 ns
[2026-02-05T03:46:07.270+0000][7][safepoint   ] Safepoint "Cleanup", Time since last: 13003947415 ns, Reaching safepoint: 337017 ns, At safepoint: 8200 ns, Total: 345217 ns
[2026-02-05T03:46:21.271+0000][7][safepoint   ] Safepoint "Cleanup", Time since last: 14003246764 ns, Reaching safepoint: 193110 ns, At safepoint: 9200 ns, Total: 202310 ns
[2026-02-05T03:46:27.273+0000][7][safepoint   ] Safepoint "Cleanup", Time since last: 6001450832 ns, Reaching safepoint: 261213 ns, At safepoint: 10101 ns, Total: 271314 ns
[2026-02-05T03:46:28.273+0000][7][safepoint   ] Safepoint "Cleanup", Time since last: 1000554430 ns, Reaching safepoint: 226312 ns, At safepoint: 7200 ns, Total: 233512 ns
[2026-02-05T03:46:30.275+0000][7][safepoint   ] Safepoint "Cleanup", Time since last: 2000899951 ns, Reaching safepoint: 270313 ns, At safepoint: 8401 ns, Total: 278714 ns
[2026-02-05T03:46:41.278+0000][7][safepoint   ] Safepoint "Cleanup", Time since last: 11002918314 ns, Reaching safepoint: 174212 ns, At safepoint: 8000 ns, Total: 182212 ns
[2026-02-05T03:46:42.278+0000][7][safepoint   ] Safepoint "Cleanup", Time since last: 1000546431 ns, Reaching safepoint: 250116 ns, At safepoint: 11601 ns, Total: 261717 ns
[2026-02-05T03:46:45.279+0000][7][safepoint   ] Safepoint "Cleanup", Time since last: 3001462379 ns, Reaching safepoint: 194713 ns, At safepoint: 7100 ns, Total: 201813 ns
[2026-02-05T03:46:45.391+0000][7][gc,start    ] GC(101) Pause Young (Normal) (G1 Evacuation Pause)
[2026-02-05T03:46:45.391+0000][7][gc,task     ] GC(101) Using 10 workers of 10 for evacuation
[2026-02-05T03:46:45.391+0000][7][gc,age      ] GC(101) Desired survivor size 18874368 bytes, new threshold 15 (max threshold 15)
[2026-02-05T03:46:45.394+0000][7][gc,age      ] GC(101) Age table with threshold 15 (max threshold 15)
[2026-02-05T03:46:45.394+0000][7][gc,age      ] GC(101) - age   1:    2807152 bytes,    2807152 total
[2026-02-05T03:46:45.394+0000][7][gc,age      ] GC(101) - age   2:       4376 bytes,    2811528 total
[2026-02-05T03:46:45.394+0000][7][gc,age      ] GC(101) - age   3:       1176 bytes,    2812704 total
[2026-02-05T03:46:45.395+0000][7][gc,age      ] GC(101) - age   4:       1536 bytes,    2814240 total
[2026-02-05T03:46:45.395+0000][7][gc,age      ] GC(101) - age   5:       4976 bytes,    2819216 total
[2026-02-05T03:46:45.395+0000][7][gc,age      ] GC(101) - age   6:        408 bytes,    2819624 total
[2026-02-05T03:46:45.395+0000][7][gc,age      ] GC(101) - age   7:     155360 bytes,    2974984 total
[2026-02-05T03:46:45.395+0000][7][gc,age      ] GC(101) - age   8:      13688 bytes,    2988672 total
[2026-02-05T03:46:45.395+0000][7][gc,age      ] GC(101) - age   9:        536 bytes,    2989208 total
[2026-02-05T03:46:45.395+0000][7][gc,age      ] GC(101) - age  10:       2248 bytes,    2991456 total
[2026-02-05T03:46:45.396+0000][7][gc,age      ] GC(101) - age  11:       1600 bytes,    2993056 total
[2026-02-05T03:46:45.396+0000][7][gc,age      ] GC(101) - age  12:     224760 bytes,    3217816 total
[2026-02-05T03:46:45.396+0000][7][gc,age      ] GC(101) - age  13:      28768 bytes,    3246584 total
[2026-02-05T03:46:45.396+0000][7][gc,age      ] GC(101) - age  14:       1080 bytes,    3247664 total
[2026-02-05T03:46:45.396+0000][7][gc,age      ] GC(101) - age  15:        560 bytes,    3248224 total
[2026-02-05T03:46:45.396+0000][7][gc,phases   ] GC(101)   Pre Evacuate Collection Set: 0.2ms
[2026-02-05T03:46:45.396+0000][7][gc,phases   ] GC(101)   Merge Heap Roots: 0.1ms
[2026-02-05T03:46:45.397+0000][7][gc,phases   ] GC(101)   Evacuate Collection Set: 1.2ms
[2026-02-05T03:46:45.397+0000][7][gc,phases   ] GC(101)   Post Evacuate Collection Set: 1.1ms
[2026-02-05T03:46:45.397+0000][7][gc,phases   ] GC(101)   Other: 3.2ms
[2026-02-05T03:46:45.397+0000][7][gc,heap     ] GC(101) Eden regions: 70->0(70)
[2026-02-05T03:46:45.397+0000][7][gc,heap     ] GC(101) Survivor regions: 1->1(9)
[2026-02-05T03:46:45.397+0000][7][gc,heap     ] GC(101) Old regions: 28->28
[2026-02-05T03:46:45.397+0000][7][gc,heap     ] GC(101) Archive regions: 2->2
[2026-02-05T03:46:45.397+0000][7][gc,heap     ] GC(101) Humongous regions: 5->5
[2026-02-05T03:46:45.397+0000][7][gc,metaspace] GC(101) Metaspace: 121753K(123456K)->121753K(123456K) NonClass: 105934K(106880K)->105934K(106880K) Class: 15818K(16576K)->15818K(16576K)
[2026-02-05T03:46:45.397+0000][7][gc          ] GC(101) Pause Young (Normal) (G1 Evacuation Pause) 417M->138M(512M) 6.907ms
[2026-02-05T03:46:45.398+0000][7][gc,cpu      ] GC(101) User=0.01s Sys=0.00s Real=0.01s
[2026-02-05T03:46:45.398+0000][7][safepoint   ] Safepoint "G1CollectForAllocation", Time since last: 110972202 ns, Reaching safepoint: 217614 ns, At safepoint: 7229269 ns, Total: 7446883 ns
[2026-02-05T03:46:46.399+0000][7][safepoint   ] Safepoint "Cleanup", Time since last: 1000452824 ns, Reaching safepoint: 776650 ns, At safepoint: 19702 ns, Total: 796352 ns
[2026-02-05T03:46:52.401+0000][7][safepoint   ] Safepoint "Cleanup", Time since last: 6001854600 ns, Reaching safepoint: 193510 ns, At safepoint: 7401 ns, Total: 200911 ns
[2026-02-05T03:46:54.402+0000][7][safepoint   ] Safepoint "Cleanup", Time since last: 2000664124 ns, Reaching safepoint: 393821 ns, At safepoint: 10000 ns, Total: 403821 ns
[2026-02-05T03:46:57.404+0000][7][safepoint   ] Safepoint "Cleanup", Time since last: 3001141929 ns, Reaching safepoint: 709838 ns, At safepoint: 153908 ns, Total: 863746 ns
[2026-02-05T03:47:09.408+0000][7][safepoint   ] Safepoint "Cleanup", Time since last: 12003203617 ns, Reaching safepoint: 213310 ns, At safepoint: 5201 ns, Total: 218511 ns
[2026-02-05T03:47:12.409+0000][7][safepoint   ] Safepoint "Cleanup", Time since last: 3000731787 ns, Reaching safepoint: 227711 ns, At safepoint: 9600 ns, Total: 237311 ns
[2026-02-05T03:47:15.408+0000][7][safepoint   ] Safepoint "Cleanup", Time since last: 3000852531 ns, Reaching safepoint: 272010 ns, At safepoint: 18701 ns, Total: 290711 ns
[2026-02-05T03:47:21.410+0000][7][safepoint   ] Safepoint "Cleanup", Time since last: 6001692767 ns, Reaching safepoint: 168211 ns, At safepoint: 4000 ns, Total: 172211 ns
[2026-02-05T03:47:22.410+0000][7][safepoint   ] Safepoint "Cleanup", Time since last: 1000336669 ns, Reaching safepoint: 233515 ns, At safepoint: 7200 ns, Total: 240715 ns
[2026-02-05T03:47:23.411+0000][7][safepoint   ] Safepoint "Cleanup", Time since last: 1000514580 ns, Reaching safepoint: 184712 ns, At safepoint: 4600 ns, Total: 189312 ns
[2026-02-05T03:47:40.629+0000][7][gc,start    ] GC(102) Pause Young (Normal) (G1 Evacuation Pause)
[2026-02-05T03:47:40.629+0000][7][gc,task     ] GC(102) Using 10 workers of 10 for evacuation
[2026-02-05T03:47:40.629+0000][7][gc,age      ] GC(102) Desired survivor size 18874368 bytes, new threshold 15 (max threshold 15)
[2026-02-05T03:47:40.632+0000][7][gc,age      ] GC(102) Age table with threshold 15 (max threshold 15)
[2026-02-05T03:47:40.632+0000][7][gc,age      ] GC(102) - age   1:    1647960 bytes,    1647960 total
[2026-02-05T03:47:40.632+0000][7][gc,age      ] GC(102) - age   2:     326080 bytes,    1974040 total
[2026-02-05T03:47:40.632+0000][7][gc,age      ] GC(102) - age   3:       2984 bytes,    1977024 total
[2026-02-05T03:47:40.633+0000][7][gc,age      ] GC(102) - age   4:        576 bytes,    1977600 total
[2026-02-05T03:47:40.633+0000][7][gc,age      ] GC(102) - age   5:       1152 bytes,    1978752 total
[2026-02-05T03:47:40.633+0000][7][gc,age      ] GC(102) - age   6:       4792 bytes,    1983544 total
[2026-02-05T03:47:40.633+0000][7][gc,age      ] GC(102) - age   7:        280 bytes,    1983824 total
[2026-02-05T03:47:40.633+0000][7][gc,age      ] GC(102) - age   8:     155208 bytes,    2139032 total
[2026-02-05T03:47:40.633+0000][7][gc,age      ] GC(102) - age   9:       5552 bytes,    2144584 total
[2026-02-05T03:47:40.633+0000][7][gc,age      ] GC(102) - age  10:        536 bytes,    2145120 total
[2026-02-05T03:47:40.633+0000][7][gc,age      ] GC(102) - age  11:       2184 bytes,    2147304 total
[2026-02-05T03:47:40.634+0000][7][gc,age      ] GC(102) - age  12:       1104 bytes,    2148408 total
[2026-02-05T03:47:40.634+0000][7][gc,age      ] GC(102) - age  13:     224760 bytes,    2373168 total
[2026-02-05T03:47:40.634+0000][7][gc,age      ] GC(102) - age  14:      28768 bytes,    2401936 total
[2026-02-05T03:47:40.634+0000][7][gc,age      ] GC(102) - age  15:       1080 bytes,    2403016 total
[2026-02-05T03:47:40.634+0000][7][gc,phases   ] GC(102)   Pre Evacuate Collection Set: 0.2ms
[2026-02-05T03:47:40.634+0000][7][gc,phases   ] GC(102)   Merge Heap Roots: 0.1ms
[2026-02-05T03:47:40.634+0000][7][gc,phases   ] GC(102)   Evacuate Collection Set: 1.0ms
[2026-02-05T03:47:40.634+0000][7][gc,phases   ] GC(102)   Post Evacuate Collection Set: 1.3ms
[2026-02-05T03:47:40.635+0000][7][gc,phases   ] GC(102)   Other: 2.7ms
[2026-02-05T03:47:40.635+0000][7][gc,heap     ] GC(102) Eden regions: 70->0(70)
[2026-02-05T03:47:40.635+0000][7][gc,heap     ] GC(102) Survivor regions: 1->1(9)
[2026-02-05T03:47:40.635+0000][7][gc,heap     ] GC(102) Old regions: 28->28
[2026-02-05T03:47:40.635+0000][7][gc,heap     ] GC(102) Archive regions: 2->2
[2026-02-05T03:47:40.635+0000][7][gc,heap     ] GC(102) Humongous regions: 5->5
[2026-02-05T03:47:40.635+0000][7][gc,metaspace] GC(102) Metaspace: 121757K(123456K)->121757K(123456K) NonClass: 105938K(106880K)->105938K(106880K) Class: 15819K(16576K)->15819K(16576K)
[2026-02-05T03:47:40.635+0000][7][gc          ] GC(102) Pause Young (Normal) (G1 Evacuation Pause) 418M->138M(512M) 6.627ms
[2026-02-05T03:47:40.636+0000][7][gc,cpu      ] GC(102) User=0.01s Sys=0.01s Real=0.01s
[2026-02-05T03:47:40.636+0000][7][safepoint   ] Safepoint "G1CollectForAllocation", Time since last: 17217595692 ns, Reaching safepoint: 176908 ns, At safepoint: 6946447 ns, Total: 7123355 ns
[2026-02-05T03:47:53.637+0000][7][safepoint   ] Safepoint "Cleanup", Time since last: 13002423612 ns, Reaching safepoint: 202917 ns, At safepoint: 6801 ns, Total: 209718 ns
[2026-02-05T03:47:57.639+0000][7][safepoint   ] Safepoint "Cleanup", Time since last: 4001228192 ns, Reaching safepoint: 238621 ns, At safepoint: 10101 ns, Total: 248722 ns
[2026-02-05T03:48:03.640+0000][7][safepoint   ] Safepoint "Cleanup", Time since last: 6001563675 ns, Reaching safepoint: 314515 ns, At safepoint: 18101 ns, Total: 332616 ns
[2026-02-05T03:48:12.643+0000][7][safepoint   ] Safepoint "Cleanup", Time since last: 9001843460 ns, Reaching safepoint: 187299 ns, At safepoint: 5600 ns, Total: 192899 ns
[2026-02-05T03:48:27.709+0000][7][gc,start    ] GC(103) Pause Young (Normal) (G1 Evacuation Pause)
[2026-02-05T03:48:27.709+0000][7][gc,task     ] GC(103) Using 10 workers of 10 for evacuation
[2026-02-05T03:48:27.709+0000][7][gc,age      ] GC(103) Desired survivor size 18874368 bytes, new threshold 15 (max threshold 15)
[2026-02-05T03:48:27.712+0000][7][gc,age      ] GC(103) Age table with threshold 15 (max threshold 15)
[2026-02-05T03:48:27.712+0000][7][gc,age      ] GC(103) - age   1:    2312120 bytes,    2312120 total
[2026-02-05T03:48:27.712+0000][7][gc,age      ] GC(103) - age   2:     167864 bytes,    2479984 total
[2026-02-05T03:48:27.713+0000][7][gc,age      ] GC(103) - age   3:     128440 bytes,    2608424 total
[2026-02-05T03:48:27.713+0000][7][gc,age      ] GC(103) - age   4:       1616 bytes,    2610040 total
[2026-02-05T03:48:27.713+0000][7][gc,age      ] GC(103) - age   5:        480 bytes,    2610520 total
[2026-02-05T03:48:27.713+0000][7][gc,age      ] GC(103) - age   6:        776 bytes,    2611296 total
[2026-02-05T03:48:27.713+0000][7][gc,age      ] GC(103) - age   7:       4696 bytes,    2615992 total
[2026-02-05T03:48:27.713+0000][7][gc,age      ] GC(103) - age   8:        280 bytes,    2616272 total
[2026-02-05T03:48:27.714+0000][7][gc,age      ] GC(103) - age   9:     155208 bytes,    2771480 total
[2026-02-05T03:48:27.714+0000][7][gc,age      ] GC(103) - age  10:       5552 bytes,    2777032 total
[2026-02-05T03:48:27.714+0000][7][gc,age      ] GC(103) - age  11:        536 bytes,    2777568 total
[2026-02-05T03:48:27.714+0000][7][gc,age      ] GC(103) - age  12:       2184 bytes,    2779752 total
[2026-02-05T03:48:27.714+0000][7][gc,age      ] GC(103) - age  13:        904 bytes,    2780656 total
[2026-02-05T03:48:27.714+0000][7][gc,age      ] GC(103) - age  14:     224760 bytes,    3005416 total
[2026-02-05T03:48:27.714+0000][7][gc,age      ] GC(103) - age  15:      28768 bytes,    3034184 total
[2026-02-05T03:48:27.715+0000][7][gc,phases   ] GC(103)   Pre Evacuate Collection Set: 0.2ms
[2026-02-05T03:48:27.715+0000][7][gc,phases   ] GC(103)   Merge Heap Roots: 0.1ms
[2026-02-05T03:48:27.715+0000][7][gc,phases   ] GC(103)   Evacuate Collection Set: 1.1ms
[2026-02-05T03:48:27.715+0000][7][gc,phases   ] GC(103)   Post Evacuate Collection Set: 0.9ms
[2026-02-05T03:48:27.715+0000][7][gc,phases   ] GC(103)   Other: 3.3ms
[2026-02-05T03:48:27.715+0000][7][gc,heap     ] GC(103) Eden regions: 70->0(70)
[2026-02-05T03:48:27.716+0000][7][gc,heap     ] GC(103) Survivor regions: 1->1(9)
[2026-02-05T03:48:27.716+0000][7][gc,heap     ] GC(103) Old regions: 28->28
[2026-02-05T03:48:27.716+0000][7][gc,heap     ] GC(103) Archive regions: 2->2
[2026-02-05T03:48:27.716+0000][7][gc,heap     ] GC(103) Humongous regions: 5->5
[2026-02-05T03:48:27.716+0000][7][gc,metaspace] GC(103) Metaspace: 121759K(123456K)->121759K(123456K) NonClass: 105940K(106880K)->105940K(106880K) Class: 15819K(16576K)->15819K(16576K)
[2026-02-05T03:48:27.716+0000][7][gc          ] GC(103) Pause Young (Normal) (G1 Evacuation Pause) 417M->138M(512M) 7.199ms
[2026-02-05T03:48:27.716+0000][7][gc,cpu      ] GC(103) User=0.01s Sys=0.00s Real=0.01s
[2026-02-05T03:48:27.717+0000][7][safepoint   ] Safepoint "G1CollectForAllocation", Time since last: 15067386647 ns, Reaching safepoint: 183407 ns, At safepoint: 7557116 ns, Total: 7740523 ns
[2026-02-05T03:48:45.719+0000][7][safepoint   ] Safepoint "Cleanup", Time since last: 18003974290 ns, Reaching safepoint: 192304 ns, At safepoint: 5901 ns, Total: 198205 ns
[2026-02-05T03:48:51.721+0000][7][safepoint   ] Safepoint "Cleanup", Time since last: 6001359319 ns, Reaching safepoint: 183707 ns, At safepoint: 6200 ns, Total: 189907 ns
[2026-02-05T03:49:04.724+0000][7][safepoint   ] Safepoint "Cleanup", Time since last: 13002334816 ns, Reaching safepoint: 1012641 ns, At safepoint: 24401 ns, Total: 1037042 ns
[2026-02-05T03:49:27.173+0000][7][gc,start    ] GC(104) Pause Young (Normal) (G1 Evacuation Pause)
[2026-02-05T03:49:27.173+0000][7][gc,task     ] GC(104) Using 10 workers of 10 for evacuation
[2026-02-05T03:49:27.173+0000][7][gc,age      ] GC(104) Desired survivor size 18874368 bytes, new threshold 15 (max threshold 15)
[2026-02-05T03:49:27.176+0000][7][gc,age      ] GC(104) Age table with threshold 15 (max threshold 15)
[2026-02-05T03:49:27.176+0000][7][gc,age      ] GC(104) - age   1:     977280 bytes,     977280 total
[2026-02-05T03:49:27.176+0000][7][gc,age      ] GC(104) - age   2:      52272 bytes,    1029552 total
[2026-02-05T03:49:27.176+0000][7][gc,age      ] GC(104) - age   3:       3056 bytes,    1032608 total
[2026-02-05T03:49:27.177+0000][7][gc,age      ] GC(104) - age   4:      24976 bytes,    1057584 total
[2026-02-05T03:49:27.177+0000][7][gc,age      ] GC(104) - age   5:       1328 bytes,    1058912 total
[2026-02-05T03:49:27.177+0000][7][gc,age      ] GC(104) - age   6:        352 bytes,    1059264 total
[2026-02-05T03:49:27.177+0000][7][gc,age      ] GC(104) - age   7:        552 bytes,    1059816 total
[2026-02-05T03:49:27.177+0000][7][gc,age      ] GC(104) - age   8:       4512 bytes,    1064328 total
[2026-02-05T03:49:27.177+0000][7][gc,age      ] GC(104) - age   9:        216 bytes,    1064544 total
[2026-02-05T03:49:27.178+0000][7][gc,age      ] GC(104) - age  10:     120936 bytes,    1185480 total
[2026-02-05T03:49:27.178+0000][7][gc,age      ] GC(104) - age  11:       5288 bytes,    1190768 total
[2026-02-05T03:49:27.178+0000][7][gc,age      ] GC(104) - age  12:        472 bytes,    1191240 total
[2026-02-05T03:49:27.178+0000][7][gc,age      ] GC(104) - age  13:       2152 bytes,    1193392 total
[2026-02-05T03:49:27.178+0000][7][gc,age      ] GC(104) - age  14:        904 bytes,    1194296 total
[2026-02-05T03:49:27.178+0000][7][gc,age      ] GC(104) - age  15:     224760 bytes,    1419056 total
[2026-02-05T03:49:27.178+0000][7][gc,phases   ] GC(104)   Pre Evacuate Collection Set: 0.2ms
[2026-02-05T03:49:27.178+0000][7][gc,phases   ] GC(104)   Merge Heap Roots: 0.2ms
[2026-02-05T03:49:27.179+0000][7][gc,phases   ] GC(104)   Evacuate Collection Set: 1.1ms
[2026-02-05T03:49:27.179+0000][7][gc,phases   ] GC(104)   Post Evacuate Collection Set: 1.0ms
[2026-02-05T03:49:27.179+0000][7][gc,phases   ] GC(104)   Other: 2.7ms
[2026-02-05T03:49:27.179+0000][7][gc,heap     ] GC(104) Eden regions: 70->0(70)
[2026-02-05T03:49:27.179+0000][7][gc,heap     ] GC(104) Survivor regions: 1->1(9)
[2026-02-05T03:49:27.179+0000][7][gc,heap     ] GC(104) Old regions: 28->28
[2026-02-05T03:49:27.179+0000][7][gc,heap     ] GC(104) Archive regions: 2->2
[2026-02-05T03:49:27.180+0000][7][gc,heap     ] GC(104) Humongous regions: 5->5
[2026-02-05T03:49:27.180+0000][7][gc,metaspace] GC(104) Metaspace: 121772K(123456K)->121772K(123456K) NonClass: 105952K(106880K)->105952K(106880K) Class: 15819K(16576K)->15819K(16576K)
[2026-02-05T03:49:27.180+0000][7][gc          ] GC(104) Pause Young (Normal) (G1 Evacuation Pause) 418M->137M(512M) 6.726ms
[2026-02-05T03:49:27.180+0000][7][gc,cpu      ] GC(104) User=0.01s Sys=0.00s Real=0.01s
[2026-02-05T03:49:27.180+0000][7][safepoint   ] Safepoint "G1CollectForAllocation", Time since last: 22450462122 ns, Reaching safepoint: 186415 ns, At safepoint: 7095288 ns, Total: 7281703 ns
[2026-02-05T03:49:46.182+0000][7][safepoint   ] Safepoint "Cleanup", Time since last: 19004019490 ns, Reaching safepoint: 226109 ns, At safepoint: 12501 ns, Total: 238610 ns
[2026-02-05T03:49:54.185+0000][7][safepoint   ] Safepoint "Cleanup", Time since last: 8001914250 ns, Reaching safepoint: 1081478 ns, At safepoint: 28004 ns, Total: 1109482 ns
[2026-02-05T03:49:55.187+0000][7][safepoint   ] Safepoint "Cleanup", Time since last: 1001312659 ns, Reaching safepoint: 233538 ns, At safepoint: 8602 ns, Total: 242140 ns
[2026-02-05T03:49:57.187+0000][7][safepoint   ] Safepoint "Cleanup", Time since last: 2000678496 ns, Reaching safepoint: 220236 ns, At safepoint: 25304 ns, Total: 245540 ns
[2026-02-05T03:50:16.189+0000][7][safepoint   ] Safepoint "Cleanup", Time since last: 19003164392 ns, Reaching safepoint: 331013 ns, At safepoint: 22501 ns, Total: 353514 ns
[2026-02-05T03:50:21.242+0000][7][gc,start    ] GC(105) Pause Young (Normal) (G1 Evacuation Pause)
[2026-02-05T03:50:21.242+0000][7][gc,task     ] GC(105) Using 10 workers of 10 for evacuation
[2026-02-05T03:50:21.242+0000][7][gc,age      ] GC(105) Desired survivor size 18874368 bytes, new threshold 15 (max threshold 15)
[2026-02-05T03:50:21.245+0000][7][gc,age      ] GC(105) Age table with threshold 15 (max threshold 15)
[2026-02-05T03:50:21.246+0000][7][gc,age      ] GC(105) - age   1:    1948304 bytes,    1948304 total
[2026-02-05T03:50:21.246+0000][7][gc,age      ] GC(105) - age   2:     160600 bytes,    2108904 total
[2026-02-05T03:50:21.246+0000][7][gc,age      ] GC(105) - age   3:       2456 bytes,    2111360 total
[2026-02-05T03:50:21.246+0000][7][gc,age      ] GC(105) - age   4:       2232 bytes,    2113592 total
[2026-02-05T03:50:21.246+0000][7][gc,age      ] GC(105) - age   5:      24248 bytes,    2137840 total
[2026-02-05T03:50:21.247+0000][7][gc,age      ] GC(105) - age   6:       1200 bytes,    2139040 total
[2026-02-05T03:50:21.247+0000][7][gc,age      ] GC(105) - age   7:        256 bytes,    2139296 total
[2026-02-05T03:50:21.247+0000][7][gc,age      ] GC(105) - age   8:        488 bytes,    2139784 total
[2026-02-05T03:50:21.247+0000][7][gc,age      ] GC(105) - age   9:       4512 bytes,    2144296 total
[2026-02-05T03:50:21.247+0000][7][gc,age      ] GC(105) - age  10:        216 bytes,    2144512 total
[2026-02-05T03:50:21.248+0000][7][gc,age      ] GC(105) - age  11:     120936 bytes,    2265448 total
[2026-02-05T03:50:21.248+0000][7][gc,age      ] GC(105) - age  12:       2928 bytes,    2268376 total
[2026-02-05T03:50:21.248+0000][7][gc,age      ] GC(105) - age  13:        472 bytes,    2268848 total
[2026-02-05T03:50:21.248+0000][7][gc,age      ] GC(105) - age  14:       2152 bytes,    2271000 total
[2026-02-05T03:50:21.248+0000][7][gc,age      ] GC(105) - age  15:        904 bytes,    2271904 total
[2026-02-05T03:50:21.249+0000][7][gc,phases   ] GC(105)   Pre Evacuate Collection Set: 0.2ms
[2026-02-05T03:50:21.249+0000][7][gc,phases   ] GC(105)   Merge Heap Roots: 0.1ms
[2026-02-05T03:50:21.249+0000][7][gc,phases   ] GC(105)   Evacuate Collection Set: 1.5ms
[2026-02-05T03:50:21.249+0000][7][gc,phases   ] GC(105)   Post Evacuate Collection Set: 1.1ms
[2026-02-05T03:50:21.249+0000][7][gc,phases   ] GC(105)   Other: 4.1ms
[2026-02-05T03:50:21.250+0000][7][gc,heap     ] GC(105) Eden regions: 70->0(70)
[2026-02-05T03:50:21.250+0000][7][gc,heap     ] GC(105) Survivor regions: 1->1(9)
[2026-02-05T03:50:21.250+0000][7][gc,heap     ] GC(105) Old regions: 28->28
[2026-02-05T03:50:21.250+0000][7][gc,heap     ] GC(105) Archive regions: 2->2
[2026-02-05T03:50:21.250+0000][7][gc,heap     ] GC(105) Humongous regions: 5->5
[2026-02-05T03:50:21.250+0000][7][gc,metaspace] GC(105) Metaspace: 121774K(123456K)->121774K(123456K) NonClass: 105954K(106880K)->105954K(106880K) Class: 15819K(16576K)->15819K(16576K)
[2026-02-05T03:50:21.251+0000][7][gc          ] GC(105) Pause Young (Normal) (G1 Evacuation Pause) 417M->138M(512M) 8.887ms
[2026-02-05T03:50:21.251+0000][7][gc,cpu      ] GC(105) User=0.01s Sys=0.00s Real=0.02s
[2026-02-05T03:50:21.251+0000][7][safepoint   ] Safepoint "G1CollectForAllocation", Time since last: 5052199537 ns, Reaching safepoint: 219812 ns, At safepoint: 9209092 ns, Total: 9428904 ns
